
===========================================================================
report_checks -unconstrained
===========================================================================
======================= nom_tt_025C_1v80 Corner ===================================

Startpoint: rst_n (input port clocked by clk)
Endpoint: _13670_ (recovery check against rising-edge clock clk)
Path Group: asynchronous
Path Type: max

Fanout         Cap        Slew       Delay        Time   Description
---------------------------------------------------------------------------------------------
                                  0.000000    0.000000   clock clk (rise edge)
                                  0.000000    0.000000   clock network delay (propagated)
                                  3.000000    3.000000 ^ input external delay
     1    0.002712    0.019354    0.010011    3.010010 ^ rst_n (in)
                                                         rst_n (net)
                      0.019354    0.000000    3.010010 ^ input1/A (sky130_fd_sc_hd__buf_2)
     2    0.044922    0.220474    0.220229    3.230239 ^ input1/X (sky130_fd_sc_hd__buf_2)
                                                         net1 (net)
                      0.220480    0.000961    3.231200 ^ fanout715/A (sky130_fd_sc_hd__buf_4)
     9    0.082254    0.227772    0.298280    3.529481 ^ fanout715/X (sky130_fd_sc_hd__buf_4)
                                                         net715 (net)
                      0.228032    0.006334    3.535815 ^ fanout714/A (sky130_fd_sc_hd__clkbuf_4)
     8    0.058628    0.180555    0.296047    3.831861 ^ fanout714/X (sky130_fd_sc_hd__clkbuf_4)
                                                         net714 (net)
                      0.180582    0.001855    3.833717 ^ fanout712/A (sky130_fd_sc_hd__clkbuf_4)
    10    0.056589    0.173871    0.277406    4.111123 ^ fanout712/X (sky130_fd_sc_hd__clkbuf_4)
                                                         net712 (net)
                      0.174090    0.005034    4.116157 ^ _13670_/RESET_B (sky130_fd_sc_hd__dfrtp_1)
                                              4.116157   data arrival time

                                 15.000000   15.000000   clock clk (rise edge)
                                  0.000000   15.000000   clock source latency
     1    0.050594    0.232027    0.165430   15.165430 ^ clk (in)
                                                         clk (net)
                      0.232774    0.000000   15.165430 ^ clkbuf_0_clk/A (sky130_fd_sc_hd__clkbuf_16)
     8    0.161004    0.173754    0.287150   15.452580 ^ clkbuf_0_clk/X (sky130_fd_sc_hd__clkbuf_16)
                                                         clknet_0_clk (net)
                      0.174373    0.008352   15.460933 ^ clkbuf_3_2__f_clk/A (sky130_fd_sc_hd__clkbuf_16)
    10    0.039168    0.059855    0.184308   15.645240 ^ clkbuf_3_2__f_clk/X (sky130_fd_sc_hd__clkbuf_16)
                                                         clknet_3_2__leaf_clk (net)
                      0.060282    0.002252   15.647492 ^ _13670_/CLK (sky130_fd_sc_hd__dfrtp_1)
                                 -0.250000   15.397493   clock uncertainty
                                  0.000000   15.397493   clock reconvergence pessimism
                                  0.201677   15.599171   library recovery time
                                             15.599171   data required time
---------------------------------------------------------------------------------------------
                                             15.599171   data required time
                                             -4.116157   data arrival time
---------------------------------------------------------------------------------------------
                                             11.483014   slack (MET)


Startpoint: x1[0] (input port clocked by clk)
Endpoint: _13684_ (rising edge-triggered flip-flop clocked by clk)
Path Group: clk
Path Type: max

Fanout         Cap        Slew       Delay        Time   Description
---------------------------------------------------------------------------------------------
                                  0.000000    0.000000   clock clk (rise edge)
                                  0.000000    0.000000   clock network delay (propagated)
                                  3.000000    3.000000 ^ input external delay
     1    0.003504    0.022781    0.012792    3.012792 ^ x1[0] (in)
                                                         x1[0] (net)
                      0.022789    0.000000    3.012792 ^ input138/A (sky130_fd_sc_hd__clkbuf_1)
     1    0.002455    0.040318    0.070017    3.082809 ^ input138/X (sky130_fd_sc_hd__clkbuf_1)
                                                         net138 (net)
                      0.040318    0.000070    3.082879 ^ fanout597/A (sky130_fd_sc_hd__buf_2)
     5    0.052441    0.255916    0.253890    3.336769 ^ fanout597/X (sky130_fd_sc_hd__buf_2)
                                                         net597 (net)
                      0.256079    0.005340    3.342109 ^ fanout592/A (sky130_fd_sc_hd__buf_2)
     7    0.054971    0.268821    0.326787    3.668895 ^ fanout592/X (sky130_fd_sc_hd__buf_2)
                                                         net592 (net)
                      0.269020    0.006081    3.674976 ^ fanout591/A (sky130_fd_sc_hd__clkbuf_2)
     5    0.039819    0.218421    0.293140    3.968117 ^ fanout591/X (sky130_fd_sc_hd__clkbuf_2)
                                                         net591 (net)
                      0.218437    0.002034    3.970150 ^ fanout588/A (sky130_fd_sc_hd__buf_2)
    10    0.044224    0.217339    0.284593    4.254744 ^ fanout588/X (sky130_fd_sc_hd__buf_2)
                                                         net588 (net)
                      0.217454    0.002614    4.257358 ^ _10922_/A (sky130_fd_sc_hd__and3_1)
     4    0.011231    0.123543    0.245978    4.503336 ^ _10922_/X (sky130_fd_sc_hd__and3_1)
                                                         _03570_ (net)
                      0.123543    0.000192    4.503528 ^ _10925_/A_N (sky130_fd_sc_hd__and4b_1)
     3    0.009109    0.066368    0.236891    4.740418 v _10925_/X (sky130_fd_sc_hd__and4b_1)
                                                         _03573_ (net)
                      0.066368    0.000151    4.740569 v _11082_/B1_N (sky130_fd_sc_hd__o21ba_2)
     5    0.028905    0.174323    0.337054    5.077623 ^ _11082_/X (sky130_fd_sc_hd__o21ba_2)
                                                         _03745_ (net)
                      0.174325    0.000834    5.078457 ^ fanout249/A (sky130_fd_sc_hd__clkbuf_4)
    10    0.048920    0.153417    0.260178    5.338634 ^ fanout249/X (sky130_fd_sc_hd__clkbuf_4)
                                                         net249 (net)
                      0.153417    0.000779    5.339414 ^ _11083_/B (sky130_fd_sc_hd__xor2_1)
     2    0.008031    0.203330    0.226762    5.566175 ^ _11083_/X (sky130_fd_sc_hd__xor2_1)
                                                         _03746_ (net)
                      0.203330    0.000220    5.566396 ^ _11085_/B (sky130_fd_sc_hd__xor2_1)
     2    0.010238    0.243371    0.262596    5.828992 ^ _11085_/X (sky130_fd_sc_hd__xor2_1)
                                                         _03748_ (net)
                      0.243372    0.000335    5.829327 ^ _11087_/B (sky130_fd_sc_hd__xor2_1)
     2    0.008236    0.207032    0.240732    6.070059 ^ _11087_/X (sky130_fd_sc_hd__xor2_1)
                                                         _03750_ (net)
                      0.207032    0.000231    6.070290 ^ _11088_/B (sky130_fd_sc_hd__xor2_1)
     3    0.012139    0.278050    0.288610    6.358900 ^ _11088_/X (sky130_fd_sc_hd__xor2_1)
                                                         _03752_ (net)
                      0.278051    0.000343    6.359243 ^ _11092_/A (sky130_fd_sc_hd__xor2_1)
     1    0.004986    0.149501    0.201695    6.560938 ^ _11092_/X (sky130_fd_sc_hd__xor2_1)
                                                         _03756_ (net)
                      0.149501    0.000101    6.561039 ^ _11093_/B (sky130_fd_sc_hd__xnor2_1)
     2    0.008012    0.216513    0.172420    6.733460 ^ _11093_/Y (sky130_fd_sc_hd__xnor2_1)
                                                         _03757_ (net)
                      0.216513    0.000208    6.733668 ^ _11095_/B (sky130_fd_sc_hd__xnor2_1)
     2    0.008148    0.219173    0.185430    6.919098 ^ _11095_/Y (sky130_fd_sc_hd__xnor2_1)
                                                         _03759_ (net)
                      0.219174    0.000315    6.919414 ^ _11097_/B (sky130_fd_sc_hd__xnor2_1)
     2    0.008445    0.087357    0.132422    7.051836 v _11097_/Y (sky130_fd_sc_hd__xnor2_1)
                                                         _03761_ (net)
                      0.087357    0.000131    7.051967 v _11321_/A1 (sky130_fd_sc_hd__a21bo_1)
     2    0.008850    0.060805    0.207332    7.259300 v _11321_/X (sky130_fd_sc_hd__a21bo_1)
                                                         _04007_ (net)
                      0.060805    0.000289    7.259589 v _11323_/B (sky130_fd_sc_hd__xnor2_1)
     2    0.008390    0.093878    0.155198    7.414787 v _11323_/Y (sky130_fd_sc_hd__xnor2_1)
                                                         _04009_ (net)
                      0.093878    0.000194    7.414980 v _11458_/A2 (sky130_fd_sc_hd__a21boi_1)
     2    0.009129    0.219072    0.241464    7.656445 ^ _11458_/Y (sky130_fd_sc_hd__a21boi_1)
                                                         _04157_ (net)
                      0.219105    0.000241    7.656685 ^ _11460_/B (sky130_fd_sc_hd__xor2_1)
     2    0.007928    0.201499    0.233584    7.890269 ^ _11460_/X (sky130_fd_sc_hd__xor2_1)
                                                         _04159_ (net)
                      0.201499    0.000203    7.890472 ^ _11461_/B (sky130_fd_sc_hd__xor2_1)
     2    0.012520    0.285104    0.292994    8.183467 ^ _11461_/X (sky130_fd_sc_hd__xor2_1)
                                                         _04160_ (net)
                      0.285106    0.000525    8.183991 ^ _11462_/C (sky130_fd_sc_hd__or3_2)
     3    0.018177    0.099408    0.227665    8.411656 ^ _11462_/X (sky130_fd_sc_hd__or3_2)
                                                         _04161_ (net)
                      0.099414    0.000871    8.412528 ^ _11589_/C_N (sky130_fd_sc_hd__nor3b_1)
     2    0.009407    0.338285    0.326846    8.739374 ^ _11589_/Y (sky130_fd_sc_hd__nor3b_1)
                                                         _04299_ (net)
                      0.338285    0.000334    8.739708 ^ _11591_/D_N (sky130_fd_sc_hd__or4bb_4)
     2    0.011634    0.097972    0.523680    9.263388 v _11591_/X (sky130_fd_sc_hd__or4bb_4)
                                                         _04301_ (net)
                      0.097972    0.000294    9.263681 v _11593_/A1 (sky130_fd_sc_hd__a31oi_4)
     4    0.037397    0.325893    0.302946    9.566628 ^ _11593_/Y (sky130_fd_sc_hd__a31oi_4)
                                                         _04303_ (net)
                      0.325970    0.003897    9.570525 ^ _11813_/A3 (sky130_fd_sc_hd__o311a_4)
     3    0.015652    0.071390    0.234005    9.804530 ^ _11813_/X (sky130_fd_sc_hd__o311a_4)
                                                         _04543_ (net)
                      0.071393    0.000527    9.805057 ^ _11886_/A2 (sky130_fd_sc_hd__o31a_1)
     1    0.009245    0.107763    0.175808    9.980865 ^ _11886_/X (sky130_fd_sc_hd__o31a_1)
                                                         _04621_ (net)
                      0.107763    0.000330    9.981194 ^ _11922_/A (sky130_fd_sc_hd__xnor2_1)
     1    0.002636    0.112611    0.121185   10.102380 ^ _11922_/Y (sky130_fd_sc_hd__xnor2_1)
                                                         _00019_ (net)
                      0.112611    0.000074   10.102453 ^ _13684_/D (sky130_fd_sc_hd__dfrtp_1)
                                             10.102453   data arrival time

                                 15.000000   15.000000   clock clk (rise edge)
                                  0.000000   15.000000   clock source latency
     1    0.050594    0.232027    0.165430   15.165430 ^ clk (in)
                                                         clk (net)
                      0.232774    0.000000   15.165430 ^ clkbuf_0_clk/A (sky130_fd_sc_hd__clkbuf_16)
     8    0.161004    0.173754    0.287150   15.452580 ^ clkbuf_0_clk/X (sky130_fd_sc_hd__clkbuf_16)
                                                         clknet_0_clk (net)
                      0.174308    0.007914   15.460494 ^ clkbuf_3_0__f_clk/A (sky130_fd_sc_hd__clkbuf_16)
     9    0.061388    0.080444    0.200037   15.660531 ^ clkbuf_3_0__f_clk/X (sky130_fd_sc_hd__clkbuf_16)
                                                         clknet_3_0__leaf_clk (net)
                      0.081139    0.005556   15.666087 ^ _13684_/CLK (sky130_fd_sc_hd__dfrtp_1)
                                 -0.250000   15.416088   clock uncertainty
                                  0.000000   15.416088   clock reconvergence pessimism
                                 -0.069879   15.346209   library setup time
                                             15.346209   data required time
---------------------------------------------------------------------------------------------
                                             15.346209   data required time
                                            -10.102453   data arrival time
---------------------------------------------------------------------------------------------
                                              5.243755   slack (MET)




===========================================================================
report_checks --slack_max -0.01
============================================================================
======================= nom_tt_025C_1v80 Corner ===================================

No paths found.


===========================================================================
 report_check_types -max_slew -max_cap -max_fanout -violators
============================================================================
======================= nom_tt_025C_1v80 Corner ===================================

max fanout

Pin                                   Limit Fanout  Slack
---------------------------------------------------------
fanout261/X                              10     11        (VIOLATED)
fanout333/X                              10     11        (VIOLATED)
fanout448/X                              10     11        (VIOLATED)
fanout552/X                              10     11        (VIOLATED)



===========================================================================
report_parasitic_annotation -report_unannotated
============================================================================
Found 4 unannotated drivers.
 clkload0/X
 clkload1/Y
 clkload2/Y
 clkload3/X
Found 0 partially unannotated drivers.

===========================================================================
max slew violation count 0
max fanout violation count 4
max cap violation count 0
============================================================================

===========================================================================
check_setup -verbose -unconstrained_endpoints -multiple_clock -no_clock -no_input_delay -loops -generated_clocks
===========================================================================
