Clock: clk
Sources: clk 
Generated: no
Virtual: yes
Propagated: no
Period: 15.000000

===========================================================================
report_clock_properties
============================================================================
Clock                   Period          Waveform
----------------------------------------------------
clk                  15.000000    0.000000  7.500000

===========================================================================
report_clock_latency
============================================================================
Clock clk
rise -> rise
    min     max
0.000000 0.000000 source latency
0.640499         network latency _13642_/CLK
        0.669955 network latency _13667_/CLK
---------------
0.640499 0.669955 latency
        0.029456 skew

fall -> fall
    min     max
0.000000 0.000000 source latency
0.520151         network latency _13642_/CLK
        0.541620 network latency _13667_/CLK
---------------
0.520151 0.541620 latency
        0.021469 skew



===========================================================================
report_clock_min_period
============================================================================
clk period_min = 0.00 fmax = inf
