
===========================================================================
 report_power
============================================================================
======================= nom_tt_025C_1v80 Corner ===================================

Group                    Internal    Switching      Leakage        Total
                            Power        Power        Power        Power (Watts)
------------------------------------------------------------------------
Sequential           7.248414e-04 3.026436e-05 7.769226e-10 7.551065e-04   2.3%
Combinational        1.431622e-02 1.753101e-02 2.592507e-08 3.184725e-02  96.9%
Clock                1.517129e-04 1.179520e-04 1.357087e-08 2.696785e-04   0.8%
Macro                0.000000e+00 0.000000e+00 0.000000e+00 0.000000e+00   0.0%
Pad                  0.000000e+00 0.000000e+00 0.000000e+00 0.000000e+00   0.0%
------------------------------------------------------------------------
Total                1.519278e-02 1.767922e-02 4.027224e-08 3.287204e-02 100.0%
                            46.2%        53.8%         0.0%

