
===========================================================================
report_checks -unconstrained
===========================================================================
======================= nom_tt_025C_1v80 Corner ===================================

Startpoint: rst_n (input port clocked by clk)
Endpoint: _13651_ (recovery check against rising-edge clock clk)
Path Group: asynchronous
Path Type: max

Fanout         Cap        Slew       Delay        Time   Description
---------------------------------------------------------------------------------------------
                                  0.000000    0.000000   clock clk (rise edge)
                                  0.000000    0.000000   clock network delay (propagated)
                                  2.000000    2.000000 ^ input external delay
     1    0.002622    0.018973    0.009674    2.009674 ^ rst_n (in)
                                                         rst_n (net)
                      0.018973    0.000000    2.009674 ^ input1/A (sky130_fd_sc_hd__buf_2)
     2    0.028206    0.141979    0.167628    2.177302 ^ input1/X (sky130_fd_sc_hd__buf_2)
                                                         net1 (net)
                      0.142028    0.002168    2.179470 ^ fanout719/A (sky130_fd_sc_hd__clkbuf_8)
     9    0.073252    0.135092    0.231610    2.411079 ^ fanout719/X (sky130_fd_sc_hd__clkbuf_8)
                                                         net719 (net)
                      0.135131    0.002220    2.413300 ^ fanout718/A (sky130_fd_sc_hd__clkbuf_4)
     8    0.048778    0.152847    0.246988    2.660288 ^ fanout718/X (sky130_fd_sc_hd__clkbuf_4)
                                                         net718 (net)
                      0.153030    0.003534    2.663822 ^ fanout717/A (sky130_fd_sc_hd__clkbuf_4)
    10    0.051004    0.158547    0.258484    2.922306 ^ fanout717/X (sky130_fd_sc_hd__clkbuf_4)
                                                         net717 (net)
                      0.158565    0.001821    2.924127 ^ _13651_/RESET_B (sky130_fd_sc_hd__dfrtp_1)
                                              2.924127   data arrival time

                                 10.000000   10.000000   clock clk (rise edge)
                                  0.000000   10.000000   clock source latency
     1    0.033907    0.157933    0.110606   10.110606 ^ clk (in)
                                                         clk (net)
                      0.158022    0.000000   10.110606 ^ clkbuf_0_clk/A (sky130_fd_sc_hd__clkbuf_16)
     8    0.108092    0.122425    0.230239   10.340845 ^ clkbuf_0_clk/X (sky130_fd_sc_hd__clkbuf_16)
                                                         clknet_0_clk (net)
                      0.122659    0.003618   10.344463 ^ clkbuf_3_7__f_clk/A (sky130_fd_sc_hd__clkbuf_16)
    10    0.034223    0.054695    0.165861   10.510324 ^ clkbuf_3_7__f_clk/X (sky130_fd_sc_hd__clkbuf_16)
                                                         clknet_3_7__leaf_clk (net)
                      0.054697    0.000543   10.510867 ^ _13651_/CLK (sky130_fd_sc_hd__dfrtp_1)
                                 -0.250000   10.260867   clock uncertainty
                                  0.000000   10.260867   clock reconvergence pessimism
                                  0.203949   10.464816   library recovery time
                                             10.464816   data required time
---------------------------------------------------------------------------------------------
                                             10.464816   data required time
                                             -2.924127   data arrival time
---------------------------------------------------------------------------------------------
                                              7.540689   slack (MET)


Startpoint: x0[1] (input port clocked by clk)
Endpoint: _13667_ (rising edge-triggered flip-flop clocked by clk)
Path Group: clk
Path Type: max

Fanout         Cap        Slew       Delay        Time   Description
---------------------------------------------------------------------------------------------
                                  0.000000    0.000000   clock clk (rise edge)
                                  0.000000    0.000000   clock network delay (propagated)
                                  2.000000    2.000000 ^ input external delay
     1    0.003047    0.020795    0.011160    2.011160 ^ x0[1] (in)
                                                         x0[1] (net)
                      0.020795    0.000000    2.011160 ^ input131/A (sky130_fd_sc_hd__buf_1)
     1    0.009465    0.118574    0.125107    2.136266 ^ input131/X (sky130_fd_sc_hd__buf_1)
                                                         net131 (net)
                      0.118575    0.000286    2.136553 ^ fanout649/A (sky130_fd_sc_hd__clkbuf_2)
     5    0.021795    0.124107    0.188470    2.325023 ^ fanout649/X (sky130_fd_sc_hd__clkbuf_2)
                                                         net649 (net)
                      0.124109    0.000791    2.325814 ^ fanout648/A (sky130_fd_sc_hd__buf_4)
     9    0.054464    0.154117    0.222040    2.547854 ^ fanout648/X (sky130_fd_sc_hd__buf_4)
                                                         net648 (net)
                      0.154117    0.000048    2.547902 ^ fanout647/A (sky130_fd_sc_hd__clkbuf_2)
     6    0.022763    0.129389    0.201898    2.749799 ^ fanout647/X (sky130_fd_sc_hd__clkbuf_2)
                                                         net647 (net)
                      0.129389    0.000545    2.750345 ^ fanout646/A (sky130_fd_sc_hd__buf_2)
    10    0.033351    0.166245    0.225752    2.976097 ^ fanout646/X (sky130_fd_sc_hd__buf_2)
                                                         net646 (net)
                      0.166245    0.000352    2.976449 ^ _08856_/A1 (sky130_fd_sc_hd__a22oi_2)
     3    0.006583    0.072010    0.108907    3.085356 v _08856_/Y (sky130_fd_sc_hd__a22oi_2)
                                                         _01322_ (net)
                      0.072010    0.000006    3.085362 v _08857_/C (sky130_fd_sc_hd__or3_1)
     2    0.005204    0.080952    0.329390    3.414752 v _08857_/X (sky130_fd_sc_hd__or3_1)
                                                         _01323_ (net)
                      0.080952    0.000011    3.414763 v _08861_/A1 (sky130_fd_sc_hd__a21o_1)
     3    0.007475    0.054118    0.186746    3.601509 v _08861_/X (sky130_fd_sc_hd__a21o_1)
                                                         _01327_ (net)
                      0.054118    0.000010    3.601520 v _08863_/A2 (sky130_fd_sc_hd__a21o_1)
     3    0.007049    0.051220    0.195438    3.796958 v _08863_/X (sky130_fd_sc_hd__a21o_1)
                                                         _01329_ (net)
                      0.051220    0.000020    3.796978 v _08865_/B (sky130_fd_sc_hd__and3_1)
     2    0.004276    0.044668    0.168998    3.965975 v _08865_/X (sky130_fd_sc_hd__and3_1)
                                                         _01331_ (net)
                      0.044668    0.000008    3.965984 v _08868_/B (sky130_fd_sc_hd__or3_2)
     4    0.013046    0.110507    0.498939    4.464922 v _08868_/X (sky130_fd_sc_hd__or3_2)
                                                         _01334_ (net)
                      0.110507    0.000060    4.464983 v _08871_/A (sky130_fd_sc_hd__and3_1)
     4    0.013978    0.083442    0.216366    4.681349 v _08871_/X (sky130_fd_sc_hd__and3_1)
                                                         _01337_ (net)
                      0.083442    0.000042    4.681391 v _08873_/B (sky130_fd_sc_hd__nor3_2)
     4    0.016697    0.324996    0.308511    4.989902 ^ _08873_/Y (sky130_fd_sc_hd__nor3_2)
                                                         _01339_ (net)
                      0.324996    0.000078    4.989979 ^ _08875_/B1 (sky130_fd_sc_hd__a211oi_2)
     5    0.013772    0.100281    0.122802    5.112782 v _08875_/Y (sky130_fd_sc_hd__a211oi_2)
                                                         _01341_ (net)
                      0.100281    0.000067    5.112848 v _08878_/B (sky130_fd_sc_hd__or3_1)
     2    0.005233    0.081106    0.376988    5.489837 v _08878_/X (sky130_fd_sc_hd__or3_1)
                                                         _01345_ (net)
                      0.081106    0.000011    5.489848 v _08880_/B1 (sky130_fd_sc_hd__o211a_1)
     4    0.012477    0.080031    0.179789    5.669636 v _08880_/X (sky130_fd_sc_hd__o211a_1)
                                                         _01347_ (net)
                      0.080031    0.000105    5.669742 v _08884_/C (sky130_fd_sc_hd__or4_1)
     2    0.007208    0.115207    0.513434    6.183176 v _08884_/X (sky130_fd_sc_hd__or4_1)
                                                         _01351_ (net)
                      0.115207    0.000015    6.183190 v _09024_/A2 (sky130_fd_sc_hd__a211o_1)
     4    0.011263    0.087847    0.358931    6.542121 v _09024_/X (sky130_fd_sc_hd__a211o_1)
                                                         _01504_ (net)
                      0.087847    0.000020    6.542141 v _09027_/A1 (sky130_fd_sc_hd__a211o_1)
     2    0.007078    0.069612    0.291481    6.833622 v _09027_/X (sky130_fd_sc_hd__a211o_1)
                                                         _01507_ (net)
                      0.069612    0.000008    6.833630 v _09029_/A2 (sky130_fd_sc_hd__a211o_1)
     2    0.003823    0.054358    0.300219    7.133849 v _09029_/X (sky130_fd_sc_hd__a211o_1)
                                                         _01510_ (net)
                      0.054358    0.000009    7.133858 v _09031_/B2 (sky130_fd_sc_hd__a2bb2o_1)
     2    0.004656    0.061472    0.254563    7.388421 v _09031_/X (sky130_fd_sc_hd__a2bb2o_1)
                                                         _01512_ (net)
                      0.061472    0.000014    7.388435 v _09191_/A1 (sky130_fd_sc_hd__a21o_1)
     2    0.010932    0.066150    0.192947    7.581382 v _09191_/X (sky130_fd_sc_hd__a21o_1)
                                                         _01686_ (net)
                      0.066150    0.000122    7.581504 v _09351_/A2 (sky130_fd_sc_hd__a21oi_2)
     4    0.014343    0.196060    0.219755    7.801259 ^ _09351_/Y (sky130_fd_sc_hd__a21oi_2)
                                                         _01861_ (net)
                      0.196060    0.000148    7.801407 ^ _09892_/B (sky130_fd_sc_hd__nor4_1)
     1    0.002466    0.057289    0.080057    7.881464 v _09892_/Y (sky130_fd_sc_hd__nor4_1)
                                                         _02450_ (net)
                      0.057289    0.000005    7.881469 v wire230/A (sky130_fd_sc_hd__clkbuf_1)
     2    0.005650    0.041528    0.106330    7.987799 v wire230/X (sky130_fd_sc_hd__clkbuf_1)
                                                         net230 (net)
                      0.041528    0.000040    7.987839 v _09896_/A2 (sky130_fd_sc_hd__o31a_1)
     3    0.012693    0.089340    0.320142    8.307981 v _09896_/X (sky130_fd_sc_hd__o31a_1)
                                                         _02454_ (net)
                      0.089340    0.000208    8.308189 v _10105_/A2 (sky130_fd_sc_hd__o31a_1)
     3    0.014375    0.096521    0.345133    8.653322 v _10105_/X (sky130_fd_sc_hd__o31a_1)
                                                         _02682_ (net)
                      0.096521    0.000250    8.653571 v _10178_/A2 (sky130_fd_sc_hd__a31o_1)
     1    0.005545    0.049002    0.234615    8.888186 v _10178_/X (sky130_fd_sc_hd__a31o_1)
                                                         _02761_ (net)
                      0.049002    0.000030    8.888217 v _10209_/A (sky130_fd_sc_hd__xnor2_1)
     1    0.002217    0.044223    0.116914    9.005130 v _10209_/Y (sky130_fd_sc_hd__xnor2_1)
                                                         _00061_ (net)
                      0.044223    0.000004    9.005134 v _13667_/D (sky130_fd_sc_hd__dfrtp_1)
                                              9.005134   data arrival time

                                 10.000000   10.000000   clock clk (rise edge)
                                  0.000000   10.000000   clock source latency
     1    0.033907    0.157933    0.110606   10.110606 ^ clk (in)
                                                         clk (net)
                      0.158022    0.000000   10.110606 ^ clkbuf_0_clk/A (sky130_fd_sc_hd__clkbuf_16)
     8    0.108092    0.122425    0.230239   10.340845 ^ clkbuf_0_clk/X (sky130_fd_sc_hd__clkbuf_16)
                                                         clknet_0_clk (net)
                      0.122594    0.002842   10.343687 ^ clkbuf_3_5__f_clk/A (sky130_fd_sc_hd__clkbuf_16)
     9    0.044350    0.063698    0.173451   10.517138 ^ clkbuf_3_5__f_clk/X (sky130_fd_sc_hd__clkbuf_16)
                                                         clknet_3_5__leaf_clk (net)
                      0.063727    0.001243   10.518380 ^ _13667_/CLK (sky130_fd_sc_hd__dfrtp_1)
                                 -0.250000   10.268380   clock uncertainty
                                  0.000000   10.268380   clock reconvergence pessimism
                                 -0.109650   10.158731   library setup time
                                             10.158731   data required time
---------------------------------------------------------------------------------------------
                                             10.158731   data required time
                                             -9.005134   data arrival time
---------------------------------------------------------------------------------------------
                                              1.153596   slack (MET)




===========================================================================
report_checks --slack_max -0.01
============================================================================
======================= nom_tt_025C_1v80 Corner ===================================

No paths found.


===========================================================================
 report_check_types -max_slew -max_cap -max_fanout -violators
============================================================================
======================= nom_tt_025C_1v80 Corner ===================================



===========================================================================
report_parasitic_annotation -report_unannotated
============================================================================
Found 4 unannotated drivers.
 clkload0/X
 clkload1/Y
 clkload2/Y
 clkload3/X
Found 0 partially unannotated drivers.

===========================================================================
max slew violation count 0
Writing metric design__max_slew_violation__count__corner:nom_tt_025C_1v80: 0
max fanout violation count 0
Writing metric design__max_fanout_violation__count__corner:nom_tt_025C_1v80: 0
max cap violation count 0
Writing metric design__max_cap_violation__count__corner:nom_tt_025C_1v80: 0
============================================================================

===========================================================================
check_setup -verbose -unconstrained_endpoints -multiple_clock -no_clock -no_input_delay -loops -generated_clocks
===========================================================================
