
===========================================================================
 report_power
============================================================================
======================= nom_tt_025C_1v80 Corner ===================================

Group                    Internal    Switching      Leakage        Total
                            Power        Power        Power        Power (Watts)
------------------------------------------------------------------------
Sequential           1.085571e-03 3.360636e-05 7.769226e-10 1.119178e-03   2.5%
Combinational        2.131558e-02 2.204602e-02 2.584054e-08 4.336162e-02  96.7%
Clock                2.273621e-04 1.270607e-04 1.054284e-09 3.544239e-04   0.8%
Macro                0.000000e+00 0.000000e+00 0.000000e+00 0.000000e+00   0.0%
Pad                  0.000000e+00 0.000000e+00 0.000000e+00 0.000000e+00   0.0%
------------------------------------------------------------------------
Total                2.262851e-02 2.220668e-02 2.767176e-08 4.483522e-02 100.0%
                            50.5%        49.5%         0.0%
Writing metric power__internal__total: 0.022628512233495712
Writing metric power__switching__total: 0.022206684574484825
Writing metric power__leakage__total: 2.7671759994518652e-8
Writing metric power__total: 0.04483522102236748

