
===========================================================================
report_checks -unconstrained
===========================================================================
======================= nom_tt_025C_1v80 Corner ===================================

Startpoint: rst_n (input port clocked by clk)
Endpoint: _13651_ (recovery check against rising-edge clock clk)
Path Group: asynchronous
Path Type: max

Fanout         Cap        Slew       Delay        Time   Description
---------------------------------------------------------------------------------------------
                                  0.000000    0.000000   clock clk (rise edge)
                                  0.000000    0.000000   clock network delay (propagated)
                                  2.000000    2.000000 ^ input external delay
     1    0.002681    0.019221    0.009902    2.009902 ^ rst_n (in)
                                                         rst_n (net)
                      0.019221    0.000000    2.009902 ^ input1/A (sky130_fd_sc_hd__buf_2)
     2    0.044685    0.219339    0.219473    2.229375 ^ input1/X (sky130_fd_sc_hd__buf_2)
                                                         net1 (net)
                      0.219667    0.006962    2.236337 ^ fanout719/A (sky130_fd_sc_hd__clkbuf_8)
     9    0.114769    0.201323    0.301799    2.538136 ^ fanout719/X (sky130_fd_sc_hd__clkbuf_8)
                                                         net719 (net)
                      0.201879    0.008596    2.546731 ^ fanout718/A (sky130_fd_sc_hd__clkbuf_4)
     8    0.062666    0.192050    0.293926    2.840657 ^ fanout718/X (sky130_fd_sc_hd__clkbuf_4)
                                                         net718 (net)
                      0.192951    0.010644    2.851301 ^ fanout717/A (sky130_fd_sc_hd__clkbuf_4)
    10    0.061166    0.186894    0.290259    3.141560 ^ fanout717/X (sky130_fd_sc_hd__clkbuf_4)
                                                         net717 (net)
                      0.187237    0.006525    3.148085 ^ _13651_/RESET_B (sky130_fd_sc_hd__dfrtp_1)
                                              3.148085   data arrival time

                                 10.000000   10.000000   clock clk (rise edge)
                                  0.000000   10.000000   clock source latency
     1    0.048986    0.224847    0.160259   10.160259 ^ clk (in)
                                                         clk (net)
                      0.225540    0.000000   10.160259 ^ clkbuf_0_clk/A (sky130_fd_sc_hd__clkbuf_16)
     8    0.164773    0.177227    0.285469   10.445729 ^ clkbuf_0_clk/X (sky130_fd_sc_hd__clkbuf_16)
                                                         clknet_0_clk (net)
                      0.178445    0.011800   10.457529 ^ clkbuf_3_7__f_clk/A (sky130_fd_sc_hd__clkbuf_16)
    10    0.044606    0.065107    0.189987   10.647516 ^ clkbuf_3_7__f_clk/X (sky130_fd_sc_hd__clkbuf_16)
                                                         clknet_3_7__leaf_clk (net)
                      0.065168    0.001763   10.649279 ^ _13651_/CLK (sky130_fd_sc_hd__dfrtp_1)
                                 -0.250000   10.399279   clock uncertainty
                                  0.000000   10.399279   clock reconvergence pessimism
                                  0.199808   10.599088   library recovery time
                                             10.599088   data required time
---------------------------------------------------------------------------------------------
                                             10.599088   data required time
                                             -3.148085   data arrival time
---------------------------------------------------------------------------------------------
                                              7.451002   slack (MET)


Startpoint: x1[0] (input port clocked by clk)
Endpoint: _13666_ (rising edge-triggered flip-flop clocked by clk)
Path Group: clk
Path Type: max

Fanout         Cap        Slew       Delay        Time   Description
---------------------------------------------------------------------------------------------
                                  0.000000    0.000000   clock clk (rise edge)
                                  0.000000    0.000000   clock network delay (propagated)
                                  2.000000    2.000000 ^ input external delay
     1    0.003401    0.022337    0.012435    2.012435 ^ x1[0] (in)
                                                         x1[0] (net)
                      0.022344    0.000000    2.012435 ^ input138/A (sky130_fd_sc_hd__clkbuf_1)
     1    0.004051    0.057797    0.082747    2.095182 ^ input138/X (sky130_fd_sc_hd__clkbuf_1)
                                                         net138 (net)
                      0.057797    0.000141    2.095323 ^ fanout597/A (sky130_fd_sc_hd__buf_2)
     5    0.052354    0.255251    0.261369    2.356692 ^ fanout597/X (sky130_fd_sc_hd__buf_2)
                                                         net597 (net)
                      0.255308    0.003179    2.359871 ^ fanout592/A (sky130_fd_sc_hd__buf_2)
     7    0.056436    0.275674    0.331769    2.691640 ^ fanout592/X (sky130_fd_sc_hd__buf_2)
                                                         net592 (net)
                      0.275845    0.005711    2.697351 ^ fanout591/A (sky130_fd_sc_hd__clkbuf_2)
     5    0.040777    0.223405    0.298608    2.995959 ^ fanout591/X (sky130_fd_sc_hd__clkbuf_2)
                                                         net591 (net)
                      0.223413    0.001607    2.997566 ^ fanout588/A (sky130_fd_sc_hd__buf_2)
    10    0.043324    0.213179    0.282590    3.280156 ^ fanout588/X (sky130_fd_sc_hd__buf_2)
                                                         net588 (net)
                      0.213343    0.003608    3.283764 ^ _07533_/A (sky130_fd_sc_hd__or2_4)
     9    0.070644    0.216763    0.293071    3.576835 ^ _07533_/X (sky130_fd_sc_hd__or2_4)
                                                         _06762_ (net)
                      0.217790    0.012102    3.588938 ^ _09381_/B1 (sky130_fd_sc_hd__a22oi_2)
     2    0.019654    0.120315    0.140778    3.729715 v _09381_/Y (sky130_fd_sc_hd__a22oi_2)
                                                         _01893_ (net)
                      0.120316    0.000365    3.730081 v _09382_/B (sky130_fd_sc_hd__nor2_1)
     4    0.020228    0.364459    0.323629    4.053710 ^ _09382_/Y (sky130_fd_sc_hd__nor2_1)
                                                         _01894_ (net)
                      0.364459    0.000221    4.053931 ^ fanout250/A (sky130_fd_sc_hd__clkbuf_4)
    10    0.056005    0.173118    0.327886    4.381817 ^ fanout250/X (sky130_fd_sc_hd__clkbuf_4)
                                                         net250 (net)
                      0.173122    0.001303    4.383120 ^ _09383_/B (sky130_fd_sc_hd__xor2_1)
     2    0.007033    0.185489    0.215838    4.598958 ^ _09383_/X (sky130_fd_sc_hd__xor2_1)
                                                         _01895_ (net)
                      0.185489    0.000127    4.599085 ^ _09385_/B (sky130_fd_sc_hd__xor2_1)
     2    0.009041    0.221566    0.244302    4.843387 ^ _09385_/X (sky130_fd_sc_hd__xor2_1)
                                                         _01897_ (net)
                      0.221566    0.000298    4.843685 ^ _09387_/B (sky130_fd_sc_hd__xor2_1)
     2    0.007897    0.200948    0.233473    5.077158 ^ _09387_/X (sky130_fd_sc_hd__xor2_1)
                                                         _01899_ (net)
                      0.200948    0.000159    5.077317 ^ _09540_/A2 (sky130_fd_sc_hd__a21oi_1)
     2    0.010202    0.099108    0.142975    5.220293 v _09540_/Y (sky130_fd_sc_hd__a21oi_1)
                                                         _02066_ (net)
                      0.099108    0.000428    5.220721 v _09542_/B (sky130_fd_sc_hd__xnor2_1)
     2    0.007975    0.215662    0.225875    5.446596 ^ _09542_/Y (sky130_fd_sc_hd__xnor2_1)
                                                         _02068_ (net)
                      0.215727    0.000224    5.446820 ^ _09543_/B (sky130_fd_sc_hd__xor2_1)
     2    0.008760    0.216479    0.244306    5.691126 ^ _09543_/X (sky130_fd_sc_hd__xor2_1)
                                                         _02069_ (net)
                      0.216479    0.000255    5.691381 ^ _09545_/B (sky130_fd_sc_hd__xnor2_1)
     2    0.008346    0.223099    0.186990    5.878370 ^ _09545_/Y (sky130_fd_sc_hd__xnor2_1)
                                                         _02071_ (net)
                      0.223099    0.000199    5.878569 ^ _09547_/B (sky130_fd_sc_hd__xnor2_1)
     2    0.009528    0.095001    0.140301    6.018870 v _09547_/Y (sky130_fd_sc_hd__xnor2_1)
                                                         _02073_ (net)
                      0.095001    0.000174    6.019044 v _09629_/A (sky130_fd_sc_hd__xnor2_1)
     2    0.010450    0.265205    0.279681    6.298725 ^ _09629_/Y (sky130_fd_sc_hd__xnor2_1)
                                                         _02164_ (net)
                      0.265206    0.000368    6.299093 ^ _09632_/A (sky130_fd_sc_hd__xor2_1)
     2    0.010635    0.250546    0.276817    6.575910 ^ _09632_/X (sky130_fd_sc_hd__xor2_1)
                                                         _02167_ (net)
                      0.250626    0.000275    6.576185 ^ _09633_/B (sky130_fd_sc_hd__xnor2_1)
     2    0.013134    0.319080    0.229450    6.805635 ^ _09633_/Y (sky130_fd_sc_hd__xnor2_1)
                                                         _02168_ (net)
                      0.319081    0.000550    6.806185 ^ _09636_/A (sky130_fd_sc_hd__xor2_1)
     2    0.008393    0.209888    0.251262    7.057447 ^ _09636_/X (sky130_fd_sc_hd__xor2_1)
                                                         _02171_ (net)
                      0.209888    0.000217    7.057663 ^ _09645_/A2 (sky130_fd_sc_hd__a21o_1)
     3    0.013941    0.127604    0.212968    7.270632 ^ _09645_/X (sky130_fd_sc_hd__a21o_1)
                                                         _02180_ (net)
                      0.127605    0.000564    7.271196 ^ _09770_/A (sky130_fd_sc_hd__xor2_1)
     2    0.011083    0.258771    0.261946    7.533142 ^ _09770_/X (sky130_fd_sc_hd__xor2_1)
                                                         _02318_ (net)
                      0.258772    0.000368    7.533509 ^ _09890_/B (sky130_fd_sc_hd__nand2b_1)
     2    0.011409    0.111266    0.151758    7.685267 v _09890_/Y (sky130_fd_sc_hd__nand2b_1)
                                                         _02448_ (net)
                      0.111266    0.000332    7.685599 v _09892_/B (sky130_fd_sc_hd__nor4_4)
     2    0.010730    0.261854    0.324154    8.009753 ^ _09892_/Y (sky130_fd_sc_hd__nor4_4)
                                                         _02450_ (net)
                      0.261854    0.000394    8.010147 ^ _09896_/A3 (sky130_fd_sc_hd__o31a_1)
     3    0.023980    0.251795    0.305094    8.315241 ^ _09896_/X (sky130_fd_sc_hd__o31a_1)
                                                         _02454_ (net)
                      0.251795    0.000814    8.316054 ^ _10105_/A3 (sky130_fd_sc_hd__o31a_1)
     3    0.021316    0.226233    0.284087    8.600142 ^ _10105_/X (sky130_fd_sc_hd__o31a_1)
                                                         _02682_ (net)
                      0.226239    0.001499    8.601641 ^ rebuffer17/A (sky130_fd_sc_hd__clkbuf_1)
     1    0.005018    0.069771    0.134425    8.736066 ^ rebuffer17/X (sky130_fd_sc_hd__clkbuf_1)
                                                         net736 (net)
                      0.069771    0.000105    8.736170 ^ _10175_/A1 (sky130_fd_sc_hd__a21oi_2)
     1    0.004895    0.063346    0.055191    8.791361 v _10175_/Y (sky130_fd_sc_hd__a21oi_2)
                                                         _02758_ (net)
                      0.063346    0.000143    8.791504 v _10176_/B (sky130_fd_sc_hd__xnor2_1)
     1    0.002933    0.059539    0.125790    8.917294 v _10176_/Y (sky130_fd_sc_hd__xnor2_1)
                                                         _00060_ (net)
                      0.059539    0.000085    8.917379 v _13666_/D (sky130_fd_sc_hd__dfrtp_1)
                                              8.917379   data arrival time

                                 10.000000   10.000000   clock clk (rise edge)
                                  0.000000   10.000000   clock source latency
     1    0.048986    0.224847    0.160259   10.160259 ^ clk (in)
                                                         clk (net)
                      0.225540    0.000000   10.160259 ^ clkbuf_0_clk/A (sky130_fd_sc_hd__clkbuf_16)
     8    0.164773    0.177227    0.285469   10.445729 ^ clkbuf_0_clk/X (sky130_fd_sc_hd__clkbuf_16)
                                                         clknet_0_clk (net)
                      0.178040    0.009707   10.455436 ^ clkbuf_3_5__f_clk/A (sky130_fd_sc_hd__clkbuf_16)
     9    0.074124    0.092355    0.211043   10.666479 ^ clkbuf_3_5__f_clk/X (sky130_fd_sc_hd__clkbuf_16)
                                                         clknet_3_5__leaf_clk (net)
                      0.092810    0.004730   10.671208 ^ _13666_/CLK (sky130_fd_sc_hd__dfrtp_1)
                                 -0.250000   10.421208   clock uncertainty
                                  0.000000   10.421208   clock reconvergence pessimism
                                 -0.109660   10.311548   library setup time
                                             10.311548   data required time
---------------------------------------------------------------------------------------------
                                             10.311548   data required time
                                             -8.917379   data arrival time
---------------------------------------------------------------------------------------------
                                              1.394169   slack (MET)




===========================================================================
report_checks --slack_max -0.01
============================================================================
======================= nom_tt_025C_1v80 Corner ===================================

No paths found.


===========================================================================
 report_check_types -max_slew -max_cap -max_fanout -violators
============================================================================
======================= nom_tt_025C_1v80 Corner ===================================

max fanout

Pin                                   Limit Fanout  Slack
---------------------------------------------------------
fanout261/X                              10     11        (VIOLATED)
fanout333/X                              10     11        (VIOLATED)
fanout552/X                              10     11        (VIOLATED)
fanout562/X                              10     11        (VIOLATED)



===========================================================================
report_parasitic_annotation -report_unannotated
============================================================================
Found 4 unannotated drivers.
 clkload0/X
 clkload1/Y
 clkload2/Y
 clkload3/X
Found 0 partially unannotated drivers.

===========================================================================
max slew violation count 0
max fanout violation count 4
max cap violation count 0
============================================================================

===========================================================================
check_setup -verbose -unconstrained_endpoints -multiple_clock -no_clock -no_input_delay -loops -generated_clocks
===========================================================================
