Clock: clk
Sources: clk 
Generated: no
Virtual: yes
Propagated: no
Period: 10.000000

===========================================================================
report_clock_properties
============================================================================
Clock                   Period          Waveform
----------------------------------------------------
clk                  10.000000    0.000000  5.000000

===========================================================================
report_clock_latency
============================================================================
Clock clk
rise -> rise
    min     max
0.000000 0.000000 source latency
0.636574         network latency _13692_/CLK
        0.671272 network latency _13667_/CLK
---------------
0.636574 0.671272 latency
        0.034698 skew

fall -> fall
    min     max
0.000000 0.000000 source latency
0.518113         network latency _13692_/CLK
        0.544759 network latency _13667_/CLK
---------------
0.518113 0.544759 latency
        0.026646 skew



===========================================================================
report_clock_min_period
============================================================================
clk period_min = 0.00 fmax = inf
