
===========================================================================
report_checks -unconstrained
===========================================================================
======================= max_ff_n40C_1v95 Corner ===================================

Startpoint: rst_n (input port clocked by clk)
Endpoint: _13651_ (recovery check against rising-edge clock clk)
Path Group: asynchronous
Path Type: max

Fanout         Cap        Slew       Delay        Time   Description
---------------------------------------------------------------------------------------------
                                  0.000000    0.000000   clock clk (rise edge)
                                  0.000000    0.000000   clock network delay (propagated)
                                  2.000000    2.000000 ^ input external delay
     1    0.002827    0.014016    0.007347    2.007347 ^ rst_n (in)
                                                         rst_n (net)
                      0.014017    0.000000    2.007347 ^ input1/A (sky130_fd_sc_hd__buf_2)
     2    0.050394    0.186333    0.167128    2.174476 ^ input1/X (sky130_fd_sc_hd__buf_2)
                                                         net1 (net)
                      0.187239    0.010533    2.185009 ^ fanout719/A (sky130_fd_sc_hd__clkbuf_8)
     9    0.121080    0.162475    0.206958    2.391968 ^ fanout719/X (sky130_fd_sc_hd__clkbuf_8)
                                                         net719 (net)
                      0.164868    0.015743    2.407711 ^ fanout718/A (sky130_fd_sc_hd__clkbuf_4)
     8    0.065385    0.152403    0.198290    2.606001 ^ fanout718/X (sky130_fd_sc_hd__clkbuf_4)
                                                         net718 (net)
                      0.155193    0.016425    2.622426 ^ fanout717/A (sky130_fd_sc_hd__clkbuf_4)
    10    0.062314    0.144782    0.195931    2.818357 ^ fanout717/X (sky130_fd_sc_hd__clkbuf_4)
                                                         net717 (net)
                      0.145924    0.010332    2.828690 ^ _13651_/RESET_B (sky130_fd_sc_hd__dfrtp_1)
                                              2.828690   data arrival time

                                 10.000000   10.000000   clock clk (rise edge)
                                  0.000000   10.000000   clock source latency
     1    0.054104    0.184703    0.134574   10.134574 ^ clk (in)
                                                         clk (net)
                      0.186446    0.000000   10.134574 ^ clkbuf_0_clk/A (sky130_fd_sc_hd__clkbuf_16)
     8    0.174793    0.145710    0.193411   10.327985 ^ clkbuf_0_clk/X (sky130_fd_sc_hd__clkbuf_16)
                                                         clknet_0_clk (net)
                      0.149840    0.019355   10.347341 ^ clkbuf_3_7__f_clk/A (sky130_fd_sc_hd__clkbuf_16)
    10    0.048106    0.052255    0.128496   10.475837 ^ clkbuf_3_7__f_clk/X (sky130_fd_sc_hd__clkbuf_16)
                                                         clknet_3_7__leaf_clk (net)
                      0.052664    0.003476   10.479313 ^ _13651_/CLK (sky130_fd_sc_hd__dfrtp_1)
                                 -0.250000   10.229313   clock uncertainty
                                  0.000000   10.229313   clock reconvergence pessimism
                                  0.125510   10.354822   library recovery time
                                             10.354822   data required time
---------------------------------------------------------------------------------------------
                                             10.354822   data required time
                                             -2.828690   data arrival time
---------------------------------------------------------------------------------------------
                                              7.526133   slack (MET)


Startpoint: x1[0] (input port clocked by clk)
Endpoint: _13666_ (rising edge-triggered flip-flop clocked by clk)
Path Group: clk
Path Type: max

Fanout         Cap        Slew       Delay        Time   Description
---------------------------------------------------------------------------------------------
                                  0.000000    0.000000   clock clk (rise edge)
                                  0.000000    0.000000   clock network delay (propagated)
                                  2.000000    2.000000 ^ input external delay
     1    0.003538    0.016568    0.009225    2.009225 ^ x1[0] (in)
                                                         x1[0] (net)
                      0.016570    0.000000    2.009225 ^ input138/A (sky130_fd_sc_hd__clkbuf_1)
     1    0.004400    0.045362    0.057802    2.067027 ^ input138/X (sky130_fd_sc_hd__clkbuf_1)
                                                         net138 (net)
                      0.045382    0.000304    2.067331 ^ fanout597/A (sky130_fd_sc_hd__buf_2)
     5    0.055790    0.205314    0.192192    2.259523 ^ fanout597/X (sky130_fd_sc_hd__buf_2)
                                                         net597 (net)
                      0.205565    0.005908    2.265431 ^ fanout592/A (sky130_fd_sc_hd__buf_2)
     7    0.060771    0.223333    0.226744    2.492174 ^ fanout592/X (sky130_fd_sc_hd__buf_2)
                                                         net592 (net)
                      0.223954    0.009692    2.501866 ^ fanout591/A (sky130_fd_sc_hd__clkbuf_2)
     5    0.044245    0.185681    0.203475    2.705341 ^ fanout591/X (sky130_fd_sc_hd__clkbuf_2)
                                                         net591 (net)
                      0.185760    0.003141    2.708482 ^ fanout588/A (sky130_fd_sc_hd__buf_2)
    10    0.046373    0.171418    0.193174    2.901656 ^ fanout588/X (sky130_fd_sc_hd__buf_2)
                                                         net588 (net)
                      0.171888    0.007315    2.908971 ^ _07533_/A (sky130_fd_sc_hd__or2_4)
     9    0.078605    0.182633    0.201634    3.110605 ^ _07533_/X (sky130_fd_sc_hd__or2_4)
                                                         _06762_ (net)
                      0.185753    0.019053    3.129658 ^ _09381_/B1 (sky130_fd_sc_hd__a22oi_2)
     2    0.020366    0.084216    0.080023    3.209681 v _09381_/Y (sky130_fd_sc_hd__a22oi_2)
                                                         _01893_ (net)
                      0.084226    0.000752    3.210433 v _09382_/B (sky130_fd_sc_hd__nor2_1)
     4    0.020607    0.264564    0.227708    3.438141 ^ _09382_/Y (sky130_fd_sc_hd__nor2_1)
                                                         _01894_ (net)
                      0.264565    0.000545    3.438685 ^ fanout250/A (sky130_fd_sc_hd__clkbuf_4)
    10    0.057415    0.135708    0.206911    3.645596 ^ fanout250/X (sky130_fd_sc_hd__clkbuf_4)
                                                         net250 (net)
                      0.135828    0.003379    3.648975 ^ _09383_/B (sky130_fd_sc_hd__xor2_1)
     2    0.007170    0.135694    0.135167    3.784142 ^ _09383_/X (sky130_fd_sc_hd__xor2_1)
                                                         _01895_ (net)
                      0.135694    0.000292    3.784434 ^ _09385_/B (sky130_fd_sc_hd__xor2_1)
     2    0.009186    0.162101    0.154464    3.938898 ^ _09385_/X (sky130_fd_sc_hd__xor2_1)
                                                         _01897_ (net)
                      0.162106    0.000693    3.939591 ^ _09387_/B (sky130_fd_sc_hd__xor2_1)
     2    0.007984    0.146300    0.142292    4.081883 ^ _09387_/X (sky130_fd_sc_hd__xor2_1)
                                                         _01899_ (net)
                      0.146300    0.000422    4.082305 ^ _09540_/A2 (sky130_fd_sc_hd__a21oi_1)
     2    0.010502    0.069032    0.083394    4.165699 v _09540_/Y (sky130_fd_sc_hd__a21oi_1)
                                                         _02066_ (net)
                      0.069049    0.000866    4.166565 v _09542_/B (sky130_fd_sc_hd__xnor2_1)
     2    0.008063    0.154535    0.154432    4.320997 ^ _09542_/Y (sky130_fd_sc_hd__xnor2_1)
                                                         _02068_ (net)
                      0.154538    0.000565    4.321562 ^ _09543_/B (sky130_fd_sc_hd__xor2_1)
     2    0.008870    0.157850    0.150964    4.472527 ^ _09543_/X (sky130_fd_sc_hd__xor2_1)
                                                         _02069_ (net)
                      0.157854    0.000615    4.473142 ^ _09545_/B (sky130_fd_sc_hd__xnor2_1)
     2    0.008432    0.159716    0.109712    4.582853 ^ _09545_/Y (sky130_fd_sc_hd__xnor2_1)
                                                         _02071_ (net)
                      0.159718    0.000485    4.583338 ^ _09547_/B (sky130_fd_sc_hd__xnor2_1)
     2    0.009546    0.065102    0.077327    4.660665 v _09547_/Y (sky130_fd_sc_hd__xnor2_1)
                                                         _02073_ (net)
                      0.065105    0.000374    4.661039 v _09629_/A (sky130_fd_sc_hd__xnor2_1)
     2    0.010637    0.190920    0.192066    4.853105 ^ _09629_/Y (sky130_fd_sc_hd__xnor2_1)
                                                         _02164_ (net)
                      0.190926    0.000816    4.853921 ^ _09632_/A (sky130_fd_sc_hd__xor2_1)
     2    0.010741    0.182556    0.170650    5.024571 ^ _09632_/X (sky130_fd_sc_hd__xor2_1)
                                                         _02167_ (net)
                      0.182561    0.000711    5.025281 ^ _09633_/B (sky130_fd_sc_hd__xnor2_1)
     2    0.013552    0.232478    0.138805    5.164087 ^ _09633_/Y (sky130_fd_sc_hd__xnor2_1)
                                                         _02168_ (net)
                      0.232486    0.001064    5.165152 ^ _09636_/A (sky130_fd_sc_hd__xor2_1)
     2    0.008533    0.153579    0.148447    5.313599 ^ _09636_/X (sky130_fd_sc_hd__xor2_1)
                                                         _02171_ (net)
                      0.153579    0.000549    5.314148 ^ _09645_/A2 (sky130_fd_sc_hd__a21o_1)
     3    0.014374    0.098911    0.134388    5.448536 ^ _09645_/X (sky130_fd_sc_hd__a21o_1)
                                                         _02180_ (net)
                      0.098968    0.001243    5.449780 ^ _09770_/A (sky130_fd_sc_hd__xor2_1)
     2    0.011216    0.188658    0.174502    5.624281 ^ _09770_/X (sky130_fd_sc_hd__xor2_1)
                                                         _02318_ (net)
                      0.188663    0.000831    5.625112 ^ _09890_/B (sky130_fd_sc_hd__nand2b_1)
     2    0.011558    0.077790    0.083481    5.708593 v _09890_/Y (sky130_fd_sc_hd__nand2b_1)
                                                         _02448_ (net)
                      0.077803    0.000791    5.709384 v _09892_/B (sky130_fd_sc_hd__nor4_4)
     2    0.011136    0.191363    0.220378    5.929762 ^ _09892_/Y (sky130_fd_sc_hd__nor4_4)
                                                         _02450_ (net)
                      0.191363    0.000703    5.930466 ^ _09896_/A3 (sky130_fd_sc_hd__o31a_1)
     3    0.024829    0.194638    0.197362    6.127827 ^ _09896_/X (sky130_fd_sc_hd__o31a_1)
                                                         _02454_ (net)
                      0.194659    0.001676    6.129503 ^ _10105_/A3 (sky130_fd_sc_hd__o31a_1)
     3    0.022269    0.175478    0.183525    6.313027 ^ _10105_/X (sky130_fd_sc_hd__o31a_1)
                                                         _02682_ (net)
                      0.175542    0.002771    6.315799 ^ rebuffer17/A (sky130_fd_sc_hd__clkbuf_1)
     1    0.005067    0.051934    0.073703    6.389502 ^ rebuffer17/X (sky130_fd_sc_hd__clkbuf_1)
                                                         net736 (net)
                      0.051934    0.000242    6.389744 ^ _10175_/A1 (sky130_fd_sc_hd__a21oi_2)
     1    0.004933    0.047557    0.031917    6.421661 v _10175_/Y (sky130_fd_sc_hd__a21oi_2)
                                                         _02758_ (net)
                      0.047558    0.000364    6.422025 v _10176_/B (sky130_fd_sc_hd__xnor2_1)
     1    0.003139    0.044309    0.083002    6.505027 v _10176_/Y (sky130_fd_sc_hd__xnor2_1)
                                                         _00060_ (net)
                      0.044310    0.000201    6.505228 v _13666_/D (sky130_fd_sc_hd__dfrtp_1)
                                              6.505228   data arrival time

                                 10.000000   10.000000   clock clk (rise edge)
                                  0.000000   10.000000   clock source latency
     1    0.054104    0.184703    0.134574   10.134574 ^ clk (in)
                                                         clk (net)
                      0.186446    0.000000   10.134574 ^ clkbuf_0_clk/A (sky130_fd_sc_hd__clkbuf_16)
     8    0.174793    0.145710    0.193411   10.327985 ^ clkbuf_0_clk/X (sky130_fd_sc_hd__clkbuf_16)
                                                         clknet_0_clk (net)
                      0.148517    0.016036   10.344021 ^ clkbuf_3_5__f_clk/A (sky130_fd_sc_hd__clkbuf_16)
     9    0.079466    0.074846    0.144174   10.488195 ^ clkbuf_3_5__f_clk/X (sky130_fd_sc_hd__clkbuf_16)
                                                         clknet_3_5__leaf_clk (net)
                      0.076266    0.008122   10.496318 ^ _13666_/CLK (sky130_fd_sc_hd__dfrtp_1)
                                 -0.250000   10.246318   clock uncertainty
                                  0.000000   10.246318   clock reconvergence pessimism
                                 -0.072573   10.173745   library setup time
                                             10.173745   data required time
---------------------------------------------------------------------------------------------
                                             10.173745   data required time
                                             -6.505228   data arrival time
---------------------------------------------------------------------------------------------
                                              3.668517   slack (MET)




===========================================================================
report_checks --slack_max -0.01
============================================================================
======================= max_ff_n40C_1v95 Corner ===================================

No paths found.


===========================================================================
 report_check_types -max_slew -max_cap -max_fanout -violators
============================================================================
======================= max_ff_n40C_1v95 Corner ===================================

max fanout

Pin                                   Limit Fanout  Slack
---------------------------------------------------------
fanout261/X                              10     11        (VIOLATED)
fanout333/X                              10     11        (VIOLATED)
fanout552/X                              10     11        (VIOLATED)
fanout562/X                              10     11        (VIOLATED)



===========================================================================
report_parasitic_annotation -report_unannotated
============================================================================
Found 4 unannotated drivers.
 clkload0/X
 clkload1/Y
 clkload2/Y
 clkload3/X
Found 0 partially unannotated drivers.

===========================================================================
max slew violation count 0
max fanout violation count 4
max cap violation count 0
============================================================================

===========================================================================
check_setup -verbose -unconstrained_endpoints -multiple_clock -no_clock -no_input_delay -loops -generated_clocks
===========================================================================
