Clock: clk
Sources: clk 
Generated: no
Virtual: yes
Propagated: no
Period: 10.000000

===========================================================================
report_clock_properties
============================================================================
Clock                   Period          Waveform
----------------------------------------------------
clk                  10.000000    0.000000  5.000000

===========================================================================
report_clock_latency
============================================================================
Clock clk
rise -> rise
    min     max
0.000000 0.000000 source latency
0.465599         network latency _13692_/CLK
        0.496375 network latency _13667_/CLK
---------------
0.465599 0.496375 latency
        0.030776 skew

fall -> fall
    min     max
0.000000 0.000000 source latency
0.379072         network latency _13692_/CLK
        0.402681 network latency _13667_/CLK
---------------
0.379072 0.402681 latency
        0.023609 skew



===========================================================================
report_clock_min_period
============================================================================
clk period_min = 0.00 fmax = inf
