
===========================================================================
 report_power
============================================================================
======================= max_ff_n40C_1v95 Corner ===================================

Group                    Internal    Switching      Leakage        Total
                            Power        Power        Power        Power (Watts)
------------------------------------------------------------------------
Sequential           1.264957e-03 5.748269e-05 9.347372e-10 1.322441e-03   2.2%
Combinational        2.589068e-02 3.323928e-02 4.866262e-08 5.913002e-02  97.0%
Clock                2.610231e-04 2.248227e-04 1.612135e-08 4.858618e-04   0.8%
Macro                0.000000e+00 0.000000e+00 0.000000e+00 0.000000e+00   0.0%
Pad                  0.000000e+00 0.000000e+00 0.000000e+00 0.000000e+00   0.0%
------------------------------------------------------------------------
Total                2.741665e-02 3.352159e-02 6.571820e-08 6.093831e-02 100.0%
                            45.0%        55.0%         0.0%

