                                                                     Buffers by Cell Master                                                                     
┏━━━━━━━━━━━━━━━━━━━━━━━━━━━━━━━━━━━━━━━━━━━━━━━━━━━━━━━━━━━━━━━━━━━━━━━━━━━━━━━━━━━━━━━━━━━━━━━━━━━━━━━━━━━━━━━━━━━━━━━━━━━━━━━━━━┳━━━━━━━━━━━━━━━━━━━━━━━━━━━┓
┃ Buffer                                                                                                                           ┃ Count                     ┃
┡━━━━━━━━━━━━━━━━━━━━━━━━━━━━━━━━━━━━━━━━━━━━━━━━━━━━━━━━━━━━━━━━━━━━━━━━━━━━━━━━━━━━━━━━━━━━━━━━━━━━━━━━━━━━━━━━━━━━━━━━━━━━━━━━━━╇━━━━━━━━━━━━━━━━━━━━━━━━━━━┩
│ sky130_fd_sc_hd__buf_1                                                                                                           │ 94                        │
│ sky130_fd_sc_hd__buf_12                                                                                                          │ 2                         │
│ sky130_fd_sc_hd__buf_2                                                                                                           │ 234                       │
│ sky130_fd_sc_hd__buf_4                                                                                                           │ 34                        │
│ sky130_fd_sc_hd__buf_6                                                                                                           │ 23                        │
│ sky130_fd_sc_hd__buf_8                                                                                                           │ 12                        │
│ sky130_fd_sc_hd__clkbuf_1                                                                                                        │ 37                        │
│ sky130_fd_sc_hd__clkbuf_16                                                                                                       │ 9                         │
│ sky130_fd_sc_hd__clkbuf_2                                                                                                        │ 127                       │
│ sky130_fd_sc_hd__clkbuf_4                                                                                                        │ 166                       │
│ sky130_fd_sc_hd__clkbuf_8                                                                                                        │ 5                         │
│ sky130_fd_sc_hd__dlygate4sd1_1                                                                                                   │ 33                        │
│ sky130_fd_sc_hd__dlygate4sd3_1                                                                                                   │ 1                         │
│ sky130_fd_sc_hd__dlymetal6s2s_1                                                                                                  │ 68                        │
│ sky130_fd_sc_hd__dlymetal6s4s_1                                                                                                  │ 2                         │
└──────────────────────────────────────────────────────────────────────────────────────────────────────────────────────────────────┴───────────────────────────┘
