                                                                        Cells by Master                                                                         
┏━━━━━━━━━━━━━━━━━━━━━━━━━━━━━━━━━━━━━━━━━━━━━━━━━━━━━━━━━━━━━━━━━━━━━━━━━━━━━━━━━━━━━━━━━━━━━━━━━━━━━━━━━━━━━━━━━━━━━━━━━━━━━━━━━━┳━━━━━━━━━━━━━━━━━━━━━━━━━━━┓
┃ Cell                                                                                                                             ┃ Count                     ┃
┡━━━━━━━━━━━━━━━━━━━━━━━━━━━━━━━━━━━━━━━━━━━━━━━━━━━━━━━━━━━━━━━━━━━━━━━━━━━━━━━━━━━━━━━━━━━━━━━━━━━━━━━━━━━━━━━━━━━━━━━━━━━━━━━━━━╇━━━━━━━━━━━━━━━━━━━━━━━━━━━┩
│ sky130_ef_sc_hd__decap_12                                                                                                        │ 3390                      │
│ sky130_fd_sc_hd__a211o_1                                                                                                         │ 38                        │
│ sky130_fd_sc_hd__a211o_4                                                                                                         │ 6                         │
│ sky130_fd_sc_hd__a211oi_1                                                                                                        │ 5                         │
│ sky130_fd_sc_hd__a211oi_2                                                                                                        │ 13                        │
│ sky130_fd_sc_hd__a211oi_4                                                                                                        │ 15                        │
│ sky130_fd_sc_hd__a21bo_1                                                                                                         │ 104                       │
│ sky130_fd_sc_hd__a21boi_1                                                                                                        │ 20                        │
│ sky130_fd_sc_hd__a21boi_2                                                                                                        │ 6                         │
│ sky130_fd_sc_hd__a21boi_4                                                                                                        │ 1                         │
│ sky130_fd_sc_hd__a21o_1                                                                                                          │ 330                       │
│ sky130_fd_sc_hd__a21oi_1                                                                                                         │ 308                       │
│ sky130_fd_sc_hd__a21oi_2                                                                                                         │ 45                        │
│ sky130_fd_sc_hd__a21oi_4                                                                                                         │ 7                         │
│ sky130_fd_sc_hd__a22o_1                                                                                                          │ 177                       │
│ sky130_fd_sc_hd__a22oi_1                                                                                                         │ 79                        │
│ sky130_fd_sc_hd__a22oi_2                                                                                                         │ 21                        │
│ sky130_fd_sc_hd__a2bb2o_1                                                                                                        │ 13                        │
│ sky130_fd_sc_hd__a2bb2o_4                                                                                                        │ 1                         │
│ sky130_fd_sc_hd__a311o_1                                                                                                         │ 3                         │
│ sky130_fd_sc_hd__a311oi_1                                                                                                        │ 1                         │
│ sky130_fd_sc_hd__a31o_1                                                                                                          │ 103                       │
│ sky130_fd_sc_hd__a31oi_1                                                                                                         │ 8                         │
│ sky130_fd_sc_hd__a31oi_2                                                                                                         │ 6                         │
│ sky130_fd_sc_hd__a31oi_4                                                                                                         │ 2                         │
│ sky130_fd_sc_hd__a32o_1                                                                                                          │ 24                        │
│ sky130_fd_sc_hd__a41o_1                                                                                                          │ 4                         │
│ sky130_fd_sc_hd__and2_1                                                                                                          │ 236                       │
│ sky130_fd_sc_hd__and2_2                                                                                                          │ 5                         │
│ sky130_fd_sc_hd__and2_4                                                                                                          │ 4                         │
│ sky130_fd_sc_hd__and2b_1                                                                                                         │ 380                       │
│ sky130_fd_sc_hd__and3_1                                                                                                          │ 214                       │
│ sky130_fd_sc_hd__and3_2                                                                                                          │ 5                         │
│ sky130_fd_sc_hd__and3_4                                                                                                          │ 7                         │
│ sky130_fd_sc_hd__and3b_1                                                                                                         │ 18                        │
│ sky130_fd_sc_hd__and3b_2                                                                                                         │ 1                         │
│ sky130_fd_sc_hd__and4_1                                                                                                          │ 199                       │
│ sky130_fd_sc_hd__and4b_1                                                                                                         │ 30                        │
│ sky130_fd_sc_hd__and4b_2                                                                                                         │ 2                         │
│ sky130_fd_sc_hd__and4bb_1                                                                                                        │ 23                        │
│ sky130_fd_sc_hd__buf_1                                                                                                           │ 94                        │
│ sky130_fd_sc_hd__buf_12                                                                                                          │ 2                         │
│ sky130_fd_sc_hd__buf_2                                                                                                           │ 234                       │
│ sky130_fd_sc_hd__buf_4                                                                                                           │ 34                        │
│ sky130_fd_sc_hd__buf_6                                                                                                           │ 23                        │
│ sky130_fd_sc_hd__buf_8                                                                                                           │ 12                        │
│ sky130_fd_sc_hd__bufinv_16                                                                                                       │ 2                         │
│ sky130_fd_sc_hd__clkbuf_1                                                                                                        │ 37                        │
│ sky130_fd_sc_hd__clkbuf_16                                                                                                       │ 9                         │
│ sky130_fd_sc_hd__clkbuf_2                                                                                                        │ 127                       │
│ sky130_fd_sc_hd__clkbuf_4                                                                                                        │ 166                       │
│ sky130_fd_sc_hd__clkbuf_8                                                                                                        │ 5                         │
│ sky130_fd_sc_hd__decap_3                                                                                                         │ 1143                      │
│ sky130_fd_sc_hd__decap_4                                                                                                         │ 954                       │
│ sky130_fd_sc_hd__decap_6                                                                                                         │ 884                       │
│ sky130_fd_sc_hd__decap_8                                                                                                         │ 1050                      │
│ sky130_fd_sc_hd__dfrtp_1                                                                                                         │ 68                        │
│ sky130_fd_sc_hd__diode_2                                                                                                         │ 21                        │
│ sky130_fd_sc_hd__dlygate4sd1_1                                                                                                   │ 33                        │
│ sky130_fd_sc_hd__dlygate4sd3_1                                                                                                   │ 1                         │
│ sky130_fd_sc_hd__dlymetal6s2s_1                                                                                                  │ 68                        │
│ sky130_fd_sc_hd__dlymetal6s4s_1                                                                                                  │ 2                         │
│ sky130_fd_sc_hd__fill_1                                                                                                          │ 2228                      │
│ sky130_fd_sc_hd__fill_2                                                                                                          │ 1030                      │
│ sky130_fd_sc_hd__inv_2                                                                                                           │ 87                        │
│ sky130_fd_sc_hd__mux2_1                                                                                                          │ 15                        │
│ sky130_fd_sc_hd__nand2_1                                                                                                         │ 533                       │
│ sky130_fd_sc_hd__nand2_2                                                                                                         │ 12                        │
│ sky130_fd_sc_hd__nand2_4                                                                                                         │ 12                        │
│ sky130_fd_sc_hd__nand2b_1                                                                                                        │ 204                       │
│ sky130_fd_sc_hd__nand2b_2                                                                                                        │ 1                         │
│ sky130_fd_sc_hd__nand2b_4                                                                                                        │ 2                         │
│ sky130_fd_sc_hd__nand3_1                                                                                                         │ 145                       │
│ sky130_fd_sc_hd__nand3_2                                                                                                         │ 16                        │
│ sky130_fd_sc_hd__nand3_4                                                                                                         │ 1                         │
│ sky130_fd_sc_hd__nand3b_1                                                                                                        │ 7                         │
│ sky130_fd_sc_hd__nand3b_4                                                                                                        │ 1                         │
│ sky130_fd_sc_hd__nand4_1                                                                                                         │ 46                        │
│ sky130_fd_sc_hd__nand4_2                                                                                                         │ 1                         │
│ sky130_fd_sc_hd__nand4_4                                                                                                         │ 1                         │
│ sky130_fd_sc_hd__nand4b_1                                                                                                        │ 3                         │
│ sky130_fd_sc_hd__nor2_1                                                                                                          │ 524                       │
│ sky130_fd_sc_hd__nor2_2                                                                                                          │ 10                        │
│ sky130_fd_sc_hd__nor2_4                                                                                                          │ 3                         │
│ sky130_fd_sc_hd__nor3_1                                                                                                          │ 49                        │
│ sky130_fd_sc_hd__nor3_2                                                                                                          │ 9                         │
│ sky130_fd_sc_hd__nor3_4                                                                                                          │ 6                         │
│ sky130_fd_sc_hd__nor3b_1                                                                                                         │ 8                         │
│ sky130_fd_sc_hd__nor3b_2                                                                                                         │ 2                         │
│ sky130_fd_sc_hd__nor4_1                                                                                                          │ 9                         │
│ sky130_fd_sc_hd__nor4_2                                                                                                          │ 1                         │
│ sky130_fd_sc_hd__nor4_4                                                                                                          │ 2                         │
│ sky130_fd_sc_hd__nor4b_1                                                                                                         │ 1                         │
│ sky130_fd_sc_hd__nor4b_4                                                                                                         │ 1                         │
│ sky130_fd_sc_hd__o211a_1                                                                                                         │ 32                        │
│ sky130_fd_sc_hd__o211a_4                                                                                                         │ 3                         │
│ sky130_fd_sc_hd__o211ai_1                                                                                                        │ 9                         │
│ sky130_fd_sc_hd__o211ai_2                                                                                                        │ 31                        │
│ sky130_fd_sc_hd__o211ai_4                                                                                                        │ 12                        │
│ sky130_fd_sc_hd__o21a_1                                                                                                          │ 149                       │
│ sky130_fd_sc_hd__o21a_4                                                                                                          │ 4                         │
│ sky130_fd_sc_hd__o21ai_1                                                                                                         │ 128                       │
│ sky130_fd_sc_hd__o21ai_2                                                                                                         │ 22                        │
│ sky130_fd_sc_hd__o21ai_4                                                                                                         │ 5                         │
│ sky130_fd_sc_hd__o21ba_1                                                                                                         │ 69                        │
│ sky130_fd_sc_hd__o21ba_2                                                                                                         │ 2                         │
│ sky130_fd_sc_hd__o21ba_4                                                                                                         │ 4                         │
│ sky130_fd_sc_hd__o21bai_1                                                                                                        │ 49                        │
│ sky130_fd_sc_hd__o21bai_2                                                                                                        │ 5                         │
│ sky130_fd_sc_hd__o21bai_4                                                                                                        │ 1                         │
│ sky130_fd_sc_hd__o22a_1                                                                                                          │ 11                        │
│ sky130_fd_sc_hd__o22a_2                                                                                                          │ 2                         │
│ sky130_fd_sc_hd__o22a_4                                                                                                          │ 1                         │
│ sky130_fd_sc_hd__o22ai_1                                                                                                         │ 4                         │
│ sky130_fd_sc_hd__o2bb2a_1                                                                                                        │ 50                        │
│ sky130_fd_sc_hd__o2bb2a_4                                                                                                        │ 1                         │
│ sky130_fd_sc_hd__o2bb2ai_1                                                                                                       │ 1                         │
│ sky130_fd_sc_hd__o311a_4                                                                                                         │ 1                         │
│ sky130_fd_sc_hd__o311ai_4                                                                                                        │ 1                         │
│ sky130_fd_sc_hd__o31a_1                                                                                                          │ 12                        │
│ sky130_fd_sc_hd__o31a_4                                                                                                          │ 2                         │
│ sky130_fd_sc_hd__o31ai_1                                                                                                         │ 9                         │
│ sky130_fd_sc_hd__o31ai_2                                                                                                         │ 4                         │
│ sky130_fd_sc_hd__o31ai_4                                                                                                         │ 1                         │
│ sky130_fd_sc_hd__o32a_1                                                                                                          │ 4                         │
│ sky130_fd_sc_hd__o32ai_1                                                                                                         │ 1                         │
│ sky130_fd_sc_hd__o41a_1                                                                                                          │ 2                         │
│ sky130_fd_sc_hd__or2_1                                                                                                           │ 191                       │
│ sky130_fd_sc_hd__or2_2                                                                                                           │ 4                         │
│ sky130_fd_sc_hd__or2_4                                                                                                           │ 11                        │
│ sky130_fd_sc_hd__or3_1                                                                                                           │ 73                        │
│ sky130_fd_sc_hd__or3_2                                                                                                           │ 3                         │
│ sky130_fd_sc_hd__or3_4                                                                                                           │ 33                        │
│ sky130_fd_sc_hd__or3b_1                                                                                                          │ 18                        │
│ sky130_fd_sc_hd__or3b_2                                                                                                          │ 3                         │
│ sky130_fd_sc_hd__or4_1                                                                                                           │ 4                         │
│ sky130_fd_sc_hd__or4_4                                                                                                           │ 7                         │
│ sky130_fd_sc_hd__or4b_1                                                                                                          │ 4                         │
│ sky130_fd_sc_hd__or4bb_1                                                                                                         │ 3                         │
│ sky130_fd_sc_hd__or4bb_2                                                                                                         │ 1                         │
│ sky130_fd_sc_hd__or4bb_4                                                                                                         │ 1                         │
│ sky130_fd_sc_hd__tapvpwrvgnd_1                                                                                                   │ 2044                      │
│ sky130_fd_sc_hd__xnor2_1                                                                                                         │ 998                       │
│ sky130_fd_sc_hd__xnor2_2                                                                                                         │ 119                       │
│ sky130_fd_sc_hd__xnor2_4                                                                                                         │ 7                         │
│ sky130_fd_sc_hd__xor2_1                                                                                                          │ 458                       │
│ sky130_fd_sc_hd__xor2_2                                                                                                          │ 69                        │
│ sky130_fd_sc_hd__xor2_4                                                                                                          │ 2                         │
└──────────────────────────────────────────────────────────────────────────────────────────────────────────────────────────────────┴───────────────────────────┘
