
===========================================================================
report_checks -unconstrained
===========================================================================
======================= max_ff_n40C_1v95 Corner ===================================

Startpoint: rst_n (input port clocked by clk)
Endpoint: _13651_ (recovery check against rising-edge clock clk)
Path Group: asynchronous
Path Type: max

Fanout         Cap        Slew       Delay        Time   Description
---------------------------------------------------------------------------------------------
                                  0.000000    0.000000   clock clk (rise edge)
                                  0.000000    0.000000   clock network delay (propagated)
                                  3.000000    3.000000 ^ input external delay
     1    0.002856    0.014120    0.007424    3.007424 ^ rst_n (in)
                                                         rst_n (net)
                      0.014121    0.000000    3.007424 ^ input1/A (sky130_fd_sc_hd__buf_2)
     2    0.050774    0.187711    0.168003    3.175427 ^ input1/X (sky130_fd_sc_hd__buf_2)
                                                         net1 (net)
                      0.188592    0.010441    3.185868 ^ fanout719/A (sky130_fd_sc_hd__clkbuf_8)
     9    0.119399    0.160538    0.204536    3.390403 ^ fanout719/X (sky130_fd_sc_hd__clkbuf_8)
                                                         net719 (net)
                      0.163189    0.016456    3.406859 ^ fanout718/A (sky130_fd_sc_hd__clkbuf_4)
     8    0.067452    0.156830    0.201372    3.608231 ^ fanout718/X (sky130_fd_sc_hd__clkbuf_4)
                                                         net718 (net)
                      0.159496    0.016308    3.624539 ^ fanout717/A (sky130_fd_sc_hd__buf_4)
    10    0.061199    0.131013    0.162786    3.787325 ^ fanout717/X (sky130_fd_sc_hd__buf_4)
                                                         net717 (net)
                      0.132666    0.011783    3.799108 ^ _13651_/RESET_B (sky130_fd_sc_hd__dfrtp_1)
                                              3.799108   data arrival time

                                 15.000000   15.000000   clock clk (rise edge)
                                  0.000000   15.000000   clock source latency
     1    0.055840    0.190446    0.138888   15.138888 ^ clk (in)
                                                         clk (net)
                      0.192324    0.000000   15.138888 ^ clkbuf_0_clk/A (sky130_fd_sc_hd__clkbuf_16)
     8    0.169565    0.141614    0.193886   15.332774 ^ clkbuf_0_clk/X (sky130_fd_sc_hd__clkbuf_16)
                                                         clknet_0_clk (net)
                      0.143604    0.013364   15.346137 ^ clkbuf_3_7__f_clk/A (sky130_fd_sc_hd__clkbuf_16)
    10    0.050207    0.053581    0.128647   15.474785 ^ clkbuf_3_7__f_clk/X (sky130_fd_sc_hd__clkbuf_16)
                                                         clknet_3_7__leaf_clk (net)
                      0.054012    0.003633   15.478417 ^ _13651_/CLK (sky130_fd_sc_hd__dfrtp_1)
                                 -0.250000   15.228418   clock uncertainty
                                  0.000000   15.228418   clock reconvergence pessimism
                                  0.128185   15.356604   library recovery time
                                             15.356604   data required time
---------------------------------------------------------------------------------------------
                                             15.356604   data required time
                                             -3.799108   data arrival time
---------------------------------------------------------------------------------------------
                                             11.557495   slack (MET)


Startpoint: x1[0] (input port clocked by clk)
Endpoint: _13684_ (rising edge-triggered flip-flop clocked by clk)
Path Group: clk
Path Type: max

Fanout         Cap        Slew       Delay        Time   Description
---------------------------------------------------------------------------------------------
                                  0.000000    0.000000   clock clk (rise edge)
                                  0.000000    0.000000   clock network delay (propagated)
                                  3.000000    3.000000 ^ input external delay
     1    0.003647    0.016962    0.009512    3.009512 ^ x1[0] (in)
                                                         x1[0] (net)
                      0.016964    0.000000    3.009512 ^ input138/A (sky130_fd_sc_hd__clkbuf_1)
     1    0.002609    0.030538    0.047354    3.056866 ^ input138/X (sky130_fd_sc_hd__clkbuf_1)
                                                         net138 (net)
                      0.030539    0.000175    3.057040 ^ fanout597/A (sky130_fd_sc_hd__buf_2)
     5    0.057710    0.212234    0.190579    3.247619 ^ fanout597/X (sky130_fd_sc_hd__buf_2)
                                                         net597 (net)
                      0.212809    0.009018    3.256638 ^ fanout592/A (sky130_fd_sc_hd__buf_2)
     7    0.059097    0.217460    0.222423    3.479061 ^ fanout592/X (sky130_fd_sc_hd__buf_2)
                                                         net592 (net)
                      0.218222    0.010582    3.489642 ^ fanout591/A (sky130_fd_sc_hd__clkbuf_2)
     5    0.042918    0.180365    0.198762    3.688404 ^ fanout591/X (sky130_fd_sc_hd__clkbuf_2)
                                                         net591 (net)
                      0.180511    0.004199    3.692603 ^ fanout588/A (sky130_fd_sc_hd__buf_2)
    10    0.046978    0.173375    0.195300    3.887903 ^ fanout588/X (sky130_fd_sc_hd__buf_2)
                                                         net588 (net)
                      0.173569    0.004757    3.892661 ^ _07533_/A (sky130_fd_sc_hd__or2_4)
     9    0.076403    0.177695    0.199205    4.091866 ^ _07533_/X (sky130_fd_sc_hd__or2_4)
                                                         _06762_ (net)
                      0.177770    0.003132    4.094997 ^ _10923_/C (sky130_fd_sc_hd__and3b_1)
     2    0.010349    0.085636    0.148480    4.243478 ^ _10923_/X (sky130_fd_sc_hd__and3b_1)
                                                         _03571_ (net)
                      0.085636    0.000438    4.243916 ^ _11082_/A1 (sky130_fd_sc_hd__o21ba_2)
     5    0.029551    0.135199    0.168682    4.412597 ^ _11082_/X (sky130_fd_sc_hd__o21ba_2)
                                                         _03745_ (net)
                      0.135240    0.001933    4.414530 ^ fanout249/A (sky130_fd_sc_hd__clkbuf_4)
    10    0.050667    0.120033    0.176468    4.590998 ^ fanout249/X (sky130_fd_sc_hd__clkbuf_4)
                                                         net249 (net)
                      0.120064    0.001602    4.592600 ^ _11083_/B (sky130_fd_sc_hd__xor2_1)
     2    0.008255    0.149777    0.145813    4.738412 ^ _11083_/X (sky130_fd_sc_hd__xor2_1)
                                                         _03746_ (net)
                      0.149827    0.000556    4.738968 ^ _11085_/B (sky130_fd_sc_hd__xor2_1)
     2    0.010520    0.179561    0.166931    4.905899 ^ _11085_/X (sky130_fd_sc_hd__xor2_1)
                                                         _03748_ (net)
                      0.179566    0.000761    4.906660 ^ _11087_/B (sky130_fd_sc_hd__xor2_1)
     2    0.008349    0.151065    0.145377    5.052036 ^ _11087_/X (sky130_fd_sc_hd__xor2_1)
                                                         _03750_ (net)
                      0.151065    0.000571    5.052608 ^ _11088_/B (sky130_fd_sc_hd__xor2_1)
     3    0.012524    0.206056    0.186228    5.238836 ^ _11088_/X (sky130_fd_sc_hd__xor2_1)
                                                         _03752_ (net)
                      0.206061    0.000775    5.239611 ^ _11092_/A (sky130_fd_sc_hd__xor2_1)
     1    0.005013    0.108506    0.114214    5.353826 ^ _11092_/X (sky130_fd_sc_hd__xor2_1)
                                                         _03756_ (net)
                      0.108506    0.000237    5.354063 ^ _11093_/B (sky130_fd_sc_hd__xnor2_1)
     2    0.007691    0.071945    0.064750    5.418812 v _11093_/Y (sky130_fd_sc_hd__xnor2_1)
                                                         _03757_ (net)
                      0.071949    0.000523    5.419335 v _11095_/B (sky130_fd_sc_hd__xnor2_1)
     2    0.008445    0.159903    0.159471    5.578805 ^ _11095_/Y (sky130_fd_sc_hd__xnor2_1)
                                                         _03759_ (net)
                      0.159909    0.000792    5.579597 ^ _11097_/B (sky130_fd_sc_hd__xnor2_1)
     2    0.008533    0.061210    0.073166    5.652763 v _11097_/Y (sky130_fd_sc_hd__xnor2_1)
                                                         _03761_ (net)
                      0.061233    0.000300    5.653063 v _11321_/A1 (sky130_fd_sc_hd__a21bo_1)
     2    0.009026    0.044252    0.133045    5.786108 v _11321_/X (sky130_fd_sc_hd__a21bo_1)
                                                         _04007_ (net)
                      0.044265    0.000731    5.786838 v _11323_/B (sky130_fd_sc_hd__xnor2_1)
     2    0.008521    0.065507    0.100592    5.887430 v _11323_/Y (sky130_fd_sc_hd__xnor2_1)
                                                         _04009_ (net)
                      0.065539    0.000521    5.887951 v _11458_/A2 (sky130_fd_sc_hd__a21boi_1)
     2    0.009292    0.160795    0.168112    6.056063 ^ _11458_/Y (sky130_fd_sc_hd__a21boi_1)
                                                         _04157_ (net)
                      0.160798    0.000574    6.056638 ^ _11460_/B (sky130_fd_sc_hd__xor2_1)
     2    0.008012    0.146642    0.142637    6.199274 ^ _11460_/X (sky130_fd_sc_hd__xor2_1)
                                                         _04159_ (net)
                      0.146642    0.000479    6.199753 ^ _11461_/B (sky130_fd_sc_hd__xor2_1)
     2    0.013297    0.216203    0.193779    6.393532 ^ _11461_/X (sky130_fd_sc_hd__xor2_1)
                                                         _04160_ (net)
                      0.216210    0.000993    6.394526 ^ _11462_/C (sky130_fd_sc_hd__or3_2)
     3    0.018655    0.075594    0.138593    6.533118 ^ _11462_/X (sky130_fd_sc_hd__or3_2)
                                                         _04161_ (net)
                      0.075645    0.001786    6.534904 ^ _11589_/C_N (sky130_fd_sc_hd__nor3b_1)
     2    0.009832    0.242589    0.220011    6.754915 ^ _11589_/Y (sky130_fd_sc_hd__nor3b_1)
                                                         _04299_ (net)
                      0.242592    0.000737    6.755652 ^ _11591_/D_N (sky130_fd_sc_hd__or4bb_4)
     2    0.011895    0.067820    0.292728    7.048379 v _11591_/X (sky130_fd_sc_hd__or4bb_4)
                                                         _04301_ (net)
                      0.067820    0.000585    7.048965 v _11593_/A1 (sky130_fd_sc_hd__a31oi_4)
     4    0.038861    0.254844    0.217250    7.266214 ^ _11593_/Y (sky130_fd_sc_hd__a31oi_4)
                                                         _04303_ (net)
                      0.255122    0.006498    7.272712 ^ _11813_/A3 (sky130_fd_sc_hd__o311a_4)
     3    0.016271    0.052376    0.131812    7.404525 ^ _11813_/X (sky130_fd_sc_hd__o311a_4)
                                                         _04543_ (net)
                      0.052403    0.001091    7.405615 ^ _11886_/A2 (sky130_fd_sc_hd__o31a_1)
     1    0.009473    0.081041    0.116616    7.522232 ^ _11886_/X (sky130_fd_sc_hd__o31a_1)
                                                         _04621_ (net)
                      0.081042    0.000512    7.522744 ^ _11922_/A (sky130_fd_sc_hd__xnor2_1)
     1    0.002728    0.034246    0.044915    7.567659 v _11922_/Y (sky130_fd_sc_hd__xnor2_1)
                                                         _00019_ (net)
                      0.034247    0.000182    7.567841 v _13684_/D (sky130_fd_sc_hd__dfrtp_1)
                                              7.567841   data arrival time

                                 15.000000   15.000000   clock clk (rise edge)
                                  0.000000   15.000000   clock source latency
     1    0.055840    0.190446    0.138888   15.138888 ^ clk (in)
                                                         clk (net)
                      0.192324    0.000000   15.138888 ^ clkbuf_0_clk/A (sky130_fd_sc_hd__clkbuf_16)
     8    0.169565    0.141614    0.193886   15.332774 ^ clkbuf_0_clk/X (sky130_fd_sc_hd__clkbuf_16)
                                                         clknet_0_clk (net)
                      0.143894    0.014277   15.347051 ^ clkbuf_3_0__f_clk/A (sky130_fd_sc_hd__clkbuf_16)
     9    0.065304    0.064869    0.134872   15.481922 ^ clkbuf_3_0__f_clk/X (sky130_fd_sc_hd__clkbuf_16)
                                                         clknet_3_0__leaf_clk (net)
                      0.067350    0.009891   15.491813 ^ _13684_/CLK (sky130_fd_sc_hd__dfrtp_1)
                                 -0.250000   15.241814   clock uncertainty
                                  0.000000   15.241814   clock reconvergence pessimism
                                 -0.069844   15.171969   library setup time
                                             15.171969   data required time
---------------------------------------------------------------------------------------------
                                             15.171969   data required time
                                             -7.567841   data arrival time
---------------------------------------------------------------------------------------------
                                              7.604128   slack (MET)




===========================================================================
report_checks --slack_max -0.01
============================================================================
======================= max_ff_n40C_1v95 Corner ===================================

No paths found.


===========================================================================
 report_check_types -max_slew -max_cap -max_fanout -violators
============================================================================
======================= max_ff_n40C_1v95 Corner ===================================

max fanout

Pin                                   Limit Fanout  Slack
---------------------------------------------------------
fanout261/X                              10     11        (VIOLATED)
fanout333/X                              10     11        (VIOLATED)
fanout448/X                              10     11        (VIOLATED)
fanout552/X                              10     11        (VIOLATED)



===========================================================================
report_parasitic_annotation -report_unannotated
============================================================================
Found 4 unannotated drivers.
 clkload0/X
 clkload1/Y
 clkload2/Y
 clkload3/X
Found 0 partially unannotated drivers.

===========================================================================
max slew violation count 0
max fanout violation count 4
max cap violation count 0
============================================================================

===========================================================================
check_setup -verbose -unconstrained_endpoints -multiple_clock -no_clock -no_input_delay -loops -generated_clocks
===========================================================================
