Clock: clk
Sources: clk 
Generated: no
Virtual: yes
Propagated: no
Period: 15.000000

===========================================================================
report_clock_properties
============================================================================
Clock                   Period          Waveform
----------------------------------------------------
clk                  15.000000    0.000000  7.500000

===========================================================================
report_clock_latency
============================================================================
Clock clk
rise -> rise
    min     max
0.000000 0.000000 source latency
0.469380         network latency _13692_/CLK
        0.493151 network latency _13667_/CLK
---------------
0.469380 0.493151 latency
        0.023771 skew

fall -> fall
    min     max
0.000000 0.000000 source latency
0.381782         network latency _13692_/CLK
        0.399282 network latency _13684_/CLK
---------------
0.381782 0.399282 latency
        0.017501 skew



===========================================================================
report_clock_min_period
============================================================================
clk period_min = 0.00 fmax = inf
