┏━━━━━━━━━━━━━━━━━━━━━━┳━━━━━━━━━━┳━━━━━━━━━━┳━━━━━━━━━━┳━━━━━━━━━━┳━━━━━━━━━━━┳━━━━━━━━━━┳━━━━━━━━━━━┳━━━━━━━━━━┳━━━━━━━━━━━┳━━━━━━━━━━┳━━━━━━━━━━━┳━━━━━━━━━━┓
┃                      ┃ Hold     ┃ Reg to   ┃          ┃          ┃ of which  ┃ Setup    ┃           ┃          ┃           ┃ of which ┃           ┃          ┃
┃                      ┃ Worst    ┃ Reg      ┃          ┃ Hold Vio ┃ reg to    ┃ Worst    ┃ Reg to    ┃ Setup    ┃ Setup Vio ┃ reg to   ┃ Max Cap   ┃ Max Slew ┃
┃ Corner/Group         ┃ Slack    ┃ Paths    ┃ Hold TNS ┃ Count    ┃ reg       ┃ Slack    ┃ Reg Paths ┃ TNS      ┃ Count     ┃ reg      ┃ Violatio… ┃ Violati… ┃
┡━━━━━━━━━━━━━━━━━━━━━━╇━━━━━━━━━━╇━━━━━━━━━━╇━━━━━━━━━━╇━━━━━━━━━━╇━━━━━━━━━━━╇━━━━━━━━━━╇━━━━━━━━━━━╇━━━━━━━━━━╇━━━━━━━━━━━╇━━━━━━━━━━╇━━━━━━━━━━━╇━━━━━━━━━━┩
│ Overall              │ 0.7764   │ N/A      │ 0.0000   │ 0        │ 0         │ -4.7076  │ N/A       │ -151.76… │ 161       │ 0        │ 0         │ 19       │
│ nom_tt_025C_1v80     │ 1.2386   │ N/A      │ 0.0000   │ 0        │ 0         │ 1.3942   │ N/A       │ 0.0000   │ 0         │ 0        │ 0         │ 0        │
│ nom_ss_100C_1v60     │ 0.7912   │ N/A      │ 0.0000   │ 0        │ 0         │ -4.5389  │ N/A       │ -145.64… │ 54        │ 0        │ 0         │ 16       │
│ nom_ff_n40C_1v95     │ 1.4114   │ N/A      │ 0.0000   │ 0        │ 0         │ 3.7446   │ N/A       │ 0.0000   │ 0         │ 0        │ 0         │ 0        │
│ min_tt_025C_1v80     │ 1.2510   │ N/A      │ 0.0000   │ 0        │ 0         │ 1.5394   │ N/A       │ 0.0000   │ 0         │ 0        │ 0         │ 0        │
│ min_ss_100C_1v60     │ 0.8077   │ N/A      │ 0.0000   │ 0        │ 0         │ -4.3217  │ N/A       │ -139.13… │ 53        │ 0        │ 0         │ 16       │
│ min_ff_n40C_1v95     │ 1.4209   │ N/A      │ 0.0000   │ 0        │ 0         │ 3.8483   │ N/A       │ 0.0000   │ 0         │ 0        │ 0         │ 0        │
│ max_tt_025C_1v80     │ 1.2236   │ N/A      │ 0.0000   │ 0        │ 0         │ 1.2761   │ N/A       │ 0.0000   │ 0         │ 0        │ 0         │ 0        │
│ max_ss_100C_1v60     │ 0.7764   │ N/A      │ 0.0000   │ 0        │ 0         │ -4.7076  │ N/A       │ -151.76… │ 54        │ 0        │ 0         │ 19       │
│ max_ff_n40C_1v95     │ 1.3994   │ N/A      │ 0.0000   │ 0        │ 0         │ 3.6685   │ N/A       │ 0.0000   │ 0         │ 0        │ 0         │ 0        │
└──────────────────────┴──────────┴──────────┴──────────┴──────────┴───────────┴──────────┴───────────┴──────────┴───────────┴──────────┴───────────┴──────────┘
