
===========================================================================
report_checks -unconstrained
===========================================================================
======================= min_tt_025C_1v80 Corner ===================================

Startpoint: rst_n (input port clocked by clk)
Endpoint: _13651_ (recovery check against rising-edge clock clk)
Path Group: asynchronous
Path Type: max

Fanout         Cap        Slew       Delay        Time   Description
---------------------------------------------------------------------------------------------
                                  0.000000    0.000000   clock clk (rise edge)
                                  0.000000    0.000000   clock network delay (propagated)
                                  2.000000    2.000000 ^ input external delay
     1    0.002615    0.018942    0.009655    2.009655 ^ rst_n (in)
                                                         rst_n (net)
                      0.018942    0.000000    2.009655 ^ input1/A (sky130_fd_sc_hd__buf_2)
     2    0.040900    0.200564    0.208077    2.217732 ^ input1/X (sky130_fd_sc_hd__buf_2)
                                                         net1 (net)
                      0.200743    0.004939    2.222671 ^ fanout719/A (sky130_fd_sc_hd__clkbuf_8)
     9    0.106026    0.187023    0.287264    2.509936 ^ fanout719/X (sky130_fd_sc_hd__clkbuf_8)
                                                         net719 (net)
                      0.187325    0.005233    2.515168 ^ fanout718/A (sky130_fd_sc_hd__clkbuf_4)
     8    0.059503    0.183006    0.284267    2.799435 ^ fanout718/X (sky130_fd_sc_hd__clkbuf_4)
                                                         net718 (net)
                      0.183481    0.007567    2.807002 ^ fanout717/A (sky130_fd_sc_hd__clkbuf_4)
    10    0.058688    0.179895    0.283049    3.090051 ^ fanout717/X (sky130_fd_sc_hd__clkbuf_4)
                                                         net717 (net)
                      0.180073    0.004625    3.094676 ^ _13651_/RESET_B (sky130_fd_sc_hd__dfrtp_1)
                                              3.094676   data arrival time

                                 10.000000   10.000000   clock clk (rise edge)
                                  0.000000   10.000000   clock source latency
     1    0.045230    0.208085    0.147534   10.147533 ^ clk (in)
                                                         clk (net)
                      0.208511    0.000000   10.147533 ^ clkbuf_0_clk/A (sky130_fd_sc_hd__clkbuf_16)
     8    0.154060    0.166916    0.275264   10.422798 ^ clkbuf_0_clk/X (sky130_fd_sc_hd__clkbuf_16)
                                                         clknet_0_clk (net)
                      0.167470    0.007743   10.430541 ^ clkbuf_3_7__f_clk/A (sky130_fd_sc_hd__clkbuf_16)
    10    0.042215    0.062647    0.185232   10.615773 ^ clkbuf_3_7__f_clk/X (sky130_fd_sc_hd__clkbuf_16)
                                                         clknet_3_7__leaf_clk (net)
                      0.062666    0.001032   10.616805 ^ _13651_/CLK (sky130_fd_sc_hd__dfrtp_1)
                                 -0.250000   10.366805   clock uncertainty
                                  0.000000   10.366805   clock reconvergence pessimism
                                  0.200876   10.567681   library recovery time
                                             10.567681   data required time
---------------------------------------------------------------------------------------------
                                             10.567681   data required time
                                             -3.094676   data arrival time
---------------------------------------------------------------------------------------------
                                              7.473006   slack (MET)


Startpoint: x1[0] (input port clocked by clk)
Endpoint: _13666_ (rising edge-triggered flip-flop clocked by clk)
Path Group: clk
Path Type: max

Fanout         Cap        Slew       Delay        Time   Description
---------------------------------------------------------------------------------------------
                                  0.000000    0.000000   clock clk (rise edge)
                                  0.000000    0.000000   clock network delay (propagated)
                                  2.000000    2.000000 v input external delay
     1    0.003148    0.009440    0.005014    2.005014 v x1[0] (in)
                                                         x1[0] (net)
                      0.009440    0.000000    2.005014 v input138/A (sky130_fd_sc_hd__clkbuf_1)
     1    0.003693    0.031043    0.076962    2.081975 v input138/X (sky130_fd_sc_hd__clkbuf_1)
                                                         net138 (net)
                      0.031043    0.000060    2.082036 v fanout597/A (sky130_fd_sc_hd__buf_2)
     5    0.047798    0.115812    0.196699    2.278735 v fanout597/X (sky130_fd_sc_hd__buf_2)
                                                         net597 (net)
                      0.115837    0.001655    2.280390 v fanout592/A (sky130_fd_sc_hd__buf_2)
     7    0.050931    0.122901    0.237695    2.518085 v fanout592/X (sky130_fd_sc_hd__buf_2)
                                                         net592 (net)
                      0.123119    0.003680    2.521765 v fanout591/A (sky130_fd_sc_hd__clkbuf_2)
     5    0.037034    0.141545    0.230818    2.752583 v fanout591/X (sky130_fd_sc_hd__clkbuf_2)
                                                         net591 (net)
                      0.141548    0.000826    2.753408 v fanout588/A (sky130_fd_sc_hd__buf_2)
    10    0.039321    0.097814    0.232103    2.985512 v fanout588/X (sky130_fd_sc_hd__buf_2)
                                                         net588 (net)
                      0.097869    0.002162    2.987673 v _07533_/A (sky130_fd_sc_hd__or2_4)
     9    0.064322    0.117560    0.355007    3.342681 v _07533_/X (sky130_fd_sc_hd__or2_4)
                                                         _06762_ (net)
                      0.118514    0.008261    3.350942 v _09228_/B (sky130_fd_sc_hd__and3_2)
     6    0.029725    0.097735    0.293193    3.644135 v _09228_/X (sky130_fd_sc_hd__and3_2)
                                                         _01726_ (net)
                      0.097735    0.000421    3.644555 v _09382_/A (sky130_fd_sc_hd__nor2_1)
     4    0.019266    0.348359    0.317541    3.962096 ^ _09382_/Y (sky130_fd_sc_hd__nor2_1)
                                                         _01894_ (net)
                      0.348359    0.000042    3.962137 ^ fanout250/A (sky130_fd_sc_hd__clkbuf_4)
    10    0.053756    0.166655    0.320914    4.283052 ^ fanout250/X (sky130_fd_sc_hd__clkbuf_4)
                                                         net250 (net)
                      0.166655    0.000506    4.283558 ^ _09383_/B (sky130_fd_sc_hd__xor2_1)
     2    0.006944    0.190658    0.213889    4.497447 ^ _09383_/X (sky130_fd_sc_hd__xor2_1)
                                                         _01895_ (net)
                      0.190658    0.000034    4.497481 ^ _09385_/B (sky130_fd_sc_hd__xor2_1)
     2    0.008845    0.218014    0.242388    4.739869 ^ _09385_/X (sky130_fd_sc_hd__xor2_1)
                                                         _01897_ (net)
                      0.218014    0.000133    4.740002 ^ _09387_/B (sky130_fd_sc_hd__xor2_1)
     2    0.007787    0.206281    0.231635    4.971637 ^ _09387_/X (sky130_fd_sc_hd__xor2_1)
                                                         _01899_ (net)
                      0.206281    0.000048    4.971685 ^ _09540_/A2 (sky130_fd_sc_hd__a21oi_1)
     2    0.009755    0.096980    0.141900    5.113585 v _09540_/Y (sky130_fd_sc_hd__a21oi_1)
                                                         _02066_ (net)
                      0.096980    0.000233    5.113818 v _09542_/B (sky130_fd_sc_hd__xnor2_1)
     2    0.007880    0.221457    0.223714    5.337533 ^ _09542_/Y (sky130_fd_sc_hd__xnor2_1)
                                                         _02068_ (net)
                      0.221457    0.000080    5.337613 ^ _09543_/B (sky130_fd_sc_hd__xor2_1)
     2    0.008615    0.213846    0.243137    5.580750 ^ _09543_/X (sky130_fd_sc_hd__xor2_1)
                                                         _02069_ (net)
                      0.213846    0.000101    5.580852 ^ _09545_/B (sky130_fd_sc_hd__xnor2_1)
     2    0.008213    0.228249    0.185571    5.766423 ^ _09545_/Y (sky130_fd_sc_hd__xnor2_1)
                                                         _02071_ (net)
                      0.228249    0.000067    5.766489 ^ _09547_/B (sky130_fd_sc_hd__xnor2_1)
     2    0.009439    0.095049    0.141087    5.907577 v _09547_/Y (sky130_fd_sc_hd__xnor2_1)
                                                         _02073_ (net)
                      0.095049    0.000058    5.907634 v _09629_/A (sky130_fd_sc_hd__xnor2_1)
     2    0.010076    0.257692    0.274200    6.181834 ^ _09629_/Y (sky130_fd_sc_hd__xnor2_1)
                                                         _02164_ (net)
                      0.257692    0.000177    6.182011 ^ _09632_/A (sky130_fd_sc_hd__xor2_1)
     2    0.010547    0.248920    0.274577    6.456587 ^ _09632_/X (sky130_fd_sc_hd__xor2_1)
                                                         _02167_ (net)
                      0.248920    0.000098    6.456686 ^ _09633_/B (sky130_fd_sc_hd__xnor2_1)
     2    0.012421    0.304880    0.223823    6.680509 ^ _09633_/Y (sky130_fd_sc_hd__xnor2_1)
                                                         _02168_ (net)
                      0.304880    0.000316    6.680825 ^ _09636_/A (sky130_fd_sc_hd__xor2_1)
     2    0.008255    0.214964    0.248605    6.929430 ^ _09636_/X (sky130_fd_sc_hd__xor2_1)
                                                         _02171_ (net)
                      0.214964    0.000081    6.929511 ^ _09645_/A2 (sky130_fd_sc_hd__a21o_1)
     3    0.013290    0.122214    0.210383    7.139894 ^ _09645_/X (sky130_fd_sc_hd__a21o_1)
                                                         _02180_ (net)
                      0.122214    0.000289    7.140182 ^ _09770_/A (sky130_fd_sc_hd__xor2_1)
     2    0.010638    0.250613    0.255119    7.395301 ^ _09770_/X (sky130_fd_sc_hd__xor2_1)
                                                         _02318_ (net)
                      0.250613    0.000164    7.395465 ^ _09890_/B (sky130_fd_sc_hd__nand2b_1)
     2    0.011275    0.109388    0.149112    7.544577 v _09890_/Y (sky130_fd_sc_hd__nand2b_1)
                                                         _02448_ (net)
                      0.109388    0.000121    7.544698 v _09892_/B (sky130_fd_sc_hd__nor4_4)
     2    0.010068    0.254601    0.317578    7.862276 ^ _09892_/Y (sky130_fd_sc_hd__nor4_4)
                                                         _02450_ (net)
                      0.254601    0.000218    7.862493 ^ _09896_/A3 (sky130_fd_sc_hd__o31a_1)
     3    0.021829    0.230816    0.288891    8.151383 ^ _09896_/X (sky130_fd_sc_hd__o31a_1)
                                                         _02454_ (net)
                      0.230816    0.000373    8.151757 ^ _10105_/A3 (sky130_fd_sc_hd__o31a_1)
     3    0.020021    0.213435    0.271262    8.423019 ^ _10105_/X (sky130_fd_sc_hd__o31a_1)
                                                         _02682_ (net)
                      0.213436    0.000977    8.423996 ^ rebuffer17/A (sky130_fd_sc_hd__clkbuf_1)
     1    0.004981    0.069263    0.132328    8.556324 ^ rebuffer17/X (sky130_fd_sc_hd__clkbuf_1)
                                                         net736 (net)
                      0.069263    0.000028    8.556352 ^ _10175_/A1 (sky130_fd_sc_hd__a21oi_2)
     1    0.004847    0.062520    0.054937    8.611289 v _10175_/Y (sky130_fd_sc_hd__a21oi_2)
                                                         _02758_ (net)
                      0.062520    0.000044    8.611332 v _10176_/B (sky130_fd_sc_hd__xnor2_1)
     1    0.002810    0.058541    0.124740    8.736073 v _10176_/Y (sky130_fd_sc_hd__xnor2_1)
                                                         _00060_ (net)
                      0.058541    0.000028    8.736101 v _13666_/D (sky130_fd_sc_hd__dfrtp_1)
                                              8.736101   data arrival time

                                 10.000000   10.000000   clock clk (rise edge)
                                  0.000000   10.000000   clock source latency
     1    0.045230    0.208085    0.147534   10.147533 ^ clk (in)
                                                         clk (net)
                      0.208511    0.000000   10.147533 ^ clkbuf_0_clk/A (sky130_fd_sc_hd__clkbuf_16)
     8    0.154060    0.166916    0.275264   10.422798 ^ clkbuf_0_clk/X (sky130_fd_sc_hd__clkbuf_16)
                                                         clknet_0_clk (net)
                      0.167270    0.006225   10.429024 ^ clkbuf_3_5__f_clk/A (sky130_fd_sc_hd__clkbuf_16)
     9    0.068285    0.086364    0.204196   10.633219 ^ clkbuf_3_5__f_clk/X (sky130_fd_sc_hd__clkbuf_16)
                                                         clknet_3_5__leaf_clk (net)
                      0.086580    0.002932   10.636151 ^ _13666_/CLK (sky130_fd_sc_hd__dfrtp_1)
                                 -0.250000   10.386151   clock uncertainty
                                  0.000000   10.386151   clock reconvergence pessimism
                                 -0.110653   10.275498   library setup time
                                             10.275498   data required time
---------------------------------------------------------------------------------------------
                                             10.275498   data required time
                                             -8.736101   data arrival time
---------------------------------------------------------------------------------------------
                                              1.539397   slack (MET)




===========================================================================
report_checks --slack_max -0.01
============================================================================
======================= min_tt_025C_1v80 Corner ===================================

No paths found.


===========================================================================
 report_check_types -max_slew -max_cap -max_fanout -violators
============================================================================
======================= min_tt_025C_1v80 Corner ===================================

max fanout

Pin                                   Limit Fanout  Slack
---------------------------------------------------------
fanout261/X                              10     11        (VIOLATED)
fanout333/X                              10     11        (VIOLATED)
fanout552/X                              10     11        (VIOLATED)
fanout562/X                              10     11        (VIOLATED)



===========================================================================
report_parasitic_annotation -report_unannotated
============================================================================
Found 4 unannotated drivers.
 clkload0/X
 clkload1/Y
 clkload2/Y
 clkload3/X
Found 0 partially unannotated drivers.

===========================================================================
max slew violation count 0
max fanout violation count 4
max cap violation count 0
============================================================================

===========================================================================
check_setup -verbose -unconstrained_endpoints -multiple_clock -no_clock -no_input_delay -loops -generated_clocks
===========================================================================
