Clock: clk
Sources: clk 
Generated: no
Virtual: yes
Propagated: no
Period: 10.000000

===========================================================================
report_clock_properties
============================================================================
Clock                   Period          Waveform
----------------------------------------------------
clk                  10.000000    0.000000  5.000000

===========================================================================
report_clock_latency
============================================================================
Clock clk
rise -> rise
    min     max
0.000000 0.000000 source latency
0.605972         network latency _13692_/CLK
        0.636192 network latency _13667_/CLK
---------------
0.605972 0.636192 latency
        0.030220 skew

fall -> fall
    min     max
0.000000 0.000000 source latency
0.497332         network latency _13692_/CLK
        0.520453 network latency _13667_/CLK
---------------
0.497332 0.520453 latency
        0.023121 skew



===========================================================================
report_clock_min_period
============================================================================
clk period_min = 0.00 fmax = inf
