Reading timing models for corner nom_tt_025C_1v80…
Reading timing library for the 'nom_tt_025C_1v80' corner at '/home/vanisri/.volare/volare/sky130/versions/0fe599b2afb6708d281543108caf8310912f54af/sky130A/libs.ref/sky130_fd_sc_hd/lib/sky130_fd_sc_hd__tt_025C_1v80.lib'…
Reading timing models for corner nom_ff_n40C_1v95…
Reading timing library for the 'nom_ff_n40C_1v95' corner at '/home/vanisri/.volare/volare/sky130/versions/0fe599b2afb6708d281543108caf8310912f54af/sky130A/libs.ref/sky130_fd_sc_hd/lib/sky130_fd_sc_hd__ff_n40C_1v95.lib'…
Reading timing models for corner nom_ss_100C_1v60…
Reading timing library for the 'nom_ss_100C_1v60' corner at '/home/vanisri/.volare/volare/sky130/versions/0fe599b2afb6708d281543108caf8310912f54af/sky130A/libs.ref/sky130_fd_sc_hd/lib/sky130_fd_sc_hd__ss_100C_1v60.lib'…
Reading OpenROAD database at '/mnt/c/Users/vanis/Desktop/HW4AI_Course/HW4AI_Course/codefest/cf07/hdl/runs/RUN_2026-05-18_05-30-55/34-openroad-cts/synth_top.odb'…
Reading design constraints file at '/nix/store/ss2cw3sxbrwwx9jl0rrppbw4kgcmgi2n-python3-3.11.9-env/lib/python3.11/site-packages/openlane/scripts/base.sdc'…
[INFO] Using clock clk…
[INFO] Setting output delay to: 3
[INFO] Setting input delay to: 3
[INFO] Setting load to: 0.033442
[INFO] Setting clock uncertainty to: 0.25
[INFO] Setting clock transition to: 0.1499999999999999944488848768742172978818416595458984375
[INFO] Setting timing derate to: 5%
[INFO] Setting RC values…
[INFO RSZ-0094] Found 24 endpoints with setup violations.
[INFO RSZ-0099] Repairing 24 out of 24 (100.00%) violating endpoints...
   Iter   | Removed | Resized | Inserted | Cloned |  Pin  |    WNS   |   TNS      |  Viol  | Worst
          | Buffers |  Gates  | Buffers  |  Gates | Swaps |          |            | Endpts | Endpt
---------------------------------------------------------------------------------------------------
        0 |       0 |       0 |        0 |      0 |     0 |   -1.974 |      -22.6 |     24 | _13667_/D
       10 |       0 |       6 |        0 |      0 |     3 |   -1.367 |      -17.4 |     24 | _13667_/D
       20 |       0 |      14 |        0 |      0 |     5 |   -1.095 |      -13.1 |     24 | _13684_/D
       30 |       0 |      22 |        0 |      0 |     7 |   -0.914 |       -9.8 |     24 | _13667_/D
       40 |       0 |      28 |        0 |      0 |    11 |   -0.738 |       -6.3 |     24 | _13667_/D
       50 |       0 |      34 |        0 |      0 |    15 |   -0.684 |       -5.3 |     24 | _13667_/D
       60 |       0 |      43 |        0 |      0 |    16 |   -0.399 |       -2.7 |     24 | _13650_/D
       70 |       0 |      46 |        0 |      0 |    23 |   -0.350 |       -2.3 |     24 | _13650_/D
       80 |       0 |      52 |        0 |      0 |    27 |   -0.256 |       -1.2 |     24 | _13667_/D
       90 |       0 |      56 |        0 |      0 |    33 |   -0.176 |       -0.8 |     24 | _13667_/D
      100 |       0 |      66 |        0 |      0 |    33 |   -0.093 |       -0.2 |     24 | _13667_/D
      110 |       0 |      73 |        2 |      0 |    35 |   -0.059 |       -0.2 |     24 | _13666_/D
      120 |       0 |      78 |        4 |      0 |    39 |   -0.022 |       -0.0 |     24 | _13650_/D
      130 |       1 |      83 |        6 |      0 |    42 |    0.003 |        0.0 |     23 | _13684_/D
      130 |       1 |      83 |        6 |      0 |    42 |    0.003 |        0.0 |     22 | _13684_/D
      131 |       1 |      83 |        6 |      0 |    42 |    0.003 |        0.0 |     21 | _13684_/D
      132 |       1 |      83 |        6 |      0 |    42 |    0.003 |        0.0 |     20 | _13684_/D
      134 |       1 |      83 |        6 |      0 |    43 |    0.003 |        0.0 |     18 | _13684_/D
      135 |       1 |      83 |        6 |      0 |    43 |    0.003 |        0.0 |     17 | _13684_/D
      136 |       1 |      83 |        6 |      0 |    43 |    0.003 |        0.0 |     16 | _13684_/D
      139 |       1 |      85 |        6 |      0 |    43 |    0.028 |        0.0 |     14 | _13699_/D
      140 |       1 |      85 |        6 |      0 |    43 |    0.028 |        0.0 |     14 | _13699_/D
      140 |       1 |      85 |        6 |      0 |    43 |    0.028 |        0.0 |     13 | _13699_/D
      141 |       1 |      85 |        6 |      0 |    43 |    0.028 |        0.0 |     12 | _13699_/D
      142 |       1 |      85 |        6 |      0 |    43 |    0.028 |        0.0 |     11 | _13699_/D
      143 |       1 |      85 |        6 |      0 |    43 |    0.028 |        0.0 |     10 | _13699_/D
      144 |       1 |      85 |        6 |      0 |    43 |    0.028 |        0.0 |      9 | _13699_/D
      146 |       1 |      85 |        6 |      0 |    44 |    0.051 |        0.0 |      7 | _13684_/D
      147 |       1 |      85 |        6 |      0 |    44 |    0.051 |        0.0 |      6 | _13684_/D
      148 |       1 |      85 |        6 |      0 |    44 |    0.051 |        0.0 |      5 | _13684_/D
      149 |       1 |      85 |        6 |      0 |    44 |    0.051 |        0.0 |      4 | _13684_/D
      150 |       1 |      85 |        6 |      0 |    44 |    0.051 |        0.0 |      4 | _13684_/D
      150 |       1 |      85 |        6 |      0 |    44 |    0.051 |        0.0 |      3 | _13684_/D
      151 |       1 |      85 |        6 |      0 |    44 |    0.051 |        0.0 |      2 | _13684_/D
      152 |       1 |      85 |        6 |      0 |    44 |    0.051 |        0.0 |      1 | _13684_/D
      153 |       1 |      85 |        6 |      0 |    44 |    0.051 |        0.0 |      0 | _13684_/D
      154 |       1 |      85 |        6 |      0 |    44 |    0.051 |        0.0 |      0 | _13684_/D
      155 |       1 |      85 |        6 |      0 |    44 |    0.051 |        0.0 |      0 | _13684_/D
      156 |       1 |      85 |        6 |      0 |    44 |    0.051 |        0.0 |      0 | _13684_/D
      157 |       1 |      85 |        6 |      0 |    44 |    0.051 |        0.0 |      0 | _13684_/D
    final |       1 |      85 |        6 |      0 |    44 |    0.051 |        0.0 |      0 | _13684_/D
---------------------------------------------------------------------------------------------------
[INFO RSZ-0059] Removed 1 buffers.
[INFO RSZ-0040] Inserted 3 buffers.
[INFO RSZ-0041] Resized 85 instances.
[INFO RSZ-0043] Swapped pins on 44 instances.
[INFO RSZ-0033] No hold violations found.
Placement Analysis
---------------------------------
total displacement        226.2 u
average displacement        0.0 u
max displacement            6.4 u
original HPWL          182039.1 u
legalized HPWL         186019.1 u
delta HPWL                    2 %

[INFO DPL-0020] Mirrored 2689 instances
[INFO DPL-0021] HPWL before          186019.1 u
[INFO DPL-0022] HPWL after           182247.7 u
[INFO DPL-0023] HPWL delta               -2.0 %
[INFO] Setting RC values…
Setting global connections for newly added cells…
[INFO] Setting global connections...
Updating metrics…
Cell type report:                       Count       Area
  Fill cell                               278    1043.50
  Tap cell                               2044    2557.45
  Clock buffer                             11     252.74
  Timing Repair Buffer                    721    4387.96
  Inverter                                 87     326.56
  Clock inverter                            2      60.06
  Sequential cell                          68    1701.63
  Multi-Input combinational cell         6730   49934.14
  Total                                  9941   60264.05
Writing OpenROAD database to '/mnt/c/Users/vanis/Desktop/HW4AI_Course/HW4AI_Course/codefest/cf07/hdl/runs/RUN_2026-05-18_05-30-55/36-openroad-resizertimingpostcts/synth_top.odb'…
Writing netlist to '/mnt/c/Users/vanis/Desktop/HW4AI_Course/HW4AI_Course/codefest/cf07/hdl/runs/RUN_2026-05-18_05-30-55/36-openroad-resizertimingpostcts/synth_top.nl.v'…
Writing powered netlist to '/mnt/c/Users/vanis/Desktop/HW4AI_Course/HW4AI_Course/codefest/cf07/hdl/runs/RUN_2026-05-18_05-30-55/36-openroad-resizertimingpostcts/synth_top.pnl.v'…
Writing layout to '/mnt/c/Users/vanis/Desktop/HW4AI_Course/HW4AI_Course/codefest/cf07/hdl/runs/RUN_2026-05-18_05-30-55/36-openroad-resizertimingpostcts/synth_top.def'…
Writing timing constraints to '/mnt/c/Users/vanis/Desktop/HW4AI_Course/HW4AI_Course/codefest/cf07/hdl/runs/RUN_2026-05-18_05-30-55/36-openroad-resizertimingpostcts/synth_top.sdc'…
