
===========================================================================
 report_power
============================================================================
======================= nom_ff_n40C_1v95 Corner ===================================

Group                    Internal    Switching      Leakage        Total
                            Power        Power        Power        Power (Watts)
------------------------------------------------------------------------
Sequential           1.284501e-03 4.002249e-04 1.203234e-09 1.684727e-03   2.5%
Combinational        3.619891e-02 2.950283e-02 8.013223e-08 6.570182e-02  97.5%
Clock                0.000000e+00 0.000000e+00 0.000000e+00 0.000000e+00   0.0%
Macro                0.000000e+00 0.000000e+00 0.000000e+00 0.000000e+00   0.0%
Pad                  0.000000e+00 0.000000e+00 0.000000e+00 0.000000e+00   0.0%
------------------------------------------------------------------------
Total                3.748342e-02 2.990310e-02 8.133542e-08 6.738660e-02 100.0%
                            55.6%        44.4%         0.0%

