Clock: clk
Sources: clk 
Generated: no
Virtual: no
Propagated: no
Period: 10.000000

===========================================================================
report_clock_properties
============================================================================
Clock                   Period          Waveform
----------------------------------------------------
clk                  10.000000    0.000000  5.000000

===========================================================================
report_clock_latency
============================================================================
Clock clk
rise -> rise
    min     max
0.000000 0.000000 source latency
0.604512         network latency _13634_/CLK
        0.604512 network latency _13634_/CLK
---------------
0.604512 0.604512 latency
        0.000000 skew

fall -> fall
    min     max
0.000000 0.000000 source latency
0.335858         network latency _13634_/CLK
        0.335858 network latency _13634_/CLK
---------------
0.335858 0.335858 latency
        0.000000 skew



===========================================================================
report_clock_min_period
============================================================================
clk period_min = 0.00 fmax = inf
