
===========================================================================
 report_power
============================================================================
======================= nom_ss_100C_1v60 Corner ===================================

Group                    Internal    Switching      Leakage        Total
                            Power        Power        Power        Power (Watts)
------------------------------------------------------------------------
Sequential           8.437819e-04 2.694479e-04 1.323611e-06 1.114553e-03   2.3%
Combinational        2.668679e-02 1.966233e-02 3.951666e-05 4.638864e-02  97.7%
Clock                0.000000e+00 0.000000e+00 0.000000e+00 0.000000e+00   0.0%
Macro                0.000000e+00 0.000000e+00 0.000000e+00 0.000000e+00   0.0%
Pad                  0.000000e+00 0.000000e+00 0.000000e+00 0.000000e+00   0.0%
------------------------------------------------------------------------
Total                2.753058e-02 1.993176e-02 4.084026e-05 4.750318e-02 100.0%
                            58.0%        42.0%         0.1%

