Reading OpenROAD database at '/mnt/c/Users/vanis/Desktop/HW4AI_Course/HW4AI_Course/codefest/cf07/hdl/runs/RUN_2026-05-18_05-15-06/38-openroad-globalrouting/synth_top.odb'…
Reading library file at '/home/vanisri/.volare/volare/sky130/versions/0fe599b2afb6708d281543108caf8310912f54af/sky130A/libs.ref/sky130_fd_sc_hd/lib/sky130_fd_sc_hd__tt_025C_1v80.lib'…
Reading design constraints file at '/nix/store/ss2cw3sxbrwwx9jl0rrppbw4kgcmgi2n-python3-3.11.9-env/lib/python3.11/site-packages/openlane/scripts/base.sdc'…
[INFO] Using clock clk…
[INFO] Setting output delay to: 2
[INFO] Setting input delay to: 2
[INFO] Setting load to: 0.033442
[INFO] Setting clock uncertainty to: 0.25
[INFO] Setting clock transition to: 0.1499999999999999944488848768742172978818416595458984375
[INFO] Setting timing derate to: 5%
[INFO] Setting signal min routing layer to: met1 and clock min routing layer to met1. 
[INFO] Setting signal max routing layer to: met5 and clock max routing layer to met5. 
-congestion_iterations 50 -verbose
[INFO GRT-0020] Min routing layer: met1
[INFO GRT-0021] Max routing layer: met5
[INFO GRT-0022] Global adjustment: 30%
[INFO GRT-0023] Grid origin: (0, 0)
[INFO GRT-0043] No OR_DEFAULT vias defined.
[INFO GRT-0088] Layer li1     Track-Pitch = 0.4600  line-2-Via Pitch: 0.3400
[INFO GRT-0088] Layer met1    Track-Pitch = 0.3400  line-2-Via Pitch: 0.3400
[INFO GRT-0088] Layer met2    Track-Pitch = 0.4600  line-2-Via Pitch: 0.3500
[INFO GRT-0088] Layer met3    Track-Pitch = 0.6800  line-2-Via Pitch: 0.6150
[INFO GRT-0088] Layer met4    Track-Pitch = 0.9200  line-2-Via Pitch: 1.0400
[INFO GRT-0088] Layer met5    Track-Pitch = 3.4000  line-2-Via Pitch: 3.1100
[INFO GRT-0019] Found 10 clock nets.
[INFO GRT-0001] Minimum degree: 2
[INFO GRT-0002] Maximum degree: 11
[INFO GRT-0003] Macros: 0
[INFO GRT-0043] No OR_DEFAULT vias defined.
[INFO GRT-0004] Blockages: 2047

[INFO GRT-0053] Routing resources analysis:
          Routing      Original      Derated      Resource
Layer     Direction    Resources     Resources    Reduction (%)
---------------------------------------------------------------
li1        Vertical            0             0          0.00%
met1       Horizontal      65312         32019          50.98%
met2       Vertical        49388         32300          34.60%
met3       Horizontal      32628         22366          31.45%
met4       Vertical        19906         12448          37.47%
met5       Horizontal       6492          3025          53.40%
---------------------------------------------------------------

[INFO GRT-0101] Running extra iterations to remove overflow.
[INFO GRT-0197] Via related to pin nodes: 38471
[INFO GRT-0198] Via related Steiner nodes: 384
[INFO GRT-0199] Via filling finished.
[INFO GRT-0111] Final number of vias: 46592
[INFO GRT-0112] Final usage 3D: 168078

[INFO GRT-0096] Final congestion report:
Layer         Resource        Demand        Usage (%)    Max H / Max V / Total Overflow
---------------------------------------------------------------------------------------
li1                  0             0            0.00%             0 /  0 /  0
met1             32019         14577           45.53%             0 /  0 /  0
met2             32300         10915           33.79%             0 /  0 /  0
met3             22366          2275           10.17%             0 /  0 /  0
met4             12448           482            3.87%             0 /  0 /  0
met5              3025            53            1.75%             0 /  0 /  0
---------------------------------------------------------------------------------------
Total           102158         28302           27.70%             0 /  0 /  0

[INFO GRT-0018] Total wirelength: 296499 um
[INFO GRT-0014] Routed nets: 7892
[INFO GRT-0006] Repairing antennas, iteration 1.
[INFO GRT-0043] No OR_DEFAULT vias defined.
[INFO GRT-0012] Found 14 antenna violations.
[INFO GRT-0015] Inserted 16 diodes.
[INFO GRT-0009] rerouting 1598 nets.
[INFO GRT-0001] Minimum degree: 2
[INFO GRT-0002] Maximum degree: 12
[INFO GRT-0006] Repairing antennas, iteration 2.
[INFO GRT-0043] No OR_DEFAULT vias defined.
[INFO GRT-0012] Found 3 antenna violations.
[INFO GRT-0015] Inserted 5 diodes.
[INFO GRT-0009] rerouting 26 nets.
[INFO GRT-0001] Minimum degree: 2
[INFO GRT-0002] Maximum degree: 12
[INFO GRT-0006] Repairing antennas, iteration 3.
[INFO GRT-0043] No OR_DEFAULT vias defined.
[INFO GRT-0012] Found 0 antenna violations.
Placement Analysis
---------------------------------
total displacement          0.0 u
average displacement        0.0 u
max displacement            0.0 u
original HPWL          188200.3 u
legalized HPWL         188200.3 u
delta HPWL                    0 %

[INFO DPL-0020] Mirrored 2799 instances
[INFO DPL-0021] HPWL before          188200.3 u
[INFO DPL-0022] HPWL after           184246.7 u
[INFO DPL-0023] HPWL delta               -2.1 %
-congestion_iterations 50 -verbose
[INFO GRT-0020] Min routing layer: met1
[INFO GRT-0021] Max routing layer: met5
[INFO GRT-0022] Global adjustment: 30%
[INFO GRT-0023] Grid origin: (0, 0)
[INFO GRT-0043] No OR_DEFAULT vias defined.
[INFO GRT-0088] Layer li1     Track-Pitch = 0.4600  line-2-Via Pitch: 0.3400
[INFO GRT-0088] Layer met1    Track-Pitch = 0.3400  line-2-Via Pitch: 0.3400
[INFO GRT-0088] Layer met2    Track-Pitch = 0.4600  line-2-Via Pitch: 0.3500
[INFO GRT-0088] Layer met3    Track-Pitch = 0.6800  line-2-Via Pitch: 0.6150
[INFO GRT-0088] Layer met4    Track-Pitch = 0.9200  line-2-Via Pitch: 1.0400
[INFO GRT-0088] Layer met5    Track-Pitch = 3.4000  line-2-Via Pitch: 3.1100
[INFO GRT-0019] Found 10 clock nets.
[INFO GRT-0001] Minimum degree: 2
[INFO GRT-0002] Maximum degree: 12
[INFO GRT-0003] Macros: 0
[INFO GRT-0043] No OR_DEFAULT vias defined.
[INFO GRT-0004] Blockages: 2047

[INFO GRT-0053] Routing resources analysis:
          Routing      Original      Derated      Resource
Layer     Direction    Resources     Resources    Reduction (%)
---------------------------------------------------------------
li1        Vertical            0             0          0.00%
met1       Horizontal      65312         32019          50.98%
met2       Vertical        49388         32300          34.60%
met3       Horizontal      32628         22366          31.45%
met4       Vertical        19906         12448          37.47%
met5       Horizontal       6492          3025          53.40%
---------------------------------------------------------------

[INFO GRT-0101] Running extra iterations to remove overflow.
[INFO GRT-0197] Via related to pin nodes: 38487
[INFO GRT-0198] Via related Steiner nodes: 386
[INFO GRT-0199] Via filling finished.
[INFO GRT-0111] Final number of vias: 46608
[INFO GRT-0112] Final usage 3D: 168130

[INFO GRT-0096] Final congestion report:
Layer         Resource        Demand        Usage (%)    Max H / Max V / Total Overflow
---------------------------------------------------------------------------------------
li1                  0             0            0.00%             0 /  0 /  0
met1             32019         14564           45.49%             0 /  0 /  0
met2             32300         10898           33.74%             0 /  0 /  0
met3             22366          2292           10.25%             0 /  0 /  0
met4             12448           499            4.01%             0 /  0 /  0
met5              3025            53            1.75%             0 /  0 /  0
---------------------------------------------------------------------------------------
Total           102158         28306           27.71%             0 /  0 /  0

[INFO GRT-0018] Total wirelength: 296534 um
[INFO GRT-0014] Routed nets: 7892
[INFO] Setting RC values…
Setting global connections for newly added cells…
[INFO] Setting global connections...
Updating metrics…
Cell type report:                       Count       Area
  Fill cell                               278    1043.50
  Tap cell                               2044    2557.45
  Antenna cell                             21      52.55
  Clock buffer                             11     252.74
  Timing Repair Buffer                    836    5495.27
  Inverter                                 87     326.56
  Clock inverter                            2      60.06
  Sequential cell                          68    1701.63
  Multi-Input combinational cell         6730   50907.57
  Total                                 10077   62397.34
Writing OpenROAD database to '/mnt/c/Users/vanis/Desktop/HW4AI_Course/HW4AI_Course/codefest/cf07/hdl/runs/RUN_2026-05-18_05-15-06/41-openroad-repairantennas/1-diodeinsertion/synth_top.odb'…
Writing layout to '/mnt/c/Users/vanis/Desktop/HW4AI_Course/HW4AI_Course/codefest/cf07/hdl/runs/RUN_2026-05-18_05-15-06/41-openroad-repairantennas/1-diodeinsertion/synth_top.def'…
