Clock: clk
Sources: clk 
Generated: no
Virtual: no
Propagated: no
Period: 15.000000

===========================================================================
report_clock_properties
============================================================================
Clock                   Period          Waveform
----------------------------------------------------
clk                  15.000000    0.000000  7.500000

===========================================================================
report_clock_latency
============================================================================
Clock clk
rise -> rise
    min     max
0.000000 0.000000 source latency
0.308661         network latency _13634_/CLK
        0.308661 network latency _13634_/CLK
---------------
0.308661 0.308661 latency
        0.000000 skew

fall -> fall
    min     max
0.000000 0.000000 source latency
0.136533         network latency _13634_/CLK
        0.136533 network latency _13634_/CLK
---------------
0.136533 0.136533 latency
        0.000000 skew



===========================================================================
report_clock_min_period
============================================================================
clk period_min = 0.00 fmax = inf
