
===========================================================================
 report_power
============================================================================
======================= nom_ff_n40C_1v95 Corner ===================================

Group                    Internal    Switching      Leakage        Total
                            Power        Power        Power        Power (Watts)
------------------------------------------------------------------------
Sequential           8.563337e-04 2.668165e-04 1.203234e-09 1.123151e-03   2.5%
Combinational        2.413271e-02 1.966850e-02 8.013223e-08 4.380130e-02  97.5%
Clock                0.000000e+00 0.000000e+00 0.000000e+00 0.000000e+00   0.0%
Macro                0.000000e+00 0.000000e+00 0.000000e+00 0.000000e+00   0.0%
Pad                  0.000000e+00 0.000000e+00 0.000000e+00 0.000000e+00   0.0%
------------------------------------------------------------------------
Total                2.498905e-02 1.993536e-02 8.133542e-08 4.492449e-02 100.0%
                            55.6%        44.4%         0.0%

