
===========================================================================
report_checks -unconstrained
===========================================================================
======================= max_tt_025C_1v80 Corner ===================================

Startpoint: rst_n (input port clocked by clk)
Endpoint: _13670_ (recovery check against rising-edge clock clk)
Path Group: asynchronous
Path Type: max

Fanout         Cap        Slew       Delay        Time   Description
---------------------------------------------------------------------------------------------
                                  0.000000    0.000000   clock clk (rise edge)
                                  0.000000    0.000000   clock network delay (propagated)
                                  3.000000    3.000000 ^ input external delay
     1    0.002785    0.019667    0.010306    3.010305 ^ rst_n (in)
                                                         rst_n (net)
                      0.019668    0.000000    3.010305 ^ input1/A (sky130_fd_sc_hd__buf_2)
     2    0.050703    0.248084    0.237400    3.247705 ^ input1/X (sky130_fd_sc_hd__buf_2)
                                                         net1 (net)
                      0.248117    0.002409    3.250115 ^ fanout715/A (sky130_fd_sc_hd__buf_4)
     9    0.086181    0.239901    0.309139    3.559253 ^ fanout715/X (sky130_fd_sc_hd__buf_4)
                                                         net715 (net)
                      0.240974    0.013052    3.572306 ^ fanout714/A (sky130_fd_sc_hd__clkbuf_4)
     8    0.061059    0.187340    0.302329    3.874635 ^ fanout714/X (sky130_fd_sc_hd__clkbuf_4)
                                                         net714 (net)
                      0.187474    0.004194    3.878829 ^ fanout712/A (sky130_fd_sc_hd__clkbuf_4)
    10    0.057749    0.177941    0.279851    4.158680 ^ fanout712/X (sky130_fd_sc_hd__clkbuf_4)
                                                         net712 (net)
                      0.178694    0.009362    4.168042 ^ _13670_/RESET_B (sky130_fd_sc_hd__dfrtp_1)
                                              4.168042   data arrival time

                                 15.000000   15.000000   clock clk (rise edge)
                                  0.000000   15.000000   clock source latency
     1    0.055771    0.255794    0.183320   15.183320 ^ clk (in)
                                                         clk (net)
                      0.257181    0.000000   15.183320 ^ clkbuf_0_clk/A (sky130_fd_sc_hd__clkbuf_16)
     8    0.169013    0.181328    0.296017   15.479338 ^ clkbuf_0_clk/X (sky130_fd_sc_hd__clkbuf_16)
                                                         clknet_0_clk (net)
                      0.183120    0.014458   15.493795 ^ clkbuf_3_2__f_clk/A (sky130_fd_sc_hd__clkbuf_16)
    10    0.040785    0.061535    0.187178   15.680973 ^ clkbuf_3_2__f_clk/X (sky130_fd_sc_hd__clkbuf_16)
                                                         clknet_3_2__leaf_clk (net)
                      0.062009    0.003714   15.684688 ^ _13670_/CLK (sky130_fd_sc_hd__dfrtp_1)
                                 -0.250000   15.434689   clock uncertainty
                                  0.000000   15.434689   clock reconvergence pessimism
                                  0.201027   15.635715   library recovery time
                                             15.635715   data required time
---------------------------------------------------------------------------------------------
                                             15.635715   data required time
                                             -4.168042   data arrival time
---------------------------------------------------------------------------------------------
                                             11.467673   slack (MET)


Startpoint: x1[0] (input port clocked by clk)
Endpoint: _13684_ (rising edge-triggered flip-flop clocked by clk)
Path Group: clk
Path Type: max

Fanout         Cap        Slew       Delay        Time   Description
---------------------------------------------------------------------------------------------
                                  0.000000    0.000000   clock clk (rise edge)
                                  0.000000    0.000000   clock network delay (propagated)
                                  3.000000    3.000000 ^ input external delay
     1    0.003582    0.023133    0.013109    3.013108 ^ x1[0] (in)
                                                         x1[0] (net)
                      0.023134    0.000000    3.013108 ^ input138/A (sky130_fd_sc_hd__clkbuf_1)
     1    0.002538    0.041197    0.070786    3.083894 ^ input138/X (sky130_fd_sc_hd__clkbuf_1)
                                                         net138 (net)
                      0.041197    0.000169    3.084063 ^ fanout597/A (sky130_fd_sc_hd__buf_2)
     5    0.057376    0.279428    0.268313    3.352376 ^ fanout597/X (sky130_fd_sc_hd__buf_2)
                                                         net597 (net)
                      0.279854    0.008974    3.361350 ^ fanout592/A (sky130_fd_sc_hd__buf_2)
     7    0.058677    0.287097    0.342072    3.703422 ^ fanout592/X (sky130_fd_sc_hd__buf_2)
                                                         net592 (net)
                      0.287660    0.010513    3.713935 ^ fanout591/A (sky130_fd_sc_hd__clkbuf_2)
     5    0.042533    0.232015    0.306096    4.020030 ^ fanout591/X (sky130_fd_sc_hd__clkbuf_2)
                                                         net591 (net)
                      0.232203    0.004168    4.024199 ^ fanout588/A (sky130_fd_sc_hd__buf_2)
    10    0.046329    0.226707    0.294443    4.318642 ^ fanout588/X (sky130_fd_sc_hd__buf_2)
                                                         net588 (net)
                      0.226845    0.004619    4.323260 ^ _10922_/A (sky130_fd_sc_hd__and3_1)
     4    0.011592    0.126957    0.250741    4.574001 ^ _10922_/X (sky130_fd_sc_hd__and3_1)
                                                         _03570_ (net)
                      0.126957    0.000484    4.574484 ^ _10925_/A_N (sky130_fd_sc_hd__and4b_1)
     3    0.009443    0.067724    0.238699    4.813183 v _10925_/X (sky130_fd_sc_hd__and4b_1)
                                                         _03573_ (net)
                      0.067724    0.000305    4.813488 v _11082_/B1_N (sky130_fd_sc_hd__o21ba_2)
     5    0.029592    0.177661    0.339480    5.152967 ^ _11082_/X (sky130_fd_sc_hd__o21ba_2)
                                                         _03745_ (net)
                      0.177680    0.001936    5.154903 ^ fanout249/A (sky130_fd_sc_hd__clkbuf_4)
    10    0.050409    0.158116    0.263366    5.418269 ^ fanout249/X (sky130_fd_sc_hd__clkbuf_4)
                                                         net249 (net)
                      0.158139    0.001596    5.419865 ^ _11083_/B (sky130_fd_sc_hd__xor2_1)
     2    0.008183    0.206072    0.229250    5.649115 ^ _11083_/X (sky130_fd_sc_hd__xor2_1)
                                                         _03746_ (net)
                      0.206072    0.000552    5.649667 ^ _11085_/B (sky130_fd_sc_hd__xor2_1)
     2    0.010539    0.248892    0.266769    5.916436 ^ _11085_/X (sky130_fd_sc_hd__xor2_1)
                                                         _03748_ (net)
                      0.248896    0.000763    5.917199 ^ _11087_/B (sky130_fd_sc_hd__xor2_1)
     2    0.008381    0.209652    0.243231    6.160429 ^ _11087_/X (sky130_fd_sc_hd__xor2_1)
                                                         _03750_ (net)
                      0.209652    0.000574    6.161004 ^ _11088_/B (sky130_fd_sc_hd__xor2_1)
     3    0.012534    0.285335    0.294020    6.455023 ^ _11088_/X (sky130_fd_sc_hd__xor2_1)
                                                         _03752_ (net)
                      0.285338    0.000777    6.455801 ^ _11092_/A (sky130_fd_sc_hd__xor2_1)
     1    0.005020    0.150076    0.202960    6.658761 ^ _11092_/X (sky130_fd_sc_hd__xor2_1)
                                                         _03756_ (net)
                      0.150077    0.000238    6.658998 ^ _11093_/B (sky130_fd_sc_hd__xnor2_1)
     2    0.008108    0.218441    0.173064    6.832063 ^ _11093_/Y (sky130_fd_sc_hd__xnor2_1)
                                                         _03757_ (net)
                      0.218443    0.000551    6.832613 ^ _11095_/B (sky130_fd_sc_hd__xnor2_1)
     2    0.008362    0.223460    0.187175    7.019788 ^ _11095_/Y (sky130_fd_sc_hd__xnor2_1)
                                                         _03759_ (net)
                      0.223465    0.000787    7.020576 ^ _11097_/B (sky130_fd_sc_hd__xnor2_1)
     2    0.008534    0.088572    0.133918    7.154493 v _11097_/Y (sky130_fd_sc_hd__xnor2_1)
                                                         _03761_ (net)
                      0.088572    0.000299    7.154792 v _11321_/A1 (sky130_fd_sc_hd__a21bo_1)
     2    0.009054    0.061418    0.208510    7.363303 v _11321_/X (sky130_fd_sc_hd__a21bo_1)
                                                         _04007_ (net)
                      0.061426    0.000734    7.364037 v _11323_/B (sky130_fd_sc_hd__xnor2_1)
     2    0.008550    0.095392    0.156143    7.520179 v _11323_/Y (sky130_fd_sc_hd__xnor2_1)
                                                         _04009_ (net)
                      0.095393    0.000523    7.520702 v _11458_/A2 (sky130_fd_sc_hd__a21boi_1)
     2    0.009311    0.222491    0.244386    7.765089 ^ _11458_/Y (sky130_fd_sc_hd__a21boi_1)
                                                         _04157_ (net)
                      0.222494    0.000576    7.765665 ^ _11460_/B (sky130_fd_sc_hd__xor2_1)
     2    0.008039    0.203500    0.235391    8.001056 ^ _11460_/X (sky130_fd_sc_hd__xor2_1)
                                                         _04159_ (net)
                      0.203500    0.000481    8.001537 ^ _11461_/B (sky130_fd_sc_hd__xor2_1)
     2    0.013111    0.295987    0.300989    8.302526 ^ _11461_/X (sky130_fd_sc_hd__xor2_1)
                                                         _04160_ (net)
                      0.295991    0.000973    8.303499 ^ _11462_/C (sky130_fd_sc_hd__or3_2)
     3    0.018540    0.100998    0.230213    8.533712 ^ _11462_/X (sky130_fd_sc_hd__or3_2)
                                                         _04161_ (net)
                      0.101032    0.001772    8.535484 ^ _11589_/C_N (sky130_fd_sc_hd__nor3b_1)
     2    0.009748    0.348071    0.334395    8.869880 ^ _11589_/Y (sky130_fd_sc_hd__nor3b_1)
                                                         _04299_ (net)
                      0.348073    0.000727    8.870606 ^ _11591_/D_N (sky130_fd_sc_hd__or4bb_4)
     2    0.011812    0.098321    0.525082    9.395689 v _11591_/X (sky130_fd_sc_hd__or4bb_4)
                                                         _04301_ (net)
                      0.098321    0.000582    9.396271 v _11593_/A1 (sky130_fd_sc_hd__a31oi_4)
     4    0.038820    0.335105    0.308765    9.705036 ^ _11593_/Y (sky130_fd_sc_hd__a31oi_4)
                                                         _04303_ (net)
                      0.335309    0.006491    9.711527 ^ _11813_/A3 (sky130_fd_sc_hd__o311a_4)
     3    0.016251    0.072459    0.236595    9.948122 ^ _11813_/X (sky130_fd_sc_hd__o311a_4)
                                                         _04543_ (net)
                      0.072478    0.001090    9.949211 ^ _11886_/A2 (sky130_fd_sc_hd__o31a_1)
     1    0.009503    0.110289    0.177844   10.127055 ^ _11886_/X (sky130_fd_sc_hd__o31a_1)
                                                         _04621_ (net)
                      0.110289    0.000514   10.127569 ^ _11922_/A (sky130_fd_sc_hd__xnor2_1)
     1    0.002675    0.113346    0.122133   10.249702 ^ _11922_/Y (sky130_fd_sc_hd__xnor2_1)
                                                         _00019_ (net)
                      0.113346    0.000178   10.249881 ^ _13684_/D (sky130_fd_sc_hd__dfrtp_1)
                                             10.249881   data arrival time

                                 15.000000   15.000000   clock clk (rise edge)
                                  0.000000   15.000000   clock source latency
     1    0.055771    0.255794    0.183320   15.183320 ^ clk (in)
                                                         clk (net)
                      0.257181    0.000000   15.183320 ^ clkbuf_0_clk/A (sky130_fd_sc_hd__clkbuf_16)
     8    0.169013    0.181328    0.296017   15.479338 ^ clkbuf_0_clk/X (sky130_fd_sc_hd__clkbuf_16)
                                                         clknet_0_clk (net)
                      0.183075    0.014280   15.493617 ^ clkbuf_3_0__f_clk/A (sky130_fd_sc_hd__clkbuf_16)
     9    0.064631    0.084193    0.203128   15.696746 ^ clkbuf_3_0__f_clk/X (sky130_fd_sc_hd__clkbuf_16)
                                                         clknet_3_0__leaf_clk (net)
                      0.086058    0.009843   15.706589 ^ _13684_/CLK (sky130_fd_sc_hd__dfrtp_1)
                                 -0.250000   15.456590   clock uncertainty
                                  0.000000   15.456590   clock reconvergence pessimism
                                 -0.069290   15.387299   library setup time
                                             15.387299   data required time
---------------------------------------------------------------------------------------------
                                             15.387299   data required time
                                            -10.249881   data arrival time
---------------------------------------------------------------------------------------------
                                              5.137419   slack (MET)




===========================================================================
report_checks --slack_max -0.01
============================================================================
======================= max_tt_025C_1v80 Corner ===================================

No paths found.


===========================================================================
 report_check_types -max_slew -max_cap -max_fanout -violators
============================================================================
======================= max_tt_025C_1v80 Corner ===================================

max fanout

Pin                                   Limit Fanout  Slack
---------------------------------------------------------
fanout261/X                              10     11        (VIOLATED)
fanout333/X                              10     11        (VIOLATED)
fanout448/X                              10     11        (VIOLATED)
fanout552/X                              10     11        (VIOLATED)



===========================================================================
report_parasitic_annotation -report_unannotated
============================================================================
Found 4 unannotated drivers.
 clkload0/X
 clkload1/Y
 clkload2/Y
 clkload3/X
Found 0 partially unannotated drivers.

===========================================================================
max slew violation count 0
max fanout violation count 4
max cap violation count 0
============================================================================

===========================================================================
check_setup -verbose -unconstrained_endpoints -multiple_clock -no_clock -no_input_delay -loops -generated_clocks
===========================================================================
