Clock: clk
Sources: clk 
Generated: no
Virtual: yes
Propagated: no
Period: 15.000000

===========================================================================
report_clock_properties
============================================================================
Clock                   Period          Waveform
----------------------------------------------------
clk                  15.000000    0.000000  7.500000

===========================================================================
report_clock_latency
============================================================================
Clock clk
rise -> rise
    min     max
0.000000 0.000000 source latency
0.678446         network latency _13692_/CLK
        0.710028 network latency _13667_/CLK
---------------
0.678446 0.710028 latency
        0.031582 skew

fall -> fall
    min     max
0.000000 0.000000 source latency
0.546724         network latency _13692_/CLK
        0.569801 network latency _13667_/CLK
---------------
0.546724 0.569801 latency
        0.023077 skew



===========================================================================
report_clock_min_period
============================================================================
clk period_min = 0.00 fmax = inf
