
===========================================================================
 report_power
============================================================================
======================= max_tt_025C_1v80 Corner ===================================

Group                    Internal    Switching      Leakage        Total
                            Power        Power        Power        Power (Watts)
------------------------------------------------------------------------
Sequential           7.250087e-04 3.211288e-05 7.769226e-10 7.571224e-04   2.3%
Combinational        1.431627e-02 1.796986e-02 2.592507e-08 3.228616e-02  96.9%
Clock                1.517133e-04 1.240932e-04 1.357087e-08 2.758201e-04   0.8%
Macro                0.000000e+00 0.000000e+00 0.000000e+00 0.000000e+00   0.0%
Pad                  0.000000e+00 0.000000e+00 0.000000e+00 0.000000e+00   0.0%
------------------------------------------------------------------------
Total                1.519300e-02 1.812606e-02 4.027224e-08 3.331910e-02 100.0%
                            45.6%        54.4%         0.0%

