
===========================================================================
report_checks -unconstrained
===========================================================================
======================= min_tt_025C_1v80 Corner ===================================

Startpoint: rst_n (input port clocked by clk)
Endpoint: _13670_ (recovery check against rising-edge clock clk)
Path Group: asynchronous
Path Type: max

Fanout         Cap        Slew       Delay        Time   Description
---------------------------------------------------------------------------------------------
                                  0.000000    0.000000   clock clk (rise edge)
                                  0.000000    0.000000   clock network delay (propagated)
                                  3.000000    3.000000 ^ input external delay
     1    0.002640    0.019049    0.009744    3.009744 ^ rst_n (in)
                                                         rst_n (net)
                      0.019049    0.000000    3.009744 ^ input1/A (sky130_fd_sc_hd__buf_2)
     2    0.041112    0.201561    0.208744    3.218487 ^ input1/X (sky130_fd_sc_hd__buf_2)
                                                         net1 (net)
                      0.201562    0.000396    3.218884 ^ fanout715/A (sky130_fd_sc_hd__buf_4)
     9    0.076788    0.214009    0.284427    3.503311 ^ fanout715/X (sky130_fd_sc_hd__buf_4)
                                                         net715 (net)
                      0.214166    0.003519    3.506829 ^ fanout714/A (sky130_fd_sc_hd__clkbuf_4)
     8    0.055518    0.170855    0.286437    3.793267 ^ fanout714/X (sky130_fd_sc_hd__clkbuf_4)
                                                         net714 (net)
                      0.170862    0.000921    3.794187 ^ fanout712/A (sky130_fd_sc_hd__clkbuf_4)
    10    0.054657    0.168360    0.271204    4.065391 ^ fanout712/X (sky130_fd_sc_hd__clkbuf_4)
                                                         net712 (net)
                      0.168528    0.003269    4.068660 ^ _13670_/RESET_B (sky130_fd_sc_hd__dfrtp_1)
                                              4.068660   data arrival time

                                 15.000000   15.000000   clock clk (rise edge)
                                  0.000000   15.000000   clock source latency
     1    0.046681    0.214570    0.152157   15.152157 ^ clk (in)
                                                         clk (net)
                      0.215027    0.000000   15.152157 ^ clkbuf_0_clk/A (sky130_fd_sc_hd__clkbuf_16)
     8    0.151713    0.163939    0.277307   15.429464 ^ clkbuf_0_clk/X (sky130_fd_sc_hd__clkbuf_16)
                                                         clknet_0_clk (net)
                      0.164263    0.005095   15.434559 ^ clkbuf_3_2__f_clk/A (sky130_fd_sc_hd__clkbuf_16)
    10    0.037474    0.058340    0.180398   15.614957 ^ clkbuf_3_2__f_clk/X (sky130_fd_sc_hd__clkbuf_16)
                                                         clknet_3_2__leaf_clk (net)
                      0.058449    0.001512   15.616468 ^ _13670_/CLK (sky130_fd_sc_hd__dfrtp_1)
                                 -0.250000   15.366469   clock uncertainty
                                  0.000000   15.366469   clock reconvergence pessimism
                                  0.202542   15.569012   library recovery time
                                             15.569012   data required time
---------------------------------------------------------------------------------------------
                                             15.569012   data required time
                                             -4.068660   data arrival time
---------------------------------------------------------------------------------------------
                                             11.500351   slack (MET)


Startpoint: x1[0] (input port clocked by clk)
Endpoint: _13684_ (rising edge-triggered flip-flop clocked by clk)
Path Group: clk
Path Type: max

Fanout         Cap        Slew       Delay        Time   Description
---------------------------------------------------------------------------------------------
                                  0.000000    0.000000   clock clk (rise edge)
                                  0.000000    0.000000   clock network delay (propagated)
                                  3.000000    3.000000 ^ input external delay
     1    0.003421    0.022420    0.012481    3.012481 ^ x1[0] (in)
                                                         x1[0] (net)
                      0.022420    0.000000    3.012481 ^ input138/A (sky130_fd_sc_hd__clkbuf_1)
     1    0.002390    0.039623    0.069366    3.081847 ^ input138/X (sky130_fd_sc_hd__clkbuf_1)
                                                         net138 (net)
                      0.039623    0.000024    3.081872 ^ fanout597/A (sky130_fd_sc_hd__buf_2)
     5    0.048298    0.236214    0.240938    3.322810 ^ fanout597/X (sky130_fd_sc_hd__buf_2)
                                                         net597 (net)
                      0.236292    0.003545    3.326355 ^ fanout592/A (sky130_fd_sc_hd__buf_2)
     7    0.050774    0.247620    0.309268    3.635623 ^ fanout592/X (sky130_fd_sc_hd__buf_2)
                                                         net592 (net)
                      0.247715    0.004038    3.639661 ^ fanout591/A (sky130_fd_sc_hd__clkbuf_2)
     5    0.036526    0.201022    0.276213    3.915874 ^ fanout591/X (sky130_fd_sc_hd__clkbuf_2)
                                                         net591 (net)
                      0.201024    0.001040    3.916914 ^ fanout588/A (sky130_fd_sc_hd__buf_2)
    10    0.041452    0.204102    0.271261    4.188175 ^ fanout588/X (sky130_fd_sc_hd__buf_2)
                                                         net588 (net)
                      0.204112    0.001649    4.189824 ^ _10922_/A (sky130_fd_sc_hd__and3_1)
     4    0.010933    0.120669    0.240485    4.430309 ^ _10922_/X (sky130_fd_sc_hd__and3_1)
                                                         _03570_ (net)
                      0.120669    0.000050    4.430358 ^ _10925_/A_N (sky130_fd_sc_hd__and4b_1)
     3    0.008732    0.064811    0.234635    4.664993 v _10925_/X (sky130_fd_sc_hd__and4b_1)
                                                         _03573_ (net)
                      0.064811    0.000062    4.665055 v _11082_/B1_N (sky130_fd_sc_hd__o21ba_2)
     5    0.027984    0.169185    0.333100    4.998155 ^ _11082_/X (sky130_fd_sc_hd__o21ba_2)
                                                         _03745_ (net)
                      0.169185    0.000396    4.998551 ^ fanout249/A (sky130_fd_sc_hd__clkbuf_4)
    10    0.046616    0.147480    0.254203    5.252754 ^ fanout249/X (sky130_fd_sc_hd__clkbuf_4)
                                                         net249 (net)
                      0.147480    0.000310    5.253064 ^ _11083_/B (sky130_fd_sc_hd__xor2_1)
     2    0.007809    0.199339    0.223094    5.476158 ^ _11083_/X (sky130_fd_sc_hd__xor2_1)
                                                         _03746_ (net)
                      0.199339    0.000079    5.476236 ^ _11085_/B (sky130_fd_sc_hd__xor2_1)
     2    0.009879    0.236755    0.257366    5.733602 ^ _11085_/X (sky130_fd_sc_hd__xor2_1)
                                                         _03748_ (net)
                      0.236755    0.000155    5.733757 ^ _11087_/B (sky130_fd_sc_hd__xor2_1)
     2    0.008095    0.211992    0.238113    5.971870 ^ _11087_/X (sky130_fd_sc_hd__xor2_1)
                                                         _03750_ (net)
                      0.211992    0.000064    5.971934 ^ _11088_/B (sky130_fd_sc_hd__xor2_1)
     3    0.011858    0.272891    0.285549    6.257483 ^ _11088_/X (sky130_fd_sc_hd__xor2_1)
                                                         _03752_ (net)
                      0.272891    0.000153    6.257637 ^ _11092_/A (sky130_fd_sc_hd__xor2_1)
     1    0.004956    0.153826    0.200531    6.458167 ^ _11092_/X (sky130_fd_sc_hd__xor2_1)
                                                         _03756_ (net)
                      0.153826    0.000024    6.458191 ^ _11093_/B (sky130_fd_sc_hd__xnor2_1)
     2    0.007925    0.222411    0.172615    6.630806 ^ _11093_/Y (sky130_fd_sc_hd__xnor2_1)
                                                         _03757_ (net)
                      0.222411    0.000068    6.630874 ^ _11095_/B (sky130_fd_sc_hd__xnor2_1)
     2    0.007910    0.214369    0.184763    6.815638 ^ _11095_/Y (sky130_fd_sc_hd__xnor2_1)
                                                         _03759_ (net)
                      0.214369    0.000133    6.815770 ^ _11097_/B (sky130_fd_sc_hd__xnor2_1)
     2    0.008230    0.087738    0.129993    6.945763 v _11097_/Y (sky130_fd_sc_hd__xnor2_1)
                                                         _03761_ (net)
                      0.087738    0.000036    6.945799 v _11321_/A1 (sky130_fd_sc_hd__a21bo_1)
     2    0.008613    0.060204    0.206483    7.152283 v _11321_/X (sky130_fd_sc_hd__a21bo_1)
                                                         _04007_ (net)
                      0.060204    0.000111    7.152394 v _11323_/B (sky130_fd_sc_hd__xnor2_1)
     2    0.008196    0.092069    0.153963    7.306357 v _11323_/Y (sky130_fd_sc_hd__xnor2_1)
                                                         _04009_ (net)
                      0.092069    0.000065    7.306422 v _11458_/A2 (sky130_fd_sc_hd__a21boi_1)
     2    0.008877    0.214403    0.237367    7.543790 ^ _11458_/Y (sky130_fd_sc_hd__a21boi_1)
                                                         _04157_ (net)
                      0.214403    0.000095    7.543885 ^ _11460_/B (sky130_fd_sc_hd__xor2_1)
     2    0.007841    0.199934    0.231881    7.775766 ^ _11460_/X (sky130_fd_sc_hd__xor2_1)
                                                         _04159_ (net)
                      0.199934    0.000075    7.775841 ^ _11461_/B (sky130_fd_sc_hd__xor2_1)
     2    0.011646    0.269059    0.281146    8.056987 ^ _11461_/X (sky130_fd_sc_hd__xor2_1)
                                                         _04160_ (net)
                      0.269059    0.000286    8.057272 ^ _11462_/C (sky130_fd_sc_hd__or3_2)
     3    0.017386    0.095518    0.220928    8.278200 ^ _11462_/X (sky130_fd_sc_hd__or3_2)
                                                         _04161_ (net)
                      0.095519    0.000504    8.278705 ^ _11589_/C_N (sky130_fd_sc_hd__nor3b_1)
     2    0.008743    0.319247    0.311578    8.590283 ^ _11589_/Y (sky130_fd_sc_hd__nor3b_1)
                                                         _04299_ (net)
                      0.319247    0.000179    8.590462 ^ _11591_/D_N (sky130_fd_sc_hd__or4bb_4)
     2    0.011457    0.097662    0.521434    9.111896 v _11591_/X (sky130_fd_sc_hd__or4bb_4)
                                                         _04301_ (net)
                      0.097662    0.000125    9.112020 v _11593_/A1 (sky130_fd_sc_hd__a31oi_4)
     4    0.034502    0.307301    0.289457    9.401478 ^ _11593_/Y (sky130_fd_sc_hd__a31oi_4)
                                                         _04303_ (net)
                      0.307337    0.002596    9.404075 ^ _11813_/A3 (sky130_fd_sc_hd__o311a_4)
     3    0.014889    0.069440    0.229718    9.633793 ^ _11813_/X (sky130_fd_sc_hd__o311a_4)
                                                         _04543_ (net)
                      0.069440    0.000241    9.634033 ^ _11886_/A2 (sky130_fd_sc_hd__o31a_1)
     1    0.008727    0.102715    0.171707    9.805740 ^ _11886_/X (sky130_fd_sc_hd__o31a_1)
                                                         _04621_ (net)
                      0.102715    0.000173    9.805914 ^ _11922_/A (sky130_fd_sc_hd__xnor2_1)
     1    0.002558    0.113410    0.119232    9.925145 ^ _11922_/Y (sky130_fd_sc_hd__xnor2_1)
                                                         _00019_ (net)
                      0.113410    0.000023    9.925169 ^ _13684_/D (sky130_fd_sc_hd__dfrtp_1)
                                              9.925169   data arrival time

                                 15.000000   15.000000   clock clk (rise edge)
                                  0.000000   15.000000   clock source latency
     1    0.046681    0.214570    0.152157   15.152157 ^ clk (in)
                                                         clk (net)
                      0.215027    0.000000   15.152157 ^ clkbuf_0_clk/A (sky130_fd_sc_hd__clkbuf_16)
     8    0.151713    0.163939    0.277307   15.429464 ^ clkbuf_0_clk/X (sky130_fd_sc_hd__clkbuf_16)
                                                         clknet_0_clk (net)
                      0.164228    0.004722   15.434186 ^ clkbuf_3_0__f_clk/A (sky130_fd_sc_hd__clkbuf_16)
     9    0.057070    0.076225    0.194644   15.628830 ^ clkbuf_3_0__f_clk/X (sky130_fd_sc_hd__clkbuf_16)
                                                         clknet_3_0__leaf_clk (net)
                      0.076534    0.003441   15.632271 ^ _13684_/CLK (sky130_fd_sc_hd__dfrtp_1)
                                 -0.250000   15.382272   clock uncertainty
                                  0.000000   15.382272   clock reconvergence pessimism
                                 -0.070771   15.311500   library setup time
                                             15.311500   data required time
---------------------------------------------------------------------------------------------
                                             15.311500   data required time
                                             -9.925169   data arrival time
---------------------------------------------------------------------------------------------
                                              5.386332   slack (MET)




===========================================================================
report_checks --slack_max -0.01
============================================================================
======================= min_tt_025C_1v80 Corner ===================================

No paths found.


===========================================================================
 report_check_types -max_slew -max_cap -max_fanout -violators
============================================================================
======================= min_tt_025C_1v80 Corner ===================================

max fanout

Pin                                   Limit Fanout  Slack
---------------------------------------------------------
fanout261/X                              10     11        (VIOLATED)
fanout333/X                              10     11        (VIOLATED)
fanout448/X                              10     11        (VIOLATED)
fanout552/X                              10     11        (VIOLATED)



===========================================================================
report_parasitic_annotation -report_unannotated
============================================================================
Found 4 unannotated drivers.
 clkload0/X
 clkload1/Y
 clkload2/Y
 clkload3/X
Found 0 partially unannotated drivers.

===========================================================================
max slew violation count 0
max fanout violation count 4
max cap violation count 0
============================================================================

===========================================================================
check_setup -verbose -unconstrained_endpoints -multiple_clock -no_clock -no_input_delay -loops -generated_clocks
===========================================================================
