Clock: clk
Sources: clk 
Generated: no
Virtual: yes
Propagated: no
Period: 15.000000

===========================================================================
report_clock_properties
============================================================================
Clock                   Period          Waveform
----------------------------------------------------
clk                  15.000000    0.000000  7.500000

===========================================================================
report_clock_latency
============================================================================
Clock clk
rise -> rise
    min     max
0.000000 0.000000 source latency
0.609505         network latency _13646_/CLK
        0.635579 network latency _13667_/CLK
---------------
0.609505 0.635579 latency
        0.026075 skew

fall -> fall
    min     max
0.000000 0.000000 source latency
0.499239         network latency _13646_/CLK
        0.518307 network latency _13667_/CLK
---------------
0.499239 0.518307 latency
        0.019068 skew



===========================================================================
report_clock_min_period
============================================================================
clk period_min = 0.00 fmax = inf
