
===========================================================================
 report_power
============================================================================
======================= min_tt_025C_1v80 Corner ===================================

Group                    Internal    Switching      Leakage        Total
                            Power        Power        Power        Power (Watts)
------------------------------------------------------------------------
Sequential           7.246734e-04 2.864011e-05 7.769226e-10 7.533142e-04   2.3%
Combinational        1.431461e-02 1.694309e-02 2.592507e-08 3.125773e-02  96.9%
Clock                1.516684e-04 1.108415e-04 1.357087e-08 2.625234e-04   0.8%
Macro                0.000000e+00 0.000000e+00 0.000000e+00 0.000000e+00   0.0%
Pad                  0.000000e+00 0.000000e+00 0.000000e+00 0.000000e+00   0.0%
------------------------------------------------------------------------
Total                1.519095e-02 1.708257e-02 4.027224e-08 3.227357e-02 100.0%
                            47.1%        52.9%         0.0%

