Clock: clk
Sources: clk 
Generated: no
Virtual: yes
Propagated: no
Period: 15.000000

===========================================================================
report_clock_properties
============================================================================
Clock                   Period          Waveform
----------------------------------------------------
clk                  15.000000    0.000000  7.500000

===========================================================================
report_clock_latency
============================================================================
Clock clk
rise -> rise
    min     max
0.000000 0.000000 source latency
0.520335         network latency _13646_/CLK
        0.532640 network latency _13667_/CLK
---------------
0.520335 0.532640 latency
        0.012305 skew

fall -> fall
    min     max
0.000000 0.000000 source latency
0.442385         network latency _13646_/CLK
        0.451346 network latency _13667_/CLK
---------------
0.442385 0.451346 latency
        0.008961 skew



===========================================================================
report_clock_min_period
============================================================================
clk period_min = 0.00 fmax = inf
