[INFO PSM-0040] All shapes on net VPWR are connected.
########## IR report #################
Net              : VPWR
Corner           : nom_tt_025C_1v80
Supply voltage   : 1.80e+00 V
Worstcase voltage: 1.79e+00 V
Average voltage  : 1.80e+00 V
Average IR drop  : 5.16e-04 V
Worstcase IR drop: 6.45e-03 V
Percentage drop  : 0.36 %
######################################
[INFO PSM-0040] All shapes on net VGND are connected.
########## IR report #################
Net              : VGND
Corner           : nom_tt_025C_1v80
Supply voltage   : 0.00e+00 V
Worstcase voltage: 7.57e-03 V
Average voltage  : 5.10e-04 V
Average IR drop  : 5.10e-04 V
Worstcase IR drop: 7.57e-03 V
Percentage drop  : 0.42 %
######################################
