                                                                     Buffers by Cell Master                                                                     
┏━━━━━━━━━━━━━━━━━━━━━━━━━━━━━━━━━━━━━━━━━━━━━━━━━━━━━━━━━━━━━━━━━━━━━━━━━━━━━━━━━━━━━━━━━━━━━━━━━━━━━━━━━━━━━━━━━━━━━━━━━━━━━━━━━━┳━━━━━━━━━━━━━━━━━━━━━━━━━━━┓
┃ Buffer                                                                                                                           ┃ Count                     ┃
┡━━━━━━━━━━━━━━━━━━━━━━━━━━━━━━━━━━━━━━━━━━━━━━━━━━━━━━━━━━━━━━━━━━━━━━━━━━━━━━━━━━━━━━━━━━━━━━━━━━━━━━━━━━━━━━━━━━━━━━━━━━━━━━━━━━╇━━━━━━━━━━━━━━━━━━━━━━━━━━━┩
│ sky130_fd_sc_hd__buf_1                                                                                                           │ 81                        │
│ sky130_fd_sc_hd__buf_12                                                                                                          │ 1                         │
│ sky130_fd_sc_hd__buf_2                                                                                                           │ 237                       │
│ sky130_fd_sc_hd__buf_4                                                                                                           │ 32                        │
│ sky130_fd_sc_hd__buf_6                                                                                                           │ 2                         │
│ sky130_fd_sc_hd__buf_8                                                                                                           │ 3                         │
│ sky130_fd_sc_hd__clkbuf_1                                                                                                        │ 27                        │
│ sky130_fd_sc_hd__clkbuf_16                                                                                                       │ 9                         │
│ sky130_fd_sc_hd__clkbuf_2                                                                                                        │ 121                       │
│ sky130_fd_sc_hd__clkbuf_4                                                                                                        │ 171                       │
│ sky130_fd_sc_hd__clkbuf_8                                                                                                        │ 5                         │
│ sky130_fd_sc_hd__dlymetal6s2s_1                                                                                                  │ 43                        │
└──────────────────────────────────────────────────────────────────────────────────────────────────────────────────────────────────┴───────────────────────────┘
