                                                                       Cells by Function                                                                        
┏━━━━━━━━━━━━━━━━━━━━━━━━━━━━━━━━━━━━━━━━━━━━━━━━━━━━━━━━━━━━━━━━━━━━━━━━━━━━━━━━━━━━━━━━━━━━━━━━━━━━━━━━━━━━━━━━━━━━━━━━━━━━━━━━━┳━━━━━━━━━━━━━━━━━━━━━━━━━━━━┓
┃ Cell Function                                                                                                                   ┃ Count                      ┃
┡━━━━━━━━━━━━━━━━━━━━━━━━━━━━━━━━━━━━━━━━━━━━━━━━━━━━━━━━━━━━━━━━━━━━━━━━━━━━━━━━━━━━━━━━━━━━━━━━━━━━━━━━━━━━━━━━━━━━━━━━━━━━━━━━━╇━━━━━━━━━━━━━━━━━━━━━━━━━━━━┩
│ sky130_ef_sc_hd__decap                                                                                                          │ 3481                       │
│ sky130_fd_sc_hd__a211o                                                                                                          │ 44                         │
│ sky130_fd_sc_hd__a211oi                                                                                                         │ 33                         │
│ sky130_fd_sc_hd__a21bo                                                                                                          │ 104                        │
│ sky130_fd_sc_hd__a21boi                                                                                                         │ 27                         │
│ sky130_fd_sc_hd__a21o                                                                                                           │ 330                        │
│ sky130_fd_sc_hd__a21oi                                                                                                          │ 360                        │
│ sky130_fd_sc_hd__a22o                                                                                                           │ 177                        │
│ sky130_fd_sc_hd__a22oi                                                                                                          │ 100                        │
│ sky130_fd_sc_hd__a2bb2o                                                                                                         │ 14                         │
│ sky130_fd_sc_hd__a311o                                                                                                          │ 3                          │
│ sky130_fd_sc_hd__a311oi                                                                                                         │ 1                          │
│ sky130_fd_sc_hd__a31o                                                                                                           │ 103                        │
│ sky130_fd_sc_hd__a31oi                                                                                                          │ 16                         │
│ sky130_fd_sc_hd__a32o                                                                                                           │ 24                         │
│ sky130_fd_sc_hd__a41o                                                                                                           │ 4                          │
│ sky130_fd_sc_hd__and2                                                                                                           │ 245                        │
│ sky130_fd_sc_hd__and2b                                                                                                          │ 380                        │
│ sky130_fd_sc_hd__and3                                                                                                           │ 226                        │
│ sky130_fd_sc_hd__and3b                                                                                                          │ 19                         │
│ sky130_fd_sc_hd__and4                                                                                                           │ 199                        │
│ sky130_fd_sc_hd__and4b                                                                                                          │ 32                         │
│ sky130_fd_sc_hd__and4bb                                                                                                         │ 23                         │
│ sky130_fd_sc_hd__buf                                                                                                            │ 356                        │
│ sky130_fd_sc_hd__bufinv                                                                                                         │ 2                          │
│ sky130_fd_sc_hd__clkbuf                                                                                                         │ 333                        │
│ sky130_fd_sc_hd__decap                                                                                                          │ 4141                       │
│ sky130_fd_sc_hd__dfrtp                                                                                                          │ 68                         │
│ sky130_fd_sc_hd__diode                                                                                                          │ 27                         │
│ sky130_fd_sc_hd__dlymetal6s2s                                                                                                   │ 43                         │
│ sky130_fd_sc_hd__fill                                                                                                           │ 3223                       │
│ sky130_fd_sc_hd__inv                                                                                                            │ 87                         │
│ sky130_fd_sc_hd__mux2                                                                                                           │ 15                         │
│ sky130_fd_sc_hd__nand2                                                                                                          │ 557                        │
│ sky130_fd_sc_hd__nand2b                                                                                                         │ 207                        │
│ sky130_fd_sc_hd__nand3                                                                                                          │ 162                        │
│ sky130_fd_sc_hd__nand3b                                                                                                         │ 8                          │
│ sky130_fd_sc_hd__nand4                                                                                                          │ 48                         │
│ sky130_fd_sc_hd__nand4b                                                                                                         │ 3                          │
│ sky130_fd_sc_hd__nor2                                                                                                           │ 537                        │
│ sky130_fd_sc_hd__nor3                                                                                                           │ 64                         │
│ sky130_fd_sc_hd__nor3b                                                                                                          │ 10                         │
│ sky130_fd_sc_hd__nor4                                                                                                           │ 12                         │
│ sky130_fd_sc_hd__nor4b                                                                                                          │ 2                          │
│ sky130_fd_sc_hd__o211a                                                                                                          │ 35                         │
│ sky130_fd_sc_hd__o211ai                                                                                                         │ 52                         │
│ sky130_fd_sc_hd__o21a                                                                                                           │ 153                        │
│ sky130_fd_sc_hd__o21ai                                                                                                          │ 155                        │
│ sky130_fd_sc_hd__o21ba                                                                                                          │ 75                         │
│ sky130_fd_sc_hd__o21bai                                                                                                         │ 55                         │
│ sky130_fd_sc_hd__o22a                                                                                                           │ 14                         │
│ sky130_fd_sc_hd__o22ai                                                                                                          │ 4                          │
│ sky130_fd_sc_hd__o2bb2a                                                                                                         │ 51                         │
│ sky130_fd_sc_hd__o2bb2ai                                                                                                        │ 1                          │
│ sky130_fd_sc_hd__o311a                                                                                                          │ 1                          │
│ sky130_fd_sc_hd__o311ai                                                                                                         │ 1                          │
│ sky130_fd_sc_hd__o31a                                                                                                           │ 14                         │
│ sky130_fd_sc_hd__o31ai                                                                                                          │ 14                         │
│ sky130_fd_sc_hd__o32a                                                                                                           │ 4                          │
│ sky130_fd_sc_hd__o32ai                                                                                                          │ 1                          │
│ sky130_fd_sc_hd__o41a                                                                                                           │ 2                          │
│ sky130_fd_sc_hd__or2                                                                                                            │ 206                        │
│ sky130_fd_sc_hd__or3                                                                                                            │ 109                        │
│ sky130_fd_sc_hd__or3b                                                                                                           │ 21                         │
│ sky130_fd_sc_hd__or4                                                                                                            │ 11                         │
│ sky130_fd_sc_hd__or4b                                                                                                           │ 4                          │
│ sky130_fd_sc_hd__or4bb                                                                                                          │ 5                          │
│ sky130_fd_sc_hd__tapvpwrvgnd                                                                                                    │ 2044                       │
│ sky130_fd_sc_hd__xnor2                                                                                                          │ 1124                       │
│ sky130_fd_sc_hd__xor2                                                                                                           │ 529                        │
└─────────────────────────────────────────────────────────────────────────────────────────────────────────────────────────────────┴────────────────────────────┘
