                                                                        Cells by Master                                                                         
┏━━━━━━━━━━━━━━━━━━━━━━━━━━━━━━━━━━━━━━━━━━━━━━━━━━━━━━━━━━━━━━━━━━━━━━━━━━━━━━━━━━━━━━━━━━━━━━━━━━━━━━━━━━━━━━━━━━━━━━━━━━━━━━━━━━┳━━━━━━━━━━━━━━━━━━━━━━━━━━━┓
┃ Cell                                                                                                                             ┃ Count                     ┃
┡━━━━━━━━━━━━━━━━━━━━━━━━━━━━━━━━━━━━━━━━━━━━━━━━━━━━━━━━━━━━━━━━━━━━━━━━━━━━━━━━━━━━━━━━━━━━━━━━━━━━━━━━━━━━━━━━━━━━━━━━━━━━━━━━━━╇━━━━━━━━━━━━━━━━━━━━━━━━━━━┩
│ sky130_ef_sc_hd__decap_12                                                                                                        │ 3481                      │
│ sky130_fd_sc_hd__a211o_1                                                                                                         │ 39                        │
│ sky130_fd_sc_hd__a211o_2                                                                                                         │ 1                         │
│ sky130_fd_sc_hd__a211o_4                                                                                                         │ 4                         │
│ sky130_fd_sc_hd__a211oi_1                                                                                                        │ 10                        │
│ sky130_fd_sc_hd__a211oi_2                                                                                                        │ 19                        │
│ sky130_fd_sc_hd__a211oi_4                                                                                                        │ 4                         │
│ sky130_fd_sc_hd__a21bo_1                                                                                                         │ 104                       │
│ sky130_fd_sc_hd__a21boi_1                                                                                                        │ 23                        │
│ sky130_fd_sc_hd__a21boi_2                                                                                                        │ 3                         │
│ sky130_fd_sc_hd__a21boi_4                                                                                                        │ 1                         │
│ sky130_fd_sc_hd__a21o_1                                                                                                          │ 330                       │
│ sky130_fd_sc_hd__a21oi_1                                                                                                         │ 318                       │
│ sky130_fd_sc_hd__a21oi_2                                                                                                         │ 39                        │
│ sky130_fd_sc_hd__a21oi_4                                                                                                         │ 3                         │
│ sky130_fd_sc_hd__a22o_1                                                                                                          │ 177                       │
│ sky130_fd_sc_hd__a22oi_1                                                                                                         │ 79                        │
│ sky130_fd_sc_hd__a22oi_2                                                                                                         │ 21                        │
│ sky130_fd_sc_hd__a2bb2o_1                                                                                                        │ 13                        │
│ sky130_fd_sc_hd__a2bb2o_4                                                                                                        │ 1                         │
│ sky130_fd_sc_hd__a311o_1                                                                                                         │ 3                         │
│ sky130_fd_sc_hd__a311oi_1                                                                                                        │ 1                         │
│ sky130_fd_sc_hd__a31o_1                                                                                                          │ 103                       │
│ sky130_fd_sc_hd__a31oi_1                                                                                                         │ 9                         │
│ sky130_fd_sc_hd__a31oi_2                                                                                                         │ 5                         │
│ sky130_fd_sc_hd__a31oi_4                                                                                                         │ 2                         │
│ sky130_fd_sc_hd__a32o_1                                                                                                          │ 24                        │
│ sky130_fd_sc_hd__a41o_1                                                                                                          │ 4                         │
│ sky130_fd_sc_hd__and2_1                                                                                                          │ 237                       │
│ sky130_fd_sc_hd__and2_2                                                                                                          │ 5                         │
│ sky130_fd_sc_hd__and2_4                                                                                                          │ 3                         │
│ sky130_fd_sc_hd__and2b_1                                                                                                         │ 380                       │
│ sky130_fd_sc_hd__and3_1                                                                                                          │ 217                       │
│ sky130_fd_sc_hd__and3_2                                                                                                          │ 6                         │
│ sky130_fd_sc_hd__and3_4                                                                                                          │ 3                         │
│ sky130_fd_sc_hd__and3b_1                                                                                                         │ 18                        │
│ sky130_fd_sc_hd__and3b_2                                                                                                         │ 1                         │
│ sky130_fd_sc_hd__and4_1                                                                                                          │ 199                       │
│ sky130_fd_sc_hd__and4b_1                                                                                                         │ 30                        │
│ sky130_fd_sc_hd__and4b_2                                                                                                         │ 2                         │
│ sky130_fd_sc_hd__and4bb_1                                                                                                        │ 23                        │
│ sky130_fd_sc_hd__buf_1                                                                                                           │ 81                        │
│ sky130_fd_sc_hd__buf_12                                                                                                          │ 1                         │
│ sky130_fd_sc_hd__buf_2                                                                                                           │ 237                       │
│ sky130_fd_sc_hd__buf_4                                                                                                           │ 32                        │
│ sky130_fd_sc_hd__buf_6                                                                                                           │ 2                         │
│ sky130_fd_sc_hd__buf_8                                                                                                           │ 3                         │
│ sky130_fd_sc_hd__bufinv_16                                                                                                       │ 2                         │
│ sky130_fd_sc_hd__clkbuf_1                                                                                                        │ 27                        │
│ sky130_fd_sc_hd__clkbuf_16                                                                                                       │ 9                         │
│ sky130_fd_sc_hd__clkbuf_2                                                                                                        │ 121                       │
│ sky130_fd_sc_hd__clkbuf_4                                                                                                        │ 171                       │
│ sky130_fd_sc_hd__clkbuf_8                                                                                                        │ 5                         │
│ sky130_fd_sc_hd__decap_3                                                                                                         │ 1150                      │
│ sky130_fd_sc_hd__decap_4                                                                                                         │ 985                       │
│ sky130_fd_sc_hd__decap_6                                                                                                         │ 913                       │
│ sky130_fd_sc_hd__decap_8                                                                                                         │ 1093                      │
│ sky130_fd_sc_hd__dfrtp_1                                                                                                         │ 68                        │
│ sky130_fd_sc_hd__diode_2                                                                                                         │ 27                        │
│ sky130_fd_sc_hd__dlymetal6s2s_1                                                                                                  │ 43                        │
│ sky130_fd_sc_hd__fill_1                                                                                                          │ 2262                      │
│ sky130_fd_sc_hd__fill_2                                                                                                          │ 961                       │
│ sky130_fd_sc_hd__inv_2                                                                                                           │ 87                        │
│ sky130_fd_sc_hd__mux2_1                                                                                                          │ 15                        │
│ sky130_fd_sc_hd__nand2_1                                                                                                         │ 535                       │
│ sky130_fd_sc_hd__nand2_2                                                                                                         │ 10                        │
│ sky130_fd_sc_hd__nand2_4                                                                                                         │ 12                        │
│ sky130_fd_sc_hd__nand2b_1                                                                                                        │ 206                       │
│ sky130_fd_sc_hd__nand2b_2                                                                                                        │ 1                         │
│ sky130_fd_sc_hd__nand3_1                                                                                                         │ 148                       │
│ sky130_fd_sc_hd__nand3_2                                                                                                         │ 14                        │
│ sky130_fd_sc_hd__nand3b_1                                                                                                        │ 7                         │
│ sky130_fd_sc_hd__nand3b_2                                                                                                        │ 1                         │
│ sky130_fd_sc_hd__nand4_1                                                                                                         │ 47                        │
│ sky130_fd_sc_hd__nand4_2                                                                                                         │ 1                         │
│ sky130_fd_sc_hd__nand4b_1                                                                                                        │ 3                         │
│ sky130_fd_sc_hd__nor2_1                                                                                                          │ 531                       │
│ sky130_fd_sc_hd__nor2_2                                                                                                          │ 4                         │
│ sky130_fd_sc_hd__nor2_4                                                                                                          │ 2                         │
│ sky130_fd_sc_hd__nor3_1                                                                                                          │ 58                        │
│ sky130_fd_sc_hd__nor3_2                                                                                                          │ 2                         │
│ sky130_fd_sc_hd__nor3_4                                                                                                          │ 4                         │
│ sky130_fd_sc_hd__nor3b_1                                                                                                         │ 9                         │
│ sky130_fd_sc_hd__nor3b_2                                                                                                         │ 1                         │
│ sky130_fd_sc_hd__nor4_1                                                                                                          │ 10                        │
│ sky130_fd_sc_hd__nor4_2                                                                                                          │ 2                         │
│ sky130_fd_sc_hd__nor4b_1                                                                                                         │ 2                         │
│ sky130_fd_sc_hd__o211a_1                                                                                                         │ 33                        │
│ sky130_fd_sc_hd__o211a_4                                                                                                         │ 2                         │
│ sky130_fd_sc_hd__o211ai_1                                                                                                        │ 9                         │
│ sky130_fd_sc_hd__o211ai_2                                                                                                        │ 33                        │
│ sky130_fd_sc_hd__o211ai_4                                                                                                        │ 10                        │
│ sky130_fd_sc_hd__o21a_1                                                                                                          │ 151                       │
│ sky130_fd_sc_hd__o21a_4                                                                                                          │ 2                         │
│ sky130_fd_sc_hd__o21ai_1                                                                                                         │ 132                       │
│ sky130_fd_sc_hd__o21ai_2                                                                                                         │ 20                        │
│ sky130_fd_sc_hd__o21ai_4                                                                                                         │ 3                         │
│ sky130_fd_sc_hd__o21ba_1                                                                                                         │ 71                        │
│ sky130_fd_sc_hd__o21ba_2                                                                                                         │ 3                         │
│ sky130_fd_sc_hd__o21ba_4                                                                                                         │ 1                         │
│ sky130_fd_sc_hd__o21bai_1                                                                                                        │ 49                        │
│ sky130_fd_sc_hd__o21bai_2                                                                                                        │ 6                         │
│ sky130_fd_sc_hd__o22a_1                                                                                                          │ 12                        │
│ sky130_fd_sc_hd__o22a_2                                                                                                          │ 2                         │
│ sky130_fd_sc_hd__o22ai_1                                                                                                         │ 4                         │
│ sky130_fd_sc_hd__o2bb2a_1                                                                                                        │ 51                        │
│ sky130_fd_sc_hd__o2bb2ai_1                                                                                                       │ 1                         │
│ sky130_fd_sc_hd__o311a_4                                                                                                         │ 1                         │
│ sky130_fd_sc_hd__o311ai_2                                                                                                        │ 1                         │
│ sky130_fd_sc_hd__o31a_1                                                                                                          │ 12                        │
│ sky130_fd_sc_hd__o31a_2                                                                                                          │ 1                         │
│ sky130_fd_sc_hd__o31a_4                                                                                                          │ 1                         │
│ sky130_fd_sc_hd__o31ai_1                                                                                                         │ 9                         │
│ sky130_fd_sc_hd__o31ai_2                                                                                                         │ 4                         │
│ sky130_fd_sc_hd__o31ai_4                                                                                                         │ 1                         │
│ sky130_fd_sc_hd__o32a_1                                                                                                          │ 4                         │
│ sky130_fd_sc_hd__o32ai_1                                                                                                         │ 1                         │
│ sky130_fd_sc_hd__o41a_1                                                                                                          │ 2                         │
│ sky130_fd_sc_hd__or2_1                                                                                                           │ 197                       │
│ sky130_fd_sc_hd__or2_2                                                                                                           │ 4                         │
│ sky130_fd_sc_hd__or2_4                                                                                                           │ 5                         │
│ sky130_fd_sc_hd__or3_1                                                                                                           │ 88                        │
│ sky130_fd_sc_hd__or3_2                                                                                                           │ 5                         │
│ sky130_fd_sc_hd__or3_4                                                                                                           │ 16                        │
│ sky130_fd_sc_hd__or3b_1                                                                                                          │ 18                        │
│ sky130_fd_sc_hd__or3b_2                                                                                                          │ 3                         │
│ sky130_fd_sc_hd__or4_1                                                                                                           │ 7                         │
│ sky130_fd_sc_hd__or4_4                                                                                                           │ 4                         │
│ sky130_fd_sc_hd__or4b_1                                                                                                          │ 4                         │
│ sky130_fd_sc_hd__or4bb_1                                                                                                         │ 3                         │
│ sky130_fd_sc_hd__or4bb_2                                                                                                         │ 1                         │
│ sky130_fd_sc_hd__or4bb_4                                                                                                         │ 1                         │
│ sky130_fd_sc_hd__tapvpwrvgnd_1                                                                                                   │ 2044                      │
│ sky130_fd_sc_hd__xnor2_1                                                                                                         │ 1022                      │
│ sky130_fd_sc_hd__xnor2_2                                                                                                         │ 95                        │
│ sky130_fd_sc_hd__xnor2_4                                                                                                         │ 7                         │
│ sky130_fd_sc_hd__xor2_1                                                                                                          │ 474                       │
│ sky130_fd_sc_hd__xor2_2                                                                                                          │ 54                        │
│ sky130_fd_sc_hd__xor2_4                                                                                                          │ 1                         │
└──────────────────────────────────────────────────────────────────────────────────────────────────────────────────────────────────┴───────────────────────────┘
