
===========================================================================
report_checks -unconstrained
===========================================================================
======================= nom_ff_n40C_1v95 Corner ===================================

Startpoint: rst_n (input port clocked by clk)
Endpoint: _13651_ (recovery check against rising-edge clock clk)
Path Group: asynchronous
Path Type: max

Fanout         Cap        Slew       Delay        Time   Description
---------------------------------------------------------------------------------------------
                                  0.000000    0.000000   clock clk (rise edge)
                                  0.000000    0.000000   clock network delay (propagated)
                                  2.000000    2.000000 ^ input external delay
     1    0.002752    0.013743    0.007114    2.007114 ^ rst_n (in)
                                                         rst_n (net)
                      0.013743    0.000000    2.007114 ^ input1/A (sky130_fd_sc_hd__buf_2)
     2    0.044756    0.165920    0.155053    2.162167 ^ input1/X (sky130_fd_sc_hd__buf_2)
                                                         net1 (net)
                      0.166360    0.006964    2.169130 ^ fanout719/A (sky130_fd_sc_hd__clkbuf_8)
     9    0.114712    0.153954    0.201576    2.370706 ^ fanout719/X (sky130_fd_sc_hd__clkbuf_8)
                                                         net719 (net)
                      0.154693    0.008589    2.379295 ^ fanout718/A (sky130_fd_sc_hd__clkbuf_4)
     8    0.062662    0.146064    0.195713    2.575007 ^ fanout718/X (sky130_fd_sc_hd__clkbuf_4)
                                                         net718 (net)
                      0.147256    0.010613    2.585620 ^ fanout717/A (sky130_fd_sc_hd__clkbuf_4)
    10    0.061056    0.142126    0.194426    2.780046 ^ fanout717/X (sky130_fd_sc_hd__clkbuf_4)
                                                         net717 (net)
                      0.142580    0.006503    2.786550 ^ _13651_/RESET_B (sky130_fd_sc_hd__dfrtp_1)
                                              2.786550   data arrival time

                                 10.000000   10.000000   clock clk (rise edge)
                                  0.000000   10.000000   clock source latency
     1    0.049055    0.168625    0.120910   10.120910 ^ clk (in)
                                                         clk (net)
                      0.169559    0.000000   10.120910 ^ clkbuf_0_clk/A (sky130_fd_sc_hd__clkbuf_16)
     8    0.165325    0.137105    0.190640   10.311550 ^ clkbuf_0_clk/X (sky130_fd_sc_hd__clkbuf_16)
                                                         clknet_0_clk (net)
                      0.138705    0.011810   10.323360 ^ clkbuf_3_7__f_clk/A (sky130_fd_sc_hd__clkbuf_16)
    10    0.045406    0.050138    0.126321   10.449681 ^ clkbuf_3_7__f_clk/X (sky130_fd_sc_hd__clkbuf_16)
                                                         clknet_3_7__leaf_clk (net)
                      0.050293    0.001798   10.451479 ^ _13651_/CLK (sky130_fd_sc_hd__dfrtp_1)
                                 -0.250000   10.201479   clock uncertainty
                                  0.000000   10.201479   clock reconvergence pessimism
                                  0.125766   10.327245   library recovery time
                                             10.327245   data required time
---------------------------------------------------------------------------------------------
                                             10.327245   data required time
                                             -2.786550   data arrival time
---------------------------------------------------------------------------------------------
                                              7.540695   slack (MET)


Startpoint: x1[0] (input port clocked by clk)
Endpoint: _13666_ (rising edge-triggered flip-flop clocked by clk)
Path Group: clk
Path Type: max

Fanout         Cap        Slew       Delay        Time   Description
---------------------------------------------------------------------------------------------
                                  0.000000    0.000000   clock clk (rise edge)
                                  0.000000    0.000000   clock network delay (propagated)
                                  2.000000    2.000000 ^ input external delay
     1    0.003466    0.016308    0.008998    2.008998 ^ x1[0] (in)
                                                         x1[0] (net)
                      0.016309    0.000000    2.008998 ^ input138/A (sky130_fd_sc_hd__clkbuf_1)
     1    0.004122    0.043036    0.056171    2.065169 ^ input138/X (sky130_fd_sc_hd__clkbuf_1)
                                                         net138 (net)
                      0.043036    0.000144    2.065312 ^ fanout597/A (sky130_fd_sc_hd__buf_2)
     5    0.052688    0.194028    0.185309    2.250621 ^ fanout597/X (sky130_fd_sc_hd__buf_2)
                                                         net597 (net)
                      0.194105    0.003200    2.253821 ^ fanout592/A (sky130_fd_sc_hd__buf_2)
     7    0.056856    0.209032    0.218886    2.472707 ^ fanout592/X (sky130_fd_sc_hd__buf_2)
                                                         net592 (net)
                      0.209263    0.005755    2.478461 ^ fanout591/A (sky130_fd_sc_hd__clkbuf_2)
     5    0.041162    0.173087    0.194553    2.673014 ^ fanout591/X (sky130_fd_sc_hd__clkbuf_2)
                                                         net591 (net)
                      0.173109    0.001620    2.674634 ^ fanout588/A (sky130_fd_sc_hd__buf_2)
    10    0.043973    0.162073    0.187771    2.862405 ^ fanout588/X (sky130_fd_sc_hd__buf_2)
                                                         net588 (net)
                      0.162194    0.003655    2.866060 ^ _07533_/A (sky130_fd_sc_hd__or2_4)
     9    0.071426    0.166322    0.193373    3.059433 ^ _07533_/X (sky130_fd_sc_hd__or2_4)
                                                         _06762_ (net)
                      0.167699    0.012189    3.071622 ^ _09381_/B1 (sky130_fd_sc_hd__a22oi_2)
     2    0.019735    0.079022    0.077233    3.148855 v _09381_/Y (sky130_fd_sc_hd__a22oi_2)
                                                         _01893_ (net)
                      0.079025    0.000367    3.149222 v _09382_/B (sky130_fd_sc_hd__nor2_1)
     4    0.020253    0.260281    0.223240    3.372463 ^ _09382_/Y (sky130_fd_sc_hd__nor2_1)
                                                         _01894_ (net)
                      0.260281    0.000221    3.372684 ^ fanout250/A (sky130_fd_sc_hd__clkbuf_4)
    10    0.055997    0.132611    0.206066    3.578750 ^ fanout250/X (sky130_fd_sc_hd__clkbuf_4)
                                                         net250 (net)
                      0.132629    0.001302    3.580052 ^ _09383_/B (sky130_fd_sc_hd__xor2_1)
     2    0.007105    0.134857    0.134688    3.714740 ^ _09383_/X (sky130_fd_sc_hd__xor2_1)
                                                         _01895_ (net)
                      0.134857    0.000127    3.714867 ^ _09385_/B (sky130_fd_sc_hd__xor2_1)
     2    0.009022    0.159869    0.153086    3.867953 ^ _09385_/X (sky130_fd_sc_hd__xor2_1)
                                                         _01897_ (net)
                      0.159869    0.000298    3.868251 ^ _09387_/B (sky130_fd_sc_hd__xor2_1)
     2    0.007865    0.144755    0.141347    4.009598 ^ _09387_/X (sky130_fd_sc_hd__xor2_1)
                                                         _01899_ (net)
                      0.144755    0.000159    4.009757 ^ _09540_/A2 (sky130_fd_sc_hd__a21oi_1)
     2    0.010260    0.067765    0.082519    4.092276 v _09540_/Y (sky130_fd_sc_hd__a21oi_1)
                                                         _02066_ (net)
                      0.067794    0.000430    4.092706 v _09542_/B (sky130_fd_sc_hd__xnor2_1)
     2    0.007957    0.153032    0.152992    4.245697 ^ _09542_/Y (sky130_fd_sc_hd__xnor2_1)
                                                         _02068_ (net)
                      0.153032    0.000223    4.245921 ^ _09543_/B (sky130_fd_sc_hd__xor2_1)
     2    0.008744    0.156145    0.149958    4.395879 ^ _09543_/X (sky130_fd_sc_hd__xor2_1)
                                                         _02069_ (net)
                      0.156145    0.000254    4.396133 ^ _09545_/B (sky130_fd_sc_hd__xnor2_1)
     2    0.008330    0.158267    0.109241    4.505374 ^ _09545_/Y (sky130_fd_sc_hd__xnor2_1)
                                                         _02071_ (net)
                      0.158267    0.000199    4.505573 ^ _09547_/B (sky130_fd_sc_hd__xnor2_1)
     2    0.009513    0.064638    0.077191    4.582764 v _09547_/Y (sky130_fd_sc_hd__xnor2_1)
                                                         _02073_ (net)
                      0.064638    0.000174    4.582938 v _09629_/A (sky130_fd_sc_hd__xnor2_1)
     2    0.010428    0.187910    0.189939    4.772877 ^ _09629_/Y (sky130_fd_sc_hd__xnor2_1)
                                                         _02164_ (net)
                      0.187911    0.000367    4.773244 ^ _09632_/A (sky130_fd_sc_hd__xor2_1)
     2    0.010638    0.181160    0.169938    4.943182 ^ _09632_/X (sky130_fd_sc_hd__xor2_1)
                                                         _02167_ (net)
                      0.181160    0.000275    4.943457 ^ _09633_/B (sky130_fd_sc_hd__xnor2_1)
     2    0.013112    0.226133    0.136561    5.080018 ^ _09633_/Y (sky130_fd_sc_hd__xnor2_1)
                                                         _02168_ (net)
                      0.226135    0.000548    5.080566 ^ _09636_/A (sky130_fd_sc_hd__xor2_1)
     2    0.008388    0.151692    0.147303    5.227869 ^ _09636_/X (sky130_fd_sc_hd__xor2_1)
                                                         _02171_ (net)
                      0.151692    0.000217    5.228086 ^ _09645_/A2 (sky130_fd_sc_hd__a21o_1)
     3    0.013979    0.096338    0.132875    5.360961 ^ _09645_/X (sky130_fd_sc_hd__a21o_1)
                                                         _02180_ (net)
                      0.096339    0.000565    5.361526 ^ _09770_/A (sky130_fd_sc_hd__xor2_1)
     2    0.011044    0.186356    0.172863    5.534389 ^ _09770_/X (sky130_fd_sc_hd__xor2_1)
                                                         _02318_ (net)
                      0.186357    0.000367    5.534756 ^ _09890_/B (sky130_fd_sc_hd__nand2b_1)
     2    0.011437    0.076835    0.083019    5.617775 v _09890_/Y (sky130_fd_sc_hd__nand2b_1)
                                                         _02448_ (net)
                      0.076837    0.000333    5.618107 v _09892_/B (sky130_fd_sc_hd__nor4_4)
     2    0.010768    0.188439    0.217800    5.835908 ^ _09892_/Y (sky130_fd_sc_hd__nor4_4)
                                                         _02450_ (net)
                      0.188439    0.000396    5.836304 ^ _09896_/A3 (sky130_fd_sc_hd__o31a_1)
     3    0.024110    0.189136    0.194075    6.030379 ^ _09896_/X (sky130_fd_sc_hd__o31a_1)
                                                         _02454_ (net)
                      0.189141    0.000817    6.031195 ^ _10105_/A3 (sky130_fd_sc_hd__o31a_1)
     3    0.021380    0.168699    0.179439    6.210634 ^ _10105_/X (sky130_fd_sc_hd__o31a_1)
                                                         _02682_ (net)
                      0.168718    0.001506    6.212140 ^ rebuffer17/A (sky130_fd_sc_hd__clkbuf_1)
     1    0.005040    0.051651    0.073673    6.285813 ^ rebuffer17/X (sky130_fd_sc_hd__clkbuf_1)
                                                         net736 (net)
                      0.051651    0.000105    6.285918 ^ _10175_/A1 (sky130_fd_sc_hd__a21oi_2)
     1    0.004869    0.046716    0.031791    6.317709 v _10175_/Y (sky130_fd_sc_hd__a21oi_2)
                                                         _02758_ (net)
                      0.046716    0.000142    6.317851 v _10176_/B (sky130_fd_sc_hd__xnor2_1)
     1    0.003043    0.043725    0.082341    6.400192 v _10176_/Y (sky130_fd_sc_hd__xnor2_1)
                                                         _00060_ (net)
                      0.043725    0.000089    6.400281 v _13666_/D (sky130_fd_sc_hd__dfrtp_1)
                                              6.400281   data arrival time

                                 10.000000   10.000000   clock clk (rise edge)
                                  0.000000   10.000000   clock source latency
     1    0.049055    0.168625    0.120910   10.120910 ^ clk (in)
                                                         clk (net)
                      0.169559    0.000000   10.120910 ^ clkbuf_0_clk/A (sky130_fd_sc_hd__clkbuf_16)
     8    0.165325    0.137105    0.190640   10.311550 ^ clkbuf_0_clk/X (sky130_fd_sc_hd__clkbuf_16)
                                                         clknet_0_clk (net)
                      0.138176    0.009719   10.321269 ^ clkbuf_3_5__f_clk/A (sky130_fd_sc_hd__clkbuf_16)
     9    0.074797    0.071300    0.141670   10.462939 ^ clkbuf_3_5__f_clk/X (sky130_fd_sc_hd__clkbuf_16)
                                                         clknet_3_5__leaf_clk (net)
                      0.071813    0.004766   10.467705 ^ _13666_/CLK (sky130_fd_sc_hd__dfrtp_1)
                                 -0.250000   10.217705   clock uncertainty
                                  0.000000   10.217705   clock reconvergence pessimism
                                 -0.072794   10.144911   library setup time
                                             10.144911   data required time
---------------------------------------------------------------------------------------------
                                             10.144911   data required time
                                             -6.400281   data arrival time
---------------------------------------------------------------------------------------------
                                              3.744630   slack (MET)




===========================================================================
report_checks --slack_max -0.01
============================================================================
======================= nom_ff_n40C_1v95 Corner ===================================

No paths found.


===========================================================================
 report_check_types -max_slew -max_cap -max_fanout -violators
============================================================================
======================= nom_ff_n40C_1v95 Corner ===================================

max fanout

Pin                                   Limit Fanout  Slack
---------------------------------------------------------
fanout261/X                              10     11        (VIOLATED)
fanout333/X                              10     11        (VIOLATED)
fanout552/X                              10     11        (VIOLATED)
fanout562/X                              10     11        (VIOLATED)



===========================================================================
report_parasitic_annotation -report_unannotated
============================================================================
Found 4 unannotated drivers.
 clkload0/X
 clkload1/Y
 clkload2/Y
 clkload3/X
Found 0 partially unannotated drivers.

===========================================================================
max slew violation count 0
max fanout violation count 4
max cap violation count 0
============================================================================

===========================================================================
check_setup -verbose -unconstrained_endpoints -multiple_clock -no_clock -no_input_delay -loops -generated_clocks
===========================================================================
