Clock: clk
Sources: clk 
Generated: no
Virtual: yes
Propagated: no
Period: 10.000000

===========================================================================
report_clock_properties
============================================================================
Clock                   Period          Waveform
----------------------------------------------------
clk                  10.000000    0.000000  5.000000

===========================================================================
report_clock_latency
============================================================================
Clock clk
rise -> rise
    min     max
0.000000 0.000000 source latency
0.440778         network latency _13692_/CLK
        0.467769 network latency _13667_/CLK
---------------
0.440778 0.467769 latency
        0.026991 skew

fall -> fall
    min     max
0.000000 0.000000 source latency
0.359969         network latency _13692_/CLK
        0.380428 network latency _13667_/CLK
---------------
0.359969 0.380428 latency
        0.020459 skew



===========================================================================
report_clock_min_period
============================================================================
clk period_min = 0.00 fmax = inf
