
===========================================================================
report_checks -unconstrained
===========================================================================
======================= nom_ss_100C_1v60 Corner ===================================

Startpoint: rst_n (input port clocked by clk)
Endpoint: _13651_ (recovery check against rising-edge clock clk)
Path Group: asynchronous
Path Type: max

Fanout         Cap        Slew       Delay        Time   Description
---------------------------------------------------------------------------------------------
                                  0.000000    0.000000   clock clk (rise edge)
                                  0.000000    0.000000   clock network delay (propagated)
                                  2.000000    2.000000 ^ input external delay
     1    0.002627    0.031109    0.014878    2.014878 ^ rst_n (in)
                                                         rst_n (net)
                      0.031109    0.000000    2.014878 ^ input1/A (sky130_fd_sc_hd__buf_2)
     2    0.044666    0.349890    0.377947    2.392825 ^ input1/X (sky130_fd_sc_hd__buf_2)
                                                         net1 (net)
                      0.350092    0.006970    2.399795 ^ fanout719/A (sky130_fd_sc_hd__clkbuf_8)
     9    0.111826    0.306321    0.532479    2.932274 ^ fanout719/X (sky130_fd_sc_hd__clkbuf_8)
                                                         net719 (net)
                      0.306617    0.008547    2.940821 ^ fanout718/A (sky130_fd_sc_hd__clkbuf_4)
     8    0.060450    0.293810    0.516220    3.457041 ^ fanout718/X (sky130_fd_sc_hd__clkbuf_4)
                                                         net718 (net)
                      0.294479    0.010286    3.467327 ^ fanout717/A (sky130_fd_sc_hd__clkbuf_4)
    10    0.057496    0.280833    0.503821    3.971148 ^ fanout717/X (sky130_fd_sc_hd__clkbuf_4)
                                                         net717 (net)
                      0.280985    0.006112    3.977260 ^ _13651_/RESET_B (sky130_fd_sc_hd__dfrtp_1)
                                              3.977260   data arrival time

                                 10.000000   10.000000   clock clk (rise edge)
                                  0.000000   10.000000   clock source latency
     1    0.048986    0.351871    0.249919   10.249920 ^ clk (in)
                                                         clk (net)
                      0.352303    0.000000   10.249920 ^ clkbuf_0_clk/A (sky130_fd_sc_hd__clkbuf_16)
     8    0.164773    0.270071    0.503777   10.753696 ^ clkbuf_0_clk/X (sky130_fd_sc_hd__clkbuf_16)
                                                         clknet_0_clk (net)
                      0.270959    0.011836   10.765532 ^ clkbuf_3_7__f_clk/A (sky130_fd_sc_hd__clkbuf_16)
    10    0.043556    0.099111    0.343585   11.109117 ^ clkbuf_3_7__f_clk/X (sky130_fd_sc_hd__clkbuf_16)
                                                         clknet_3_7__leaf_clk (net)
                      0.099233    0.001718   11.110834 ^ _13651_/CLK (sky130_fd_sc_hd__dfrtp_1)
                                 -0.250000   10.860834   clock uncertainty
                                  0.000000   10.860834   clock reconvergence pessimism
                                  0.394311   11.255146   library recovery time
                                             11.255146   data required time
---------------------------------------------------------------------------------------------
                                             11.255146   data required time
                                             -3.977260   data arrival time
---------------------------------------------------------------------------------------------
                                              7.277885   slack (MET)


Startpoint: x1[0] (input port clocked by clk)
Endpoint: _13666_ (rising edge-triggered flip-flop clocked by clk)
Path Group: clk
Path Type: max

Fanout         Cap        Slew       Delay        Time   Description
---------------------------------------------------------------------------------------------
                                  0.000000    0.000000   clock clk (rise edge)
                                  0.000000    0.000000   clock network delay (propagated)
                                  2.000000    2.000000 v input external delay
     1    0.003206    0.020022    0.010523    2.010523 v x1[0] (in)
                                                         x1[0] (net)
                      0.020022    0.000000    2.010523 v input138/A (sky130_fd_sc_hd__clkbuf_1)
     1    0.003869    0.061070    0.147970    2.158494 v input138/X (sky130_fd_sc_hd__clkbuf_1)
                                                         net138 (net)
                      0.061070    0.000133    2.158627 v fanout597/A (sky130_fd_sc_hd__buf_2)
     5    0.051345    0.234358    0.394088    2.552714 v fanout597/X (sky130_fd_sc_hd__buf_2)
                                                         net597 (net)
                      0.234402    0.003112    2.555826 v fanout592/A (sky130_fd_sc_hd__buf_2)
     7    0.055275    0.250031    0.486959    3.042785 v fanout592/X (sky130_fd_sc_hd__buf_2)
                                                         net592 (net)
                      0.250178    0.005579    3.048365 v fanout591/A (sky130_fd_sc_hd__clkbuf_2)
     5    0.039982    0.278906    0.447515    3.495879 v fanout591/X (sky130_fd_sc_hd__clkbuf_2)
                                                         net591 (net)
                      0.278911    0.001577    3.497456 v fanout588/A (sky130_fd_sc_hd__buf_2)
    10    0.041852    0.196860    0.467702    3.965158 v fanout588/X (sky130_fd_sc_hd__buf_2)
                                                         net588 (net)
                      0.196929    0.003489    3.968648 v _07533_/A (sky130_fd_sc_hd__or2_4)
     9    0.068989    0.225777    0.690299    4.658947 v _07533_/X (sky130_fd_sc_hd__or2_4)
                                                         _06762_ (net)
                      0.226570    0.011651    4.670598 v _09228_/B (sky130_fd_sc_hd__and3_2)
     6    0.031738    0.188985    0.618761    5.289359 v _09228_/X (sky130_fd_sc_hd__and3_2)
                                                         _01726_ (net)
                      0.188985    0.000909    5.290268 v _09382_/A (sky130_fd_sc_hd__nor2_1)
     4    0.020098    0.607391    0.569638    5.859906 ^ _09382_/Y (sky130_fd_sc_hd__nor2_1)
                                                         _01894_ (net)
                      0.607391    0.000219    5.860126 ^ fanout250/A (sky130_fd_sc_hd__clkbuf_4)
    10    0.055596    0.274302    0.635111    6.495236 ^ fanout250/X (sky130_fd_sc_hd__clkbuf_4)
                                                         net250 (net)
                      0.274303    0.001294    6.496531 ^ _09383_/B (sky130_fd_sc_hd__xor2_1)
     2    0.006952    0.300606    0.407627    6.904158 ^ _09383_/X (sky130_fd_sc_hd__xor2_1)
                                                         _01895_ (net)
                      0.300606    0.000126    6.904284 ^ _09385_/B (sky130_fd_sc_hd__xor2_1)
     2    0.009028    0.361080    0.460782    7.365066 ^ _09385_/X (sky130_fd_sc_hd__xor2_1)
                                                         _01897_ (net)
                      0.361080    0.000298    7.365364 ^ _09387_/B (sky130_fd_sc_hd__xor2_1)
     2    0.007912    0.328498    0.451683    7.817047 ^ _09387_/X (sky130_fd_sc_hd__xor2_1)
                                                         _01899_ (net)
                      0.328498    0.000159    7.817206 ^ _09540_/A2 (sky130_fd_sc_hd__a21oi_1)
     2    0.010091    0.202929    0.313516    8.130722 v _09540_/Y (sky130_fd_sc_hd__a21oi_1)
                                                         _02066_ (net)
                      0.202929    0.000423    8.131145 v _09542_/B (sky130_fd_sc_hd__xnor2_1)
     2    0.007971    0.352468    0.397494    8.528639 ^ _09542_/Y (sky130_fd_sc_hd__xnor2_1)
                                                         _02068_ (net)
                      0.352468    0.000224    8.528862 ^ _09543_/B (sky130_fd_sc_hd__xor2_1)
     2    0.008601    0.348626    0.464819    8.993682 ^ _09543_/X (sky130_fd_sc_hd__xor2_1)
                                                         _02069_ (net)
                      0.348626    0.000250    8.993931 ^ _09545_/B (sky130_fd_sc_hd__xnor2_1)
     2    0.008187    0.359617    0.355017    9.348948 ^ _09545_/Y (sky130_fd_sc_hd__xnor2_1)
                                                         _02071_ (net)
                      0.359617    0.000194    9.349142 ^ _09547_/B (sky130_fd_sc_hd__xnor2_1)
     2    0.009544    0.189879    0.303190    9.652332 v _09547_/Y (sky130_fd_sc_hd__xnor2_1)
                                                         _02073_ (net)
                      0.189879    0.000174    9.652507 v _09629_/A (sky130_fd_sc_hd__xnor2_1)
     2    0.010458    0.433983    0.484271   10.136778 ^ _09629_/Y (sky130_fd_sc_hd__xnor2_1)
                                                         _02164_ (net)
                      0.433983    0.000369   10.137147 ^ _09632_/A (sky130_fd_sc_hd__xor2_1)
     2    0.010482    0.403787    0.521403   10.658550 ^ _09632_/X (sky130_fd_sc_hd__xor2_1)
                                                         _02167_ (net)
                      0.403787    0.000270   10.658820 ^ _09633_/B (sky130_fd_sc_hd__xnor2_1)
     2    0.013142    0.522641    0.425291   11.084111 ^ _09633_/Y (sky130_fd_sc_hd__xnor2_1)
                                                         _02168_ (net)
                      0.522642    0.000551   11.084661 ^ _09636_/A (sky130_fd_sc_hd__xor2_1)
     2    0.008234    0.338574    0.496807   11.581469 ^ _09636_/X (sky130_fd_sc_hd__xor2_1)
                                                         _02171_ (net)
                      0.338574    0.000217   11.581685 ^ _09637_/B (sky130_fd_sc_hd__xnor2_1)
     3    0.014199    0.557794    0.415366   11.997051 ^ _09637_/Y (sky130_fd_sc_hd__xnor2_1)
                                                         _02172_ (net)
                      0.557795    0.000683   11.997734 ^ _09639_/A (sky130_fd_sc_hd__xnor2_1)
     3    0.007631    0.190082    0.369649   12.367383 v _09639_/Y (sky130_fd_sc_hd__xnor2_1)
                                                         _02175_ (net)
                      0.190082    0.000132   12.367516 v _09890_/A_N (sky130_fd_sc_hd__nand2b_1)
     2    0.011599    0.232355    0.459083   12.826599 v _09890_/Y (sky130_fd_sc_hd__nand2b_1)
                                                         _02448_ (net)
                      0.232355    0.000338   12.826937 v _09892_/B (sky130_fd_sc_hd__nor4_4)
     2    0.010710    0.430247    0.582116   13.409052 ^ _09892_/Y (sky130_fd_sc_hd__nor4_4)
                                                         _02450_ (net)
                      0.430247    0.000393   13.409446 ^ _09896_/A3 (sky130_fd_sc_hd__o31a_1)
     3    0.023844    0.404882    0.580444   13.989890 ^ _09896_/X (sky130_fd_sc_hd__o31a_1)
                                                         _02454_ (net)
                      0.404882    0.000810   13.990700 ^ _10105_/A3 (sky130_fd_sc_hd__o31a_1)
     3    0.021268    0.364351    0.543107   14.533807 ^ _10105_/X (sky130_fd_sc_hd__o31a_1)
                                                         _02682_ (net)
                      0.364352    0.001495   14.535301 ^ rebuffer17/A (sky130_fd_sc_hd__clkbuf_1)
     1    0.005007    0.112984    0.282565   14.817866 ^ rebuffer17/X (sky130_fd_sc_hd__clkbuf_1)
                                                         net736 (net)
                      0.112984    0.000105   14.817971 ^ _10175_/A1 (sky130_fd_sc_hd__a21oi_2)
     1    0.004823    0.109062    0.120805   14.938776 v _10175_/Y (sky130_fd_sc_hd__a21oi_2)
                                                         _02758_ (net)
                      0.109062    0.000140   14.938916 v _10176_/B (sky130_fd_sc_hd__xnor2_1)
     1    0.002822    0.105116    0.220364   15.159281 v _10176_/Y (sky130_fd_sc_hd__xnor2_1)
                                                         _00060_ (net)
                      0.105116    0.000082   15.159362 v _13666_/D (sky130_fd_sc_hd__dfrtp_1)
                                             15.159362   data arrival time

                                 10.000000   10.000000   clock clk (rise edge)
                                  0.000000   10.000000   clock source latency
     1    0.048986    0.351871    0.249919   10.249920 ^ clk (in)
                                                         clk (net)
                      0.352303    0.000000   10.249920 ^ clkbuf_0_clk/A (sky130_fd_sc_hd__clkbuf_16)
     8    0.164773    0.270071    0.503777   10.753696 ^ clkbuf_0_clk/X (sky130_fd_sc_hd__clkbuf_16)
                                                         clknet_0_clk (net)
                      0.270701    0.009730   10.763426 ^ clkbuf_3_5__f_clk/A (sky130_fd_sc_hd__clkbuf_16)
     9    0.073278    0.139309    0.375004   11.138430 ^ clkbuf_3_5__f_clk/X (sky130_fd_sc_hd__clkbuf_16)
                                                         clknet_3_5__leaf_clk (net)
                      0.139514    0.004682   11.143111 ^ _13666_/CLK (sky130_fd_sc_hd__dfrtp_1)
                                 -0.250000   10.893111   clock uncertainty
                                  0.000000   10.893111   clock reconvergence pessimism
                                 -0.272666   10.620445   library setup time
                                             10.620445   data required time
---------------------------------------------------------------------------------------------
                                             10.620445   data required time
                                            -15.159362   data arrival time
---------------------------------------------------------------------------------------------
                                             -4.538917   slack (VIOLATED)




===========================================================================
report_checks --slack_max -0.01
============================================================================
======================= nom_ss_100C_1v60 Corner ===================================

Startpoint: x1[0] (input port clocked by clk)
Endpoint: _13666_ (rising edge-triggered flip-flop clocked by clk)
Path Group: clk
Path Type: max

Fanout         Cap        Slew       Delay        Time   Description
---------------------------------------------------------------------------------------------
                                  0.000000    0.000000   clock clk (rise edge)
                                  0.000000    0.000000   clock network delay (propagated)
                                  2.000000    2.000000 v input external delay
     1    0.003206    0.020022    0.010523    2.010523 v x1[0] (in)
                                                         x1[0] (net)
                      0.020022    0.000000    2.010523 v input138/A (sky130_fd_sc_hd__clkbuf_1)
     1    0.003869    0.061070    0.147970    2.158494 v input138/X (sky130_fd_sc_hd__clkbuf_1)
                                                         net138 (net)
                      0.061070    0.000133    2.158627 v fanout597/A (sky130_fd_sc_hd__buf_2)
     5    0.051345    0.234358    0.394088    2.552714 v fanout597/X (sky130_fd_sc_hd__buf_2)
                                                         net597 (net)
                      0.234402    0.003112    2.555826 v fanout592/A (sky130_fd_sc_hd__buf_2)
     7    0.055275    0.250031    0.486959    3.042785 v fanout592/X (sky130_fd_sc_hd__buf_2)
                                                         net592 (net)
                      0.250178    0.005579    3.048365 v fanout591/A (sky130_fd_sc_hd__clkbuf_2)
     5    0.039982    0.278906    0.447515    3.495879 v fanout591/X (sky130_fd_sc_hd__clkbuf_2)
                                                         net591 (net)
                      0.278911    0.001577    3.497456 v fanout588/A (sky130_fd_sc_hd__buf_2)
    10    0.041852    0.196860    0.467702    3.965158 v fanout588/X (sky130_fd_sc_hd__buf_2)
                                                         net588 (net)
                      0.196929    0.003489    3.968648 v _07533_/A (sky130_fd_sc_hd__or2_4)
     9    0.068989    0.225777    0.690299    4.658947 v _07533_/X (sky130_fd_sc_hd__or2_4)
                                                         _06762_ (net)
                      0.226570    0.011651    4.670598 v _09228_/B (sky130_fd_sc_hd__and3_2)
     6    0.031738    0.188985    0.618761    5.289359 v _09228_/X (sky130_fd_sc_hd__and3_2)
                                                         _01726_ (net)
                      0.188985    0.000909    5.290268 v _09382_/A (sky130_fd_sc_hd__nor2_1)
     4    0.020098    0.607391    0.569638    5.859906 ^ _09382_/Y (sky130_fd_sc_hd__nor2_1)
                                                         _01894_ (net)
                      0.607391    0.000219    5.860126 ^ fanout250/A (sky130_fd_sc_hd__clkbuf_4)
    10    0.055596    0.274302    0.635111    6.495236 ^ fanout250/X (sky130_fd_sc_hd__clkbuf_4)
                                                         net250 (net)
                      0.274303    0.001294    6.496531 ^ _09383_/B (sky130_fd_sc_hd__xor2_1)
     2    0.006952    0.300606    0.407627    6.904158 ^ _09383_/X (sky130_fd_sc_hd__xor2_1)
                                                         _01895_ (net)
                      0.300606    0.000126    6.904284 ^ _09385_/B (sky130_fd_sc_hd__xor2_1)
     2    0.009028    0.361080    0.460782    7.365066 ^ _09385_/X (sky130_fd_sc_hd__xor2_1)
                                                         _01897_ (net)
                      0.361080    0.000298    7.365364 ^ _09387_/B (sky130_fd_sc_hd__xor2_1)
     2    0.007912    0.328498    0.451683    7.817047 ^ _09387_/X (sky130_fd_sc_hd__xor2_1)
                                                         _01899_ (net)
                      0.328498    0.000159    7.817206 ^ _09540_/A2 (sky130_fd_sc_hd__a21oi_1)
     2    0.010091    0.202929    0.313516    8.130722 v _09540_/Y (sky130_fd_sc_hd__a21oi_1)
                                                         _02066_ (net)
                      0.202929    0.000423    8.131145 v _09542_/B (sky130_fd_sc_hd__xnor2_1)
     2    0.007971    0.352468    0.397494    8.528639 ^ _09542_/Y (sky130_fd_sc_hd__xnor2_1)
                                                         _02068_ (net)
                      0.352468    0.000224    8.528862 ^ _09543_/B (sky130_fd_sc_hd__xor2_1)
     2    0.008601    0.348626    0.464819    8.993682 ^ _09543_/X (sky130_fd_sc_hd__xor2_1)
                                                         _02069_ (net)
                      0.348626    0.000250    8.993931 ^ _09545_/B (sky130_fd_sc_hd__xnor2_1)
     2    0.008187    0.359617    0.355017    9.348948 ^ _09545_/Y (sky130_fd_sc_hd__xnor2_1)
                                                         _02071_ (net)
                      0.359617    0.000194    9.349142 ^ _09547_/B (sky130_fd_sc_hd__xnor2_1)
     2    0.009544    0.189879    0.303190    9.652332 v _09547_/Y (sky130_fd_sc_hd__xnor2_1)
                                                         _02073_ (net)
                      0.189879    0.000174    9.652507 v _09629_/A (sky130_fd_sc_hd__xnor2_1)
     2    0.010458    0.433983    0.484271   10.136778 ^ _09629_/Y (sky130_fd_sc_hd__xnor2_1)
                                                         _02164_ (net)
                      0.433983    0.000369   10.137147 ^ _09632_/A (sky130_fd_sc_hd__xor2_1)
     2    0.010482    0.403787    0.521403   10.658550 ^ _09632_/X (sky130_fd_sc_hd__xor2_1)
                                                         _02167_ (net)
                      0.403787    0.000270   10.658820 ^ _09633_/B (sky130_fd_sc_hd__xnor2_1)
     2    0.013142    0.522641    0.425291   11.084111 ^ _09633_/Y (sky130_fd_sc_hd__xnor2_1)
                                                         _02168_ (net)
                      0.522642    0.000551   11.084661 ^ _09636_/A (sky130_fd_sc_hd__xor2_1)
     2    0.008234    0.338574    0.496807   11.581469 ^ _09636_/X (sky130_fd_sc_hd__xor2_1)
                                                         _02171_ (net)
                      0.338574    0.000217   11.581685 ^ _09637_/B (sky130_fd_sc_hd__xnor2_1)
     3    0.014199    0.557794    0.415366   11.997051 ^ _09637_/Y (sky130_fd_sc_hd__xnor2_1)
                                                         _02172_ (net)
                      0.557795    0.000683   11.997734 ^ _09639_/A (sky130_fd_sc_hd__xnor2_1)
     3    0.007631    0.190082    0.369649   12.367383 v _09639_/Y (sky130_fd_sc_hd__xnor2_1)
                                                         _02175_ (net)
                      0.190082    0.000132   12.367516 v _09890_/A_N (sky130_fd_sc_hd__nand2b_1)
     2    0.011599    0.232355    0.459083   12.826599 v _09890_/Y (sky130_fd_sc_hd__nand2b_1)
                                                         _02448_ (net)
                      0.232355    0.000338   12.826937 v _09892_/B (sky130_fd_sc_hd__nor4_4)
     2    0.010710    0.430247    0.582116   13.409052 ^ _09892_/Y (sky130_fd_sc_hd__nor4_4)
                                                         _02450_ (net)
                      0.430247    0.000393   13.409446 ^ _09896_/A3 (sky130_fd_sc_hd__o31a_1)
     3    0.023844    0.404882    0.580444   13.989890 ^ _09896_/X (sky130_fd_sc_hd__o31a_1)
                                                         _02454_ (net)
                      0.404882    0.000810   13.990700 ^ _10105_/A3 (sky130_fd_sc_hd__o31a_1)
     3    0.021268    0.364351    0.543107   14.533807 ^ _10105_/X (sky130_fd_sc_hd__o31a_1)
                                                         _02682_ (net)
                      0.364352    0.001495   14.535301 ^ rebuffer17/A (sky130_fd_sc_hd__clkbuf_1)
     1    0.005007    0.112984    0.282565   14.817866 ^ rebuffer17/X (sky130_fd_sc_hd__clkbuf_1)
                                                         net736 (net)
                      0.112984    0.000105   14.817971 ^ _10175_/A1 (sky130_fd_sc_hd__a21oi_2)
     1    0.004823    0.109062    0.120805   14.938776 v _10175_/Y (sky130_fd_sc_hd__a21oi_2)
                                                         _02758_ (net)
                      0.109062    0.000140   14.938916 v _10176_/B (sky130_fd_sc_hd__xnor2_1)
     1    0.002822    0.105116    0.220364   15.159281 v _10176_/Y (sky130_fd_sc_hd__xnor2_1)
                                                         _00060_ (net)
                      0.105116    0.000082   15.159362 v _13666_/D (sky130_fd_sc_hd__dfrtp_1)
                                             15.159362   data arrival time

                                 10.000000   10.000000   clock clk (rise edge)
                                  0.000000   10.000000   clock source latency
     1    0.048986    0.351871    0.249919   10.249920 ^ clk (in)
                                                         clk (net)
                      0.352303    0.000000   10.249920 ^ clkbuf_0_clk/A (sky130_fd_sc_hd__clkbuf_16)
     8    0.164773    0.270071    0.503777   10.753696 ^ clkbuf_0_clk/X (sky130_fd_sc_hd__clkbuf_16)
                                                         clknet_0_clk (net)
                      0.270701    0.009730   10.763426 ^ clkbuf_3_5__f_clk/A (sky130_fd_sc_hd__clkbuf_16)
     9    0.073278    0.139309    0.375004   11.138430 ^ clkbuf_3_5__f_clk/X (sky130_fd_sc_hd__clkbuf_16)
                                                         clknet_3_5__leaf_clk (net)
                      0.139514    0.004682   11.143111 ^ _13666_/CLK (sky130_fd_sc_hd__dfrtp_1)
                                 -0.250000   10.893111   clock uncertainty
                                  0.000000   10.893111   clock reconvergence pessimism
                                 -0.272666   10.620445   library setup time
                                             10.620445   data required time
---------------------------------------------------------------------------------------------
                                             10.620445   data required time
                                            -15.159362   data arrival time
---------------------------------------------------------------------------------------------
                                             -4.538917   slack (VIOLATED)




===========================================================================
 report_check_types -max_slew -max_cap -max_fanout -violators
============================================================================
======================= nom_ss_100C_1v60 Corner ===================================

max slew

Pin                                        Limit        Slew       Slack
------------------------------------------------------------------------
_12287_/Y                               0.750000    0.878667   -0.128667 (VIOLATED)
_12291_/A1                              0.750000    0.878667   -0.128667 (VIOLATED)
max_cap232/A                            0.750000    0.878667   -0.128667 (VIOLATED)
_07151_/Y                               0.750000    0.805622   -0.055622 (VIOLATED)
_07179_/B                               0.750000    0.805622   -0.055622 (VIOLATED)
_07180_/A2                              0.750000    0.805622   -0.055622 (VIOLATED)
_08754_/Y                               0.750000    0.779316   -0.029316 (VIOLATED)
_08761_/B1                              0.750000    0.779316   -0.029316 (VIOLATED)
_08764_/A1                              0.750000    0.779316   -0.029316 (VIOLATED)
max_cap238/A                            0.750000    0.779316   -0.029316 (VIOLATED)
_08888_/Y                               0.750000    0.766862   -0.016862 (VIOLATED)
_09028_/A2                              0.750000    0.766862   -0.016862 (VIOLATED)
_09029_/C1                              0.750000    0.766862   -0.016862 (VIOLATED)
_07183_/Y                               0.750000    0.751565   -0.001565 (VIOLATED)
_07327_/A2                              0.750000    0.751565   -0.001565 (VIOLATED)
_07328_/C1                              0.750000    0.751565   -0.001565 (VIOLATED)

max fanout

Pin                                   Limit Fanout  Slack
---------------------------------------------------------
fanout261/X                              10     11        (VIOLATED)
fanout333/X                              10     11        (VIOLATED)
fanout552/X                              10     11        (VIOLATED)
fanout562/X                              10     11        (VIOLATED)



===========================================================================
report_parasitic_annotation -report_unannotated
============================================================================
Found 4 unannotated drivers.
 clkload0/X
 clkload1/Y
 clkload2/Y
 clkload3/X
Found 0 partially unannotated drivers.

===========================================================================
max slew violation count 16
max fanout violation count 4
max cap violation count 0
============================================================================

===========================================================================
check_setup -verbose -unconstrained_endpoints -multiple_clock -no_clock -no_input_delay -loops -generated_clocks
===========================================================================
