Clock: clk
Sources: clk 
Generated: no
Virtual: yes
Propagated: no
Period: 10.000000

===========================================================================
report_clock_properties
============================================================================
Clock                   Period          Waveform
----------------------------------------------------
clk                  10.000000    0.000000  5.000000

===========================================================================
report_clock_latency
============================================================================
Clock clk
rise -> rise
    min     max
0.000000 0.000000 source latency
1.091910         network latency _13692_/CLK
        1.143175 network latency _13667_/CLK
---------------
1.091910 1.143175 latency
        0.051265 skew

fall -> fall
    min     max
0.000000 0.000000 source latency
0.926456         network latency _13692_/CLK
        0.967156 network latency _13667_/CLK
---------------
0.926456 0.967156 latency
        0.040700 skew



===========================================================================
report_clock_min_period
============================================================================
clk period_min = 0.00 fmax = inf
