
===========================================================================
report_checks -unconstrained
===========================================================================
======================= min_ff_n40C_1v95 Corner ===================================

Startpoint: rst_n (input port clocked by clk)
Endpoint: _13642_ (recovery check against rising-edge clock clk)
Path Group: asynchronous
Path Type: max

Fanout         Cap        Slew       Delay        Time   Description
---------------------------------------------------------------------------------------------
                                  0.000000    0.000000   clock clk (rise edge)
                                  0.000000    0.000000   clock network delay (propagated)
                                  3.000000    3.000000 ^ input external delay
     1    0.002711    0.013600    0.006992    3.006992 ^ rst_n (in)
                                                         rst_n (net)
                      0.013600    0.000000    3.006992 ^ input1/A (sky130_fd_sc_hd__buf_2)
     2    0.041183    0.153088    0.147167    3.154158 ^ input1/X (sky130_fd_sc_hd__buf_2)
                                                         net1 (net)
                      0.153341    0.005085    3.159243 ^ fanout719/A (sky130_fd_sc_hd__clkbuf_8)
     9    0.104282    0.140593    0.191923    3.351167 ^ fanout719/X (sky130_fd_sc_hd__clkbuf_8)
                                                         net719 (net)
                      0.140889    0.005224    3.356391 ^ fanout718/A (sky130_fd_sc_hd__clkbuf_4)
     8    0.061245    0.142492    0.192764    3.549155 ^ fanout718/X (sky130_fd_sc_hd__clkbuf_4)
                                                         net718 (net)
                      0.142493    0.000220    3.549376 ^ fanout716/A (sky130_fd_sc_hd__clkbuf_4)
    10    0.045145    0.108098    0.171493    3.720868 ^ fanout716/X (sky130_fd_sc_hd__clkbuf_4)
                                                         net716 (net)
                      0.108117    0.001418    3.722286 ^ _13642_/RESET_B (sky130_fd_sc_hd__dfrtp_1)
                                              3.722286   data arrival time

                                 15.000000   15.000000   clock clk (rise edge)
                                  0.000000   15.000000   clock source latency
     1    0.046750    0.160512    0.114667   15.114667 ^ clk (in)
                                                         clk (net)
                      0.161128    0.000000   15.114667 ^ clkbuf_0_clk/A (sky130_fd_sc_hd__clkbuf_16)
     8    0.152265    0.127674    0.186636   15.301304 ^ clkbuf_0_clk/X (sky130_fd_sc_hd__clkbuf_16)
                                                         clknet_0_clk (net)
                      0.127842    0.003743   15.305046 ^ clkbuf_3_6__f_clk/A (sky130_fd_sc_hd__clkbuf_16)
    10    0.031340    0.040230    0.117643   15.422689 ^ clkbuf_3_6__f_clk/X (sky130_fd_sc_hd__clkbuf_16)
                                                         clknet_3_6__leaf_clk (net)
                      0.040233    0.000540   15.423229 ^ _13642_/CLK (sky130_fd_sc_hd__dfrtp_1)
                                 -0.250000   15.173230   clock uncertainty
                                  0.000000   15.173230   clock reconvergence pessimism
                                  0.130648   15.303878   library recovery time
                                             15.303878   data required time
---------------------------------------------------------------------------------------------
                                             15.303878   data required time
                                             -3.722286   data arrival time
---------------------------------------------------------------------------------------------
                                             11.581592   slack (MET)


Startpoint: x1[0] (input port clocked by clk)
Endpoint: _13684_ (rising edge-triggered flip-flop clocked by clk)
Path Group: clk
Path Type: max

Fanout         Cap        Slew       Delay        Time   Description
---------------------------------------------------------------------------------------------
                                  0.000000    0.000000   clock clk (rise edge)
                                  0.000000    0.000000   clock network delay (propagated)
                                  3.000000    3.000000 ^ input external delay
     1    0.003486    0.016377    0.009028    3.009028 ^ x1[0] (in)
                                                         x1[0] (net)
                      0.016377    0.000000    3.009028 ^ input138/A (sky130_fd_sc_hd__clkbuf_1)
     1    0.002461    0.029356    0.046366    3.055394 ^ input138/X (sky130_fd_sc_hd__clkbuf_1)
                                                         net138 (net)
                      0.029356    0.000025    3.055419 ^ fanout597/A (sky130_fd_sc_hd__buf_2)
     5    0.048632    0.179488    0.170959    3.226378 ^ fanout597/X (sky130_fd_sc_hd__buf_2)
                                                         net597 (net)
                      0.179593    0.003570    3.229948 ^ fanout592/A (sky130_fd_sc_hd__buf_2)
     7    0.051194    0.188618    0.204662    3.434610 ^ fanout592/X (sky130_fd_sc_hd__buf_2)
                                                         net592 (net)
                      0.188746    0.004074    3.438684 ^ fanout591/A (sky130_fd_sc_hd__clkbuf_2)
     5    0.036911    0.156046    0.181226    3.619910 ^ fanout591/X (sky130_fd_sc_hd__clkbuf_2)
                                                         net591 (net)
                      0.156056    0.001049    3.620959 ^ fanout588/A (sky130_fd_sc_hd__buf_2)
    10    0.042101    0.155806    0.182243    3.803202 ^ fanout588/X (sky130_fd_sc_hd__buf_2)
                                                         net588 (net)
                      0.155832    0.001672    3.804874 ^ _10922_/A (sky130_fd_sc_hd__and3_1)
     4    0.011174    0.091044    0.148862    3.953736 ^ _10922_/X (sky130_fd_sc_hd__and3_1)
                                                         _03570_ (net)
                      0.091044    0.000052    3.953788 ^ _10925_/A_N (sky130_fd_sc_hd__and4b_1)
     3    0.008805    0.048029    0.142830    4.096617 v _10925_/X (sky130_fd_sc_hd__and4b_1)
                                                         _03573_ (net)
                      0.048029    0.000063    4.096681 v _11082_/B1_N (sky130_fd_sc_hd__o21ba_2)
     5    0.027943    0.128200    0.206318    4.302999 ^ _11082_/X (sky130_fd_sc_hd__o21ba_2)
                                                         _03745_ (net)
                      0.128200    0.000396    4.303394 ^ fanout249/A (sky130_fd_sc_hd__clkbuf_4)
    10    0.046874    0.111327    0.171066    4.474461 ^ fanout249/X (sky130_fd_sc_hd__clkbuf_4)
                                                         net249 (net)
                      0.111328    0.000311    4.474772 ^ _11083_/B (sky130_fd_sc_hd__xor2_1)
     2    0.007881    0.144909    0.142209    4.616981 ^ _11083_/X (sky130_fd_sc_hd__xor2_1)
                                                         _03746_ (net)
                      0.144909    0.000080    4.617061 ^ _11085_/B (sky130_fd_sc_hd__xor2_1)
     2    0.009860    0.170824    0.160993    4.778054 ^ _11085_/X (sky130_fd_sc_hd__xor2_1)
                                                         _03748_ (net)
                      0.170824    0.000155    4.778208 ^ _11087_/B (sky130_fd_sc_hd__xor2_1)
     2    0.008063    0.147344    0.143048    4.921257 ^ _11087_/X (sky130_fd_sc_hd__xor2_1)
                                                         _03750_ (net)
                      0.147344    0.000064    4.921320 ^ _11088_/B (sky130_fd_sc_hd__xor2_1)
     3    0.011848    0.197069    0.180131    5.101451 ^ _11088_/X (sky130_fd_sc_hd__xor2_1)
                                                         _03752_ (net)
                      0.197069    0.000153    5.101604 ^ _11092_/A (sky130_fd_sc_hd__xor2_1)
     1    0.004949    0.111084    0.113791    5.215395 ^ _11092_/X (sky130_fd_sc_hd__xor2_1)
                                                         _03756_ (net)
                      0.111084    0.000024    5.215419 ^ _11093_/B (sky130_fd_sc_hd__xnor2_1)
     2    0.007508    0.068553    0.064775    5.280194 v _11093_/Y (sky130_fd_sc_hd__xnor2_1)
                                                         _03757_ (net)
                      0.068553    0.000064    5.280259 v _11095_/B (sky130_fd_sc_hd__xnor2_1)
     2    0.007993    0.153483    0.153709    5.433968 ^ _11095_/Y (sky130_fd_sc_hd__xnor2_1)
                                                         _03759_ (net)
                      0.153483    0.000133    5.434101 ^ _11097_/B (sky130_fd_sc_hd__xnor2_1)
     2    0.008229    0.058950    0.071630    5.505731 v _11097_/Y (sky130_fd_sc_hd__xnor2_1)
                                                         _03761_ (net)
                      0.058950    0.000036    5.505767 v _11321_/A1 (sky130_fd_sc_hd__a21bo_1)
     2    0.008585    0.042607    0.131194    5.636961 v _11321_/X (sky130_fd_sc_hd__a21bo_1)
                                                         _04007_ (net)
                      0.042607    0.000111    5.637072 v _11323_/B (sky130_fd_sc_hd__xnor2_1)
     2    0.008167    0.063236    0.099007    5.736079 v _11323_/Y (sky130_fd_sc_hd__xnor2_1)
                                                         _04009_ (net)
                      0.063236    0.000065    5.736144 v _11458_/A2 (sky130_fd_sc_hd__a21boi_1)
     2    0.008858    0.154903    0.163296    5.899439 ^ _11458_/Y (sky130_fd_sc_hd__a21boi_1)
                                                         _04157_ (net)
                      0.154903    0.000095    5.899534 ^ _11460_/B (sky130_fd_sc_hd__xor2_1)
     2    0.007814    0.144062    0.141032    6.040565 ^ _11460_/X (sky130_fd_sc_hd__xor2_1)
                                                         _04159_ (net)
                      0.144062    0.000075    6.040640 ^ _11461_/B (sky130_fd_sc_hd__xor2_1)
     2    0.011832    0.196740    0.180007    6.220647 ^ _11461_/X (sky130_fd_sc_hd__xor2_1)
                                                         _04160_ (net)
                      0.196740    0.000292    6.220939 ^ _11462_/C (sky130_fd_sc_hd__or3_2)
     3    0.017501    0.071511    0.134217    6.355155 ^ _11462_/X (sky130_fd_sc_hd__or3_2)
                                                         _04161_ (net)
                      0.071513    0.000508    6.355664 ^ _11589_/C_N (sky130_fd_sc_hd__nor3b_1)
     2    0.008827    0.222803    0.205156    6.560820 ^ _11589_/Y (sky130_fd_sc_hd__nor3b_1)
                                                         _04299_ (net)
                      0.222803    0.000181    6.561001 ^ _11591_/D_N (sky130_fd_sc_hd__or4bb_4)
     2    0.011540    0.067352    0.291539    6.852540 v _11591_/X (sky130_fd_sc_hd__or4bb_4)
                                                         _04301_ (net)
                      0.067352    0.000127    6.852667 v _11593_/A1 (sky130_fd_sc_hd__a31oi_4)
     4    0.034543    0.234254    0.203805    7.056471 ^ _11593_/Y (sky130_fd_sc_hd__a31oi_4)
                                                         _04303_ (net)
                      0.234304    0.002600    7.059072 ^ _11813_/A3 (sky130_fd_sc_hd__o311a_4)
     3    0.014909    0.049454    0.128372    7.187443 ^ _11813_/X (sky130_fd_sc_hd__o311a_4)
                                                         _04543_ (net)
                      0.049454    0.000241    7.187684 ^ _11886_/A2 (sky130_fd_sc_hd__o31a_1)
     1    0.008697    0.075532    0.112010    7.299694 ^ _11886_/X (sky130_fd_sc_hd__o31a_1)
                                                         _04621_ (net)
                      0.075532    0.000172    7.299865 ^ _11922_/A (sky130_fd_sc_hd__xnor2_1)
     1    0.002611    0.033241    0.043775    7.343641 v _11922_/Y (sky130_fd_sc_hd__xnor2_1)
                                                         _00019_ (net)
                      0.033241    0.000024    7.343664 v _13684_/D (sky130_fd_sc_hd__dfrtp_1)
                                              7.343664   data arrival time

                                 15.000000   15.000000   clock clk (rise edge)
                                  0.000000   15.000000   clock source latency
     1    0.046750    0.160512    0.114667   15.114667 ^ clk (in)
                                                         clk (net)
                      0.161128    0.000000   15.114667 ^ clkbuf_0_clk/A (sky130_fd_sc_hd__clkbuf_16)
     8    0.152265    0.127674    0.186636   15.301304 ^ clkbuf_0_clk/X (sky130_fd_sc_hd__clkbuf_16)
                                                         clknet_0_clk (net)
                      0.127947    0.004736   15.306040 ^ clkbuf_3_0__f_clk/A (sky130_fd_sc_hd__clkbuf_16)
     9    0.057743    0.058706    0.131356   15.437396 ^ clkbuf_3_0__f_clk/X (sky130_fd_sc_hd__clkbuf_16)
                                                         clknet_3_0__leaf_clk (net)
                      0.059044    0.003480   15.440876 ^ _13684_/CLK (sky130_fd_sc_hd__dfrtp_1)
                                 -0.250000   15.190877   clock uncertainty
                                  0.000000   15.190877   clock reconvergence pessimism
                                 -0.070285   15.120591   library setup time
                                             15.120591   data required time
---------------------------------------------------------------------------------------------
                                             15.120591   data required time
                                             -7.343664   data arrival time
---------------------------------------------------------------------------------------------
                                              7.776928   slack (MET)




===========================================================================
report_checks --slack_max -0.01
============================================================================
======================= min_ff_n40C_1v95 Corner ===================================

No paths found.


===========================================================================
 report_check_types -max_slew -max_cap -max_fanout -violators
============================================================================
======================= min_ff_n40C_1v95 Corner ===================================

max fanout

Pin                                   Limit Fanout  Slack
---------------------------------------------------------
fanout261/X                              10     11        (VIOLATED)
fanout333/X                              10     11        (VIOLATED)
fanout448/X                              10     11        (VIOLATED)
fanout552/X                              10     11        (VIOLATED)



===========================================================================
report_parasitic_annotation -report_unannotated
============================================================================
Found 4 unannotated drivers.
 clkload0/X
 clkload1/Y
 clkload2/Y
 clkload3/X
Found 0 partially unannotated drivers.

===========================================================================
max slew violation count 0
max fanout violation count 4
max cap violation count 0
============================================================================

===========================================================================
check_setup -verbose -unconstrained_endpoints -multiple_clock -no_clock -no_input_delay -loops -generated_clocks
===========================================================================
