Clock: clk
Sources: clk 
Generated: no
Virtual: yes
Propagated: no
Period: 15.000000

===========================================================================
report_clock_properties
============================================================================
Clock                   Period          Waveform
----------------------------------------------------
clk                  15.000000    0.000000  7.500000

===========================================================================
report_clock_latency
============================================================================
Clock clk
rise -> rise
    min     max
0.000000 0.000000 source latency
0.423229         network latency _13646_/CLK
        0.442483 network latency _13667_/CLK
---------------
0.423229 0.442483 latency
        0.019254 skew

fall -> fall
    min     max
0.000000 0.000000 source latency
0.345755         network latency _13646_/CLK
        0.359628 network latency _13667_/CLK
---------------
0.345755 0.359628 latency
        0.013873 skew



===========================================================================
report_clock_min_period
============================================================================
clk period_min = 0.00 fmax = inf
