
===========================================================================
 report_power
============================================================================
======================= min_ff_n40C_1v95 Corner ===================================

Group                    Internal    Switching      Leakage        Total
                            Power        Power        Power        Power (Watts)
------------------------------------------------------------------------
Sequential           8.435543e-04 3.417883e-05 9.347372e-10 8.777340e-04   2.4%
Combinational        1.590526e-02 1.999637e-02 4.598426e-08 3.590167e-02  96.8%
Clock                1.736542e-04 1.316590e-04 1.653974e-08 3.053298e-04   0.8%
Macro                0.000000e+00 0.000000e+00 0.000000e+00 0.000000e+00   0.0%
Pad                  0.000000e+00 0.000000e+00 0.000000e+00 0.000000e+00   0.0%
------------------------------------------------------------------------
Total                1.692247e-02 2.016221e-02 6.345831e-08 3.708474e-02 100.0%
                            45.6%        54.4%         0.0%

