
===========================================================================
report_checks -unconstrained
===========================================================================
======================= nom_tt_025C_1v80 Corner ===================================

Startpoint: rst_n (input port clocked by clk)
Endpoint: _13685_ (recovery check against rising-edge clock clk)
Path Group: asynchronous
Path Type: max

Fanout         Cap        Slew       Delay        Time   Description
---------------------------------------------------------------------------------------------
                                  0.000000    0.000000   clock clk (rise edge)
                                  0.000000    0.000000   clock network delay (propagated)
                                  3.000000    3.000000 ^ input external delay
     1    0.002622    0.018973    0.009674    3.009674 ^ rst_n (in)
                                                         rst_n (net)
                      0.018973    0.000000    3.009674 ^ input1/A (sky130_fd_sc_hd__buf_2)
     2    0.028245    0.142164    0.167757    3.177431 ^ input1/X (sky130_fd_sc_hd__buf_2)
                                                         net1 (net)
                      0.142164    0.000096    3.177527 ^ fanout715/A (sky130_fd_sc_hd__buf_4)
     9    0.056926    0.161075    0.232335    3.409862 ^ fanout715/X (sky130_fd_sc_hd__buf_4)
                                                         net715 (net)
                      0.161080    0.001152    3.411014 ^ fanout714/A (sky130_fd_sc_hd__clkbuf_4)
     8    0.045860    0.145243    0.250233    3.661247 ^ fanout714/X (sky130_fd_sc_hd__clkbuf_4)
                                                         net714 (net)
                      0.145273    0.002120    3.663366 ^ fanout713/A (sky130_fd_sc_hd__clkbuf_4)
    10    0.045739    0.144614    0.245411    3.908777 ^ fanout713/X (sky130_fd_sc_hd__clkbuf_4)
                                                         net713 (net)
                      0.144616    0.000788    3.909565 ^ _13685_/RESET_B (sky130_fd_sc_hd__dfrtp_1)
                                              3.909565   data arrival time

                                 15.000000   15.000000   clock clk (rise edge)
                                  0.000000   15.000000   clock source latency
     1    0.033907    0.157933    0.110607   15.110606 ^ clk (in)
                                                         clk (net)
                      0.158022    0.000000   15.110606 ^ clkbuf_0_clk/A (sky130_fd_sc_hd__clkbuf_16)
     8    0.111732    0.125451    0.232980   15.343586 ^ clkbuf_0_clk/X (sky130_fd_sc_hd__clkbuf_16)
                                                         clknet_0_clk (net)
                      0.125477    0.001881   15.345468 ^ clkbuf_3_3__f_clk/A (sky130_fd_sc_hd__clkbuf_16)
    10    0.028462    0.049875    0.162652   15.508120 ^ clkbuf_3_3__f_clk/X (sky130_fd_sc_hd__clkbuf_16)
                                                         clknet_3_3__leaf_clk (net)
                      0.049876    0.000455   15.508574 ^ _13685_/CLK (sky130_fd_sc_hd__dfrtp_1)
                                 -0.250000   15.258575   clock uncertainty
                                  0.000000   15.258575   clock reconvergence pessimism
                                  0.206057   15.464633   library recovery time
                                             15.464633   data required time
---------------------------------------------------------------------------------------------
                                             15.464633   data required time
                                             -3.909565   data arrival time
---------------------------------------------------------------------------------------------
                                             11.555068   slack (MET)


Startpoint: x0[1] (input port clocked by clk)
Endpoint: _13667_ (rising edge-triggered flip-flop clocked by clk)
Path Group: clk
Path Type: max

Fanout         Cap        Slew       Delay        Time   Description
---------------------------------------------------------------------------------------------
                                  0.000000    0.000000   clock clk (rise edge)
                                  0.000000    0.000000   clock network delay (propagated)
                                  3.000000    3.000000 ^ input external delay
     1    0.003118    0.021104    0.011410    3.011410 ^ x0[1] (in)
                                                         x0[1] (net)
                      0.021104    0.000000    3.011410 ^ input131/A (sky130_fd_sc_hd__buf_1)
     1    0.008852    0.111632    0.120419    3.131829 ^ input131/X (sky130_fd_sc_hd__buf_1)
                                                         net131 (net)
                      0.111633    0.000254    3.132083 ^ fanout649/A (sky130_fd_sc_hd__buf_2)
     6    0.029688    0.149111    0.207574    3.339657 ^ fanout649/X (sky130_fd_sc_hd__buf_2)
                                                         net649 (net)
                      0.149113    0.000836    3.340493 ^ fanout648/A (sky130_fd_sc_hd__clkbuf_4)
     8    0.044730    0.142101    0.243599    3.584092 ^ fanout648/X (sky130_fd_sc_hd__clkbuf_4)
                                                         net648 (net)
                      0.142101    0.000107    3.584199 ^ fanout647/A (sky130_fd_sc_hd__clkbuf_2)
     6    0.022196    0.126333    0.196696    3.780896 ^ fanout647/X (sky130_fd_sc_hd__clkbuf_2)
                                                         net647 (net)
                      0.126333    0.000524    3.781420 ^ fanout646/A (sky130_fd_sc_hd__buf_2)
    10    0.033230    0.165660    0.224566    4.005986 ^ fanout646/X (sky130_fd_sc_hd__buf_2)
                                                         net646 (net)
                      0.165660    0.000276    4.006262 ^ _08856_/A1 (sky130_fd_sc_hd__a22oi_2)
     3    0.006713    0.072350    0.109218    4.115480 v _08856_/Y (sky130_fd_sc_hd__a22oi_2)
                                                         _01322_ (net)
                      0.072350    0.000010    4.115490 v _08857_/C (sky130_fd_sc_hd__or3_1)
     2    0.005145    0.080611    0.329049    4.444539 v _08857_/X (sky130_fd_sc_hd__or3_1)
                                                         _01323_ (net)
                      0.080611    0.000010    4.444549 v _08861_/A1 (sky130_fd_sc_hd__a21o_1)
     3    0.007844    0.054885    0.188270    4.632819 v _08861_/X (sky130_fd_sc_hd__a21o_1)
                                                         _01327_ (net)
                      0.054885    0.000026    4.632845 v _08863_/A2 (sky130_fd_sc_hd__a21o_1)
     3    0.006932    0.051804    0.195204    4.828049 v _08863_/X (sky130_fd_sc_hd__a21o_1)
                                                         _01329_ (net)
                      0.051804    0.000017    4.828066 v _08865_/B (sky130_fd_sc_hd__and3_1)
     2    0.004151    0.044128    0.168637    4.996703 v _08865_/X (sky130_fd_sc_hd__and3_1)
                                                         _01331_ (net)
                      0.044128    0.000007    4.996710 v _08868_/B (sky130_fd_sc_hd__or3_2)
     4    0.013060    0.110534    0.498834    5.495544 v _08868_/X (sky130_fd_sc_hd__or3_2)
                                                         _01334_ (net)
                      0.110534    0.000059    5.495603 v _08871_/A (sky130_fd_sc_hd__and3_1)
     4    0.014210    0.084427    0.217240    5.712843 v _08871_/X (sky130_fd_sc_hd__and3_1)
                                                         _01337_ (net)
                      0.084427    0.000059    5.712903 v _08873_/B (sky130_fd_sc_hd__nor3_2)
     4    0.016653    0.324319    0.308388    6.021291 ^ _08873_/Y (sky130_fd_sc_hd__nor3_2)
                                                         _01339_ (net)
                      0.324319    0.000089    6.021379 ^ _08875_/B1 (sky130_fd_sc_hd__a211oi_2)
     5    0.013580    0.099757    0.122023    6.143403 v _08875_/Y (sky130_fd_sc_hd__a211oi_2)
                                                         _01341_ (net)
                      0.099757    0.000047    6.143450 v _08878_/B (sky130_fd_sc_hd__or3_1)
     2    0.005194    0.080881    0.376507    6.519957 v _08878_/X (sky130_fd_sc_hd__or3_1)
                                                         _01345_ (net)
                      0.080881    0.000010    6.519968 v _08880_/B1 (sky130_fd_sc_hd__o211a_1)
     4    0.012297    0.079262    0.179015    6.698983 v _08880_/X (sky130_fd_sc_hd__o211a_1)
                                                         _01347_ (net)
                      0.079262    0.000115    6.699098 v _08884_/C (sky130_fd_sc_hd__or4_1)
     2    0.007040    0.114066    0.511649    7.210747 v _08884_/X (sky130_fd_sc_hd__or4_1)
                                                         _01351_ (net)
                      0.114066    0.000015    7.210762 v _09024_/A2 (sky130_fd_sc_hd__a211o_1)
     4    0.011461    0.088631    0.359365    7.570126 v _09024_/X (sky130_fd_sc_hd__a211o_1)
                                                         _01504_ (net)
                      0.088631    0.000033    7.570159 v _09027_/A1 (sky130_fd_sc_hd__a211o_1)
     2    0.007038    0.069413    0.291555    7.861714 v _09027_/X (sky130_fd_sc_hd__a211o_1)
                                                         _01507_ (net)
                      0.069413    0.000010    7.861724 v _09029_/A2 (sky130_fd_sc_hd__a211o_1)
     2    0.004345    0.054901    0.303270    8.164994 v _09029_/X (sky130_fd_sc_hd__a211o_1)
                                                         _01510_ (net)
                      0.054901    0.000022    8.165016 v _09031_/B2 (sky130_fd_sc_hd__a2bb2o_1)
     2    0.004894    0.062568    0.256226    8.421243 v _09031_/X (sky130_fd_sc_hd__a2bb2o_1)
                                                         _01512_ (net)
                      0.062568    0.000013    8.421256 v _09191_/A1 (sky130_fd_sc_hd__a21o_1)
     2    0.010732    0.065351    0.192684    8.613940 v _09191_/X (sky130_fd_sc_hd__a21o_1)
                                                         _01686_ (net)
                      0.065351    0.000116    8.614057 v _09351_/A2 (sky130_fd_sc_hd__a21oi_2)
     4    0.013978    0.192257    0.216607    8.830664 ^ _09351_/Y (sky130_fd_sc_hd__a21oi_2)
                                                         _01861_ (net)
                      0.192257    0.000120    8.830784 ^ _09892_/B (sky130_fd_sc_hd__nor4_1)
     1    0.002902    0.058642    0.081976    8.912760 v _09892_/Y (sky130_fd_sc_hd__nor4_1)
                                                         _02450_ (net)
                      0.058642    0.000009    8.912768 v wire230/A (sky130_fd_sc_hd__clkbuf_1)
     2    0.005260    0.039441    0.105133    9.017901 v wire230/X (sky130_fd_sc_hd__clkbuf_1)
                                                         net230 (net)
                      0.039441    0.000028    9.017929 v _09896_/A2 (sky130_fd_sc_hd__o31a_1)
     3    0.012666    0.089230    0.319265    9.337193 v _09896_/X (sky130_fd_sc_hd__o31a_1)
                                                         _02454_ (net)
                      0.089230    0.000212    9.337406 v _10105_/A2 (sky130_fd_sc_hd__o31a_1)
     3    0.014375    0.096521    0.345091    9.682497 v _10105_/X (sky130_fd_sc_hd__o31a_1)
                                                         _02682_ (net)
                      0.096521    0.000250    9.682747 v _10178_/A2 (sky130_fd_sc_hd__a31o_1)
     1    0.005545    0.049002    0.234615    9.917361 v _10178_/X (sky130_fd_sc_hd__a31o_1)
                                                         _02761_ (net)
                      0.049002    0.000030    9.917392 v _10209_/A (sky130_fd_sc_hd__xnor2_1)
     1    0.002217    0.044223    0.116914   10.034306 v _10209_/Y (sky130_fd_sc_hd__xnor2_1)
                                                         _00061_ (net)
                      0.044223    0.000004   10.034308 v _13667_/D (sky130_fd_sc_hd__dfrtp_1)
                                             10.034308   data arrival time

                                 15.000000   15.000000   clock clk (rise edge)
                                  0.000000   15.000000   clock source latency
     1    0.033907    0.157933    0.110607   15.110606 ^ clk (in)
                                                         clk (net)
                      0.158022    0.000000   15.110606 ^ clkbuf_0_clk/A (sky130_fd_sc_hd__clkbuf_16)
     8    0.111732    0.125451    0.232980   15.343586 ^ clkbuf_0_clk/X (sky130_fd_sc_hd__clkbuf_16)
                                                         clknet_0_clk (net)
                      0.125615    0.002844   15.346431 ^ clkbuf_3_5__f_clk/A (sky130_fd_sc_hd__clkbuf_16)
     9    0.044311    0.063721    0.174341   15.520771 ^ clkbuf_3_5__f_clk/X (sky130_fd_sc_hd__clkbuf_16)
                                                         clknet_3_5__leaf_clk (net)
                      0.063751    0.001242   15.522013 ^ _13667_/CLK (sky130_fd_sc_hd__dfrtp_1)
                                 -0.250000   15.272014   clock uncertainty
                                  0.000000   15.272014   clock reconvergence pessimism
                                 -0.109645   15.162370   library setup time
                                             15.162370   data required time
---------------------------------------------------------------------------------------------
                                             15.162370   data required time
                                            -10.034308   data arrival time
---------------------------------------------------------------------------------------------
                                              5.128061   slack (MET)




===========================================================================
report_checks --slack_max -0.01
============================================================================
======================= nom_tt_025C_1v80 Corner ===================================

No paths found.


===========================================================================
 report_check_types -max_slew -max_cap -max_fanout -violators
============================================================================
======================= nom_tt_025C_1v80 Corner ===================================



===========================================================================
report_parasitic_annotation -report_unannotated
============================================================================
Found 4 unannotated drivers.
 clkload0/X
 clkload1/Y
 clkload2/Y
 clkload3/X
Found 0 partially unannotated drivers.

===========================================================================
max slew violation count 0
Writing metric design__max_slew_violation__count__corner:nom_tt_025C_1v80: 0
max fanout violation count 0
Writing metric design__max_fanout_violation__count__corner:nom_tt_025C_1v80: 0
max cap violation count 0
Writing metric design__max_cap_violation__count__corner:nom_tt_025C_1v80: 0
============================================================================

===========================================================================
check_setup -verbose -unconstrained_endpoints -multiple_clock -no_clock -no_input_delay -loops -generated_clocks
===========================================================================
