Clock: clk
Sources: clk 
Generated: no
Virtual: yes
Propagated: no
Period: 15.000000

===========================================================================
report_clock_properties
============================================================================
Clock                   Period          Waveform
----------------------------------------------------
clk                  15.000000    0.000000  7.500000

===========================================================================
report_clock_latency
============================================================================
Clock clk
rise -> rise
    min     max
0.000000 0.000000 source latency
0.508261         network latency _13692_/CLK
        0.522013 network latency _13667_/CLK
---------------
0.508261 0.522013 latency
        0.013752 skew

fall -> fall
    min     max
0.000000 0.000000 source latency
0.433733         network latency _13692_/CLK
        0.444492 network latency _13667_/CLK
---------------
0.433733 0.444492 latency
        0.010759 skew



===========================================================================
report_clock_min_period
============================================================================
clk period_min = 0.00 fmax = inf
