
===========================================================================
 report_power
============================================================================
======================= nom_tt_025C_1v80 Corner ===================================

Group                    Internal    Switching      Leakage        Total
                            Power        Power        Power        Power (Watts)
------------------------------------------------------------------------
Sequential           7.236824e-04 2.245182e-05 7.769226e-10 7.461350e-04   2.5%
Combinational        1.409016e-02 1.453402e-02 2.584569e-08 2.862421e-02  96.7%
Clock                1.515337e-04 8.536662e-05 1.054284e-09 2.369014e-04   0.8%
Macro                0.000000e+00 0.000000e+00 0.000000e+00 0.000000e+00   0.0%
Pad                  0.000000e+00 0.000000e+00 0.000000e+00 0.000000e+00   0.0%
------------------------------------------------------------------------
Total                1.496538e-02 1.464184e-02 2.767691e-08 2.960725e-02 100.0%
                            50.5%        49.5%         0.0%
Writing metric power__internal__total: 0.014965382404625416
Writing metric power__switching__total: 0.014641835354268551
Writing metric power__leakage__total: 2.767691498206659e-8
Writing metric power__total: 0.029607245698571205

