Reading OpenROAD database at '/mnt/c/Users/vanis/Desktop/HW4AI_Course/HW4AI_Course/codefest/cf07/hdl/runs/RUN_2026-05-18_05-15-06/41-openroad-repairantennas/1-diodeinsertion/synth_top.odb'…
Reading library file at '/home/vanisri/.volare/volare/sky130/versions/0fe599b2afb6708d281543108caf8310912f54af/sky130A/libs.ref/sky130_fd_sc_hd/lib/sky130_fd_sc_hd__tt_025C_1v80.lib'…
Reading design constraints file at '/nix/store/ss2cw3sxbrwwx9jl0rrppbw4kgcmgi2n-python3-3.11.9-env/lib/python3.11/site-packages/openlane/scripts/base.sdc'…
[INFO] Using clock clk…
[INFO] Setting output delay to: 2
[INFO] Setting input delay to: 2
[INFO] Setting load to: 0.033442
[INFO] Setting clock uncertainty to: 0.25
[INFO] Setting clock transition to: 0.1499999999999999944488848768742172978818416595458984375
[INFO] Setting timing derate to: 5%
[INFO ORD-0030] Using 14 thread(s).
[INFO DRT-0149] Reading tech and libs.
[WARNING DRT-0349] LEF58_ENCLOSURE with no CUTCLASS is not supported. Skipping for layer mcon
[WARNING DRT-0349] LEF58_ENCLOSURE with no CUTCLASS is not supported. Skipping for layer mcon
[WARNING DRT-0349] LEF58_ENCLOSURE with no CUTCLASS is not supported. Skipping for layer via
[WARNING DRT-0349] LEF58_ENCLOSURE with no CUTCLASS is not supported. Skipping for layer via
[WARNING DRT-0349] LEF58_ENCLOSURE with no CUTCLASS is not supported. Skipping for layer via2
[WARNING DRT-0349] LEF58_ENCLOSURE with no CUTCLASS is not supported. Skipping for layer via2
[WARNING DRT-0349] LEF58_ENCLOSURE with no CUTCLASS is not supported. Skipping for layer via3
[WARNING DRT-0349] LEF58_ENCLOSURE with no CUTCLASS is not supported. Skipping for layer via3
[WARNING DRT-0349] LEF58_ENCLOSURE with no CUTCLASS is not supported. Skipping for layer via4
[WARNING DRT-0349] LEF58_ENCLOSURE with no CUTCLASS is not supported. Skipping for layer via4

Units:                1000
Number of layers:     13
Number of macros:     441
Number of vias:       29
Number of viarulegen: 25

[INFO DRT-0150] Reading design.

Design:                   synth_top
Die area:                 ( 0 0 ) ( 391775 402495 )
Number of track patterns: 12
Number of DEF vias:       0
Number of components:     10077
Number of terminals:      232
Number of snets:          2
Number of nets:           7892

[INFO DRT-0167] List of default vias:
  Layer via
    default via: M1M2_PR
  Layer via2
    default via: M2M3_PR
  Layer via3
    default via: M3M4_PR
  Layer via4
    default via: M4M5_PR
[INFO DRT-0162] Library cell analysis.
[INFO DRT-0163] Instance analysis.
[INFO DRT-0164] Number of unique instances = 418.
[INFO DRT-0168] Init region query.
[INFO DRT-0024]   Complete FR_MASTERSLICE.
[INFO DRT-0024]   Complete licon.
[INFO DRT-0024]   Complete li1.
[INFO DRT-0024]   Complete mcon.
[INFO DRT-0024]   Complete met1.
[INFO DRT-0024]   Complete via.
[INFO DRT-0024]   Complete met2.
[INFO DRT-0024]   Complete via2.
[INFO DRT-0024]   Complete met3.
[INFO DRT-0024]   Complete via3.
[INFO DRT-0024]   Complete met4.
[INFO DRT-0024]   Complete via4.
[INFO DRT-0024]   Complete met5.
[INFO DRT-0033] FR_MASTERSLICE shape region query size = 0.
[INFO DRT-0033] licon shape region query size = 0.
[INFO DRT-0033] li1 shape region query size = 225496.
[INFO DRT-0033] mcon shape region query size = 0.
[INFO DRT-0033] met1 shape region query size = 22753.
[INFO DRT-0033] via shape region query size = 2100.
[INFO DRT-0033] met2 shape region query size = 1388.
[INFO DRT-0033] via2 shape region query size = 1680.
[INFO DRT-0033] met3 shape region query size = 1362.
[INFO DRT-0033] via3 shape region query size = 1680.
[INFO DRT-0033] met4 shape region query size = 450.
[INFO DRT-0033] via4 shape region query size = 18.
[INFO DRT-0033] met5 shape region query size = 30.
[INFO DRT-0165] Start pin access.
[INFO DRT-0076]   Complete 1000 pins.
[INFO DRT-0078]   Complete 1608 pins.
[INFO DRT-0079]   Complete 100 unique inst patterns.
[INFO DRT-0079]   Complete 200 unique inst patterns.
[INFO DRT-0079]   Complete 300 unique inst patterns.
[INFO DRT-0079]   Complete 400 unique inst patterns.
[INFO DRT-0081]   Complete 412 unique inst patterns.
[INFO DRT-0084]   Complete 4489 groups.
#scanned instances     = 10077
#unique  instances     = 418
#stdCellGenAp          = 12188
#stdCellValidPlanarAp  = 76
#stdCellValidViaAp     = 9171
#stdCellPinNoAp        = 0
#stdCellPinCnt         = 26368
#instTermValidViaApCnt = 0
#macroGenAp            = 0
#macroValidPlanarAp    = 0
#macroValidViaAp       = 0
#macroNoAp             = 0
[INFO DRT-0166] Complete pin access.
[INFO DRT-0267] cpu time = 00:01:51, elapsed time = 00:00:08, memory = 191.34 (MB), peak = 191.34 (MB)

[INFO DRT-0157] Number of guides:     48867

[INFO DRT-0169] Post process guides.
[INFO DRT-0176] GCELLGRID X 0 DO 56 STEP 6900 ;
[INFO DRT-0177] GCELLGRID Y 0 DO 58 STEP 6900 ;
[INFO DRT-0028]   Complete FR_MASTERSLICE.
[INFO DRT-0028]   Complete licon.
[INFO DRT-0028]   Complete li1.
[INFO DRT-0028]   Complete mcon.
[INFO DRT-0028]   Complete met1.
[INFO DRT-0028]   Complete via.
[INFO DRT-0028]   Complete met2.
[INFO DRT-0028]   Complete via2.
[INFO DRT-0028]   Complete met3.
[INFO DRT-0028]   Complete via3.
[INFO DRT-0028]   Complete met4.
[INFO DRT-0028]   Complete via4.
[INFO DRT-0028]   Complete met5.
[INFO DRT-0178] Init guide query.
[INFO DRT-0035]   Complete FR_MASTERSLICE (guide).
[INFO DRT-0035]   Complete licon (guide).
[INFO DRT-0035]   Complete li1 (guide).
[INFO DRT-0035]   Complete mcon (guide).
[INFO DRT-0035]   Complete met1 (guide).
[INFO DRT-0035]   Complete via (guide).
[INFO DRT-0035]   Complete met2 (guide).
[INFO DRT-0035]   Complete via2 (guide).
[INFO DRT-0035]   Complete met3 (guide).
[INFO DRT-0035]   Complete via3 (guide).
[INFO DRT-0035]   Complete met4 (guide).
[INFO DRT-0035]   Complete via4 (guide).
[INFO DRT-0035]   Complete met5 (guide).
[INFO DRT-0036] FR_MASTERSLICE guide region query size = 0.
[INFO DRT-0036] licon guide region query size = 0.
[INFO DRT-0036] li1 guide region query size = 18774.
[INFO DRT-0036] mcon guide region query size = 0.
[INFO DRT-0036] met1 guide region query size = 13448.
[INFO DRT-0036] via guide region query size = 0.
[INFO DRT-0036] met2 guide region query size = 5778.
[INFO DRT-0036] via2 guide region query size = 0.
[INFO DRT-0036] met3 guide region query size = 511.
[INFO DRT-0036] via3 guide region query size = 0.
[INFO DRT-0036] met4 guide region query size = 48.
[INFO DRT-0036] via4 guide region query size = 0.
[INFO DRT-0036] met5 guide region query size = 3.
[INFO DRT-0179] Init gr pin query.
[INFO DRT-0245] skipped writing guide updates to database.
[INFO DRT-0185] Post process initialize RPin region query.
[INFO DRT-0181] Start track assignment.
[INFO DRT-0184] Done with 24600 vertical wires in 2 frboxes and 13962 horizontal wires in 2 frboxes.
[INFO DRT-0186] Done with 1536 vertical wires in 2 frboxes and 4452 horizontal wires in 2 frboxes.
[INFO DRT-0182] Complete track assignment.
[INFO DRT-0267] cpu time = 00:00:07, elapsed time = 00:00:01, memory = 263.34 (MB), peak = 263.34 (MB)
[INFO DRT-0187] Start routing data preparation.
[INFO DRT-0267] cpu time = 00:00:00, elapsed time = 00:00:00, memory = 265.84 (MB), peak = 265.84 (MB)
[INFO DRT-0194] Start detail routing.
[INFO DRT-0195] Start 0th optimization iteration.
    Completing 10% with 0 violations.
    elapsed time = 00:00:00, memory = 608.43 (MB).
    Completing 20% with 0 violations.
    elapsed time = 00:00:03, memory = 556.95 (MB).
    Completing 30% with 754 violations.
    elapsed time = 00:00:05, memory = 754.37 (MB).
    Completing 40% with 754 violations.
    elapsed time = 00:00:08, memory = 734.06 (MB).
    Completing 50% with 754 violations.
    elapsed time = 00:00:10, memory = 545.94 (MB).
    Completing 60% with 1557 violations.
    elapsed time = 00:00:11, memory = 797.69 (MB).
    Completing 70% with 1557 violations.
    elapsed time = 00:00:14, memory = 839.19 (MB).
    Completing 80% with 2394 violations.
    elapsed time = 00:00:18, memory = 1016.94 (MB).
    Completing 90% with 2394 violations.
    elapsed time = 00:00:20, memory = 1029.19 (MB).
    Completing 100% with 3294 violations.
    elapsed time = 00:00:24, memory = 967.74 (MB).
[INFO DRT-0199]   Number of violations = 3523.
Viol/Layer         li1   mcon   met1   met2   met3   met4
Cut Spacing          0      7      0      0      0      0
Metal Spacing       94      0    644     81     33      1
Min Hole             0      0      4      0      0      0
Recheck              2      0    160     65      2      0
Short                0      0   2361     69      0      0
[INFO DRT-0267] cpu time = 00:03:30, elapsed time = 00:00:24, memory = 1240.86 (MB), peak = 1240.86 (MB)
Total wire length = 204206 um.
Total wire length on LAYER li1 = 0 um.
Total wire length on LAYER met1 = 107300 um.
Total wire length on LAYER met2 = 76421 um.
Total wire length on LAYER met3 = 16728 um.
Total wire length on LAYER met4 = 3393 um.
Total wire length on LAYER met5 = 361 um.
Total number of vias = 51684.
Up-via summary (total 51684):

------------------------
 FR_MASTERSLICE        0
            li1    26261
           met1    24296
           met2     1038
           met3       83
           met4        6
------------------------
                   51684


[INFO DRT-0195] Start 1st optimization iteration.
    Completing 10% with 3523 violations.
    elapsed time = 00:00:00, memory = 1273.74 (MB).
    Completing 20% with 3523 violations.
    elapsed time = 00:00:02, memory = 1282.24 (MB).
    Completing 30% with 3523 violations.
    elapsed time = 00:00:05, memory = 1250.88 (MB).
    Completing 40% with 3206 violations.
    elapsed time = 00:00:05, memory = 1252.88 (MB).
    Completing 50% with 3206 violations.
    elapsed time = 00:00:09, memory = 1260.25 (MB).
    Completing 60% with 2911 violations.
    elapsed time = 00:00:09, memory = 1328.50 (MB).
    Completing 70% with 2911 violations.
    elapsed time = 00:00:12, memory = 1360.50 (MB).
    Completing 80% with 2911 violations.
    elapsed time = 00:00:15, memory = 1260.39 (MB).
    Completing 90% with 2519 violations.
    elapsed time = 00:00:19, memory = 1342.51 (MB).
    Completing 100% with 2076 violations.
    elapsed time = 00:00:21, memory = 1278.23 (MB).
[INFO DRT-0199]   Number of violations = 2076.
Viol/Layer        mcon   met1   met2   met3
Cut Spacing          6      0      0      0
Metal Spacing        0    375     24     13
Short                0   1633     25      0
[INFO DRT-0267] cpu time = 00:03:15, elapsed time = 00:00:21, memory = 1281.23 (MB), peak = 1360.50 (MB)
Total wire length = 203125 um.
Total wire length on LAYER li1 = 0 um.
Total wire length on LAYER met1 = 106632 um.
Total wire length on LAYER met2 = 75912 um.
Total wire length on LAYER met3 = 16835 um.
Total wire length on LAYER met4 = 3383 um.
Total wire length on LAYER met5 = 361 um.
Total number of vias = 51541.
Up-via summary (total 51541):

------------------------
 FR_MASTERSLICE        0
            li1    26235
           met1    24138
           met2     1080
           met3       82
           met4        6
------------------------
                   51541


[INFO DRT-0195] Start 2nd optimization iteration.
    Completing 10% with 2076 violations.
    elapsed time = 00:00:00, memory = 1281.23 (MB).
    Completing 20% with 2076 violations.
    elapsed time = 00:00:02, memory = 1282.73 (MB).
    Completing 30% with 2076 violations.
    elapsed time = 00:00:04, memory = 1282.73 (MB).
    Completing 40% with 1961 violations.
    elapsed time = 00:00:05, memory = 1282.86 (MB).
    Completing 50% with 1961 violations.
    elapsed time = 00:00:08, memory = 1282.86 (MB).
    Completing 60% with 1956 violations.
    elapsed time = 00:00:09, memory = 1282.86 (MB).
    Completing 70% with 1956 violations.
    elapsed time = 00:00:12, memory = 1332.36 (MB).
    Completing 80% with 1956 violations.
    elapsed time = 00:00:15, memory = 1297.03 (MB).
    Completing 90% with 1910 violations.
    elapsed time = 00:00:18, memory = 1362.90 (MB).
    Completing 100% with 1746 violations.
    elapsed time = 00:00:20, memory = 1297.12 (MB).
[INFO DRT-0199]   Number of violations = 1746.
Viol/Layer        mcon   met1   met2
Cut Spacing         10      0      0
Metal Spacing        0    341     21
Min Hole             0      2      0
Short                0   1353     19
[INFO DRT-0267] cpu time = 00:03:07, elapsed time = 00:00:21, memory = 1297.12 (MB), peak = 1362.90 (MB)
Total wire length = 202681 um.
Total wire length on LAYER li1 = 0 um.
Total wire length on LAYER met1 = 106539 um.
Total wire length on LAYER met2 = 75580 um.
Total wire length on LAYER met3 = 16790 um.
Total wire length on LAYER met4 = 3409 um.
Total wire length on LAYER met5 = 361 um.
Total number of vias = 51290.
Up-via summary (total 51290):

------------------------
 FR_MASTERSLICE        0
            li1    26235
           met1    23893
           met2     1071
           met3       85
           met4        6
------------------------
                   51290


[INFO DRT-0195] Start 3rd optimization iteration.
    Completing 10% with 1746 violations.
    elapsed time = 00:00:00, memory = 1297.12 (MB).
    Completing 20% with 1746 violations.
    elapsed time = 00:00:01, memory = 1304.12 (MB).
    Completing 30% with 1363 violations.
    elapsed time = 00:00:04, memory = 1311.37 (MB).
    Completing 40% with 1363 violations.
    elapsed time = 00:00:05, memory = 1318.50 (MB).
    Completing 50% with 1363 violations.
    elapsed time = 00:00:08, memory = 1319.37 (MB).
    Completing 60% with 1040 violations.
    elapsed time = 00:00:08, memory = 1438.50 (MB).
    Completing 70% with 1040 violations.
    elapsed time = 00:00:10, memory = 1438.50 (MB).
    Completing 80% with 636 violations.
    elapsed time = 00:00:12, memory = 1373.39 (MB).
    Completing 90% with 636 violations.
    elapsed time = 00:00:13, memory = 1373.39 (MB).
    Completing 100% with 224 violations.
    elapsed time = 00:00:15, memory = 1340.75 (MB).
[INFO DRT-0199]   Number of violations = 224.
Viol/Layer        mcon   met1   met2
Cut Spacing          1      0      0
Metal Spacing        0     57     11
Short                0    129     26
[INFO DRT-0267] cpu time = 00:01:50, elapsed time = 00:00:16, memory = 1340.75 (MB), peak = 1438.50 (MB)
Total wire length = 202462 um.
Total wire length on LAYER li1 = 0 um.
Total wire length on LAYER met1 = 101418 um.
Total wire length on LAYER met2 = 75821 um.
Total wire length on LAYER met3 = 21412 um.
Total wire length on LAYER met4 = 3488 um.
Total wire length on LAYER met5 = 322 um.
Total number of vias = 52342.
Up-via summary (total 52342):

------------------------
 FR_MASTERSLICE        0
            li1    26235
           met1    24295
           met2     1705
           met3      101
           met4        6
------------------------
                   52342


[INFO DRT-0195] Start 4th optimization iteration.
    Completing 10% with 224 violations.
    elapsed time = 00:00:00, memory = 1340.75 (MB).
    Completing 20% with 224 violations.
    elapsed time = 00:00:00, memory = 1340.75 (MB).
    Completing 30% with 224 violations.
    elapsed time = 00:00:00, memory = 1342.13 (MB).
    Completing 40% with 155 violations.
    elapsed time = 00:00:00, memory = 1342.13 (MB).
    Completing 50% with 155 violations.
    elapsed time = 00:00:01, memory = 1375.38 (MB).
    Completing 60% with 110 violations.
    elapsed time = 00:00:05, memory = 1343.02 (MB).
    Completing 70% with 110 violations.
    elapsed time = 00:00:05, memory = 1343.02 (MB).
    Completing 80% with 110 violations.
    elapsed time = 00:00:06, memory = 1342.95 (MB).
    Completing 90% with 60 violations.
    elapsed time = 00:00:06, memory = 1342.95 (MB).
    Completing 100% with 14 violations.
    elapsed time = 00:00:09, memory = 1342.95 (MB).
[INFO DRT-0199]   Number of violations = 14.
Viol/Layer        met1
Metal Spacing        6
Short                8
[INFO DRT-0267] cpu time = 00:00:28, elapsed time = 00:00:09, memory = 1342.95 (MB), peak = 1438.50 (MB)
Total wire length = 202460 um.
Total wire length on LAYER li1 = 0 um.
Total wire length on LAYER met1 = 101107 um.
Total wire length on LAYER met2 = 75789 um.
Total wire length on LAYER met3 = 21723 um.
Total wire length on LAYER met4 = 3518 um.
Total wire length on LAYER met5 = 322 um.
Total number of vias = 52374.
Up-via summary (total 52374):

------------------------
 FR_MASTERSLICE        0
            li1    26235
           met1    24285
           met2     1743
           met3      105
           met4        6
------------------------
                   52374


[INFO DRT-0195] Start 5th optimization iteration.
    Completing 10% with 14 violations.
    elapsed time = 00:00:00, memory = 1342.95 (MB).
    Completing 20% with 14 violations.
    elapsed time = 00:00:00, memory = 1342.95 (MB).
    Completing 30% with 14 violations.
    elapsed time = 00:00:00, memory = 1342.95 (MB).
    Completing 40% with 14 violations.
    elapsed time = 00:00:00, memory = 1342.95 (MB).
    Completing 50% with 14 violations.
    elapsed time = 00:00:00, memory = 1342.95 (MB).
    Completing 60% with 9 violations.
    elapsed time = 00:00:00, memory = 1342.95 (MB).
    Completing 70% with 9 violations.
    elapsed time = 00:00:00, memory = 1344.57 (MB).
    Completing 80% with 9 violations.
    elapsed time = 00:00:00, memory = 1342.98 (MB).
    Completing 90% with 1 violations.
    elapsed time = 00:00:00, memory = 1342.98 (MB).
    Completing 100% with 0 violations.
    elapsed time = 00:00:01, memory = 1342.98 (MB).
[INFO DRT-0199]   Number of violations = 0.
[INFO DRT-0267] cpu time = 00:00:10, elapsed time = 00:00:01, memory = 1342.98 (MB), peak = 1438.50 (MB)
Total wire length = 202455 um.
Total wire length on LAYER li1 = 0 um.
Total wire length on LAYER met1 = 101128 um.
Total wire length on LAYER met2 = 75782 um.
Total wire length on LAYER met3 = 21703 um.
Total wire length on LAYER met4 = 3518 um.
Total wire length on LAYER met5 = 322 um.
Total number of vias = 52375.
Up-via summary (total 52375):

------------------------
 FR_MASTERSLICE        0
            li1    26235
           met1    24287
           met2     1742
           met3      105
           met4        6
------------------------
                   52375


[INFO DRT-0198] Complete detail routing.
Total wire length = 202455 um.
Total wire length on LAYER li1 = 0 um.
Total wire length on LAYER met1 = 101128 um.
Total wire length on LAYER met2 = 75782 um.
Total wire length on LAYER met3 = 21703 um.
Total wire length on LAYER met4 = 3518 um.
Total wire length on LAYER met5 = 322 um.
Total number of vias = 52375.
Up-via summary (total 52375):

------------------------
 FR_MASTERSLICE        0
            li1    26235
           met1    24287
           met2     1742
           met3      105
           met4        6
------------------------
                   52375


[INFO DRT-0267] cpu time = 00:12:25, elapsed time = 00:01:34, memory = 1342.98 (MB), peak = 1438.50 (MB)

[INFO DRT-0180] Post processing.
Setting global connections for newly added cells…
[INFO] Setting global connections...
Updating metrics…
Cell type report:                       Count       Area
  Fill cell                               278    1043.50
  Tap cell                               2044    2557.45
  Antenna cell                             21      52.55
  Clock buffer                             11     252.74
  Timing Repair Buffer                    836    5495.27
  Inverter                                 87     326.56
  Clock inverter                            2      60.06
  Sequential cell                          68    1701.63
  Multi-Input combinational cell         6730   50907.57
  Total                                 10077   62397.34
Writing OpenROAD database to '/mnt/c/Users/vanis/Desktop/HW4AI_Course/HW4AI_Course/codefest/cf07/hdl/runs/RUN_2026-05-18_05-15-06/43-openroad-detailedrouting/synth_top.odb'…
Writing netlist to '/mnt/c/Users/vanis/Desktop/HW4AI_Course/HW4AI_Course/codefest/cf07/hdl/runs/RUN_2026-05-18_05-15-06/43-openroad-detailedrouting/synth_top.nl.v'…
Writing powered netlist to '/mnt/c/Users/vanis/Desktop/HW4AI_Course/HW4AI_Course/codefest/cf07/hdl/runs/RUN_2026-05-18_05-15-06/43-openroad-detailedrouting/synth_top.pnl.v'…
Writing layout to '/mnt/c/Users/vanis/Desktop/HW4AI_Course/HW4AI_Course/codefest/cf07/hdl/runs/RUN_2026-05-18_05-15-06/43-openroad-detailedrouting/synth_top.def'…
Writing timing constraints to '/mnt/c/Users/vanis/Desktop/HW4AI_Course/HW4AI_Course/codefest/cf07/hdl/runs/RUN_2026-05-18_05-15-06/43-openroad-detailedrouting/synth_top.sdc'…
