
===========================================================================
report_checks -unconstrained
===========================================================================
======================= nom_ff_n40C_1v95 Corner ===================================

Startpoint: rst_n (input port clocked by clk)
Endpoint: _13642_ (recovery check against rising-edge clock clk)
Path Group: asynchronous
Path Type: max

Fanout         Cap        Slew       Delay        Time   Description
---------------------------------------------------------------------------------------------
                                  0.000000    0.000000   clock clk (rise edge)
                                  0.000000    0.000000   clock network delay (propagated)
                                  3.000000    3.000000 ^ input external delay
     1    0.002783    0.013854    0.007195    3.007195 ^ rst_n (in)
                                                         rst_n (net)
                      0.013854    0.000000    3.007195 ^ input1/A (sky130_fd_sc_hd__buf_2)
     2    0.044993    0.166776    0.155598    3.162793 ^ input1/X (sky130_fd_sc_hd__buf_2)
                                                         net1 (net)
                      0.167222    0.007022    3.169816 ^ fanout719/A (sky130_fd_sc_hd__clkbuf_8)
     9    0.112881    0.151721    0.199741    3.369557 ^ fanout719/X (sky130_fd_sc_hd__clkbuf_8)
                                                         net719 (net)
                      0.152502    0.008774    3.378331 ^ fanout718/A (sky130_fd_sc_hd__clkbuf_4)
     8    0.064648    0.150298    0.198280    3.576611 ^ fanout718/X (sky130_fd_sc_hd__clkbuf_4)
                                                         net718 (net)
                      0.150303    0.000773    3.577383 ^ fanout716/A (sky130_fd_sc_hd__clkbuf_4)
    10    0.045936    0.109591    0.173632    3.751015 ^ fanout716/X (sky130_fd_sc_hd__clkbuf_4)
                                                         net716 (net)
                      0.109698    0.002177    3.753192 ^ _13642_/RESET_B (sky130_fd_sc_hd__dfrtp_1)
                                              3.753192   data arrival time

                                 15.000000   15.000000   clock clk (rise edge)
                                  0.000000   15.000000   clock source latency
     1    0.050663    0.174017    0.124841   15.124841 ^ clk (in)
                                                         clk (net)
                      0.175023    0.000000   15.124841 ^ clkbuf_0_clk/A (sky130_fd_sc_hd__clkbuf_16)
     8    0.161556    0.134632    0.191475   15.316316 ^ clkbuf_0_clk/X (sky130_fd_sc_hd__clkbuf_16)
                                                         clknet_0_clk (net)
                      0.135258    0.007374   15.323689 ^ clkbuf_3_6__f_clk/A (sky130_fd_sc_hd__clkbuf_16)
    10    0.032624    0.041314    0.119252   15.442942 ^ clkbuf_3_6__f_clk/X (sky130_fd_sc_hd__clkbuf_16)
                                                         clknet_3_6__leaf_clk (net)
                      0.041320    0.000952   15.443893 ^ _13642_/CLK (sky130_fd_sc_hd__dfrtp_1)
                                 -0.250000   15.193894   clock uncertainty
                                  0.000000   15.193894   clock reconvergence pessimism
                                  0.130519   15.324414   library recovery time
                                             15.324414   data required time
---------------------------------------------------------------------------------------------
                                             15.324414   data required time
                                             -3.753192   data arrival time
---------------------------------------------------------------------------------------------
                                             11.571221   slack (MET)


Startpoint: x1[0] (input port clocked by clk)
Endpoint: _13684_ (rising edge-triggered flip-flop clocked by clk)
Path Group: clk
Path Type: max

Fanout         Cap        Slew       Delay        Time   Description
---------------------------------------------------------------------------------------------
                                  0.000000    0.000000   clock clk (rise edge)
                                  0.000000    0.000000   clock network delay (propagated)
                                  3.000000    3.000000 ^ input external delay
     1    0.003569    0.016677    0.009265    3.009265 ^ x1[0] (in)
                                                         x1[0] (net)
                      0.016677    0.000000    3.009265 ^ input138/A (sky130_fd_sc_hd__clkbuf_1)
     1    0.002526    0.029879    0.046819    3.056084 ^ input138/X (sky130_fd_sc_hd__clkbuf_1)
                                                         net138 (net)
                      0.029879    0.000072    3.056156 ^ fanout597/A (sky130_fd_sc_hd__buf_2)
     5    0.052775    0.193512    0.180443    3.236599 ^ fanout597/X (sky130_fd_sc_hd__buf_2)
                                                         net597 (net)
                      0.193732    0.005372    3.241971 ^ fanout592/A (sky130_fd_sc_hd__buf_2)
     7    0.055391    0.203853    0.214873    3.456844 ^ fanout592/X (sky130_fd_sc_hd__buf_2)
                                                         net592 (net)
                      0.204122    0.006128    3.462972 ^ fanout591/A (sky130_fd_sc_hd__clkbuf_2)
     5    0.040204    0.169267    0.191209    3.654181 ^ fanout591/X (sky130_fd_sc_hd__clkbuf_2)
                                                         net591 (net)
                      0.169303    0.002050    3.656231 ^ fanout588/A (sky130_fd_sc_hd__buf_2)
    10    0.044873    0.165727    0.189908    3.846139 ^ fanout588/X (sky130_fd_sc_hd__buf_2)
                                                         net588 (net)
                      0.165788    0.002649    3.848788 ^ _10922_/A (sky130_fd_sc_hd__and3_1)
     4    0.011472    0.093262    0.151242    4.000030 ^ _10922_/X (sky130_fd_sc_hd__and3_1)
                                                         _03570_ (net)
                      0.093262    0.000199    4.000228 ^ _10925_/A_N (sky130_fd_sc_hd__and4b_1)
     3    0.009182    0.049197    0.144294    4.144523 v _10925_/X (sky130_fd_sc_hd__and4b_1)
                                                         _03573_ (net)
                      0.049197    0.000152    4.144675 v _11082_/B1_N (sky130_fd_sc_hd__o21ba_2)
     5    0.028864    0.132161    0.209095    4.353769 ^ _11082_/X (sky130_fd_sc_hd__o21ba_2)
                                                         _03745_ (net)
                      0.132212    0.000833    4.354602 ^ fanout249/A (sky130_fd_sc_hd__clkbuf_4)
    10    0.049178    0.116252    0.174629    4.529232 ^ fanout249/X (sky130_fd_sc_hd__clkbuf_4)
                                                         net249 (net)
                      0.116260    0.000782    4.530014 ^ _11083_/B (sky130_fd_sc_hd__xor2_1)
     2    0.008103    0.147797    0.144405    4.674419 ^ _11083_/X (sky130_fd_sc_hd__xor2_1)
                                                         _03746_ (net)
                      0.147797    0.000222    4.674640 ^ _11085_/B (sky130_fd_sc_hd__xor2_1)
     2    0.010219    0.175563    0.164292    4.838933 ^ _11085_/X (sky130_fd_sc_hd__xor2_1)
                                                         _03748_ (net)
                      0.175564    0.000334    4.839266 ^ _11087_/B (sky130_fd_sc_hd__xor2_1)
     2    0.008204    0.149172    0.144215    4.983482 ^ _11087_/X (sky130_fd_sc_hd__xor2_1)
                                                         _03750_ (net)
                      0.149172    0.000230    4.983711 ^ _11088_/B (sky130_fd_sc_hd__xor2_1)
     3    0.012129    0.200793    0.182692    5.166403 ^ _11088_/X (sky130_fd_sc_hd__xor2_1)
                                                         _03752_ (net)
                      0.200794    0.000342    5.166745 ^ _11092_/A (sky130_fd_sc_hd__xor2_1)
     1    0.004979    0.108055    0.113999    5.280745 ^ _11092_/X (sky130_fd_sc_hd__xor2_1)
                                                         _03756_ (net)
                      0.108055    0.000101    5.280846 ^ _11093_/B (sky130_fd_sc_hd__xnor2_1)
     2    0.007595    0.069980    0.064470    5.345316 v _11093_/Y (sky130_fd_sc_hd__xnor2_1)
                                                         _03757_ (net)
                      0.069980    0.000198    5.345513 v _11095_/B (sky130_fd_sc_hd__xnor2_1)
     2    0.008231    0.156877    0.156675    5.502188 ^ _11095_/Y (sky130_fd_sc_hd__xnor2_1)
                                                         _03759_ (net)
                      0.156878    0.000317    5.502505 ^ _11097_/B (sky130_fd_sc_hd__xnor2_1)
     2    0.008444    0.060326    0.072684    5.575190 v _11097_/Y (sky130_fd_sc_hd__xnor2_1)
                                                         _03761_ (net)
                      0.060326    0.000132    5.575321 v _11321_/A1 (sky130_fd_sc_hd__a21bo_1)
     2    0.008822    0.043434    0.132335    5.707657 v _11321_/X (sky130_fd_sc_hd__a21bo_1)
                                                         _04007_ (net)
                      0.043435    0.000288    5.707944 v _11323_/B (sky130_fd_sc_hd__xnor2_1)
     2    0.008361    0.064511    0.099920    5.807864 v _11323_/Y (sky130_fd_sc_hd__xnor2_1)
                                                         _04009_ (net)
                      0.064511    0.000193    5.808057 v _11458_/A2 (sky130_fd_sc_hd__a21boi_1)
     2    0.009110    0.158338    0.166137    5.974194 ^ _11458_/Y (sky130_fd_sc_hd__a21boi_1)
                                                         _04157_ (net)
                      0.158338    0.000240    5.974433 ^ _11460_/B (sky130_fd_sc_hd__xor2_1)
     2    0.007901    0.145196    0.141733    6.116167 ^ _11460_/X (sky130_fd_sc_hd__xor2_1)
                                                         _04159_ (net)
                      0.145196    0.000203    6.116369 ^ _11461_/B (sky130_fd_sc_hd__xor2_1)
     2    0.012706    0.208334    0.188314    6.304684 ^ _11461_/X (sky130_fd_sc_hd__xor2_1)
                                                         _04160_ (net)
                      0.208336    0.000536    6.305220 ^ _11462_/C (sky130_fd_sc_hd__or3_2)
     3    0.018292    0.074281    0.137321    6.442541 ^ _11462_/X (sky130_fd_sc_hd__or3_2)
                                                         _04161_ (net)
                      0.074291    0.000878    6.443419 ^ _11589_/C_N (sky130_fd_sc_hd__nor3b_1)
     2    0.009491    0.235838    0.215096    6.658516 ^ _11589_/Y (sky130_fd_sc_hd__nor3b_1)
                                                         _04299_ (net)
                      0.235839    0.000338    6.658854 ^ _11591_/D_N (sky130_fd_sc_hd__or4bb_4)
     2    0.011717    0.067578    0.292239    6.951093 v _11591_/X (sky130_fd_sc_hd__or4bb_4)
                                                         _04301_ (net)
                      0.067578    0.000296    6.951389 v _11593_/A1 (sky130_fd_sc_hd__a31oi_4)
     4    0.037438    0.248097    0.213476    7.164865 ^ _11593_/Y (sky130_fd_sc_hd__a31oi_4)
                                                         _04303_ (net)
                      0.248200    0.003903    7.168768 ^ _11813_/A3 (sky130_fd_sc_hd__o311a_4)
     3    0.015672    0.051119    0.130506    7.299274 ^ _11813_/X (sky130_fd_sc_hd__o311a_4)
                                                         _04543_ (net)
                      0.051124    0.000527    7.299801 ^ _11886_/A2 (sky130_fd_sc_hd__o31a_1)
     1    0.009215    0.079231    0.115048    7.414850 ^ _11886_/X (sky130_fd_sc_hd__o31a_1)
                                                         _04621_ (net)
                      0.079231    0.000329    7.415178 ^ _11922_/A (sky130_fd_sc_hd__xnor2_1)
     1    0.002689    0.033821    0.044546    7.459724 v _11922_/Y (sky130_fd_sc_hd__xnor2_1)
                                                         _00019_ (net)
                      0.033821    0.000075    7.459800 v _13684_/D (sky130_fd_sc_hd__dfrtp_1)
                                              7.459800   data arrival time

                                 15.000000   15.000000   clock clk (rise edge)
                                  0.000000   15.000000   clock source latency
     1    0.050663    0.174017    0.124841   15.124841 ^ clk (in)
                                                         clk (net)
                      0.175023    0.000000   15.124841 ^ clkbuf_0_clk/A (sky130_fd_sc_hd__clkbuf_16)
     8    0.161556    0.134632    0.191475   15.316316 ^ clkbuf_0_clk/X (sky130_fd_sc_hd__clkbuf_16)
                                                         clknet_0_clk (net)
                      0.135359    0.007930   15.324245 ^ clkbuf_3_0__f_clk/A (sky130_fd_sc_hd__clkbuf_16)
     9    0.062061    0.061940    0.133879   15.458124 ^ clkbuf_3_0__f_clk/X (sky130_fd_sc_hd__clkbuf_16)
                                                         clknet_3_0__leaf_clk (net)
                      0.062765    0.005610   15.463734 ^ _13684_/CLK (sky130_fd_sc_hd__dfrtp_1)
                                 -0.250000   15.213735   clock uncertainty
                                  0.000000   15.213735   clock reconvergence pessimism
                                 -0.070134   15.143600   library setup time
                                             15.143600   data required time
---------------------------------------------------------------------------------------------
                                             15.143600   data required time
                                             -7.459800   data arrival time
---------------------------------------------------------------------------------------------
                                              7.683801   slack (MET)




===========================================================================
report_checks --slack_max -0.01
============================================================================
======================= nom_ff_n40C_1v95 Corner ===================================

No paths found.


===========================================================================
 report_check_types -max_slew -max_cap -max_fanout -violators
============================================================================
======================= nom_ff_n40C_1v95 Corner ===================================

max fanout

Pin                                   Limit Fanout  Slack
---------------------------------------------------------
fanout261/X                              10     11        (VIOLATED)
fanout333/X                              10     11        (VIOLATED)
fanout448/X                              10     11        (VIOLATED)
fanout552/X                              10     11        (VIOLATED)



===========================================================================
report_parasitic_annotation -report_unannotated
============================================================================
Found 4 unannotated drivers.
 clkload0/X
 clkload1/Y
 clkload2/Y
 clkload3/X
Found 0 partially unannotated drivers.

===========================================================================
max slew violation count 0
max fanout violation count 4
max cap violation count 0
============================================================================

===========================================================================
check_setup -verbose -unconstrained_endpoints -multiple_clock -no_clock -no_input_delay -loops -generated_clocks
===========================================================================
