Clock: clk
Sources: clk 
Generated: no
Virtual: yes
Propagated: no
Period: 15.000000

===========================================================================
report_clock_properties
============================================================================
Clock                   Period          Waveform
----------------------------------------------------
clk                  15.000000    0.000000  7.500000

===========================================================================
report_clock_latency
============================================================================
Clock clk
rise -> rise
    min     max
0.000000 0.000000 source latency
0.443894         network latency _13642_/CLK
        0.465610 network latency _13667_/CLK
---------------
0.443894 0.465610 latency
        0.021716 skew

fall -> fall
    min     max
0.000000 0.000000 source latency
0.361601         network latency _13642_/CLK
        0.376863 network latency _13667_/CLK
---------------
0.361601 0.376863 latency
        0.015262 skew



===========================================================================
report_clock_min_period
============================================================================
clk period_min = 0.00 fmax = inf
