
===========================================================================
 report_power
============================================================================
======================= nom_ff_n40C_1v95 Corner ===================================

Group                    Internal    Switching      Leakage        Total
                            Power        Power        Power        Power (Watts)
------------------------------------------------------------------------
Sequential           8.448262e-04 3.608506e-05 9.347372e-10 8.809122e-04   2.3%
Combinational        1.591385e-02 2.068625e-02 4.598426e-08 3.660014e-02  96.8%
Clock                1.738248e-04 1.400040e-04 1.653974e-08 3.138454e-04   0.8%
Macro                0.000000e+00 0.000000e+00 0.000000e+00 0.000000e+00   0.0%
Pad                  0.000000e+00 0.000000e+00 0.000000e+00 0.000000e+00   0.0%
------------------------------------------------------------------------
Total                1.693250e-02 2.086235e-02 6.345831e-08 3.779491e-02 100.0%
                            44.8%        55.2%         0.0%

