
===========================================================================
report_checks -unconstrained
===========================================================================
======================= min_ss_100C_1v60 Corner ===================================

Startpoint: rst_n (input port clocked by clk)
Endpoint: _13670_ (recovery check against rising-edge clock clk)
Path Group: asynchronous
Path Type: max

Fanout         Cap        Slew       Delay        Time   Description
---------------------------------------------------------------------------------------------
                                  0.000000    0.000000   clock clk (rise edge)
                                  0.000000    0.000000   clock network delay (propagated)
                                  3.000000    3.000000 ^ input external delay
     1    0.002586    0.030843    0.014647    3.014647 ^ rst_n (in)
                                                         rst_n (net)
                      0.030843    0.000000    3.014647 ^ input1/A (sky130_fd_sc_hd__buf_2)
     2    0.041093    0.323148    0.359831    3.374478 ^ input1/X (sky130_fd_sc_hd__buf_2)
                                                         net1 (net)
                      0.323148    0.000396    3.374874 ^ fanout715/A (sky130_fd_sc_hd__buf_4)
     9    0.073845    0.329672    0.510553    3.885427 ^ fanout715/X (sky130_fd_sc_hd__buf_4)
                                                         net715 (net)
                      0.329705    0.003447    3.888874 ^ fanout714/A (sky130_fd_sc_hd__clkbuf_4)
     8    0.053302    0.262772    0.505936    4.394810 ^ fanout714/X (sky130_fd_sc_hd__clkbuf_4)
                                                         net714 (net)
                      0.262772    0.000886    4.395696 ^ fanout712/A (sky130_fd_sc_hd__clkbuf_4)
    10    0.050987    0.252921    0.469977    4.865673 ^ fanout712/X (sky130_fd_sc_hd__clkbuf_4)
                                                         net712 (net)
                      0.252956    0.003059    4.868732 ^ _13670_/RESET_B (sky130_fd_sc_hd__dfrtp_1)
                                              4.868732   data arrival time

                                 15.000000   15.000000   clock clk (rise edge)
                                  0.000000   15.000000   clock source latency
     1    0.046681    0.335811    0.237590   15.237590 ^ clk (in)
                                                         clk (net)
                      0.336096    0.000000   15.237590 ^ clkbuf_0_clk/A (sky130_fd_sc_hd__clkbuf_16)
     8    0.151713    0.250499    0.487077   15.724667 ^ clkbuf_0_clk/X (sky130_fd_sc_hd__clkbuf_16)
                                                         clknet_0_clk (net)
                      0.250619    0.005100   15.729767 ^ clkbuf_3_2__f_clk/A (sky130_fd_sc_hd__clkbuf_16)
    10    0.036424    0.089932    0.325512   16.055279 ^ clkbuf_3_2__f_clk/X (sky130_fd_sc_hd__clkbuf_16)
                                                         clknet_3_2__leaf_clk (net)
                      0.089955    0.001465   16.056744 ^ _13670_/CLK (sky130_fd_sc_hd__dfrtp_1)
                                 -0.250000   15.806745   clock uncertainty
                                  0.000000   15.806745   clock reconvergence pessimism
                                  0.401543   16.208286   library recovery time
                                             16.208286   data required time
---------------------------------------------------------------------------------------------
                                             16.208286   data required time
                                             -4.868732   data arrival time
---------------------------------------------------------------------------------------------
                                             11.339555   slack (MET)


Startpoint: x1[0] (input port clocked by clk)
Endpoint: _13684_ (rising edge-triggered flip-flop clocked by clk)
Path Group: clk
Path Type: max

Fanout         Cap        Slew       Delay        Time   Description
---------------------------------------------------------------------------------------------
                                  0.000000    0.000000   clock clk (rise edge)
                                  0.000000    0.000000   clock network delay (propagated)
                                  3.000000    3.000000 ^ input external delay
     1    0.003355    0.035945    0.018706    3.018706 ^ x1[0] (in)
                                                         x1[0] (net)
                      0.035945    0.000000    3.018706 ^ input138/A (sky130_fd_sc_hd__clkbuf_1)
     1    0.002336    0.064638    0.128750    3.147456 ^ input138/X (sky130_fd_sc_hd__clkbuf_1)
                                                         net138 (net)
                      0.064638    0.000023    3.147480 ^ fanout597/A (sky130_fd_sc_hd__buf_2)
     5    0.048057    0.374762    0.413082    3.560561 ^ fanout597/X (sky130_fd_sc_hd__buf_2)
                                                         net597 (net)
                      0.374809    0.003529    3.564090 ^ fanout592/A (sky130_fd_sc_hd__buf_2)
     7    0.050526    0.394139    0.557890    4.121980 ^ fanout592/X (sky130_fd_sc_hd__buf_2)
                                                         net592 (net)
                      0.394175    0.004019    4.125999 ^ fanout591/A (sky130_fd_sc_hd__clkbuf_2)
     5    0.036236    0.311534    0.500133    4.626132 ^ fanout591/X (sky130_fd_sc_hd__clkbuf_2)
                                                         net591 (net)
                      0.311534    0.001033    4.627165 ^ fanout588/A (sky130_fd_sc_hd__buf_2)
    10    0.041086    0.323447    0.485545    5.112710 ^ fanout588/X (sky130_fd_sc_hd__buf_2)
                                                         net588 (net)
                      0.323450    0.001636    5.114346 ^ _10922_/A (sky130_fd_sc_hd__and3_1)
     4    0.010722    0.197787    0.468873    5.583219 ^ _10922_/X (sky130_fd_sc_hd__and3_1)
                                                         _03570_ (net)
                      0.197787    0.000048    5.583267 ^ _10925_/A_N (sky130_fd_sc_hd__and4b_1)
     3    0.008728    0.123741    0.494695    6.077962 v _10925_/X (sky130_fd_sc_hd__and4b_1)
                                                         _03573_ (net)
                      0.123741    0.000062    6.078024 v _11082_/B1_N (sky130_fd_sc_hd__o21ba_2)
     5    0.027876    0.268113    0.655968    6.733992 ^ _11082_/X (sky130_fd_sc_hd__o21ba_2)
                                                         _03745_ (net)
                      0.268113    0.000395    6.734387 ^ fanout249/A (sky130_fd_sc_hd__clkbuf_4)
    10    0.046277    0.232392    0.457157    7.191544 ^ fanout249/X (sky130_fd_sc_hd__clkbuf_4)
                                                         net249 (net)
                      0.232392    0.000308    7.191852 ^ _11083_/B (sky130_fd_sc_hd__xor2_1)
     2    0.007728    0.335028    0.414084    7.605936 ^ _11083_/X (sky130_fd_sc_hd__xor2_1)
                                                         _03746_ (net)
                      0.335028    0.000078    7.606014 ^ _11085_/B (sky130_fd_sc_hd__xor2_1)
     2    0.009866    0.385735    0.488369    8.094383 ^ _11085_/X (sky130_fd_sc_hd__xor2_1)
                                                         _03748_ (net)
                      0.385735    0.000155    8.094538 ^ _11087_/B (sky130_fd_sc_hd__xor2_1)
     2    0.008110    0.346409    0.462634    8.557172 ^ _11087_/X (sky130_fd_sc_hd__xor2_1)
                                                         _03750_ (net)
                      0.346409    0.000064    8.557236 ^ _11088_/B (sky130_fd_sc_hd__xor2_1)
     3    0.011858    0.458962    0.535434    9.092670 ^ _11088_/X (sky130_fd_sc_hd__xor2_1)
                                                         _03752_ (net)
                      0.458962    0.000153    9.092823 ^ _11092_/A (sky130_fd_sc_hd__xor2_1)
     1    0.004802    0.247040    0.402409    9.495232 ^ _11092_/X (sky130_fd_sc_hd__xor2_1)
                                                         _03756_ (net)
                      0.247040    0.000024    9.495255 ^ _11093_/B (sky130_fd_sc_hd__xnor2_1)
     2    0.007764    0.357979    0.317644    9.812900 ^ _11093_/Y (sky130_fd_sc_hd__xnor2_1)
                                                         _03757_ (net)
                      0.357979    0.000067    9.812965 ^ _11095_/B (sky130_fd_sc_hd__xnor2_1)
     2    0.007673    0.354816    0.352318   10.165284 ^ _11095_/Y (sky130_fd_sc_hd__xnor2_1)
                                                         _03759_ (net)
                      0.354816    0.000129   10.165413 ^ _11097_/B (sky130_fd_sc_hd__xnor2_1)
     2    0.008230    0.175931    0.285588   10.451000 v _11097_/Y (sky130_fd_sc_hd__xnor2_1)
                                                         _03761_ (net)
                      0.175931    0.000028   10.451029 v _11185_/A (sky130_fd_sc_hd__xnor2_1)
     2    0.011838    0.479455    0.512460   10.963490 ^ _11185_/Y (sky130_fd_sc_hd__xnor2_1)
                                                         _03858_ (net)
                      0.479455    0.000320   10.963809 ^ _11188_/A (sky130_fd_sc_hd__xor2_1)
     2    0.008012    0.343814    0.479758   11.443566 ^ _11188_/X (sky130_fd_sc_hd__xor2_1)
                                                         _03862_ (net)
                      0.343814    0.000079   11.443645 ^ _11325_/A2 (sky130_fd_sc_hd__a21oi_1)
     2    0.007928    0.185682    0.293155   11.736800 v _11325_/Y (sky130_fd_sc_hd__a21oi_1)
                                                         _04011_ (net)
                      0.185682    0.000073   11.736873 v _11327_/B (sky130_fd_sc_hd__xor2_1)
     2    0.007410    0.194852    0.346292   12.083165 v _11327_/X (sky130_fd_sc_hd__xor2_1)
                                                         _04013_ (net)
                      0.194852    0.000057   12.083221 v _11328_/B (sky130_fd_sc_hd__and2_1)
     2    0.004427    0.082258    0.391480   12.474702 v _11328_/X (sky130_fd_sc_hd__and2_1)
                                                         _04015_ (net)
                      0.082258    0.000031   12.474732 v _11462_/B (sky130_fd_sc_hd__or3_2)
     3    0.016487    0.248365    1.196066   13.670799 v _11462_/X (sky130_fd_sc_hd__or3_2)
                                                         _04161_ (net)
                      0.248365    0.000477   13.671276 v _11589_/C_N (sky130_fd_sc_hd__nor3b_1)
     2    0.008391    0.156689    0.407602   14.078878 v _11589_/Y (sky130_fd_sc_hd__nor3b_1)
                                                         _04299_ (net)
                      0.156689    0.000170   14.079047 v _11591_/D_N (sky130_fd_sc_hd__or4bb_4)
     2    0.012016    0.086770    0.459637   14.538685 ^ _11591_/X (sky130_fd_sc_hd__or4bb_4)
                                                         _04301_ (net)
                      0.086770    0.000132   14.538816 ^ _11593_/A1 (sky130_fd_sc_hd__a31oi_4)
     4    0.033170    0.287409    0.285777   14.824594 v _11593_/Y (sky130_fd_sc_hd__a31oi_4)
                                                         _04303_ (net)
                      0.287557    0.002467   14.827061 v _11813_/A3 (sky130_fd_sc_hd__o311a_4)
     3    0.014188    0.110849    0.668958   15.496019 v _11813_/X (sky130_fd_sc_hd__o311a_4)
                                                         _04543_ (net)
                      0.110849    0.000227   15.496246 v _11886_/A2 (sky130_fd_sc_hd__o31a_1)
     1    0.008350    0.132671    0.592809   16.089056 v _11886_/X (sky130_fd_sc_hd__o31a_1)
                                                         _04621_ (net)
                      0.132671    0.000163   16.089220 v _11922_/A (sky130_fd_sc_hd__xnor2_1)
     1    0.002390    0.085370    0.236971   16.326191 v _11922_/Y (sky130_fd_sc_hd__xnor2_1)
                                                         _00019_ (net)
                      0.085370    0.000021   16.326212 v _13684_/D (sky130_fd_sc_hd__dfrtp_1)
                                             16.326212   data arrival time

                                 15.000000   15.000000   clock clk (rise edge)
                                  0.000000   15.000000   clock source latency
     1    0.046681    0.335811    0.237590   15.237590 ^ clk (in)
                                                         clk (net)
                      0.336096    0.000000   15.237590 ^ clkbuf_0_clk/A (sky130_fd_sc_hd__clkbuf_16)
     8    0.151713    0.250499    0.487077   15.724667 ^ clkbuf_0_clk/X (sky130_fd_sc_hd__clkbuf_16)
                                                         clknet_0_clk (net)
                      0.250599    0.004725   15.729391 ^ clkbuf_3_0__f_clk/A (sky130_fd_sc_hd__clkbuf_16)
     9    0.056224    0.115752    0.348720   16.078112 ^ clkbuf_3_0__f_clk/X (sky130_fd_sc_hd__clkbuf_16)
                                                         clknet_3_0__leaf_clk (net)
                      0.115884    0.003389   16.081501 ^ _13684_/CLK (sky130_fd_sc_hd__dfrtp_1)
                                 -0.250000   15.831502   clock uncertainty
                                  0.000000   15.831502   clock reconvergence pessimism
                                 -0.270741   15.560760   library setup time
                                             15.560760   data required time
---------------------------------------------------------------------------------------------
                                             15.560760   data required time
                                            -16.326212   data arrival time
---------------------------------------------------------------------------------------------
                                             -0.765452   slack (VIOLATED)




===========================================================================
report_checks --slack_max -0.01
============================================================================
======================= min_ss_100C_1v60 Corner ===================================

Startpoint: x1[0] (input port clocked by clk)
Endpoint: _13684_ (rising edge-triggered flip-flop clocked by clk)
Path Group: clk
Path Type: max

Fanout         Cap        Slew       Delay        Time   Description
---------------------------------------------------------------------------------------------
                                  0.000000    0.000000   clock clk (rise edge)
                                  0.000000    0.000000   clock network delay (propagated)
                                  3.000000    3.000000 ^ input external delay
     1    0.003355    0.035945    0.018706    3.018706 ^ x1[0] (in)
                                                         x1[0] (net)
                      0.035945    0.000000    3.018706 ^ input138/A (sky130_fd_sc_hd__clkbuf_1)
     1    0.002336    0.064638    0.128750    3.147456 ^ input138/X (sky130_fd_sc_hd__clkbuf_1)
                                                         net138 (net)
                      0.064638    0.000023    3.147480 ^ fanout597/A (sky130_fd_sc_hd__buf_2)
     5    0.048057    0.374762    0.413082    3.560561 ^ fanout597/X (sky130_fd_sc_hd__buf_2)
                                                         net597 (net)
                      0.374809    0.003529    3.564090 ^ fanout592/A (sky130_fd_sc_hd__buf_2)
     7    0.050526    0.394139    0.557890    4.121980 ^ fanout592/X (sky130_fd_sc_hd__buf_2)
                                                         net592 (net)
                      0.394175    0.004019    4.125999 ^ fanout591/A (sky130_fd_sc_hd__clkbuf_2)
     5    0.036236    0.311534    0.500133    4.626132 ^ fanout591/X (sky130_fd_sc_hd__clkbuf_2)
                                                         net591 (net)
                      0.311534    0.001033    4.627165 ^ fanout588/A (sky130_fd_sc_hd__buf_2)
    10    0.041086    0.323447    0.485545    5.112710 ^ fanout588/X (sky130_fd_sc_hd__buf_2)
                                                         net588 (net)
                      0.323450    0.001636    5.114346 ^ _10922_/A (sky130_fd_sc_hd__and3_1)
     4    0.010722    0.197787    0.468873    5.583219 ^ _10922_/X (sky130_fd_sc_hd__and3_1)
                                                         _03570_ (net)
                      0.197787    0.000048    5.583267 ^ _10925_/A_N (sky130_fd_sc_hd__and4b_1)
     3    0.008728    0.123741    0.494695    6.077962 v _10925_/X (sky130_fd_sc_hd__and4b_1)
                                                         _03573_ (net)
                      0.123741    0.000062    6.078024 v _11082_/B1_N (sky130_fd_sc_hd__o21ba_2)
     5    0.027876    0.268113    0.655968    6.733992 ^ _11082_/X (sky130_fd_sc_hd__o21ba_2)
                                                         _03745_ (net)
                      0.268113    0.000395    6.734387 ^ fanout249/A (sky130_fd_sc_hd__clkbuf_4)
    10    0.046277    0.232392    0.457157    7.191544 ^ fanout249/X (sky130_fd_sc_hd__clkbuf_4)
                                                         net249 (net)
                      0.232392    0.000308    7.191852 ^ _11083_/B (sky130_fd_sc_hd__xor2_1)
     2    0.007728    0.335028    0.414084    7.605936 ^ _11083_/X (sky130_fd_sc_hd__xor2_1)
                                                         _03746_ (net)
                      0.335028    0.000078    7.606014 ^ _11085_/B (sky130_fd_sc_hd__xor2_1)
     2    0.009866    0.385735    0.488369    8.094383 ^ _11085_/X (sky130_fd_sc_hd__xor2_1)
                                                         _03748_ (net)
                      0.385735    0.000155    8.094538 ^ _11087_/B (sky130_fd_sc_hd__xor2_1)
     2    0.008110    0.346409    0.462634    8.557172 ^ _11087_/X (sky130_fd_sc_hd__xor2_1)
                                                         _03750_ (net)
                      0.346409    0.000064    8.557236 ^ _11088_/B (sky130_fd_sc_hd__xor2_1)
     3    0.011858    0.458962    0.535434    9.092670 ^ _11088_/X (sky130_fd_sc_hd__xor2_1)
                                                         _03752_ (net)
                      0.458962    0.000153    9.092823 ^ _11092_/A (sky130_fd_sc_hd__xor2_1)
     1    0.004802    0.247040    0.402409    9.495232 ^ _11092_/X (sky130_fd_sc_hd__xor2_1)
                                                         _03756_ (net)
                      0.247040    0.000024    9.495255 ^ _11093_/B (sky130_fd_sc_hd__xnor2_1)
     2    0.007764    0.357979    0.317644    9.812900 ^ _11093_/Y (sky130_fd_sc_hd__xnor2_1)
                                                         _03757_ (net)
                      0.357979    0.000067    9.812965 ^ _11095_/B (sky130_fd_sc_hd__xnor2_1)
     2    0.007673    0.354816    0.352318   10.165284 ^ _11095_/Y (sky130_fd_sc_hd__xnor2_1)
                                                         _03759_ (net)
                      0.354816    0.000129   10.165413 ^ _11097_/B (sky130_fd_sc_hd__xnor2_1)
     2    0.008230    0.175931    0.285588   10.451000 v _11097_/Y (sky130_fd_sc_hd__xnor2_1)
                                                         _03761_ (net)
                      0.175931    0.000028   10.451029 v _11185_/A (sky130_fd_sc_hd__xnor2_1)
     2    0.011838    0.479455    0.512460   10.963490 ^ _11185_/Y (sky130_fd_sc_hd__xnor2_1)
                                                         _03858_ (net)
                      0.479455    0.000320   10.963809 ^ _11188_/A (sky130_fd_sc_hd__xor2_1)
     2    0.008012    0.343814    0.479758   11.443566 ^ _11188_/X (sky130_fd_sc_hd__xor2_1)
                                                         _03862_ (net)
                      0.343814    0.000079   11.443645 ^ _11325_/A2 (sky130_fd_sc_hd__a21oi_1)
     2    0.007928    0.185682    0.293155   11.736800 v _11325_/Y (sky130_fd_sc_hd__a21oi_1)
                                                         _04011_ (net)
                      0.185682    0.000073   11.736873 v _11327_/B (sky130_fd_sc_hd__xor2_1)
     2    0.007410    0.194852    0.346292   12.083165 v _11327_/X (sky130_fd_sc_hd__xor2_1)
                                                         _04013_ (net)
                      0.194852    0.000057   12.083221 v _11328_/B (sky130_fd_sc_hd__and2_1)
     2    0.004427    0.082258    0.391480   12.474702 v _11328_/X (sky130_fd_sc_hd__and2_1)
                                                         _04015_ (net)
                      0.082258    0.000031   12.474732 v _11462_/B (sky130_fd_sc_hd__or3_2)
     3    0.016487    0.248365    1.196066   13.670799 v _11462_/X (sky130_fd_sc_hd__or3_2)
                                                         _04161_ (net)
                      0.248365    0.000477   13.671276 v _11589_/C_N (sky130_fd_sc_hd__nor3b_1)
     2    0.008391    0.156689    0.407602   14.078878 v _11589_/Y (sky130_fd_sc_hd__nor3b_1)
                                                         _04299_ (net)
                      0.156689    0.000170   14.079047 v _11591_/D_N (sky130_fd_sc_hd__or4bb_4)
     2    0.012016    0.086770    0.459637   14.538685 ^ _11591_/X (sky130_fd_sc_hd__or4bb_4)
                                                         _04301_ (net)
                      0.086770    0.000132   14.538816 ^ _11593_/A1 (sky130_fd_sc_hd__a31oi_4)
     4    0.033170    0.287409    0.285777   14.824594 v _11593_/Y (sky130_fd_sc_hd__a31oi_4)
                                                         _04303_ (net)
                      0.287557    0.002467   14.827061 v _11813_/A3 (sky130_fd_sc_hd__o311a_4)
     3    0.014188    0.110849    0.668958   15.496019 v _11813_/X (sky130_fd_sc_hd__o311a_4)
                                                         _04543_ (net)
                      0.110849    0.000227   15.496246 v _11886_/A2 (sky130_fd_sc_hd__o31a_1)
     1    0.008350    0.132671    0.592809   16.089056 v _11886_/X (sky130_fd_sc_hd__o31a_1)
                                                         _04621_ (net)
                      0.132671    0.000163   16.089220 v _11922_/A (sky130_fd_sc_hd__xnor2_1)
     1    0.002390    0.085370    0.236971   16.326191 v _11922_/Y (sky130_fd_sc_hd__xnor2_1)
                                                         _00019_ (net)
                      0.085370    0.000021   16.326212 v _13684_/D (sky130_fd_sc_hd__dfrtp_1)
                                             16.326212   data arrival time

                                 15.000000   15.000000   clock clk (rise edge)
                                  0.000000   15.000000   clock source latency
     1    0.046681    0.335811    0.237590   15.237590 ^ clk (in)
                                                         clk (net)
                      0.336096    0.000000   15.237590 ^ clkbuf_0_clk/A (sky130_fd_sc_hd__clkbuf_16)
     8    0.151713    0.250499    0.487077   15.724667 ^ clkbuf_0_clk/X (sky130_fd_sc_hd__clkbuf_16)
                                                         clknet_0_clk (net)
                      0.250599    0.004725   15.729391 ^ clkbuf_3_0__f_clk/A (sky130_fd_sc_hd__clkbuf_16)
     9    0.056224    0.115752    0.348720   16.078112 ^ clkbuf_3_0__f_clk/X (sky130_fd_sc_hd__clkbuf_16)
                                                         clknet_3_0__leaf_clk (net)
                      0.115884    0.003389   16.081501 ^ _13684_/CLK (sky130_fd_sc_hd__dfrtp_1)
                                 -0.250000   15.831502   clock uncertainty
                                  0.000000   15.831502   clock reconvergence pessimism
                                 -0.270741   15.560760   library setup time
                                             15.560760   data required time
---------------------------------------------------------------------------------------------
                                             15.560760   data required time
                                            -16.326212   data arrival time
---------------------------------------------------------------------------------------------
                                             -0.765452   slack (VIOLATED)




===========================================================================
 report_check_types -max_slew -max_cap -max_fanout -violators
============================================================================
======================= min_ss_100C_1v60 Corner ===================================

max slew

Pin                                        Limit        Slew       Slack
------------------------------------------------------------------------
_08754_/Y                               0.750000    0.790840   -0.040840 (VIOLATED)
_08761_/B1                              0.750000    0.790840   -0.040840 (VIOLATED)
_08764_/A1                              0.750000    0.790840   -0.040840 (VIOLATED)
max_cap238/A                            0.750000    0.790840   -0.040840 (VIOLATED)
_12287_/Y                               0.750000    0.754537   -0.004537 (VIOLATED)
_12291_/A1                              0.750000    0.754537   -0.004537 (VIOLATED)
max_cap232/A                            0.750000    0.754537   -0.004537 (VIOLATED)
_08282_/Y                               0.750000    0.753438   -0.003438 (VIOLATED)
_08387_/A2                              0.750000    0.753438   -0.003438 (VIOLATED)
_08389_/C                               0.750000    0.753438   -0.003438 (VIOLATED)
max_cap253/A                            0.750000    0.753438   -0.003438 (VIOLATED)

max fanout

Pin                                   Limit Fanout  Slack
---------------------------------------------------------
fanout261/X                              10     11        (VIOLATED)
fanout333/X                              10     11        (VIOLATED)
fanout448/X                              10     11        (VIOLATED)
fanout552/X                              10     11        (VIOLATED)



===========================================================================
report_parasitic_annotation -report_unannotated
============================================================================
Found 4 unannotated drivers.
 clkload0/X
 clkload1/Y
 clkload2/Y
 clkload3/X
Found 0 partially unannotated drivers.

===========================================================================
max slew violation count 11
max fanout violation count 4
max cap violation count 0
============================================================================

===========================================================================
check_setup -verbose -unconstrained_endpoints -multiple_clock -no_clock -no_input_delay -loops -generated_clocks
===========================================================================
