Clock: clk
Sources: clk 
Generated: no
Virtual: yes
Propagated: no
Period: 15.000000

===========================================================================
report_clock_properties
============================================================================
Clock                   Period          Waveform
----------------------------------------------------
clk                  15.000000    0.000000  7.500000

===========================================================================
report_clock_latency
============================================================================
Clock clk
rise -> rise
    min     max
0.000000 0.000000 source latency
1.045294         network latency _13642_/CLK
        1.087830 network latency _13667_/CLK
---------------
1.045294 1.087830 latency
        0.042536 skew

fall -> fall
    min     max
0.000000 0.000000 source latency
0.891599         network latency _13642_/CLK
        0.925208 network latency _13667_/CLK
---------------
0.891599 0.925208 latency
        0.033610 skew



===========================================================================
report_clock_min_period
============================================================================
clk period_min = 0.00 fmax = inf
