
===========================================================================
 report_power
============================================================================
======================= min_ss_100C_1v60 Corner ===================================

Group                    Internal    Switching      Leakage        Total
                            Power        Power        Power        Power (Watts)
------------------------------------------------------------------------
Sequential           5.385659e-04 2.233916e-05 1.277973e-06 5.621830e-04   2.2%
Combinational        1.155665e-02 1.323844e-02 3.269970e-05 2.482780e-02  97.0%
Clock                1.241562e-04 8.633806e-05 2.555810e-07 2.107498e-04   0.8%
Macro                0.000000e+00 0.000000e+00 0.000000e+00 0.000000e+00   0.0%
Pad                  0.000000e+00 0.000000e+00 0.000000e+00 0.000000e+00   0.0%
------------------------------------------------------------------------
Total                1.221937e-02 1.334712e-02 3.423318e-05 2.560072e-02 100.0%
                            47.7%        52.1%         0.1%

