┏━━━━━━━┳━━━━━━━━━┳━━━━━━━━━━┳━━━━━━━━━┳━━━━━━━━━━━━━┳━━━━━━━┓
┃ P / R ┃ Partial ┃ Required ┃ Net     ┃ Pin         ┃ Layer ┃
┡━━━━━━━╇━━━━━━━━━╇━━━━━━━━━━╇━━━━━━━━━╇━━━━━━━━━━━━━╇━━━━━━━┩
│ 2.14  │ 856.40  │ 400.00   │ net149  │ fanout509/A │ met2  │
│ 2.04  │ 814.94  │ 400.00   │ net261  │ _07439_/B   │ met1  │
│ 1.56  │ 622.83  │ 400.00   │ net441  │ fanout435/A │ met3  │
│ 1.56  │ 622.83  │ 400.00   │ net441  │ fanout436/A │ met3  │
│ 1.34  │ 536.15  │ 400.00   │ _01376_ │ fanout257/A │ met2  │
│ 1.34  │ 536.15  │ 400.00   │ _01376_ │ fanout258/A │ met2  │
│ 1.30  │ 521.08  │ 400.00   │ net552  │ _07821_/B   │ met1  │
│ 1.18  │ 473.15  │ 400.00   │ _01355_ │ fanout264/A │ met1  │
│ 1.12  │ 448.24  │ 400.00   │ net112  │ fanout689/A │ met3  │
│ 1.12  │ 448.24  │ 400.00   │ net112  │ fanout690/A │ met3  │
│ 1.11  │ 444.63  │ 400.00   │ net92   │ fanout280/A │ met1  │
│ 1.11  │ 442.66  │ 400.00   │ net525  │ fanout523/A │ met1  │
│ 1.10  │ 441.38  │ 400.00   │ net465  │ fanout461/A │ met1  │
│ 1.05  │ 419.97  │ 400.00   │ net88   │ fanout289/A │ met1  │
│ 1.03  │ 413.07  │ 400.00   │ net448  │ fanout444/A │ met2  │
│ 1.01  │ 402.49  │ 400.00   │ net32   │ fanout382/A │ met1  │
└───────┴─────────┴──────────┴─────────┴─────────────┴───────┘
