
===========================================================================
report_checks -unconstrained
===========================================================================
======================= max_ss_100C_1v60 Corner ===================================

Startpoint: rst_n (input port clocked by clk)
Endpoint: _13651_ (recovery check against rising-edge clock clk)
Path Group: asynchronous
Path Type: max

Fanout         Cap        Slew       Delay        Time   Description
---------------------------------------------------------------------------------------------
                                  0.000000    0.000000   clock clk (rise edge)
                                  0.000000    0.000000   clock network delay (propagated)
                                  2.000000    2.000000 ^ input external delay
     1    0.002702    0.031604    0.015315    2.015315 ^ rst_n (in)
                                                         rst_n (net)
                      0.031604    0.000000    2.015315 ^ input1/A (sky130_fd_sc_hd__buf_2)
     2    0.050304    0.390542    0.406408    2.421723 ^ input1/X (sky130_fd_sc_hd__buf_2)
                                                         net1 (net)
                      0.390958    0.010556    2.432279 ^ fanout719/A (sky130_fd_sc_hd__clkbuf_8)
     9    0.118194    0.324226    0.558106    2.990385 ^ fanout719/X (sky130_fd_sc_hd__clkbuf_8)
                                                         net719 (net)
                      0.325502    0.015706    3.006091 ^ fanout718/A (sky130_fd_sc_hd__clkbuf_4)
     8    0.063173    0.307720    0.530258    3.536349 ^ fanout718/X (sky130_fd_sc_hd__clkbuf_4)
                                                         net718 (net)
                      0.308977    0.016004    3.552353 ^ fanout717/A (sky130_fd_sc_hd__clkbuf_4)
    10    0.058754    0.286395    0.512512    4.064865 ^ fanout717/X (sky130_fd_sc_hd__clkbuf_4)
                                                         net717 (net)
                      0.287029    0.009744    4.074608 ^ _13651_/RESET_B (sky130_fd_sc_hd__dfrtp_1)
                                              4.074608   data arrival time

                                 10.000000   10.000000   clock clk (rise edge)
                                  0.000000   10.000000   clock source latency
     1    0.054035    0.389422    0.276606   10.276607 ^ clk (in)
                                                         clk (net)
                      0.390222    0.000000   10.276607 ^ clkbuf_0_clk/A (sky130_fd_sc_hd__clkbuf_16)
     8    0.174242    0.285445    0.524875   10.801482 ^ clkbuf_0_clk/X (sky130_fd_sc_hd__clkbuf_16)
                                                         clknet_0_clk (net)
                      0.287610    0.019514   10.820996 ^ clkbuf_3_7__f_clk/A (sky130_fd_sc_hd__clkbuf_16)
    10    0.046256    0.103061    0.352594   11.173590 ^ clkbuf_3_7__f_clk/X (sky130_fd_sc_hd__clkbuf_16)
                                                         clknet_3_7__leaf_clk (net)
                      0.103243    0.003340   11.176929 ^ _13651_/CLK (sky130_fd_sc_hd__dfrtp_1)
                                 -0.250000   10.926929   clock uncertainty
                                  0.000000   10.926929   clock reconvergence pessimism
                                  0.393434   11.320364   library recovery time
                                             11.320364   data required time
---------------------------------------------------------------------------------------------
                                             11.320364   data required time
                                             -4.074608   data arrival time
---------------------------------------------------------------------------------------------
                                              7.245755   slack (MET)


Startpoint: x1[0] (input port clocked by clk)
Endpoint: _13666_ (rising edge-triggered flip-flop clocked by clk)
Path Group: clk
Path Type: max

Fanout         Cap        Slew       Delay        Time   Description
---------------------------------------------------------------------------------------------
                                  0.000000    0.000000   clock clk (rise edge)
                                  0.000000    0.000000   clock network delay (propagated)
                                  2.000000    2.000000 v input external delay
     1    0.003278    0.020300    0.010787    2.010787 v x1[0] (in)
                                                         x1[0] (net)
                      0.020301    0.000000    2.010787 v input138/A (sky130_fd_sc_hd__clkbuf_1)
     1    0.004147    0.063834    0.150650    2.161438 v input138/X (sky130_fd_sc_hd__clkbuf_1)
                                                         net138 (net)
                      0.063835    0.000281    2.161718 v fanout597/A (sky130_fd_sc_hd__buf_2)
     5    0.054447    0.247399    0.403676    2.565394 v fanout597/X (sky130_fd_sc_hd__buf_2)
                                                         net597 (net)
                      0.247562    0.005755    2.571148 v fanout592/A (sky130_fd_sc_hd__buf_2)
     7    0.059190    0.268140    0.502360    3.073509 v fanout592/X (sky130_fd_sc_hd__buf_2)
                                                         net592 (net)
                      0.268712    0.009409    3.082918 v fanout591/A (sky130_fd_sc_hd__clkbuf_2)
     5    0.043065    0.299608    0.468892    3.551810 v fanout591/X (sky130_fd_sc_hd__clkbuf_2)
                                                         net591 (net)
                      0.299639    0.003061    3.554871 v fanout588/A (sky130_fd_sc_hd__buf_2)
    10    0.044252    0.206073    0.483611    4.038482 v fanout588/X (sky130_fd_sc_hd__buf_2)
                                                         net588 (net)
                      0.206374    0.007001    4.045482 v _07533_/A (sky130_fd_sc_hd__or2_4)
     9    0.076168    0.244514    0.706371    4.751854 v _07533_/X (sky130_fd_sc_hd__or2_4)
                                                         _06762_ (net)
                      0.246682    0.018142    4.769996 v _09228_/B (sky130_fd_sc_hd__and3_2)
     6    0.032671    0.193113    0.631656    5.401652 v _09228_/X (sky130_fd_sc_hd__and3_2)
                                                         _01726_ (net)
                      0.193132    0.002081    5.403733 v _09382_/A (sky130_fd_sc_hd__nor2_1)
     4    0.020452    0.617742    0.578005    5.981738 ^ _09382_/Y (sky130_fd_sc_hd__nor2_1)
                                                         _01894_ (net)
                      0.617742    0.000540    5.982278 ^ fanout250/A (sky130_fd_sc_hd__clkbuf_4)
    10    0.057014    0.280518    0.642100    6.624378 ^ fanout250/X (sky130_fd_sc_hd__clkbuf_4)
                                                         net250 (net)
                      0.280552    0.003362    6.627740 ^ _09383_/B (sky130_fd_sc_hd__xor2_1)
     2    0.007017    0.302484    0.410631    7.038371 ^ _09383_/X (sky130_fd_sc_hd__xor2_1)
                                                         _01895_ (net)
                      0.302484    0.000289    7.038660 ^ _09385_/B (sky130_fd_sc_hd__xor2_1)
     2    0.009192    0.365925    0.464716    7.503376 ^ _09385_/X (sky130_fd_sc_hd__xor2_1)
                                                         _01897_ (net)
                      0.365925    0.000695    7.504070 ^ _09387_/B (sky130_fd_sc_hd__xor2_1)
     2    0.008031    0.331978    0.455457    7.959527 ^ _09387_/X (sky130_fd_sc_hd__xor2_1)
                                                         _01899_ (net)
                      0.331978    0.000424    7.959951 ^ _09540_/A2 (sky130_fd_sc_hd__a21oi_1)
     2    0.010333    0.206766    0.317421    8.277372 v _09540_/Y (sky130_fd_sc_hd__a21oi_1)
                                                         _02066_ (net)
                      0.206766    0.000853    8.278225 v _09542_/B (sky130_fd_sc_hd__xnor2_1)
     2    0.008077    0.355959    0.401628    8.679852 ^ _09542_/Y (sky130_fd_sc_hd__xnor2_1)
                                                         _02068_ (net)
                      0.355959    0.000568    8.680420 ^ _09543_/B (sky130_fd_sc_hd__xor2_1)
     2    0.008727    0.352319    0.468382    9.148802 ^ _09543_/X (sky130_fd_sc_hd__xor2_1)
                                                         _02069_ (net)
                      0.352319    0.000603    9.149405 ^ _09545_/B (sky130_fd_sc_hd__xnor2_1)
     2    0.008289    0.363277    0.357221    9.506626 ^ _09545_/Y (sky130_fd_sc_hd__xnor2_1)
                                                         _02071_ (net)
                      0.363277    0.000473    9.507099 ^ _09547_/B (sky130_fd_sc_hd__xnor2_1)
     2    0.009577    0.190411    0.304767    9.811866 v _09547_/Y (sky130_fd_sc_hd__xnor2_1)
                                                         _02073_ (net)
                      0.190411    0.000374    9.812241 v _09629_/A (sky130_fd_sc_hd__xnor2_1)
     2    0.010667    0.440946    0.489456   10.301697 ^ _09629_/Y (sky130_fd_sc_hd__xnor2_1)
                                                         _02164_ (net)
                      0.440948    0.000820   10.302517 ^ _09632_/A (sky130_fd_sc_hd__xor2_1)
     2    0.010585    0.406869    0.525395   10.827911 ^ _09632_/X (sky130_fd_sc_hd__xor2_1)
                                                         _02167_ (net)
                      0.406869    0.000698   10.828609 ^ _09633_/B (sky130_fd_sc_hd__xnor2_1)
     2    0.013582    0.537324    0.430668   11.259277 ^ _09633_/Y (sky130_fd_sc_hd__xnor2_1)
                                                         _02168_ (net)
                      0.537327    0.001068   11.260345 ^ _09636_/A (sky130_fd_sc_hd__xor2_1)
     2    0.008379    0.343010    0.503986   11.764332 ^ _09636_/X (sky130_fd_sc_hd__xor2_1)
                                                         _02171_ (net)
                      0.343010    0.000563   11.764895 ^ _09637_/B (sky130_fd_sc_hd__xnor2_1)
     3    0.014655    0.573056    0.421247   12.186142 ^ _09637_/Y (sky130_fd_sc_hd__xnor2_1)
                                                         _02172_ (net)
                      0.573061    0.001426   12.187568 ^ _09639_/A (sky130_fd_sc_hd__xnor2_1)
     3    0.007714    0.192473    0.376183   12.563750 v _09639_/Y (sky130_fd_sc_hd__xnor2_1)
                                                         _02175_ (net)
                      0.192473    0.000266   12.564016 v _09890_/A_N (sky130_fd_sc_hd__nand2b_1)
     2    0.011720    0.234451    0.461489   13.025505 v _09890_/Y (sky130_fd_sc_hd__nand2b_1)
                                                         _02448_ (net)
                      0.234451    0.000804   13.026308 v _09892_/B (sky130_fd_sc_hd__nor4_4)
     2    0.011078    0.437004    0.588340   13.614649 ^ _09892_/Y (sky130_fd_sc_hd__nor4_4)
                                                         _02450_ (net)
                      0.437005    0.000699   13.615348 ^ _09896_/A3 (sky130_fd_sc_hd__o31a_1)
     3    0.024563    0.416392    0.590137   14.205484 ^ _09896_/X (sky130_fd_sc_hd__o31a_1)
                                                         _02454_ (net)
                      0.416393    0.001662   14.207146 ^ _10105_/A3 (sky130_fd_sc_hd__o31a_1)
     3    0.022157    0.378546    0.556057   14.763203 ^ _10105_/X (sky130_fd_sc_hd__o31a_1)
                                                         _02682_ (net)
                      0.378560    0.002750   14.765952 ^ rebuffer17/A (sky130_fd_sc_hd__clkbuf_1)
     1    0.005034    0.113625    0.286786   15.052738 ^ rebuffer17/X (sky130_fd_sc_hd__clkbuf_1)
                                                         net736 (net)
                      0.113625    0.000242   15.052979 ^ _10175_/A1 (sky130_fd_sc_hd__a21oi_2)
     1    0.004887    0.110785    0.121382   15.174362 v _10175_/Y (sky130_fd_sc_hd__a21oi_2)
                                                         _02758_ (net)
                      0.110785    0.000361   15.174723 v _10176_/B (sky130_fd_sc_hd__xnor2_1)
     1    0.002918    0.106846    0.222339   15.397062 v _10176_/Y (sky130_fd_sc_hd__xnor2_1)
                                                         _00060_ (net)
                      0.106846    0.000183   15.397244 v _13666_/D (sky130_fd_sc_hd__dfrtp_1)
                                             15.397244   data arrival time

                                 10.000000   10.000000   clock clk (rise edge)
                                  0.000000   10.000000   clock source latency
     1    0.054035    0.389422    0.276606   10.276607 ^ clk (in)
                                                         clk (net)
                      0.390222    0.000000   10.276607 ^ clkbuf_0_clk/A (sky130_fd_sc_hd__clkbuf_16)
     8    0.174242    0.285445    0.524875   10.801482 ^ clkbuf_0_clk/X (sky130_fd_sc_hd__clkbuf_16)
                                                         clknet_0_clk (net)
                      0.286944    0.016127   10.817609 ^ clkbuf_3_5__f_clk/A (sky130_fd_sc_hd__clkbuf_16)
     9    0.077947    0.146498    0.385352   11.202961 ^ clkbuf_3_5__f_clk/X (sky130_fd_sc_hd__clkbuf_16)
                                                         clknet_3_5__leaf_clk (net)
                      0.147322    0.008022   11.210982 ^ _13666_/CLK (sky130_fd_sc_hd__dfrtp_1)
                                 -0.250000   10.960982   clock uncertainty
                                  0.000000   10.960982   clock reconvergence pessimism
                                 -0.271304   10.689679   library setup time
                                             10.689679   data required time
---------------------------------------------------------------------------------------------
                                             10.689679   data required time
                                            -15.397244   data arrival time
---------------------------------------------------------------------------------------------
                                             -4.707566   slack (VIOLATED)




===========================================================================
report_checks --slack_max -0.01
============================================================================
======================= max_ss_100C_1v60 Corner ===================================

Startpoint: x1[0] (input port clocked by clk)
Endpoint: _13666_ (rising edge-triggered flip-flop clocked by clk)
Path Group: clk
Path Type: max

Fanout         Cap        Slew       Delay        Time   Description
---------------------------------------------------------------------------------------------
                                  0.000000    0.000000   clock clk (rise edge)
                                  0.000000    0.000000   clock network delay (propagated)
                                  2.000000    2.000000 v input external delay
     1    0.003278    0.020300    0.010787    2.010787 v x1[0] (in)
                                                         x1[0] (net)
                      0.020301    0.000000    2.010787 v input138/A (sky130_fd_sc_hd__clkbuf_1)
     1    0.004147    0.063834    0.150650    2.161438 v input138/X (sky130_fd_sc_hd__clkbuf_1)
                                                         net138 (net)
                      0.063835    0.000281    2.161718 v fanout597/A (sky130_fd_sc_hd__buf_2)
     5    0.054447    0.247399    0.403676    2.565394 v fanout597/X (sky130_fd_sc_hd__buf_2)
                                                         net597 (net)
                      0.247562    0.005755    2.571148 v fanout592/A (sky130_fd_sc_hd__buf_2)
     7    0.059190    0.268140    0.502360    3.073509 v fanout592/X (sky130_fd_sc_hd__buf_2)
                                                         net592 (net)
                      0.268712    0.009409    3.082918 v fanout591/A (sky130_fd_sc_hd__clkbuf_2)
     5    0.043065    0.299608    0.468892    3.551810 v fanout591/X (sky130_fd_sc_hd__clkbuf_2)
                                                         net591 (net)
                      0.299639    0.003061    3.554871 v fanout588/A (sky130_fd_sc_hd__buf_2)
    10    0.044252    0.206073    0.483611    4.038482 v fanout588/X (sky130_fd_sc_hd__buf_2)
                                                         net588 (net)
                      0.206374    0.007001    4.045482 v _07533_/A (sky130_fd_sc_hd__or2_4)
     9    0.076168    0.244514    0.706371    4.751854 v _07533_/X (sky130_fd_sc_hd__or2_4)
                                                         _06762_ (net)
                      0.246682    0.018142    4.769996 v _09228_/B (sky130_fd_sc_hd__and3_2)
     6    0.032671    0.193113    0.631656    5.401652 v _09228_/X (sky130_fd_sc_hd__and3_2)
                                                         _01726_ (net)
                      0.193132    0.002081    5.403733 v _09382_/A (sky130_fd_sc_hd__nor2_1)
     4    0.020452    0.617742    0.578005    5.981738 ^ _09382_/Y (sky130_fd_sc_hd__nor2_1)
                                                         _01894_ (net)
                      0.617742    0.000540    5.982278 ^ fanout250/A (sky130_fd_sc_hd__clkbuf_4)
    10    0.057014    0.280518    0.642100    6.624378 ^ fanout250/X (sky130_fd_sc_hd__clkbuf_4)
                                                         net250 (net)
                      0.280552    0.003362    6.627740 ^ _09383_/B (sky130_fd_sc_hd__xor2_1)
     2    0.007017    0.302484    0.410631    7.038371 ^ _09383_/X (sky130_fd_sc_hd__xor2_1)
                                                         _01895_ (net)
                      0.302484    0.000289    7.038660 ^ _09385_/B (sky130_fd_sc_hd__xor2_1)
     2    0.009192    0.365925    0.464716    7.503376 ^ _09385_/X (sky130_fd_sc_hd__xor2_1)
                                                         _01897_ (net)
                      0.365925    0.000695    7.504070 ^ _09387_/B (sky130_fd_sc_hd__xor2_1)
     2    0.008031    0.331978    0.455457    7.959527 ^ _09387_/X (sky130_fd_sc_hd__xor2_1)
                                                         _01899_ (net)
                      0.331978    0.000424    7.959951 ^ _09540_/A2 (sky130_fd_sc_hd__a21oi_1)
     2    0.010333    0.206766    0.317421    8.277372 v _09540_/Y (sky130_fd_sc_hd__a21oi_1)
                                                         _02066_ (net)
                      0.206766    0.000853    8.278225 v _09542_/B (sky130_fd_sc_hd__xnor2_1)
     2    0.008077    0.355959    0.401628    8.679852 ^ _09542_/Y (sky130_fd_sc_hd__xnor2_1)
                                                         _02068_ (net)
                      0.355959    0.000568    8.680420 ^ _09543_/B (sky130_fd_sc_hd__xor2_1)
     2    0.008727    0.352319    0.468382    9.148802 ^ _09543_/X (sky130_fd_sc_hd__xor2_1)
                                                         _02069_ (net)
                      0.352319    0.000603    9.149405 ^ _09545_/B (sky130_fd_sc_hd__xnor2_1)
     2    0.008289    0.363277    0.357221    9.506626 ^ _09545_/Y (sky130_fd_sc_hd__xnor2_1)
                                                         _02071_ (net)
                      0.363277    0.000473    9.507099 ^ _09547_/B (sky130_fd_sc_hd__xnor2_1)
     2    0.009577    0.190411    0.304767    9.811866 v _09547_/Y (sky130_fd_sc_hd__xnor2_1)
                                                         _02073_ (net)
                      0.190411    0.000374    9.812241 v _09629_/A (sky130_fd_sc_hd__xnor2_1)
     2    0.010667    0.440946    0.489456   10.301697 ^ _09629_/Y (sky130_fd_sc_hd__xnor2_1)
                                                         _02164_ (net)
                      0.440948    0.000820   10.302517 ^ _09632_/A (sky130_fd_sc_hd__xor2_1)
     2    0.010585    0.406869    0.525395   10.827911 ^ _09632_/X (sky130_fd_sc_hd__xor2_1)
                                                         _02167_ (net)
                      0.406869    0.000698   10.828609 ^ _09633_/B (sky130_fd_sc_hd__xnor2_1)
     2    0.013582    0.537324    0.430668   11.259277 ^ _09633_/Y (sky130_fd_sc_hd__xnor2_1)
                                                         _02168_ (net)
                      0.537327    0.001068   11.260345 ^ _09636_/A (sky130_fd_sc_hd__xor2_1)
     2    0.008379    0.343010    0.503986   11.764332 ^ _09636_/X (sky130_fd_sc_hd__xor2_1)
                                                         _02171_ (net)
                      0.343010    0.000563   11.764895 ^ _09637_/B (sky130_fd_sc_hd__xnor2_1)
     3    0.014655    0.573056    0.421247   12.186142 ^ _09637_/Y (sky130_fd_sc_hd__xnor2_1)
                                                         _02172_ (net)
                      0.573061    0.001426   12.187568 ^ _09639_/A (sky130_fd_sc_hd__xnor2_1)
     3    0.007714    0.192473    0.376183   12.563750 v _09639_/Y (sky130_fd_sc_hd__xnor2_1)
                                                         _02175_ (net)
                      0.192473    0.000266   12.564016 v _09890_/A_N (sky130_fd_sc_hd__nand2b_1)
     2    0.011720    0.234451    0.461489   13.025505 v _09890_/Y (sky130_fd_sc_hd__nand2b_1)
                                                         _02448_ (net)
                      0.234451    0.000804   13.026308 v _09892_/B (sky130_fd_sc_hd__nor4_4)
     2    0.011078    0.437004    0.588340   13.614649 ^ _09892_/Y (sky130_fd_sc_hd__nor4_4)
                                                         _02450_ (net)
                      0.437005    0.000699   13.615348 ^ _09896_/A3 (sky130_fd_sc_hd__o31a_1)
     3    0.024563    0.416392    0.590137   14.205484 ^ _09896_/X (sky130_fd_sc_hd__o31a_1)
                                                         _02454_ (net)
                      0.416393    0.001662   14.207146 ^ _10105_/A3 (sky130_fd_sc_hd__o31a_1)
     3    0.022157    0.378546    0.556057   14.763203 ^ _10105_/X (sky130_fd_sc_hd__o31a_1)
                                                         _02682_ (net)
                      0.378560    0.002750   14.765952 ^ rebuffer17/A (sky130_fd_sc_hd__clkbuf_1)
     1    0.005034    0.113625    0.286786   15.052738 ^ rebuffer17/X (sky130_fd_sc_hd__clkbuf_1)
                                                         net736 (net)
                      0.113625    0.000242   15.052979 ^ _10175_/A1 (sky130_fd_sc_hd__a21oi_2)
     1    0.004887    0.110785    0.121382   15.174362 v _10175_/Y (sky130_fd_sc_hd__a21oi_2)
                                                         _02758_ (net)
                      0.110785    0.000361   15.174723 v _10176_/B (sky130_fd_sc_hd__xnor2_1)
     1    0.002918    0.106846    0.222339   15.397062 v _10176_/Y (sky130_fd_sc_hd__xnor2_1)
                                                         _00060_ (net)
                      0.106846    0.000183   15.397244 v _13666_/D (sky130_fd_sc_hd__dfrtp_1)
                                             15.397244   data arrival time

                                 10.000000   10.000000   clock clk (rise edge)
                                  0.000000   10.000000   clock source latency
     1    0.054035    0.389422    0.276606   10.276607 ^ clk (in)
                                                         clk (net)
                      0.390222    0.000000   10.276607 ^ clkbuf_0_clk/A (sky130_fd_sc_hd__clkbuf_16)
     8    0.174242    0.285445    0.524875   10.801482 ^ clkbuf_0_clk/X (sky130_fd_sc_hd__clkbuf_16)
                                                         clknet_0_clk (net)
                      0.286944    0.016127   10.817609 ^ clkbuf_3_5__f_clk/A (sky130_fd_sc_hd__clkbuf_16)
     9    0.077947    0.146498    0.385352   11.202961 ^ clkbuf_3_5__f_clk/X (sky130_fd_sc_hd__clkbuf_16)
                                                         clknet_3_5__leaf_clk (net)
                      0.147322    0.008022   11.210982 ^ _13666_/CLK (sky130_fd_sc_hd__dfrtp_1)
                                 -0.250000   10.960982   clock uncertainty
                                  0.000000   10.960982   clock reconvergence pessimism
                                 -0.271304   10.689679   library setup time
                                             10.689679   data required time
---------------------------------------------------------------------------------------------
                                             10.689679   data required time
                                            -15.397244   data arrival time
---------------------------------------------------------------------------------------------
                                             -4.707566   slack (VIOLATED)




===========================================================================
 report_check_types -max_slew -max_cap -max_fanout -violators
============================================================================
======================= max_ss_100C_1v60 Corner ===================================

max slew

Pin                                        Limit        Slew       Slack
------------------------------------------------------------------------
_12291_/A1                              0.750000    0.913874   -0.163874 (VIOLATED)
max_cap232/A                            0.750000    0.913874   -0.163874 (VIOLATED)
_12287_/Y                               0.750000    0.913872   -0.163872 (VIOLATED)
_07179_/B                               0.750000    0.814059   -0.064059 (VIOLATED)
_07180_/A2                              0.750000    0.814058   -0.064059 (VIOLATED)
_07151_/Y                               0.750000    0.814057   -0.064057 (VIOLATED)
_09028_/A2                              0.750000    0.783229   -0.033229 (VIOLATED)
_09029_/C1                              0.750000    0.783228   -0.033228 (VIOLATED)
_08888_/Y                               0.750000    0.783227   -0.033227 (VIOLATED)
_08754_/Y                               0.750000    0.776597   -0.026597 (VIOLATED)
_08761_/B1                              0.750000    0.776597   -0.026597 (VIOLATED)
_08764_/A1                              0.750000    0.776597   -0.026597 (VIOLATED)
max_cap238/A                            0.750000    0.776597   -0.026597 (VIOLATED)
_07328_/C1                              0.750000    0.762899   -0.012900 (VIOLATED)
_07327_/A2                              0.750000    0.762899   -0.012899 (VIOLATED)
_07183_/Y                               0.750000    0.762898   -0.012898 (VIOLATED)
_12743_/B1                              0.750000    0.762374   -0.012374 (VIOLATED)
_12744_/A1                              0.750000    0.762374   -0.012374 (VIOLATED)
_12741_/Y                               0.750000    0.762369   -0.012369 (VIOLATED)

max fanout

Pin                                   Limit Fanout  Slack
---------------------------------------------------------
fanout261/X                              10     11        (VIOLATED)
fanout333/X                              10     11        (VIOLATED)
fanout552/X                              10     11        (VIOLATED)
fanout562/X                              10     11        (VIOLATED)



===========================================================================
report_parasitic_annotation -report_unannotated
============================================================================
Found 4 unannotated drivers.
 clkload0/X
 clkload1/Y
 clkload2/Y
 clkload3/X
Found 0 partially unannotated drivers.

===========================================================================
max slew violation count 19
max fanout violation count 4
max cap violation count 0
============================================================================

===========================================================================
check_setup -verbose -unconstrained_endpoints -multiple_clock -no_clock -no_input_delay -loops -generated_clocks
===========================================================================
