Clock: clk
Sources: clk 
Generated: no
Virtual: yes
Propagated: no
Period: 10.000000

===========================================================================
report_clock_properties
============================================================================
Clock                   Period          Waveform
----------------------------------------------------
clk                  10.000000    0.000000  5.000000

===========================================================================
report_clock_latency
============================================================================
Clock clk
rise -> rise
    min     max
0.000000 0.000000 source latency
1.154260         network latency _13692_/CLK
        1.211038 network latency _13667_/CLK
---------------
1.154260 1.211038 latency
        0.056778 skew

fall -> fall
    min     max
0.000000 0.000000 source latency
0.970625         network latency _13692_/CLK
        1.015802 network latency _13667_/CLK
---------------
0.970625 1.015802 latency
        0.045176 skew



===========================================================================
report_clock_min_period
============================================================================
clk period_min = 0.00 fmax = inf
