
===========================================================================
 report_power
============================================================================
======================= max_ss_100C_1v60 Corner ===================================

Group                    Internal    Switching      Leakage        Total
                            Power        Power        Power        Power (Watts)
------------------------------------------------------------------------
Sequential           8.080671e-04 3.769257e-05 1.277973e-06 8.470376e-04   2.0%
Combinational        1.877045e-02 2.205652e-02 3.435185e-05 4.086132e-02  97.2%
Clock                1.863749e-04 1.479095e-04 2.552120e-07 3.345396e-04   0.8%
Macro                0.000000e+00 0.000000e+00 0.000000e+00 0.000000e+00   0.0%
Pad                  0.000000e+00 0.000000e+00 0.000000e+00 0.000000e+00   0.0%
------------------------------------------------------------------------
Total                1.976489e-02 2.224211e-02 3.588495e-05 4.204289e-02 100.0%
                            47.0%        52.9%         0.1%

