┏━━━━━━━━━━━━━━━━━━━━━━┳━━━━━━━━━━┳━━━━━━━━━━┳━━━━━━━━━━┳━━━━━━━━━━┳━━━━━━━━━━━┳━━━━━━━━━━┳━━━━━━━━━━━┳━━━━━━━━━━┳━━━━━━━━━━━┳━━━━━━━━━━┳━━━━━━━━━━━┳━━━━━━━━━━┓
┃                      ┃ Hold     ┃ Reg to   ┃          ┃          ┃ of which  ┃ Setup    ┃           ┃          ┃           ┃ of which ┃           ┃          ┃
┃                      ┃ Worst    ┃ Reg      ┃          ┃ Hold Vio ┃ reg to    ┃ Worst    ┃ Reg to    ┃ Setup    ┃ Setup Vio ┃ reg to   ┃ Max Cap   ┃ Max Slew ┃
┃ Corner/Group         ┃ Slack    ┃ Paths    ┃ Hold TNS ┃ Count    ┃ reg       ┃ Slack    ┃ Reg Paths ┃ TNS      ┃ Count     ┃ reg      ┃ Violatio… ┃ Violati… ┃
┡━━━━━━━━━━━━━━━━━━━━━━╇━━━━━━━━━━╇━━━━━━━━━━╇━━━━━━━━━━╇━━━━━━━━━━╇━━━━━━━━━━━╇━━━━━━━━━━╇━━━━━━━━━━━╇━━━━━━━━━━╇━━━━━━━━━━━╇━━━━━━━━━━╇━━━━━━━━━━━╇━━━━━━━━━━┩
│ Overall              │ 1.7161   │ N/A      │ 0.0000   │ 0        │ 0         │ -7.4374  │ N/A       │ -294.61… │ 60        │ 0        │ 8         │ 2032     │
│ nom_tt_025C_1v80     │ 1.8715   │ N/A      │ 0.0000   │ 0        │ 0         │ 0.3951   │ N/A       │ 0.0000   │ 0         │ 0        │ 7         │ 1515     │
│ nom_ss_100C_1v60     │ 1.7161   │ N/A      │ 0.0000   │ 0        │ 0         │ -7.4374  │ N/A       │ -294.61… │ 60        │ 0        │ 6         │ 2032     │
│ nom_ff_n40C_1v95     │ 1.9077   │ N/A      │ 0.0000   │ 0        │ 0         │ 3.2358   │ N/A       │ 0.0000   │ 0         │ 0        │ 8         │ 69       │
└──────────────────────┴──────────┴──────────┴──────────┴──────────┴───────────┴──────────┴───────────┴──────────┴───────────┴──────────┴───────────┴──────────┘
