
===========================================================================
report_checks -unconstrained
===========================================================================
======================= nom_tt_025C_1v80 Corner ===================================

Startpoint: rst_n (input port clocked by clk)
Endpoint: _13651_ (recovery check against rising-edge clock clk)
Path Group: asynchronous
Path Type: max

Fanout         Cap        Slew       Delay        Time   Description
---------------------------------------------------------------------------------------------
                                  0.000000    0.000000   clock clk (rise edge)
                                  0.000000    0.000000   clock network delay (propagated)
                                  2.000000    2.000000 ^ input external delay
     1    0.002622    0.018973    0.009674    2.009674 ^ rst_n (in)
                                                         rst_n (net)
                      0.018973    0.000000    2.009674 ^ input1/A (sky130_fd_sc_hd__buf_2)
     2    0.028206    0.141979    0.167628    2.177302 ^ input1/X (sky130_fd_sc_hd__buf_2)
                                                         net1 (net)
                      0.142028    0.002168    2.179470 ^ fanout719/A (sky130_fd_sc_hd__clkbuf_8)
     9    0.073252    0.135092    0.231610    2.411079 ^ fanout719/X (sky130_fd_sc_hd__clkbuf_8)
                                                         net719 (net)
                      0.135131    0.002220    2.413300 ^ fanout718/A (sky130_fd_sc_hd__clkbuf_4)
     8    0.048778    0.152847    0.246988    2.660288 ^ fanout718/X (sky130_fd_sc_hd__clkbuf_4)
                                                         net718 (net)
                      0.153030    0.003534    2.663822 ^ fanout717/A (sky130_fd_sc_hd__clkbuf_4)
    10    0.051004    0.158547    0.258484    2.922306 ^ fanout717/X (sky130_fd_sc_hd__clkbuf_4)
                                                         net717 (net)
                      0.158565    0.001821    2.924127 ^ _13651_/RESET_B (sky130_fd_sc_hd__dfrtp_1)
                                              2.924127   data arrival time

                                 10.000000   10.000000   clock clk (rise edge)
                                  0.000000   10.000000   clock source latency
     1    0.033907    0.157933    0.110606   10.110606 ^ clk (in)
                                                         clk (net)
                      0.158022    0.000000   10.110606 ^ clkbuf_0_clk/A (sky130_fd_sc_hd__clkbuf_16)
     8    0.108092    0.122425    0.230239   10.340845 ^ clkbuf_0_clk/X (sky130_fd_sc_hd__clkbuf_16)
                                                         clknet_0_clk (net)
                      0.122659    0.003618   10.344463 ^ clkbuf_3_7__f_clk/A (sky130_fd_sc_hd__clkbuf_16)
    10    0.034223    0.054695    0.165861   10.510324 ^ clkbuf_3_7__f_clk/X (sky130_fd_sc_hd__clkbuf_16)
                                                         clknet_3_7__leaf_clk (net)
                      0.054697    0.000543   10.510867 ^ _13651_/CLK (sky130_fd_sc_hd__dfrtp_1)
                                 -0.250000   10.260867   clock uncertainty
                                  0.000000   10.260867   clock reconvergence pessimism
                                  0.203949   10.464816   library recovery time
                                             10.464816   data required time
---------------------------------------------------------------------------------------------
                                             10.464816   data required time
                                             -2.924127   data arrival time
---------------------------------------------------------------------------------------------
                                              7.540689   slack (MET)


Startpoint: x0[1] (input port clocked by clk)
Endpoint: _13667_ (rising edge-triggered flip-flop clocked by clk)
Path Group: clk
Path Type: max

Fanout         Cap        Slew       Delay        Time   Description
---------------------------------------------------------------------------------------------
                                  0.000000    0.000000   clock clk (rise edge)
                                  0.000000    0.000000   clock network delay (propagated)
                                  2.000000    2.000000 v input external delay
     1    0.005277    0.014212    0.008527    2.008528 v x0[1] (in)
                                                         x0[1] (net)
                      0.014212    0.000000    2.008528 v input131/A (sky130_fd_sc_hd__buf_6)
     1    0.013990    0.028574    0.106104    2.114631 v input131/X (sky130_fd_sc_hd__buf_6)
                                                         net131 (net)
                      0.028584    0.000509    2.115141 v fanout649/A (sky130_fd_sc_hd__buf_8)
     5    0.034554    0.040014    0.126748    2.241888 v fanout649/X (sky130_fd_sc_hd__buf_8)
                                                         net649 (net)
                      0.040047    0.001106    2.242994 v fanout648/A (sky130_fd_sc_hd__buf_12)
     2    0.008862    0.023494    0.115790    2.358784 v fanout648/X (sky130_fd_sc_hd__buf_12)
                                                         net648 (net)
                      0.023494    0.000013    2.358797 v fanout647/A (sky130_fd_sc_hd__buf_8)
     8    0.035697    0.040868    0.125568    2.484365 v fanout647/X (sky130_fd_sc_hd__buf_8)
                                                         net647 (net)
                      0.040898    0.001061    2.485425 v fanout646/A (sky130_fd_sc_hd__buf_8)
     5    0.013609    0.027026    0.117323    2.602749 v fanout646/X (sky130_fd_sc_hd__buf_8)
                                                         net646 (net)
                      0.027026    0.000135    2.602884 v _08855_/A (sky130_fd_sc_hd__and4_1)
     3    0.007177    0.058282    0.156717    2.759601 v _08855_/X (sky130_fd_sc_hd__and4_1)
                                                         _01321_ (net)
                      0.058282    0.000014    2.759616 v _08857_/A (sky130_fd_sc_hd__or3_4)
     2    0.005266    0.067686    0.385596    3.145212 v _08857_/X (sky130_fd_sc_hd__or3_4)
                                                         _01323_ (net)
                      0.067686    0.000012    3.145224 v _08861_/A2 (sky130_fd_sc_hd__a21o_1)
     3    0.006969    0.052003    0.200422    3.345646 v _08861_/X (sky130_fd_sc_hd__a21o_1)
                                                         _01327_ (net)
                      0.052003    0.000009    3.345654 v _08863_/A1 (sky130_fd_sc_hd__a21o_1)
     2    0.003731    0.038499    0.157756    3.503410 v _08863_/X (sky130_fd_sc_hd__a21o_1)
                                                         _01329_ (net)
                      0.038499    0.000002    3.503412 v _08865_/A (sky130_fd_sc_hd__and3_1)
     2    0.005224    0.047095    0.148314    3.651726 v _08865_/X (sky130_fd_sc_hd__and3_1)
                                                         _01331_ (net)
                      0.047095    0.000025    3.651751 v _08868_/A (sky130_fd_sc_hd__or3_4)
     4    0.012777    0.079202    0.404194    4.055945 v _08868_/X (sky130_fd_sc_hd__or3_4)
                                                         _01334_ (net)
                      0.079202    0.000062    4.056007 v rebuffer42/A (sky130_fd_sc_hd__buf_6)
     1    0.009444    0.024973    0.130042    4.186049 v rebuffer42/X (sky130_fd_sc_hd__buf_6)
                                                         net761 (net)
                      0.024973    0.000031    4.186079 v _08872_/A2 (sky130_fd_sc_hd__a21oi_4)
     2    0.016125    0.160318    0.179193    4.365272 ^ _08872_/Y (sky130_fd_sc_hd__a21oi_4)
                                                         _01338_ (net)
                      0.160318    0.000097    4.365369 ^ _08873_/B (sky130_fd_sc_hd__nor3_4)
     4    0.018685    0.059648    0.081437    4.446806 v _08873_/Y (sky130_fd_sc_hd__nor3_4)
                                                         _01339_ (net)
                      0.059648    0.000107    4.446913 v _08876_/A1 (sky130_fd_sc_hd__o211a_1)
     3    0.007108    0.059594    0.245452    4.692365 v _08876_/X (sky130_fd_sc_hd__o211a_1)
                                                         _01342_ (net)
                      0.059594    0.000014    4.692379 v _08878_/A (sky130_fd_sc_hd__or3_4)
     2    0.004780    0.066540    0.384181    5.076560 v _08878_/X (sky130_fd_sc_hd__or3_4)
                                                         _01345_ (net)
                      0.066540    0.000011    5.076571 v _08880_/B1 (sky130_fd_sc_hd__o211a_1)
     2    0.005396    0.050166    0.142344    5.218915 v _08880_/X (sky130_fd_sc_hd__o211a_1)
                                                         _01347_ (net)
                      0.050166    0.000041    5.218956 v _08884_/B (sky130_fd_sc_hd__or4_4)
     2    0.007219    0.089144    0.516667    5.735624 v _08884_/X (sky130_fd_sc_hd__or4_4)
                                                         _01351_ (net)
                      0.089144    0.000020    5.735644 v _09024_/A1 (sky130_fd_sc_hd__a211o_4)
     2    0.008041    0.054786    0.340022    6.075666 v _09024_/X (sky130_fd_sc_hd__a211o_4)
                                                         _01504_ (net)
                      0.054786    0.000040    6.075706 v _09027_/A2 (sky130_fd_sc_hd__a211o_1)
     2    0.005143    0.060628    0.302650    6.378356 v _09027_/X (sky130_fd_sc_hd__a211o_1)
                                                         _01507_ (net)
                      0.060628    0.000005    6.378362 v _09029_/A1 (sky130_fd_sc_hd__a211o_1)
     2    0.006540    0.066872    0.277641    6.656003 v _09029_/X (sky130_fd_sc_hd__a211o_1)
                                                         _01510_ (net)
                      0.066872    0.000011    6.656014 v _09031_/B2 (sky130_fd_sc_hd__a2bb2o_4)
     2    0.004772    0.034923    0.205893    6.861907 v _09031_/X (sky130_fd_sc_hd__a2bb2o_4)
                                                         _01512_ (net)
                      0.034923    0.000019    6.861926 v _09191_/A2 (sky130_fd_sc_hd__a21o_1)
     2    0.014340    0.079938    0.216426    7.078351 v _09191_/X (sky130_fd_sc_hd__a21o_1)
                                                         _01686_ (net)
                      0.079938    0.000119    7.078471 v _09351_/A1 (sky130_fd_sc_hd__a21oi_4)
     4    0.020836    0.188437    0.202520    7.280991 ^ _09351_/Y (sky130_fd_sc_hd__a21oi_4)
                                                         _01861_ (net)
                      0.188437    0.000215    7.281206 ^ _09892_/D (sky130_fd_sc_hd__nor4_4)
     2    0.007170    0.049305    0.056539    7.337745 v _09892_/Y (sky130_fd_sc_hd__nor4_4)
                                                         _02450_ (net)
                      0.049305    0.000061    7.337807 v _09896_/A3 (sky130_fd_sc_hd__o31a_1)
     3    0.012818    0.089907    0.285591    7.623397 v _09896_/X (sky130_fd_sc_hd__o31a_1)
                                                         _02454_ (net)
                      0.089907    0.000223    7.623620 v _10105_/A3 (sky130_fd_sc_hd__o31a_1)
     3    0.014116    0.095356    0.305757    7.929378 v _10105_/X (sky130_fd_sc_hd__o31a_1)
                                                         _02682_ (net)
                      0.095356    0.000253    7.929630 v _10178_/A1 (sky130_fd_sc_hd__a31o_1)
     1    0.005653    0.049491    0.204233    8.133863 v _10178_/X (sky130_fd_sc_hd__a31o_1)
                                                         _02761_ (net)
                      0.049491    0.000030    8.133894 v _10209_/B (sky130_fd_sc_hd__xnor2_1)
     1    0.002217    0.050048    0.115610    8.249503 v _10209_/Y (sky130_fd_sc_hd__xnor2_1)
                                                         _00061_ (net)
                      0.050048    0.000004    8.249507 v _13667_/D (sky130_fd_sc_hd__dfrtp_1)
                                              8.249507   data arrival time

                                 10.000000   10.000000   clock clk (rise edge)
                                  0.000000   10.000000   clock source latency
     1    0.033907    0.157933    0.110606   10.110606 ^ clk (in)
                                                         clk (net)
                      0.158022    0.000000   10.110606 ^ clkbuf_0_clk/A (sky130_fd_sc_hd__clkbuf_16)
     8    0.108092    0.122425    0.230239   10.340845 ^ clkbuf_0_clk/X (sky130_fd_sc_hd__clkbuf_16)
                                                         clknet_0_clk (net)
                      0.122594    0.002842   10.343687 ^ clkbuf_3_5__f_clk/A (sky130_fd_sc_hd__clkbuf_16)
     9    0.044350    0.063698    0.173451   10.517138 ^ clkbuf_3_5__f_clk/X (sky130_fd_sc_hd__clkbuf_16)
                                                         clknet_3_5__leaf_clk (net)
                      0.063727    0.001243   10.518380 ^ _13667_/CLK (sky130_fd_sc_hd__dfrtp_1)
                                 -0.250000   10.268380   clock uncertainty
                                  0.000000   10.268380   clock reconvergence pessimism
                                 -0.112188   10.156192   library setup time
                                             10.156192   data required time
---------------------------------------------------------------------------------------------
                                             10.156192   data required time
                                             -8.249507   data arrival time
---------------------------------------------------------------------------------------------
                                              1.906685   slack (MET)




===========================================================================
report_checks --slack_max -0.01
============================================================================
======================= nom_tt_025C_1v80 Corner ===================================

No paths found.


===========================================================================
 report_check_types -max_slew -max_cap -max_fanout -violators
============================================================================
======================= nom_tt_025C_1v80 Corner ===================================



===========================================================================
report_parasitic_annotation -report_unannotated
============================================================================
Found 4 unannotated drivers.
 clkload0/X
 clkload1/Y
 clkload2/Y
 clkload3/X
Found 0 partially unannotated drivers.

===========================================================================
max slew violation count 0
Writing metric design__max_slew_violation__count__corner:nom_tt_025C_1v80: 0
max fanout violation count 0
Writing metric design__max_fanout_violation__count__corner:nom_tt_025C_1v80: 0
max cap violation count 0
Writing metric design__max_cap_violation__count__corner:nom_tt_025C_1v80: 0
============================================================================

===========================================================================
check_setup -verbose -unconstrained_endpoints -multiple_clock -no_clock -no_input_delay -loops -generated_clocks
===========================================================================
