Clock: clk
Sources: clk 
Generated: no
Virtual: yes
Propagated: no
Period: 10.000000

===========================================================================
report_clock_properties
============================================================================
Clock                   Period          Waveform
----------------------------------------------------
clk                  10.000000    0.000000  5.000000

===========================================================================
report_clock_latency
============================================================================
Clock clk
rise -> rise
    min     max
0.000000 0.000000 source latency
0.505849         network latency _13642_/CLK
        0.518380 network latency _13667_/CLK
---------------
0.505849 0.518380 latency
        0.012531 skew

fall -> fall
    min     max
0.000000 0.000000 source latency
0.431557         network latency _13642_/CLK
        0.441263 network latency _13667_/CLK
---------------
0.431557 0.441263 latency
        0.009706 skew



===========================================================================
report_clock_min_period
============================================================================
clk period_min = 0.00 fmax = inf
