
===========================================================================
 report_power
============================================================================
======================= nom_tt_025C_1v80 Corner ===================================

Group                    Internal    Switching      Leakage        Total
                            Power        Power        Power        Power (Watts)
------------------------------------------------------------------------
Sequential           1.085579e-03 3.360636e-05 7.769226e-10 1.119186e-03   2.3%
Combinational        2.321795e-02 2.332565e-02 2.706131e-08 4.654363e-02  96.9%
Clock                2.273621e-04 1.270607e-04 1.054284e-09 3.544239e-04   0.7%
Macro                0.000000e+00 0.000000e+00 0.000000e+00 0.000000e+00   0.0%
Pad                  0.000000e+00 0.000000e+00 0.000000e+00 0.000000e+00   0.0%
------------------------------------------------------------------------
Total                2.453089e-02 2.348632e-02 2.889253e-08 4.801724e-02 100.0%
                            51.1%        48.9%         0.0%
Writing metric power__internal__total: 0.024530889466404915
Writing metric power__switching__total: 0.023486319929361343
Writing metric power__leakage__total: 2.8892532810687044e-8
Writing metric power__total: 0.048017241060733795

