
 /----------------------------------------------------------------------------\
 |  yosys -- Yosys Open SYnthesis Suite                                       |
 |  Copyright (C) 2012 - 2026  Claire Xenia Wolf <claire@yosyshq.com>         |
 |  Distributed under an ISC-like license, type "license" to see terms        |
 \----------------------------------------------------------------------------/
 Yosys 0.65 (git sha1 b85cad634, ccache clang++  -O3 -fwasm-exceptions -mllvm) [yowasp/yosys at release-0.65]

-- Running command `
read_verilog -sv synth_top.sv;
synth -top synth_top -noabc;
stat;
write_verilog synth_top_netlist.v
' --

1. Executing Verilog-2005 frontend: synth_top.sv
Parsing SystemVerilog input from `synth_top.sv' to AST representation.
Generating RTLIL representation for module `\synth_top'.
Successfully finished Verilog frontend.

2. Executing SYNTH pass.

2.1. Executing HIERARCHY pass (managing design hierarchy).

2.1.1. Analyzing design hierarchy..
Top module:  \synth_top

2.1.2. Analyzing design hierarchy..
Top module:  \synth_top
Removed 0 unused modules.

2.2. Executing PROC pass (convert processes to netlists).

2.2.1. Executing PROC_CLEAN pass (remove empty switches from decision trees).
Cleaned up 0 empty switches.

2.2.2. Executing PROC_RMDEAD pass (remove dead branches from decision trees).
Marked 1 switch rules as full_case in process $proc$synth_top.sv:12$1 in module synth_top.
Removed a total of 0 dead cases.

2.2.3. Executing PROC_PRUNE pass (remove redundant assignments in processes).
Removed 4 redundant assignments.
Promoted 0 assignments to connections.

2.2.4. Executing PROC_INIT pass (extract init attributes).

2.2.5. Executing PROC_ARST pass (detect async resets in processes).
Found async reset \rst_n in `\synth_top.$proc$synth_top.sv:12$1'.

2.2.6. Executing PROC_ROM pass (convert switches to ROMs).
Converted 0 switches.

2.2.7. Executing PROC_MUX pass (convert decision trees to multiplexers).
Creating decoders for process `\synth_top.$proc$synth_top.sv:12$1'.
     1/4: $0\y3[16:0]
     2/4: $0\y2[16:0]
     3/4: $0\y1[16:0]
     4/4: $0\y0[16:0]

2.2.8. Executing PROC_DLATCH pass (convert process syncs to latches).

2.2.9. Executing PROC_DFF pass (convert process syncs to FFs).
Creating register for signal `\synth_top.\y0' using process `\synth_top.$proc$synth_top.sv:12$1'.
  created $adff cell `$procdff$35' with positive edge clock and positive level reset.
Creating register for signal `\synth_top.\y1' using process `\synth_top.$proc$synth_top.sv:12$1'.
  created $adff cell `$procdff$40' with positive edge clock and positive level reset.
Creating register for signal `\synth_top.\y2' using process `\synth_top.$proc$synth_top.sv:12$1'.
  created $adff cell `$procdff$45' with positive edge clock and positive level reset.
Creating register for signal `\synth_top.\y3' using process `\synth_top.$proc$synth_top.sv:12$1'.
  created $adff cell `$procdff$50' with positive edge clock and positive level reset.

2.2.10. Executing PROC_MEMWR pass (convert process memory writes to cells).

2.2.11. Executing PROC_CLEAN pass (remove empty switches from decision trees).
Removing empty process `synth_top.$proc$synth_top.sv:12$1'.
Cleaned up 0 empty switches.

2.2.12. Executing OPT_EXPR pass (perform const folding).
Optimizing module synth_top.
<suppressed ~8 debug messages>

2.3. Executing OPT_EXPR pass (perform const folding).
Optimizing module synth_top.

2.4. Executing OPT_CLEAN pass (remove unused cells and wires).
Finding unused cells or wires in module \synth_top..
Removed 5 unused cells and 13 unused wires.
<suppressed ~6 debug messages>

2.5. Executing CHECK pass (checking for obvious problems).
Checking module synth_top...
Found and reported 0 problems.

2.6. Executing OPT pass (performing simple optimizations).

2.6.1. Executing OPT_EXPR pass (perform const folding).
Optimizing module synth_top.

2.6.2. Executing OPT_MERGE pass (detect identical cells).
Finding identical cells in module `\synth_top'.
Computing hashes of 32 cells of `\synth_top'.
Finding duplicate cells in `\synth_top'.
Removed a total of 0 cells.

2.6.3. Executing OPT_MUXTREE pass (detect dead branches in mux trees).
Running muxtree optimizer on module \synth_top..
  Creating internal representation of mux trees.
  No muxes found in this module.
Removed 0 multiplexer ports.

2.6.4. Executing OPT_REDUCE pass (consolidate $*mux and $reduce_* inputs).
  Optimizing cells in module \synth_top.
Performed a total of 0 changes.

2.6.5. Executing OPT_MERGE pass (detect identical cells).
Finding identical cells in module `\synth_top'.
Computing hashes of 32 cells of `\synth_top'.
Finding duplicate cells in `\synth_top'.
Removed a total of 0 cells.

2.6.6. Executing OPT_DFF pass (perform DFF optimizations).

2.6.7. Executing OPT_CLEAN pass (remove unused cells and wires).
Finding unused cells or wires in module \synth_top..

2.6.8. Executing OPT_EXPR pass (perform const folding).
Optimizing module synth_top.

2.6.9. Finished fast OPT passes. (There is nothing left to do.)

2.7. Executing FSM pass (extract and optimize FSM).

2.7.1. Executing FSM_DETECT pass (finding FSMs in design).

2.7.2. Executing FSM_EXTRACT pass (extracting FSM from design).

2.7.3. Executing FSM_OPT pass (simple optimizations of FSMs).

2.7.4. Executing OPT_CLEAN pass (remove unused cells and wires).
Finding unused cells or wires in module \synth_top..

2.7.5. Executing FSM_OPT pass (simple optimizations of FSMs).

2.7.6. Executing FSM_RECODE pass (re-assigning FSM state encoding).

2.7.7. Executing FSM_INFO pass (dumping all available information on FSM cells).

2.7.8. Executing FSM_MAP pass (mapping FSMs to basic logic).

2.8. Executing OPT pass (performing simple optimizations).

2.8.1. Executing OPT_EXPR pass (perform const folding).
Optimizing module synth_top.

2.8.2. Executing OPT_MERGE pass (detect identical cells).
Finding identical cells in module `\synth_top'.
Computing hashes of 32 cells of `\synth_top'.
Finding duplicate cells in `\synth_top'.
Removed a total of 0 cells.

2.8.3. Executing OPT_MUXTREE pass (detect dead branches in mux trees).
Running muxtree optimizer on module \synth_top..
  Creating internal representation of mux trees.
  No muxes found in this module.
Removed 0 multiplexer ports.

2.8.4. Executing OPT_REDUCE pass (consolidate $*mux and $reduce_* inputs).
  Optimizing cells in module \synth_top.
Performed a total of 0 changes.

2.8.5. Executing OPT_MERGE pass (detect identical cells).
Finding identical cells in module `\synth_top'.
Computing hashes of 32 cells of `\synth_top'.
Finding duplicate cells in `\synth_top'.
Removed a total of 0 cells.

2.8.6. Executing OPT_DFF pass (perform DFF optimizations).

2.8.7. Executing OPT_CLEAN pass (remove unused cells and wires).
Finding unused cells or wires in module \synth_top..

2.8.8. Executing OPT_EXPR pass (perform const folding).
Optimizing module synth_top.

2.8.9. Finished fast OPT passes. (There is nothing left to do.)

2.9. Executing WREDUCE pass (reducing word size of cells).
Removed top 1 bits (of 17) from port Y of cell synth_top.$mul$synth_top.sv:16$3 ($mul).
Removed top 1 bits (of 17) from port Y of cell synth_top.$mul$synth_top.sv:16$4 ($mul).
Converting cell synth_top.$add$synth_top.sv:16$5 ($add) from unsigned to signed.
Removed top 1 bits (of 17) from port A of cell synth_top.$add$synth_top.sv:16$5 ($add).
Removed top 1 bits (of 17) from port B of cell synth_top.$add$synth_top.sv:16$5 ($add).
Removed top 1 bits (of 17) from port Y of cell synth_top.$mul$synth_top.sv:16$6 ($mul).
Removed top 1 bits (of 17) from port B of cell synth_top.$add$synth_top.sv:16$7 ($add).
Removed top 1 bits (of 17) from port Y of cell synth_top.$mul$synth_top.sv:16$8 ($mul).
Removed top 1 bits (of 17) from port B of cell synth_top.$add$synth_top.sv:16$9 ($add).
Removed top 1 bits (of 17) from port Y of cell synth_top.$mul$synth_top.sv:17$10 ($mul).
Removed top 1 bits (of 17) from port Y of cell synth_top.$mul$synth_top.sv:17$11 ($mul).
Converting cell synth_top.$add$synth_top.sv:17$12 ($add) from unsigned to signed.
Removed top 1 bits (of 17) from port A of cell synth_top.$add$synth_top.sv:17$12 ($add).
Removed top 1 bits (of 17) from port B of cell synth_top.$add$synth_top.sv:17$12 ($add).
Removed top 1 bits (of 17) from port Y of cell synth_top.$mul$synth_top.sv:17$13 ($mul).
Removed top 1 bits (of 17) from port B of cell synth_top.$add$synth_top.sv:17$14 ($add).
Removed top 1 bits (of 17) from port Y of cell synth_top.$mul$synth_top.sv:17$15 ($mul).
Removed top 1 bits (of 17) from port B of cell synth_top.$add$synth_top.sv:17$16 ($add).
Removed top 1 bits (of 17) from port Y of cell synth_top.$mul$synth_top.sv:18$17 ($mul).
Removed top 1 bits (of 17) from port Y of cell synth_top.$mul$synth_top.sv:18$18 ($mul).
Converting cell synth_top.$add$synth_top.sv:18$19 ($add) from unsigned to signed.
Removed top 1 bits (of 17) from port A of cell synth_top.$add$synth_top.sv:18$19 ($add).
Removed top 1 bits (of 17) from port B of cell synth_top.$add$synth_top.sv:18$19 ($add).
Removed top 1 bits (of 17) from port Y of cell synth_top.$mul$synth_top.sv:18$20 ($mul).
Removed top 1 bits (of 17) from port B of cell synth_top.$add$synth_top.sv:18$21 ($add).
Removed top 1 bits (of 17) from port Y of cell synth_top.$mul$synth_top.sv:18$22 ($mul).
Removed top 1 bits (of 17) from port B of cell synth_top.$add$synth_top.sv:18$23 ($add).
Removed top 1 bits (of 17) from port Y of cell synth_top.$mul$synth_top.sv:19$24 ($mul).
Removed top 1 bits (of 17) from port Y of cell synth_top.$mul$synth_top.sv:19$25 ($mul).
Converting cell synth_top.$add$synth_top.sv:19$26 ($add) from unsigned to signed.
Removed top 1 bits (of 17) from port A of cell synth_top.$add$synth_top.sv:19$26 ($add).
Removed top 1 bits (of 17) from port B of cell synth_top.$add$synth_top.sv:19$26 ($add).
Removed top 1 bits (of 17) from port Y of cell synth_top.$mul$synth_top.sv:19$27 ($mul).
Removed top 1 bits (of 17) from port B of cell synth_top.$add$synth_top.sv:19$28 ($add).
Removed top 1 bits (of 17) from port Y of cell synth_top.$mul$synth_top.sv:19$29 ($mul).
Removed top 1 bits (of 17) from port B of cell synth_top.$add$synth_top.sv:19$30 ($add).

2.10. Executing PEEPOPT pass (run peephole optimizers).

2.11. Executing OPT_CLEAN pass (remove unused cells and wires).
Finding unused cells or wires in module \synth_top..

2.12. Executing ALUMACC pass (create $alu and $macc cells).
Extracting $alu and $macc cells in module synth_top:
  creating $macc model for $add$synth_top.sv:19$30 ($add).
  creating $macc model for $mul$synth_top.sv:19$29 ($mul).
  creating $macc model for $add$synth_top.sv:19$28 ($add).
  creating $macc model for $mul$synth_top.sv:19$27 ($mul).
  creating $macc model for $add$synth_top.sv:19$26 ($add).
  creating $macc model for $mul$synth_top.sv:19$25 ($mul).
  creating $macc model for $mul$synth_top.sv:19$24 ($mul).
  creating $macc model for $add$synth_top.sv:18$23 ($add).
  creating $macc model for $mul$synth_top.sv:18$22 ($mul).
  creating $macc model for $add$synth_top.sv:18$21 ($add).
  creating $macc model for $mul$synth_top.sv:18$20 ($mul).
  creating $macc model for $add$synth_top.sv:18$19 ($add).
  creating $macc model for $mul$synth_top.sv:18$18 ($mul).
  creating $macc model for $mul$synth_top.sv:18$17 ($mul).
  creating $macc model for $add$synth_top.sv:17$16 ($add).
  creating $macc model for $mul$synth_top.sv:17$15 ($mul).
  creating $macc model for $add$synth_top.sv:17$14 ($add).
  creating $macc model for $mul$synth_top.sv:17$13 ($mul).
  creating $macc model for $add$synth_top.sv:17$12 ($add).
  creating $macc model for $mul$synth_top.sv:17$11 ($mul).
  creating $macc model for $mul$synth_top.sv:17$10 ($mul).
  creating $macc model for $add$synth_top.sv:16$9 ($add).
  creating $macc model for $mul$synth_top.sv:16$8 ($mul).
  creating $macc model for $add$synth_top.sv:16$7 ($add).
  creating $macc model for $mul$synth_top.sv:16$6 ($mul).
  creating $macc model for $add$synth_top.sv:16$5 ($add).
  creating $macc model for $mul$synth_top.sv:16$4 ($mul).
  creating $macc model for $mul$synth_top.sv:16$3 ($mul).
  merging $macc model for $mul$synth_top.sv:16$3 into $add$synth_top.sv:16$5.
  merging $macc model for $mul$synth_top.sv:16$4 into $add$synth_top.sv:16$5.
  merging $macc model for $add$synth_top.sv:16$5 into $add$synth_top.sv:16$7.
  merging $macc model for $mul$synth_top.sv:16$6 into $add$synth_top.sv:16$7.
  merging $macc model for $add$synth_top.sv:16$7 into $add$synth_top.sv:16$9.
  merging $macc model for $mul$synth_top.sv:16$8 into $add$synth_top.sv:16$9.
  merging $macc model for $mul$synth_top.sv:17$10 into $add$synth_top.sv:17$12.
  merging $macc model for $mul$synth_top.sv:17$11 into $add$synth_top.sv:17$12.
  merging $macc model for $add$synth_top.sv:17$12 into $add$synth_top.sv:17$14.
  merging $macc model for $mul$synth_top.sv:17$13 into $add$synth_top.sv:17$14.
  merging $macc model for $add$synth_top.sv:17$14 into $add$synth_top.sv:17$16.
  merging $macc model for $mul$synth_top.sv:17$15 into $add$synth_top.sv:17$16.
  merging $macc model for $mul$synth_top.sv:18$17 into $add$synth_top.sv:18$19.
  merging $macc model for $mul$synth_top.sv:18$18 into $add$synth_top.sv:18$19.
  merging $macc model for $add$synth_top.sv:18$19 into $add$synth_top.sv:18$21.
  merging $macc model for $mul$synth_top.sv:18$20 into $add$synth_top.sv:18$21.
  merging $macc model for $add$synth_top.sv:18$21 into $add$synth_top.sv:18$23.
  merging $macc model for $mul$synth_top.sv:18$22 into $add$synth_top.sv:18$23.
  merging $macc model for $mul$synth_top.sv:19$24 into $add$synth_top.sv:19$26.
  merging $macc model for $mul$synth_top.sv:19$25 into $add$synth_top.sv:19$26.
  merging $macc model for $add$synth_top.sv:19$26 into $add$synth_top.sv:19$28.
  merging $macc model for $mul$synth_top.sv:19$27 into $add$synth_top.sv:19$28.
  merging $macc model for $add$synth_top.sv:19$28 into $add$synth_top.sv:19$30.
  merging $macc model for $mul$synth_top.sv:19$29 into $add$synth_top.sv:19$30.
  creating $macc cell for $add$synth_top.sv:17$16: $auto$alumacc.cc:382:replace_macc$51
  creating $macc cell for $add$synth_top.sv:16$9: $auto$alumacc.cc:382:replace_macc$52
  creating $macc cell for $add$synth_top.sv:18$23: $auto$alumacc.cc:382:replace_macc$53
  creating $macc cell for $add$synth_top.sv:19$30: $auto$alumacc.cc:382:replace_macc$54
  created 0 $alu and 4 $macc cells.

2.13. Executing SHARE pass (SAT-based resource sharing).
Found 16 cells in module synth_top that may be considered for resource sharing.
  Analyzing resource sharing options for $mul$synth_top.sv:16$3 ($mul):
    Found cell that is never activated: $add$synth_top.sv:16$7
    Found cell that is never activated: $add$synth_top.sv:16$5
    Found cell that is never activated: $mul$synth_top.sv:16$3
    Cell is never active. Sharing is pointless, we simply remove it.
  Analyzing resource sharing options for $mul$synth_top.sv:16$4 ($mul):
    Found cell that is never activated: $mul$synth_top.sv:16$4
    Cell is never active. Sharing is pointless, we simply remove it.
  Analyzing resource sharing options for $mul$synth_top.sv:16$6 ($mul):
    Found cell that is never activated: $mul$synth_top.sv:16$6
    Cell is never active. Sharing is pointless, we simply remove it.
  Analyzing resource sharing options for $mul$synth_top.sv:16$8 ($mul):
    Found cell that is never activated: $mul$synth_top.sv:16$8
    Cell is never active. Sharing is pointless, we simply remove it.
  Analyzing resource sharing options for $mul$synth_top.sv:17$10 ($mul):
    Found cell that is never activated: $add$synth_top.sv:17$14
    Found cell that is never activated: $add$synth_top.sv:17$12
    Found cell that is never activated: $mul$synth_top.sv:17$10
    Cell is never active. Sharing is pointless, we simply remove it.
  Analyzing resource sharing options for $mul$synth_top.sv:17$11 ($mul):
    Found cell that is never activated: $mul$synth_top.sv:17$11
    Cell is never active. Sharing is pointless, we simply remove it.
  Analyzing resource sharing options for $mul$synth_top.sv:17$13 ($mul):
    Found cell that is never activated: $mul$synth_top.sv:17$13
    Cell is never active. Sharing is pointless, we simply remove it.
  Analyzing resource sharing options for $mul$synth_top.sv:17$15 ($mul):
    Found cell that is never activated: $mul$synth_top.sv:17$15
    Cell is never active. Sharing is pointless, we simply remove it.
  Analyzing resource sharing options for $mul$synth_top.sv:18$17 ($mul):
    Found cell that is never activated: $add$synth_top.sv:18$21
    Found cell that is never activated: $add$synth_top.sv:18$19
    Found cell that is never activated: $mul$synth_top.sv:18$17
    Cell is never active. Sharing is pointless, we simply remove it.
  Analyzing resource sharing options for $mul$synth_top.sv:18$18 ($mul):
    Found cell that is never activated: $mul$synth_top.sv:18$18
    Cell is never active. Sharing is pointless, we simply remove it.
  Analyzing resource sharing options for $mul$synth_top.sv:18$20 ($mul):
    Found cell that is never activated: $mul$synth_top.sv:18$20
    Cell is never active. Sharing is pointless, we simply remove it.
  Analyzing resource sharing options for $mul$synth_top.sv:18$22 ($mul):
    Found cell that is never activated: $mul$synth_top.sv:18$22
    Cell is never active. Sharing is pointless, we simply remove it.
  Analyzing resource sharing options for $mul$synth_top.sv:19$24 ($mul):
    Found cell that is never activated: $add$synth_top.sv:19$28
    Found cell that is never activated: $add$synth_top.sv:19$26
    Found cell that is never activated: $mul$synth_top.sv:19$24
    Cell is never active. Sharing is pointless, we simply remove it.
  Analyzing resource sharing options for $mul$synth_top.sv:19$25 ($mul):
    Found cell that is never activated: $mul$synth_top.sv:19$25
    Cell is never active. Sharing is pointless, we simply remove it.
  Analyzing resource sharing options for $mul$synth_top.sv:19$27 ($mul):
    Found cell that is never activated: $mul$synth_top.sv:19$27
    Cell is never active. Sharing is pointless, we simply remove it.
  Analyzing resource sharing options for $mul$synth_top.sv:19$29 ($mul):
    Found cell that is never activated: $mul$synth_top.sv:19$29
    Cell is never active. Sharing is pointless, we simply remove it.
Removing 24 cells in module synth_top:
  Removing cell $mul$synth_top.sv:19$29 ($mul).
  Removing cell $mul$synth_top.sv:19$27 ($mul).
  Removing cell $mul$synth_top.sv:19$25 ($mul).
  Removing cell $mul$synth_top.sv:19$24 ($mul).
  Removing cell $add$synth_top.sv:19$26 ($add).
  Removing cell $add$synth_top.sv:19$28 ($add).
  Removing cell $mul$synth_top.sv:18$22 ($mul).
  Removing cell $mul$synth_top.sv:18$20 ($mul).
  Removing cell $mul$synth_top.sv:18$18 ($mul).
  Removing cell $mul$synth_top.sv:18$17 ($mul).
  Removing cell $add$synth_top.sv:18$19 ($add).
  Removing cell $add$synth_top.sv:18$21 ($add).
  Removing cell $mul$synth_top.sv:17$15 ($mul).
  Removing cell $mul$synth_top.sv:17$13 ($mul).
  Removing cell $mul$synth_top.sv:17$11 ($mul).
  Removing cell $mul$synth_top.sv:17$10 ($mul).
  Removing cell $add$synth_top.sv:17$12 ($add).
  Removing cell $add$synth_top.sv:17$14 ($add).
  Removing cell $mul$synth_top.sv:16$8 ($mul).
  Removing cell $mul$synth_top.sv:16$6 ($mul).
  Removing cell $mul$synth_top.sv:16$4 ($mul).
  Removing cell $mul$synth_top.sv:16$3 ($mul).
  Removing cell $add$synth_top.sv:16$5 ($add).
  Removing cell $add$synth_top.sv:16$7 ($add).

2.14. Executing OPT pass (performing simple optimizations).

2.14.1. Executing OPT_EXPR pass (perform const folding).
Optimizing module synth_top.

2.14.2. Executing OPT_MERGE pass (detect identical cells).
Finding identical cells in module `\synth_top'.
Computing hashes of 8 cells of `\synth_top'.
Finding duplicate cells in `\synth_top'.
Removed a total of 0 cells.

2.14.3. Executing OPT_MUXTREE pass (detect dead branches in mux trees).
Running muxtree optimizer on module \synth_top..
  Creating internal representation of mux trees.
  No muxes found in this module.
Removed 0 multiplexer ports.

2.14.4. Executing OPT_REDUCE pass (consolidate $*mux and $reduce_* inputs).
  Optimizing cells in module \synth_top.
Performed a total of 0 changes.

2.14.5. Executing OPT_MERGE pass (detect identical cells).
Finding identical cells in module `\synth_top'.
Computing hashes of 8 cells of `\synth_top'.
Finding duplicate cells in `\synth_top'.
Removed a total of 0 cells.

2.14.6. Executing OPT_DFF pass (perform DFF optimizations).

2.14.7. Executing OPT_CLEAN pass (remove unused cells and wires).
Finding unused cells or wires in module \synth_top..
Removed 0 unused cells and 24 unused wires.
<suppressed ~1 debug messages>

2.14.8. Executing OPT_EXPR pass (perform const folding).
Optimizing module synth_top.

2.14.9. Rerunning OPT passes. (Maybe there is more to do..)

2.14.10. Executing OPT_MUXTREE pass (detect dead branches in mux trees).
Running muxtree optimizer on module \synth_top..
  Creating internal representation of mux trees.
  No muxes found in this module.
Removed 0 multiplexer ports.

2.14.11. Executing OPT_REDUCE pass (consolidate $*mux and $reduce_* inputs).
  Optimizing cells in module \synth_top.
Performed a total of 0 changes.

2.14.12. Executing OPT_MERGE pass (detect identical cells).
Finding identical cells in module `\synth_top'.
Computing hashes of 8 cells of `\synth_top'.
Finding duplicate cells in `\synth_top'.
Removed a total of 0 cells.

2.14.13. Executing OPT_DFF pass (perform DFF optimizations).

2.14.14. Executing OPT_CLEAN pass (remove unused cells and wires).
Finding unused cells or wires in module \synth_top..

2.14.15. Executing OPT_EXPR pass (perform const folding).
Optimizing module synth_top.

2.14.16. Finished fast OPT passes. (There is nothing left to do.)

2.15. Executing MEMORY pass.

2.15.1. Executing OPT_MEM pass (optimize memories).
Performed a total of 0 transformations.

2.15.2. Executing OPT_MEM_PRIORITY pass (removing unnecessary memory write priority relations).
Performed a total of 0 transformations.

2.15.3. Executing OPT_MEM_FEEDBACK pass (finding memory read-to-write feedback paths).

2.15.4. Executing MEMORY_BMUX2ROM pass (converting muxes to ROMs).

2.15.5. Executing MEMORY_DFF pass (merging $dff cells to $memrd).

2.15.6. Executing OPT_CLEAN pass (remove unused cells and wires).
Finding unused cells or wires in module \synth_top..

2.15.7. Executing MEMORY_SHARE pass (consolidating $memrd/$memwr cells).

2.15.8. Executing OPT_MEM_WIDEN pass (optimize memories where all ports are wide).
Performed a total of 0 transformations.

2.15.9. Executing OPT_CLEAN pass (remove unused cells and wires).
Finding unused cells or wires in module \synth_top..

2.15.10. Executing MEMORY_COLLECT pass (generating $mem cells).

2.16. Executing OPT_CLEAN pass (remove unused cells and wires).
Finding unused cells or wires in module \synth_top..

2.17. Executing OPT pass (performing simple optimizations).

2.17.1. Executing OPT_EXPR pass (perform const folding).
Optimizing module synth_top.

2.17.2. Executing OPT_MERGE pass (detect identical cells).
Finding identical cells in module `\synth_top'.
Computing hashes of 8 cells of `\synth_top'.
Finding duplicate cells in `\synth_top'.
Removed a total of 0 cells.

2.17.3. Executing OPT_DFF pass (perform DFF optimizations).

2.17.4. Executing OPT_CLEAN pass (remove unused cells and wires).
Finding unused cells or wires in module \synth_top..

2.17.5. Finished fast OPT passes.

2.18. Executing MEMORY_MAP pass (converting memories to logic and flip-flops).

2.19. Executing OPT pass (performing simple optimizations).

2.19.1. Executing OPT_EXPR pass (perform const folding).
Optimizing module synth_top.

2.19.2. Executing OPT_MERGE pass (detect identical cells).
Finding identical cells in module `\synth_top'.
Computing hashes of 8 cells of `\synth_top'.
Finding duplicate cells in `\synth_top'.
Removed a total of 0 cells.

2.19.3. Executing OPT_MUXTREE pass (detect dead branches in mux trees).
Running muxtree optimizer on module \synth_top..
  Creating internal representation of mux trees.
  No muxes found in this module.
Removed 0 multiplexer ports.

2.19.4. Executing OPT_REDUCE pass (consolidate $*mux and $reduce_* inputs).
  Optimizing cells in module \synth_top.
Performed a total of 0 changes.

2.19.5. Executing OPT_MERGE pass (detect identical cells).
Finding identical cells in module `\synth_top'.
Computing hashes of 8 cells of `\synth_top'.
Finding duplicate cells in `\synth_top'.
Removed a total of 0 cells.

2.19.6. Executing OPT_SHARE pass.

2.19.7. Executing OPT_DFF pass (perform DFF optimizations).

2.19.8. Executing OPT_CLEAN pass (remove unused cells and wires).
Finding unused cells or wires in module \synth_top..

2.19.9. Executing OPT_EXPR pass (perform const folding).
Optimizing module synth_top.

2.19.10. Finished fast OPT passes. (There is nothing left to do.)

2.20. Executing TECHMAP pass (map to technology primitives).

2.20.1. Executing Verilog-2005 frontend: /share/techmap.v
Parsing Verilog input from `/share/techmap.v' to AST representation.
Generating RTLIL representation for module `\_90_simplemap_bool_ops'.
Generating RTLIL representation for module `\_90_simplemap_reduce_ops'.
Generating RTLIL representation for module `\_90_simplemap_logic_ops'.
Generating RTLIL representation for module `\_90_simplemap_compare_ops'.
Generating RTLIL representation for module `\_90_simplemap_various'.
Generating RTLIL representation for module `\_90_simplemap_registers'.
Generating RTLIL representation for module `\_90_shift_ops_shr_shl_sshl_sshr'.
Generating RTLIL representation for module `\_90_shift_shiftx'.
Generating RTLIL representation for module `\_90_fa'.
Generating RTLIL representation for module `\_90_lcu_brent_kung'.
Generating RTLIL representation for module `\_90_alu'.
Generating RTLIL representation for module `\_90_macc'.
Generating RTLIL representation for module `\_90_alumacc'.
Generating RTLIL representation for module `$__div_mod_u'.
Generating RTLIL representation for module `$__div_mod_trunc'.
Generating RTLIL representation for module `\_90_div'.
Generating RTLIL representation for module `\_90_mod'.
Generating RTLIL representation for module `$__div_mod_floor'.
Generating RTLIL representation for module `\_90_divfloor'.
Generating RTLIL representation for module `\_90_modfloor'.
Generating RTLIL representation for module `\_90_pow'.
Generating RTLIL representation for module `\_90_demux'.
Generating RTLIL representation for module `\_90_lut'.
Generating RTLIL representation for module `$connect'.
Generating RTLIL representation for module `$input_port'.
Successfully finished Verilog frontend.

2.20.2. Continuing TECHMAP pass.
Using extmapper maccmap for cells of type $macc_v2.
  add \w30 * \x0 (8x8 bits, signed)
  add \w33 * \x3 (8x8 bits, signed)
  add \w32 * \x2 (8x8 bits, signed)
  add \w31 * \x1 (8x8 bits, signed)
  add \w20 * \x0 (8x8 bits, signed)
  add \w23 * \x3 (8x8 bits, signed)
  add \w22 * \x2 (8x8 bits, signed)
  add \w21 * \x1 (8x8 bits, signed)
  add \w00 * \x0 (8x8 bits, signed)
  add \w03 * \x3 (8x8 bits, signed)
  add \w02 * \x2 (8x8 bits, signed)
  add \w01 * \x1 (8x8 bits, signed)
  add \w10 * \x0 (8x8 bits, signed)
  add \w13 * \x3 (8x8 bits, signed)
  add \w12 * \x2 (8x8 bits, signed)
  add \w11 * \x1 (8x8 bits, signed)
Using extmapper simplemap for cells of type $adff.
Using template $paramod\_90_fa\WIDTH=32'00000000000000000000000000000001 for cells of type $fa.
Using template $paramod\_90_fa\WIDTH=32'00000000000000000000000000010001 for cells of type $fa.
Using template $paramod\_90_fa\WIDTH=32'00000000000000000000000000010000 for cells of type $fa.
Using template $paramod$3bb72ad0665cdca279bbc49ed6a39f403f16497f\_90_alu for cells of type $alu.
Using extmapper simplemap for cells of type $and.
Using extmapper simplemap for cells of type $not.
Using extmapper simplemap for cells of type $or.
Using extmapper simplemap for cells of type $xor.
Using template $paramod\_90_lcu_brent_kung\WIDTH=32'00000000000000000000000000010001 for cells of type $lcu.
Using extmapper simplemap for cells of type $pos.
Using extmapper simplemap for cells of type $mux.
No more expansions possible.
<suppressed ~1541 debug messages>

2.21. Executing OPT pass (performing simple optimizations).

2.21.1. Executing OPT_EXPR pass (perform const folding).
Optimizing module synth_top.
<suppressed ~3844 debug messages>

2.21.2. Executing OPT_MERGE pass (detect identical cells).
Finding identical cells in module `\synth_top'.
Computing hashes of 10576 cells of `\synth_top'.
Finding duplicate cells in `\synth_top'.
Computing hashes of 9866 cells of `\synth_top'.
Finding duplicate cells in `\synth_top'.
Computing hashes of 9460 cells of `\synth_top'.
Finding duplicate cells in `\synth_top'.
Computing hashes of 9153 cells of `\synth_top'.
Finding duplicate cells in `\synth_top'.
Computing hashes of 8977 cells of `\synth_top'.
Finding duplicate cells in `\synth_top'.
Computing hashes of 8833 cells of `\synth_top'.
Finding duplicate cells in `\synth_top'.
Computing hashes of 8729 cells of `\synth_top'.
Finding duplicate cells in `\synth_top'.
Computing hashes of 8673 cells of `\synth_top'.
Finding duplicate cells in `\synth_top'.
Computing hashes of 8637 cells of `\synth_top'.
Finding duplicate cells in `\synth_top'.
Computing hashes of 8613 cells of `\synth_top'.
Finding duplicate cells in `\synth_top'.
Computing hashes of 8601 cells of `\synth_top'.
Finding duplicate cells in `\synth_top'.
<suppressed ~5925 debug messages>
Removed a total of 1975 cells.

2.21.3. Executing OPT_DFF pass (perform DFF optimizations).

2.21.4. Executing OPT_CLEAN pass (remove unused cells and wires).
Finding unused cells or wires in module \synth_top..
Removed 216 unused cells and 1575 unused wires.
<suppressed ~217 debug messages>

2.21.5. Finished fast OPT passes.

2.22. Executing HIERARCHY pass (managing design hierarchy).
Attribute `top' found on module `synth_top'. Setting top module to synth_top.

2.22.1. Analyzing design hierarchy..
Top module:  \synth_top

2.22.2. Analyzing design hierarchy..
Top module:  \synth_top
Removed 0 unused modules.

2.23. Printing statistics.

=== synth_top ===

        +----------Local Count, excluding submodules.
        | 
     1007 wires
    13999 wire bits
       26 public wires
      230 public wire bits
       26 ports
      230 port bits
     8385 cells
     3938   $_AND_
       68   $_DFF_PN0_
      128   $_NOT_
     1313   $_OR_
     2938   $_XOR_

2.24. Executing CHECK pass (checking for obvious problems).
Checking module synth_top...
Found and reported 0 problems.

3. Printing statistics.

=== synth_top ===

        +----------Local Count, excluding submodules.
        | 
     1007 wires
    13999 wire bits
       26 public wires
      230 public wire bits
       26 ports
      230 port bits
     8385 cells
     3938   $_AND_
       68   $_DFF_PN0_
      128   $_NOT_
     1313   $_OR_
     2938   $_XOR_

4. Executing Verilog backend.

4.1. Executing BMUXMAP pass.

4.2. Executing DEMUXMAP pass.
Dumping module `\synth_top'.

End of script. Logfile hash: 116f23d2d6, time: 0.66s, user: 0.66s, system: 0.00s
Yosys 0.65 (git sha1 b85cad634, ccache clang++  -O3 -fwasm-exceptions -mllvm) [yowasp/yosys at release-0.65]
Time spent: 41% 2x write_verilog (0 sec), 11% 15x opt_expr (0 sec), ...
