
===========================================================================
report_checks -unconstrained
===========================================================================
======================= max_ss_100C_1v60 Corner ===================================

Startpoint: rst_n (input port clocked by clk)
Endpoint: _13670_ (recovery check against rising-edge clock clk)
Path Group: asynchronous
Path Type: max

Fanout         Cap        Slew       Delay        Time   Description
---------------------------------------------------------------------------------------------
                                  0.000000    0.000000   clock clk (rise edge)
                                  0.000000    0.000000   clock network delay (propagated)
                                  3.000000    3.000000 ^ input external delay
     1    0.002731    0.031796    0.015469    3.015469 ^ rst_n (in)
                                                         rst_n (net)
                      0.031796    0.000000    3.015469 ^ input1/A (sky130_fd_sc_hd__buf_2)
     2    0.050684    0.393364    0.408421    3.423890 ^ input1/X (sky130_fd_sc_hd__buf_2)
                                                         net1 (net)
                      0.393385    0.002409    3.426299 ^ fanout715/A (sky130_fd_sc_hd__buf_4)
     9    0.083238    0.367873    0.561844    3.988143 ^ fanout715/X (sky130_fd_sc_hd__buf_4)
                                                         net715 (net)
                      0.368647    0.012752    4.000896 ^ fanout714/A (sky130_fd_sc_hd__clkbuf_4)
     8    0.058843    0.288670    0.536736    4.537632 ^ fanout714/X (sky130_fd_sc_hd__clkbuf_4)
                                                         net714 (net)
                      0.288907    0.004050    4.541682 ^ fanout712/A (sky130_fd_sc_hd__clkbuf_4)
    10    0.054079    0.265921    0.488551    5.030233 ^ fanout712/X (sky130_fd_sc_hd__clkbuf_4)
                                                         net712 (net)
                      0.266489    0.008808    5.039041 ^ _13670_/RESET_B (sky130_fd_sc_hd__dfrtp_1)
                                              5.039041   data arrival time

                                 15.000000   15.000000   clock clk (rise edge)
                                  0.000000   15.000000   clock source latency
     1    0.055771    0.401671    0.285496   15.285496 ^ clk (in)
                                                         clk (net)
                      0.402534    0.000000   15.285496 ^ clkbuf_0_clk/A (sky130_fd_sc_hd__clkbuf_16)
     8    0.169013    0.277369    0.526834   15.812329 ^ clkbuf_0_clk/X (sky130_fd_sc_hd__clkbuf_16)
                                                         clknet_0_clk (net)
                      0.278630    0.014515   15.826844 ^ clkbuf_3_2__f_clk/A (sky130_fd_sc_hd__clkbuf_16)
    10    0.039735    0.096024    0.339901   16.166744 ^ clkbuf_3_2__f_clk/X (sky130_fd_sc_hd__clkbuf_16)
                                                         clknet_3_2__leaf_clk (net)
                      0.096180    0.003613   16.170359 ^ _13670_/CLK (sky130_fd_sc_hd__dfrtp_1)
                                 -0.250000   15.920359   clock uncertainty
                                  0.000000   15.920359   clock reconvergence pessimism
                                  0.398639   16.318998   library recovery time
                                             16.318998   data required time
---------------------------------------------------------------------------------------------
                                             16.318998   data required time
                                             -5.039041   data arrival time
---------------------------------------------------------------------------------------------
                                             11.279957   slack (MET)


Startpoint: x1[0] (input port clocked by clk)
Endpoint: _13684_ (rising edge-triggered flip-flop clocked by clk)
Path Group: clk
Path Type: max

Fanout         Cap        Slew       Delay        Time   Description
---------------------------------------------------------------------------------------------
                                  0.000000    0.000000   clock clk (rise edge)
                                  0.000000    0.000000   clock network delay (propagated)
                                  3.000000    3.000000 ^ input external delay
     1    0.003516    0.037032    0.019622    3.019622 ^ x1[0] (in)
                                                         x1[0] (net)
                      0.037032    0.000000    3.019622 ^ input138/A (sky130_fd_sc_hd__clkbuf_1)
     1    0.002484    0.067118    0.131189    3.150810 ^ input138/X (sky130_fd_sc_hd__clkbuf_1)
                                                         net138 (net)
                      0.067118    0.000164    3.150975 ^ fanout597/A (sky130_fd_sc_hd__buf_2)
     5    0.057135    0.442884    0.459281    3.610255 ^ fanout597/X (sky130_fd_sc_hd__buf_2)
                                                         net597 (net)
                      0.443145    0.008946    3.619201 ^ fanout592/A (sky130_fd_sc_hd__buf_2)
     7    0.058429    0.451216    0.621462    4.240664 ^ fanout592/X (sky130_fd_sc_hd__buf_2)
                                                         net592 (net)
                      0.451565    0.010480    4.251143 ^ fanout591/A (sky130_fd_sc_hd__clkbuf_2)
     5    0.042243    0.360548    0.554408    4.805552 ^ fanout591/X (sky130_fd_sc_hd__clkbuf_2)
                                                         net591 (net)
                      0.360594    0.004146    4.809698 ^ fanout588/A (sky130_fd_sc_hd__buf_2)
    10    0.045963    0.360102    0.529046    5.338744 ^ fanout588/X (sky130_fd_sc_hd__buf_2)
                                                         net588 (net)
                      0.360162    0.004587    5.343331 ^ _10922_/A (sky130_fd_sc_hd__and3_1)
     4    0.011381    0.203308    0.490036    5.833367 ^ _10922_/X (sky130_fd_sc_hd__and3_1)
                                                         _03570_ (net)
                      0.203308    0.000469    5.833835 ^ _10925_/A_N (sky130_fd_sc_hd__and4b_1)
     3    0.009439    0.129920    0.503100    6.336936 v _10925_/X (sky130_fd_sc_hd__and4b_1)
                                                         _03573_ (net)
                      0.129920    0.000303    6.337239 v _11082_/B1_N (sky130_fd_sc_hd__o21ba_2)
     5    0.029484    0.282187    0.667633    7.004872 ^ _11082_/X (sky130_fd_sc_hd__o21ba_2)
                                                         _03745_ (net)
                      0.282195    0.001930    7.006802 ^ fanout249/A (sky130_fd_sc_hd__clkbuf_4)
    10    0.050070    0.248430    0.474165    7.480966 ^ fanout249/X (sky130_fd_sc_hd__clkbuf_4)
                                                         net249 (net)
                      0.248434    0.001586    7.482553 ^ _11083_/B (sky130_fd_sc_hd__xor2_1)
     2    0.008102    0.334120    0.426377    7.908930 ^ _11083_/X (sky130_fd_sc_hd__xor2_1)
                                                         _03746_ (net)
                      0.334120    0.000548    7.909478 ^ _11085_/B (sky130_fd_sc_hd__xor2_1)
     2    0.010526    0.405217    0.502396    8.411874 ^ _11085_/X (sky130_fd_sc_hd__xor2_1)
                                                         _03748_ (net)
                      0.405350    0.000762    8.412636 ^ _11087_/B (sky130_fd_sc_hd__xor2_1)
     2    0.008396    0.342608    0.473920    8.886557 ^ _11087_/X (sky130_fd_sc_hd__xor2_1)
                                                         _03750_ (net)
                      0.342608    0.000576    8.887133 ^ _11088_/B (sky130_fd_sc_hd__xor2_1)
     3    0.012534    0.465015    0.548952    9.436084 ^ _11088_/X (sky130_fd_sc_hd__xor2_1)
                                                         _03752_ (net)
                      0.465017    0.000778    9.436862 ^ _11092_/A (sky130_fd_sc_hd__xor2_1)
     1    0.004866    0.241628    0.405476    9.842338 ^ _11092_/X (sky130_fd_sc_hd__xor2_1)
                                                         _03756_ (net)
                      0.241628    0.000230    9.842568 ^ _11093_/B (sky130_fd_sc_hd__xnor2_1)
     2    0.007947    0.352201    0.317662   10.160231 ^ _11093_/Y (sky130_fd_sc_hd__xnor2_1)
                                                         _03757_ (net)
                      0.352201    0.000538   10.160769 ^ _11095_/B (sky130_fd_sc_hd__xnor2_1)
     2    0.008125    0.357478    0.355194   10.515963 ^ _11095_/Y (sky130_fd_sc_hd__xnor2_1)
                                                         _03759_ (net)
                      0.357596    0.000765   10.516727 ^ _11097_/B (sky130_fd_sc_hd__xnor2_1)
     2    0.008534    0.174494    0.290441   10.807169 v _11097_/Y (sky130_fd_sc_hd__xnor2_1)
                                                         _03761_ (net)
                      0.174494    0.000310   10.807479 v _11185_/A (sky130_fd_sc_hd__xnor2_1)
     2    0.012799    0.511328    0.535350   11.342829 ^ _11185_/Y (sky130_fd_sc_hd__xnor2_1)
                                                         _03858_ (net)
                      0.511331    0.000995   11.343823 ^ _11188_/A (sky130_fd_sc_hd__xor2_1)
     2    0.008244    0.338835    0.493644   11.837467 ^ _11188_/X (sky130_fd_sc_hd__xor2_1)
                                                         _03862_ (net)
                      0.338835    0.000516   11.837983 ^ _11325_/A2 (sky130_fd_sc_hd__a21oi_1)
     2    0.008288    0.190108    0.295696   12.133679 v _11325_/Y (sky130_fd_sc_hd__a21oi_1)
                                                         _04011_ (net)
                      0.190108    0.000547   12.134227 v _11327_/B (sky130_fd_sc_hd__xor2_1)
     2    0.007833    0.198801    0.351223   12.485450 v _11327_/X (sky130_fd_sc_hd__xor2_1)
                                                         _04013_ (net)
                      0.198801    0.000409   12.485859 v _11328_/B (sky130_fd_sc_hd__and2_1)
     2    0.004584    0.083385    0.394592   12.880451 v _11328_/X (sky130_fd_sc_hd__and2_1)
                                                         _04015_ (net)
                      0.083385    0.000278   12.880729 v _11462_/B (sky130_fd_sc_hd__or3_2)
     3    0.017641    0.250179    1.207391   14.088120 v _11462_/X (sky130_fd_sc_hd__or3_2)
                                                         _04161_ (net)
                      0.250185    0.001678   14.089797 v _11589_/C_N (sky130_fd_sc_hd__nor3b_1)
     2    0.009396    0.166386    0.415158   14.504955 v _11589_/Y (sky130_fd_sc_hd__nor3b_1)
                                                         _04299_ (net)
                      0.166387    0.000696   14.505651 v _11591_/D_N (sky130_fd_sc_hd__or4bb_4)
     2    0.012371    0.088125    0.465435   14.971087 ^ _11591_/X (sky130_fd_sc_hd__or4bb_4)
                                                         _04301_ (net)
                      0.088128    0.000615   14.971701 ^ _11593_/A1 (sky130_fd_sc_hd__a31oi_4)
     4    0.037488    0.314357    0.305741   15.277442 v _11593_/Y (sky130_fd_sc_hd__a31oi_4)
                                                         _04303_ (net)
                      0.314549    0.006192   15.283634 v _11813_/A3 (sky130_fd_sc_hd__o311a_4)
     3    0.015550    0.115184    0.684567   15.968202 v _11813_/X (sky130_fd_sc_hd__o311a_4)
                                                         _04543_ (net)
                      0.115184    0.001034   15.969235 v _11886_/A2 (sky130_fd_sc_hd__o31a_1)
     1    0.009126    0.139746    0.601990   16.571224 v _11886_/X (sky130_fd_sc_hd__o31a_1)
                                                         _04621_ (net)
                      0.139746    0.000487   16.571712 v _11922_/A (sky130_fd_sc_hd__xnor2_1)
     1    0.002507    0.087031    0.241922   16.813633 v _11922_/Y (sky130_fd_sc_hd__xnor2_1)
                                                         _00019_ (net)
                      0.087031    0.000163   16.813797 v _13684_/D (sky130_fd_sc_hd__dfrtp_1)
                                             16.813797   data arrival time

                                 15.000000   15.000000   clock clk (rise edge)
                                  0.000000   15.000000   clock source latency
     1    0.055771    0.401671    0.285496   15.285496 ^ clk (in)
                                                         clk (net)
                      0.402534    0.000000   15.285496 ^ clkbuf_0_clk/A (sky130_fd_sc_hd__clkbuf_16)
     8    0.169013    0.277369    0.526834   15.812329 ^ clkbuf_0_clk/X (sky130_fd_sc_hd__clkbuf_16)
                                                         clknet_0_clk (net)
                      0.278601    0.014337   15.826667 ^ clkbuf_3_0__f_clk/A (sky130_fd_sc_hd__clkbuf_16)
     9    0.063785    0.126687    0.365800   16.192467 ^ clkbuf_3_0__f_clk/X (sky130_fd_sc_hd__clkbuf_16)
                                                         clknet_3_0__leaf_clk (net)
                      0.128052    0.009768   16.202234 ^ _13684_/CLK (sky130_fd_sc_hd__dfrtp_1)
                                 -0.250000   15.952235   clock uncertainty
                                  0.000000   15.952235   clock reconvergence pessimism
                                 -0.268189   15.684047   library setup time
                                             15.684047   data required time
---------------------------------------------------------------------------------------------
                                             15.684047   data required time
                                            -16.813797   data arrival time
---------------------------------------------------------------------------------------------
                                             -1.129750   slack (VIOLATED)




===========================================================================
report_checks --slack_max -0.01
============================================================================
======================= max_ss_100C_1v60 Corner ===================================

Startpoint: x1[0] (input port clocked by clk)
Endpoint: _13684_ (rising edge-triggered flip-flop clocked by clk)
Path Group: clk
Path Type: max

Fanout         Cap        Slew       Delay        Time   Description
---------------------------------------------------------------------------------------------
                                  0.000000    0.000000   clock clk (rise edge)
                                  0.000000    0.000000   clock network delay (propagated)
                                  3.000000    3.000000 ^ input external delay
     1    0.003516    0.037032    0.019622    3.019622 ^ x1[0] (in)
                                                         x1[0] (net)
                      0.037032    0.000000    3.019622 ^ input138/A (sky130_fd_sc_hd__clkbuf_1)
     1    0.002484    0.067118    0.131189    3.150810 ^ input138/X (sky130_fd_sc_hd__clkbuf_1)
                                                         net138 (net)
                      0.067118    0.000164    3.150975 ^ fanout597/A (sky130_fd_sc_hd__buf_2)
     5    0.057135    0.442884    0.459281    3.610255 ^ fanout597/X (sky130_fd_sc_hd__buf_2)
                                                         net597 (net)
                      0.443145    0.008946    3.619201 ^ fanout592/A (sky130_fd_sc_hd__buf_2)
     7    0.058429    0.451216    0.621462    4.240664 ^ fanout592/X (sky130_fd_sc_hd__buf_2)
                                                         net592 (net)
                      0.451565    0.010480    4.251143 ^ fanout591/A (sky130_fd_sc_hd__clkbuf_2)
     5    0.042243    0.360548    0.554408    4.805552 ^ fanout591/X (sky130_fd_sc_hd__clkbuf_2)
                                                         net591 (net)
                      0.360594    0.004146    4.809698 ^ fanout588/A (sky130_fd_sc_hd__buf_2)
    10    0.045963    0.360102    0.529046    5.338744 ^ fanout588/X (sky130_fd_sc_hd__buf_2)
                                                         net588 (net)
                      0.360162    0.004587    5.343331 ^ _10922_/A (sky130_fd_sc_hd__and3_1)
     4    0.011381    0.203308    0.490036    5.833367 ^ _10922_/X (sky130_fd_sc_hd__and3_1)
                                                         _03570_ (net)
                      0.203308    0.000469    5.833835 ^ _10925_/A_N (sky130_fd_sc_hd__and4b_1)
     3    0.009439    0.129920    0.503100    6.336936 v _10925_/X (sky130_fd_sc_hd__and4b_1)
                                                         _03573_ (net)
                      0.129920    0.000303    6.337239 v _11082_/B1_N (sky130_fd_sc_hd__o21ba_2)
     5    0.029484    0.282187    0.667633    7.004872 ^ _11082_/X (sky130_fd_sc_hd__o21ba_2)
                                                         _03745_ (net)
                      0.282195    0.001930    7.006802 ^ fanout249/A (sky130_fd_sc_hd__clkbuf_4)
    10    0.050070    0.248430    0.474165    7.480966 ^ fanout249/X (sky130_fd_sc_hd__clkbuf_4)
                                                         net249 (net)
                      0.248434    0.001586    7.482553 ^ _11083_/B (sky130_fd_sc_hd__xor2_1)
     2    0.008102    0.334120    0.426377    7.908930 ^ _11083_/X (sky130_fd_sc_hd__xor2_1)
                                                         _03746_ (net)
                      0.334120    0.000548    7.909478 ^ _11085_/B (sky130_fd_sc_hd__xor2_1)
     2    0.010526    0.405217    0.502396    8.411874 ^ _11085_/X (sky130_fd_sc_hd__xor2_1)
                                                         _03748_ (net)
                      0.405350    0.000762    8.412636 ^ _11087_/B (sky130_fd_sc_hd__xor2_1)
     2    0.008396    0.342608    0.473920    8.886557 ^ _11087_/X (sky130_fd_sc_hd__xor2_1)
                                                         _03750_ (net)
                      0.342608    0.000576    8.887133 ^ _11088_/B (sky130_fd_sc_hd__xor2_1)
     3    0.012534    0.465015    0.548952    9.436084 ^ _11088_/X (sky130_fd_sc_hd__xor2_1)
                                                         _03752_ (net)
                      0.465017    0.000778    9.436862 ^ _11092_/A (sky130_fd_sc_hd__xor2_1)
     1    0.004866    0.241628    0.405476    9.842338 ^ _11092_/X (sky130_fd_sc_hd__xor2_1)
                                                         _03756_ (net)
                      0.241628    0.000230    9.842568 ^ _11093_/B (sky130_fd_sc_hd__xnor2_1)
     2    0.007947    0.352201    0.317662   10.160231 ^ _11093_/Y (sky130_fd_sc_hd__xnor2_1)
                                                         _03757_ (net)
                      0.352201    0.000538   10.160769 ^ _11095_/B (sky130_fd_sc_hd__xnor2_1)
     2    0.008125    0.357478    0.355194   10.515963 ^ _11095_/Y (sky130_fd_sc_hd__xnor2_1)
                                                         _03759_ (net)
                      0.357596    0.000765   10.516727 ^ _11097_/B (sky130_fd_sc_hd__xnor2_1)
     2    0.008534    0.174494    0.290441   10.807169 v _11097_/Y (sky130_fd_sc_hd__xnor2_1)
                                                         _03761_ (net)
                      0.174494    0.000310   10.807479 v _11185_/A (sky130_fd_sc_hd__xnor2_1)
     2    0.012799    0.511328    0.535350   11.342829 ^ _11185_/Y (sky130_fd_sc_hd__xnor2_1)
                                                         _03858_ (net)
                      0.511331    0.000995   11.343823 ^ _11188_/A (sky130_fd_sc_hd__xor2_1)
     2    0.008244    0.338835    0.493644   11.837467 ^ _11188_/X (sky130_fd_sc_hd__xor2_1)
                                                         _03862_ (net)
                      0.338835    0.000516   11.837983 ^ _11325_/A2 (sky130_fd_sc_hd__a21oi_1)
     2    0.008288    0.190108    0.295696   12.133679 v _11325_/Y (sky130_fd_sc_hd__a21oi_1)
                                                         _04011_ (net)
                      0.190108    0.000547   12.134227 v _11327_/B (sky130_fd_sc_hd__xor2_1)
     2    0.007833    0.198801    0.351223   12.485450 v _11327_/X (sky130_fd_sc_hd__xor2_1)
                                                         _04013_ (net)
                      0.198801    0.000409   12.485859 v _11328_/B (sky130_fd_sc_hd__and2_1)
     2    0.004584    0.083385    0.394592   12.880451 v _11328_/X (sky130_fd_sc_hd__and2_1)
                                                         _04015_ (net)
                      0.083385    0.000278   12.880729 v _11462_/B (sky130_fd_sc_hd__or3_2)
     3    0.017641    0.250179    1.207391   14.088120 v _11462_/X (sky130_fd_sc_hd__or3_2)
                                                         _04161_ (net)
                      0.250185    0.001678   14.089797 v _11589_/C_N (sky130_fd_sc_hd__nor3b_1)
     2    0.009396    0.166386    0.415158   14.504955 v _11589_/Y (sky130_fd_sc_hd__nor3b_1)
                                                         _04299_ (net)
                      0.166387    0.000696   14.505651 v _11591_/D_N (sky130_fd_sc_hd__or4bb_4)
     2    0.012371    0.088125    0.465435   14.971087 ^ _11591_/X (sky130_fd_sc_hd__or4bb_4)
                                                         _04301_ (net)
                      0.088128    0.000615   14.971701 ^ _11593_/A1 (sky130_fd_sc_hd__a31oi_4)
     4    0.037488    0.314357    0.305741   15.277442 v _11593_/Y (sky130_fd_sc_hd__a31oi_4)
                                                         _04303_ (net)
                      0.314549    0.006192   15.283634 v _11813_/A3 (sky130_fd_sc_hd__o311a_4)
     3    0.015550    0.115184    0.684567   15.968202 v _11813_/X (sky130_fd_sc_hd__o311a_4)
                                                         _04543_ (net)
                      0.115184    0.001034   15.969235 v _11886_/A2 (sky130_fd_sc_hd__o31a_1)
     1    0.009126    0.139746    0.601990   16.571224 v _11886_/X (sky130_fd_sc_hd__o31a_1)
                                                         _04621_ (net)
                      0.139746    0.000487   16.571712 v _11922_/A (sky130_fd_sc_hd__xnor2_1)
     1    0.002507    0.087031    0.241922   16.813633 v _11922_/Y (sky130_fd_sc_hd__xnor2_1)
                                                         _00019_ (net)
                      0.087031    0.000163   16.813797 v _13684_/D (sky130_fd_sc_hd__dfrtp_1)
                                             16.813797   data arrival time

                                 15.000000   15.000000   clock clk (rise edge)
                                  0.000000   15.000000   clock source latency
     1    0.055771    0.401671    0.285496   15.285496 ^ clk (in)
                                                         clk (net)
                      0.402534    0.000000   15.285496 ^ clkbuf_0_clk/A (sky130_fd_sc_hd__clkbuf_16)
     8    0.169013    0.277369    0.526834   15.812329 ^ clkbuf_0_clk/X (sky130_fd_sc_hd__clkbuf_16)
                                                         clknet_0_clk (net)
                      0.278601    0.014337   15.826667 ^ clkbuf_3_0__f_clk/A (sky130_fd_sc_hd__clkbuf_16)
     9    0.063785    0.126687    0.365800   16.192467 ^ clkbuf_3_0__f_clk/X (sky130_fd_sc_hd__clkbuf_16)
                                                         clknet_3_0__leaf_clk (net)
                      0.128052    0.009768   16.202234 ^ _13684_/CLK (sky130_fd_sc_hd__dfrtp_1)
                                 -0.250000   15.952235   clock uncertainty
                                  0.000000   15.952235   clock reconvergence pessimism
                                 -0.268189   15.684047   library setup time
                                             15.684047   data required time
---------------------------------------------------------------------------------------------
                                             15.684047   data required time
                                            -16.813797   data arrival time
---------------------------------------------------------------------------------------------
                                             -1.129750   slack (VIOLATED)




===========================================================================
 report_check_types -max_slew -max_cap -max_fanout -violators
============================================================================
======================= max_ss_100C_1v60 Corner ===================================

max slew

Pin                                        Limit        Slew       Slack
------------------------------------------------------------------------
_08754_/Y                               0.750000    0.815631   -0.065631 (VIOLATED)
_08761_/B1                              0.750000    0.815631   -0.065631 (VIOLATED)
_08764_/A1                              0.750000    0.815631   -0.065631 (VIOLATED)
max_cap238/A                            0.750000    0.815631   -0.065631 (VIOLATED)
_12744_/A1                              0.750000    0.805781   -0.055781 (VIOLATED)
_12743_/B1                              0.750000    0.805780   -0.055780 (VIOLATED)
_12741_/Y                               0.750000    0.805778   -0.055778 (VIOLATED)
_12287_/Y                               0.750000    0.783999   -0.033999 (VIOLATED)
_12291_/A1                              0.750000    0.783999   -0.033999 (VIOLATED)
max_cap232/A                            0.750000    0.783999   -0.033999 (VIOLATED)
_08282_/Y                               0.750000    0.763669   -0.013669 (VIOLATED)
_08387_/A2                              0.750000    0.763669   -0.013669 (VIOLATED)
_08389_/C                               0.750000    0.763669   -0.013669 (VIOLATED)
max_cap253/A                            0.750000    0.763669   -0.013669 (VIOLATED)
_07332_/A1                              0.750000    0.762257   -0.012257 (VIOLATED)
_07329_/Y                               0.750000    0.762255   -0.012255 (VIOLATED)
_07331_/B1                              0.750000    0.762255   -0.012255 (VIOLATED)
_08883_/D                               0.750000    0.751065   -0.001065 (VIOLATED)
_08885_/B2                              0.750000    0.751065   -0.001065 (VIOLATED)
_08884_/D                               0.750000    0.751065   -0.001065 (VIOLATED)
_08882_/Y                               0.750000    0.751063   -0.001063 (VIOLATED)

max fanout

Pin                                   Limit Fanout  Slack
---------------------------------------------------------
fanout261/X                              10     11        (VIOLATED)
fanout333/X                              10     11        (VIOLATED)
fanout448/X                              10     11        (VIOLATED)
fanout552/X                              10     11        (VIOLATED)



===========================================================================
report_parasitic_annotation -report_unannotated
============================================================================
Found 4 unannotated drivers.
 clkload0/X
 clkload1/Y
 clkload2/Y
 clkload3/X
Found 0 partially unannotated drivers.

===========================================================================
max slew violation count 21
max fanout violation count 4
max cap violation count 0
============================================================================

===========================================================================
check_setup -verbose -unconstrained_endpoints -multiple_clock -no_clock -no_input_delay -loops -generated_clocks
===========================================================================
