Clock: clk
Sources: clk 
Generated: no
Virtual: yes
Propagated: no
Period: 15.000000

===========================================================================
report_clock_properties
============================================================================
Clock                   Period          Waveform
----------------------------------------------------
clk                  15.000000    0.000000  7.500000

===========================================================================
report_clock_latency
============================================================================
Clock clk
rise -> rise
    min     max
0.000000 0.000000 source latency
1.159606         network latency _13642_/CLK
        1.209521 network latency _13667_/CLK
---------------
1.159606 1.209521 latency
        0.049915 skew

fall -> fall
    min     max
0.000000 0.000000 source latency
0.973958         network latency _13642_/CLK
        1.012448 network latency _13667_/CLK
---------------
0.973958 1.012448 latency
        0.038490 skew



===========================================================================
report_clock_min_period
============================================================================
clk period_min = 0.00 fmax = inf
