
===========================================================================
 report_power
============================================================================
======================= max_ss_100C_1v60 Corner ===================================

Group                    Internal    Switching      Leakage        Total
                            Power        Power        Power        Power (Watts)
------------------------------------------------------------------------
Sequential           5.382122e-04 2.508309e-05 1.277973e-06 5.645733e-04   2.1%
Combinational        1.155705e-02 1.404967e-02 3.269970e-05 2.563942e-02  97.0%
Clock                1.242210e-04 9.680854e-05 2.555810e-07 2.212851e-04   0.8%
Macro                0.000000e+00 0.000000e+00 0.000000e+00 0.000000e+00   0.0%
Pad                  0.000000e+00 0.000000e+00 0.000000e+00 0.000000e+00   0.0%
------------------------------------------------------------------------
Total                1.221948e-02 1.417155e-02 3.423318e-05 2.642527e-02 100.0%
                            46.2%        53.6%         0.1%

