
===========================================================================
report_checks -unconstrained
===========================================================================
======================= max_tt_025C_1v80 Corner ===================================

Startpoint: rst_n (input port clocked by clk)
Endpoint: _13651_ (recovery check against rising-edge clock clk)
Path Group: asynchronous
Path Type: max

Fanout         Cap        Slew       Delay        Time   Description
---------------------------------------------------------------------------------------------
                                  0.000000    0.000000   clock clk (rise edge)
                                  0.000000    0.000000   clock network delay (propagated)
                                  2.000000    2.000000 ^ input external delay
     1    0.002756    0.019543    0.010203    2.010203 ^ rst_n (in)
                                                         rst_n (net)
                      0.019543    0.000000    2.010203 ^ input1/A (sky130_fd_sc_hd__buf_2)
     2    0.050323    0.246267    0.236198    2.246401 ^ input1/X (sky130_fd_sc_hd__buf_2)
                                                         net1 (net)
                      0.246942    0.010538    2.256939 ^ fanout719/A (sky130_fd_sc_hd__clkbuf_8)
     9    0.121137    0.212807    0.314561    2.571501 ^ fanout719/X (sky130_fd_sc_hd__clkbuf_8)
                                                         net719 (net)
                      0.214619    0.015793    2.587294 ^ fanout718/A (sky130_fd_sc_hd__clkbuf_4)
     8    0.065389    0.199563    0.300503    2.887796 ^ fanout718/X (sky130_fd_sc_hd__clkbuf_4)
                                                         net718 (net)
                      0.201679    0.016507    2.904303 ^ fanout717/A (sky130_fd_sc_hd__clkbuf_4)
    10    0.062424    0.191362    0.293963    3.198266 ^ fanout717/X (sky130_fd_sc_hd__clkbuf_4)
                                                         net717 (net)
                      0.192224    0.010379    3.208646 ^ _13651_/RESET_B (sky130_fd_sc_hd__dfrtp_1)
                                              3.208646   data arrival time

                                 10.000000   10.000000   clock clk (rise edge)
                                  0.000000   10.000000   clock source latency
     1    0.054035    0.247986    0.177667   10.177667 ^ clk (in)
                                                         clk (net)
                      0.249273    0.000000   10.177667 ^ clkbuf_0_clk/A (sky130_fd_sc_hd__clkbuf_16)
     8    0.174242    0.187834    0.294585   10.472252 ^ clkbuf_0_clk/X (sky130_fd_sc_hd__clkbuf_16)
                                                         clknet_0_clk (net)
                      0.190996    0.019404   10.491656 ^ clkbuf_3_7__f_clk/A (sky130_fd_sc_hd__clkbuf_16)
    10    0.047306    0.067759    0.194965   10.686621 ^ clkbuf_3_7__f_clk/X (sky130_fd_sc_hd__clkbuf_16)
                                                         clknet_3_7__leaf_clk (net)
                      0.068122    0.003418   10.690039 ^ _13651_/CLK (sky130_fd_sc_hd__dfrtp_1)
                                 -0.250000   10.440039   clock uncertainty
                                  0.000000   10.440039   clock reconvergence pessimism
                                  0.199444   10.639482   library recovery time
                                             10.639482   data required time
---------------------------------------------------------------------------------------------
                                             10.639482   data required time
                                             -3.208646   data arrival time
---------------------------------------------------------------------------------------------
                                              7.430837   slack (MET)


Startpoint: x1[0] (input port clocked by clk)
Endpoint: _13666_ (rising edge-triggered flip-flop clocked by clk)
Path Group: clk
Path Type: max

Fanout         Cap        Slew       Delay        Time   Description
---------------------------------------------------------------------------------------------
                                  0.000000    0.000000   clock clk (rise edge)
                                  0.000000    0.000000   clock network delay (propagated)
                                  2.000000    2.000000 ^ input external delay
     1    0.003473    0.022657    0.012726    2.012726 ^ x1[0] (in)
                                                         x1[0] (net)
                      0.022658    0.000000    2.012726 ^ input138/A (sky130_fd_sc_hd__clkbuf_1)
     1    0.004329    0.060892    0.084997    2.097723 ^ input138/X (sky130_fd_sc_hd__clkbuf_1)
                                                         net138 (net)
                      0.060893    0.000298    2.098021 ^ fanout597/A (sky130_fd_sc_hd__buf_2)
     5    0.055456    0.269046    0.271321    2.369342 ^ fanout597/X (sky130_fd_sc_hd__buf_2)
                                                         net597 (net)
                      0.269233    0.005873    2.375215 ^ fanout592/A (sky130_fd_sc_hd__buf_2)
     7    0.060351    0.294802    0.345587    2.720803 ^ fanout592/X (sky130_fd_sc_hd__buf_2)
                                                         net592 (net)
                      0.295261    0.009629    2.730432 ^ fanout591/A (sky130_fd_sc_hd__clkbuf_2)
     5    0.043860    0.239747    0.312469    3.042901 ^ fanout591/X (sky130_fd_sc_hd__clkbuf_2)
                                                         net591 (net)
                      0.239883    0.003117    3.046018 ^ fanout588/A (sky130_fd_sc_hd__buf_2)
    10    0.045724    0.223786    0.293342    3.339360 ^ fanout588/X (sky130_fd_sc_hd__buf_2)
                                                         net588 (net)
                      0.224132    0.007229    3.346590 ^ _07533_/A (sky130_fd_sc_hd__or2_4)
     9    0.077823    0.238411    0.307139    3.653729 ^ _07533_/X (sky130_fd_sc_hd__or2_4)
                                                         _06762_ (net)
                      0.240740    0.018964    3.672693 ^ _09381_/B1 (sky130_fd_sc_hd__a22oi_2)
     2    0.020285    0.127069    0.149251    3.821943 v _09381_/Y (sky130_fd_sc_hd__a22oi_2)
                                                         _01893_ (net)
                      0.127076    0.000749    3.822692 v _09382_/B (sky130_fd_sc_hd__nor2_1)
     4    0.020582    0.370619    0.330148    4.152841 ^ _09382_/Y (sky130_fd_sc_hd__nor2_1)
                                                         _01894_ (net)
                      0.370620    0.000544    4.153384 ^ fanout250/A (sky130_fd_sc_hd__clkbuf_4)
    10    0.057423    0.177963    0.330027    4.483411 ^ fanout250/X (sky130_fd_sc_hd__clkbuf_4)
                                                         net250 (net)
                      0.178159    0.003383    4.486794 ^ _09383_/B (sky130_fd_sc_hd__xor2_1)
     2    0.007098    0.186640    0.217268    4.704062 ^ _09383_/X (sky130_fd_sc_hd__xor2_1)
                                                         _01895_ (net)
                      0.186640    0.000290    4.704352 ^ _09385_/B (sky130_fd_sc_hd__xor2_1)
     2    0.009205    0.224551    0.246467    4.950820 ^ _09385_/X (sky130_fd_sc_hd__xor2_1)
                                                         _01897_ (net)
                      0.224626    0.000695    4.951515 ^ _09387_/B (sky130_fd_sc_hd__xor2_1)
     2    0.008016    0.203086    0.235305    5.186820 ^ _09387_/X (sky130_fd_sc_hd__xor2_1)
                                                         _01899_ (net)
                      0.203086    0.000423    5.187243 ^ _09540_/A2 (sky130_fd_sc_hd__a21oi_1)
     2    0.010444    0.100954    0.144737    5.331980 v _09540_/Y (sky130_fd_sc_hd__a21oi_1)
                                                         _02066_ (net)
                      0.100959    0.000863    5.332843 v _09542_/B (sky130_fd_sc_hd__xnor2_1)
     2    0.008081    0.217860    0.228048    5.560891 ^ _09542_/Y (sky130_fd_sc_hd__xnor2_1)
                                                         _02068_ (net)
                      0.217869    0.000567    5.561458 ^ _09543_/B (sky130_fd_sc_hd__xor2_1)
     2    0.008886    0.218768    0.246094    5.807551 ^ _09543_/X (sky130_fd_sc_hd__xor2_1)
                                                         _02069_ (net)
                      0.218840    0.000616    5.808167 ^ _09545_/B (sky130_fd_sc_hd__xnor2_1)
     2    0.008448    0.225155    0.188061    5.996228 ^ _09545_/Y (sky130_fd_sc_hd__xnor2_1)
                                                         _02071_ (net)
                      0.225157    0.000486    5.996714 ^ _09547_/B (sky130_fd_sc_hd__xnor2_1)
     2    0.009561    0.095570    0.140901    6.137615 v _09547_/Y (sky130_fd_sc_hd__xnor2_1)
                                                         _02073_ (net)
                      0.095570    0.000375    6.137990 v _09629_/A (sky130_fd_sc_hd__xnor2_1)
     2    0.010659    0.269466    0.282810    6.420799 ^ _09629_/Y (sky130_fd_sc_hd__xnor2_1)
                                                         _02164_ (net)
                      0.269470    0.000818    6.421618 ^ _09632_/A (sky130_fd_sc_hd__xor2_1)
     2    0.010738    0.252549    0.278614    6.700232 ^ _09632_/X (sky130_fd_sc_hd__xor2_1)
                                                         _02167_ (net)
                      0.252552    0.000711    6.700942 ^ _09633_/B (sky130_fd_sc_hd__xnor2_1)
     2    0.013574    0.327949    0.232869    6.933812 ^ _09633_/Y (sky130_fd_sc_hd__xnor2_1)
                                                         _02168_ (net)
                      0.327954    0.001067    6.934878 ^ _09636_/A (sky130_fd_sc_hd__xor2_1)
     2    0.008538    0.212504    0.253600    7.188478 ^ _09636_/X (sky130_fd_sc_hd__xor2_1)
                                                         _02171_ (net)
                      0.212504    0.000550    7.189028 ^ _09645_/A2 (sky130_fd_sc_hd__a21o_1)
     3    0.014336    0.130960    0.215543    7.404571 ^ _09645_/X (sky130_fd_sc_hd__a21o_1)
                                                         _02180_ (net)
                      0.130969    0.001241    7.405812 ^ _09770_/A (sky130_fd_sc_hd__xor2_1)
     2    0.011255    0.261947    0.264530    7.670342 ^ _09770_/X (sky130_fd_sc_hd__xor2_1)
                                                         _02318_ (net)
                      0.261951    0.000834    7.671176 ^ _09890_/B (sky130_fd_sc_hd__nand2b_1)
     2    0.011530    0.112515    0.153014    7.824190 v _09890_/Y (sky130_fd_sc_hd__nand2b_1)
                                                         _02448_ (net)
                      0.112518    0.000789    7.824978 v _09892_/B (sky130_fd_sc_hd__nor4_4)
     2    0.011098    0.265875    0.327829    8.152807 ^ _09892_/Y (sky130_fd_sc_hd__nor4_4)
                                                         _02450_ (net)
                      0.265875    0.000701    8.153508 ^ _09896_/A3 (sky130_fd_sc_hd__o31a_1)
     3    0.024699    0.259007    0.310373    8.463881 ^ _09896_/X (sky130_fd_sc_hd__o31a_1)
                                                         _02454_ (net)
                      0.259014    0.001669    8.465550 ^ _10105_/A3 (sky130_fd_sc_hd__o31a_1)
     3    0.022205    0.234783    0.291070    8.756620 ^ _10105_/X (sky130_fd_sc_hd__o31a_1)
                                                         _02682_ (net)
                      0.234830    0.002759    8.759379 ^ rebuffer17/A (sky130_fd_sc_hd__clkbuf_1)
     1    0.005045    0.070145    0.135808    8.895187 ^ rebuffer17/X (sky130_fd_sc_hd__clkbuf_1)
                                                         net736 (net)
                      0.070145    0.000242    8.895429 ^ _10175_/A1 (sky130_fd_sc_hd__a21oi_2)
     1    0.004959    0.064355    0.055419    8.950848 v _10175_/Y (sky130_fd_sc_hd__a21oi_2)
                                                         _02758_ (net)
                      0.064356    0.000366    8.951213 v _10176_/B (sky130_fd_sc_hd__xnor2_1)
     1    0.003029    0.060400    0.126762    9.077975 v _10176_/Y (sky130_fd_sc_hd__xnor2_1)
                                                         _00060_ (net)
                      0.060400    0.000192    9.078167 v _13666_/D (sky130_fd_sc_hd__dfrtp_1)
                                              9.078167   data arrival time

                                 10.000000   10.000000   clock clk (rise edge)
                                  0.000000   10.000000   clock source latency
     1    0.054035    0.247986    0.177667   10.177667 ^ clk (in)
                                                         clk (net)
                      0.249273    0.000000   10.177667 ^ clkbuf_0_clk/A (sky130_fd_sc_hd__clkbuf_16)
     8    0.174242    0.187834    0.294585   10.472252 ^ clkbuf_0_clk/X (sky130_fd_sc_hd__clkbuf_16)
                                                         clknet_0_clk (net)
                      0.189970    0.016056   10.488307 ^ clkbuf_3_5__f_clk/A (sky130_fd_sc_hd__clkbuf_16)
     9    0.078793    0.097143    0.216632   10.704940 ^ clkbuf_3_5__f_clk/X (sky130_fd_sc_hd__clkbuf_16)
                                                         clknet_3_5__leaf_clk (net)
                      0.098210    0.008080   10.713019 ^ _13666_/CLK (sky130_fd_sc_hd__dfrtp_1)
                                 -0.250000   10.463019   clock uncertainty
                                  0.000000   10.463019   clock reconvergence pessimism
                                 -0.108796   10.354222   library setup time
                                             10.354222   data required time
---------------------------------------------------------------------------------------------
                                             10.354222   data required time
                                             -9.078167   data arrival time
---------------------------------------------------------------------------------------------
                                              1.276056   slack (MET)




===========================================================================
report_checks --slack_max -0.01
============================================================================
======================= max_tt_025C_1v80 Corner ===================================

No paths found.


===========================================================================
 report_check_types -max_slew -max_cap -max_fanout -violators
============================================================================
======================= max_tt_025C_1v80 Corner ===================================

max fanout

Pin                                   Limit Fanout  Slack
---------------------------------------------------------
fanout261/X                              10     11        (VIOLATED)
fanout333/X                              10     11        (VIOLATED)
fanout552/X                              10     11        (VIOLATED)
fanout562/X                              10     11        (VIOLATED)



===========================================================================
report_parasitic_annotation -report_unannotated
============================================================================
Found 4 unannotated drivers.
 clkload0/X
 clkload1/Y
 clkload2/Y
 clkload3/X
Found 0 partially unannotated drivers.

===========================================================================
max slew violation count 0
max fanout violation count 4
max cap violation count 0
============================================================================

===========================================================================
check_setup -verbose -unconstrained_endpoints -multiple_clock -no_clock -no_input_delay -loops -generated_clocks
===========================================================================
