Clock: clk
Sources: clk 
Generated: no
Virtual: yes
Propagated: no
Period: 10.000000

===========================================================================
report_clock_properties
============================================================================
Clock                   Period          Waveform
----------------------------------------------------
clk                  10.000000    0.000000  5.000000

===========================================================================
report_clock_latency
============================================================================
Clock clk
rise -> rise
    min     max
0.000000 0.000000 source latency
0.673908         network latency _13692_/CLK
        0.713075 network latency _13667_/CLK
---------------
0.673908 0.713075 latency
        0.039167 skew

fall -> fall
    min     max
0.000000 0.000000 source latency
0.543898         network latency _13692_/CLK
        0.574205 network latency _13667_/CLK
---------------
0.543898 0.574205 latency
        0.030306 skew



===========================================================================
report_clock_min_period
============================================================================
clk period_min = 0.00 fmax = inf
