
===========================================================================
 report_power
============================================================================
======================= max_tt_025C_1v80 Corner ===================================

Group                    Internal    Switching      Leakage        Total
                            Power        Power        Power        Power (Watts)
------------------------------------------------------------------------
Sequential           1.086753e-03 4.825530e-05 7.769226e-10 1.135009e-03   2.1%
Combinational        2.324440e-02 2.818276e-02 2.706131e-08 5.142719e-02  97.1%
Clock                2.275099e-04 1.895528e-04 1.321443e-08 4.170759e-04   0.8%
Macro                0.000000e+00 0.000000e+00 0.000000e+00 0.000000e+00   0.0%
Pad                  0.000000e+00 0.000000e+00 0.000000e+00 0.000000e+00   0.0%
------------------------------------------------------------------------
Total                2.455866e-02 2.842057e-02 4.105201e-08 5.297927e-02 100.0%
                            46.4%        53.6%         0.0%

