
===========================================================================
report_checks -unconstrained
===========================================================================
======================= min_ss_100C_1v60 Corner ===================================

Startpoint: rst_n (input port clocked by clk)
Endpoint: _13651_ (recovery check against rising-edge clock clk)
Path Group: asynchronous
Path Type: max

Fanout         Cap        Slew       Delay        Time   Description
---------------------------------------------------------------------------------------------
                                  0.000000    0.000000   clock clk (rise edge)
                                  0.000000    0.000000   clock network delay (propagated)
                                  2.000000    2.000000 ^ input external delay
     1    0.002561    0.030676    0.014514    2.014513 ^ rst_n (in)
                                                         rst_n (net)
                      0.030676    0.000000    2.014513 ^ input1/A (sky130_fd_sc_hd__buf_2)
     2    0.040881    0.321558    0.358698    2.373211 ^ input1/X (sky130_fd_sc_hd__buf_2)
                                                         net1 (net)
                      0.321668    0.004943    2.378155 ^ fanout719/A (sky130_fd_sc_hd__clkbuf_8)
     9    0.103083    0.285434    0.505530    2.883684 ^ fanout719/X (sky130_fd_sc_hd__clkbuf_8)
                                                         net719 (net)
                      0.285541    0.005211    2.888895 ^ fanout718/A (sky130_fd_sc_hd__clkbuf_4)
     8    0.057287    0.279893    0.498371    3.387267 ^ fanout718/X (sky130_fd_sc_hd__clkbuf_4)
                                                         net718 (net)
                      0.280290    0.007290    3.394557 ^ fanout717/A (sky130_fd_sc_hd__clkbuf_4)
    10    0.055018    0.270726    0.490281    3.884838 ^ fanout717/X (sky130_fd_sc_hd__clkbuf_4)
                                                         net717 (net)
                      0.270798    0.004321    3.889159 ^ _13651_/RESET_B (sky130_fd_sc_hd__dfrtp_1)
                                              3.889159   data arrival time

                                 10.000000   10.000000   clock clk (rise edge)
                                  0.000000   10.000000   clock source latency
     1    0.045230    0.325684    0.230256   10.230256 ^ clk (in)
                                                         clk (net)
                      0.325949    0.000000   10.230256 ^ clkbuf_0_clk/A (sky130_fd_sc_hd__clkbuf_16)
     8    0.154060    0.253046    0.483752   10.714007 ^ clkbuf_0_clk/X (sky130_fd_sc_hd__clkbuf_16)
                                                         clknet_0_clk (net)
                      0.253345    0.007756   10.721765 ^ clkbuf_3_7__f_clk/A (sky130_fd_sc_hd__clkbuf_16)
    10    0.041165    0.095781    0.333793   11.055557 ^ clkbuf_3_7__f_clk/X (sky130_fd_sc_hd__clkbuf_16)
                                                         clknet_3_7__leaf_clk (net)
                      0.095790    0.001004   11.056561 ^ _13651_/CLK (sky130_fd_sc_hd__dfrtp_1)
                                 -0.250000   10.806561   clock uncertainty
                                  0.000000   10.806561   clock reconvergence pessimism
                                  0.396914   11.203475   library recovery time
                                             11.203475   data required time
---------------------------------------------------------------------------------------------
                                             11.203475   data required time
                                             -3.889159   data arrival time
---------------------------------------------------------------------------------------------
                                              7.314316   slack (MET)


Startpoint: x1[0] (input port clocked by clk)
Endpoint: _13666_ (rising edge-triggered flip-flop clocked by clk)
Path Group: clk
Path Type: max

Fanout         Cap        Slew       Delay        Time   Description
---------------------------------------------------------------------------------------------
                                  0.000000    0.000000   clock clk (rise edge)
                                  0.000000    0.000000   clock network delay (propagated)
                                  2.000000    2.000000 v input external delay
     1    0.003129    0.019724    0.010261    2.010261 v x1[0] (in)
                                                         x1[0] (net)
                      0.019724    0.000000    2.010261 v input138/A (sky130_fd_sc_hd__clkbuf_1)
     1    0.003671    0.059103    0.145960    2.156221 v input138/X (sky130_fd_sc_hd__clkbuf_1)
                                                         net138 (net)
                      0.059103    0.000060    2.156281 v fanout597/A (sky130_fd_sc_hd__buf_2)
     5    0.047741    0.219616    0.382452    2.538733 v fanout597/X (sky130_fd_sc_hd__buf_2)
                                                         net597 (net)
                      0.219625    0.001654    2.540387 v fanout592/A (sky130_fd_sc_hd__buf_2)
     7    0.050885    0.233262    0.467184    3.007571 v fanout592/X (sky130_fd_sc_hd__buf_2)
                                                         net592 (net)
                      0.233324    0.003683    3.011253 v fanout591/A (sky130_fd_sc_hd__clkbuf_2)
     5    0.036884    0.258292    0.426170    3.437423 v fanout591/X (sky130_fd_sc_hd__clkbuf_2)
                                                         net591 (net)
                      0.258292    0.000824    3.438247 v fanout588/A (sky130_fd_sc_hd__buf_2)
    10    0.039233    0.186098    0.450248    3.888494 v fanout588/X (sky130_fd_sc_hd__buf_2)
                                                         net588 (net)
                      0.186121    0.002161    3.890656 v _07533_/A (sky130_fd_sc_hd__or2_4)
     9    0.064100    0.212693    0.676966    4.567622 v _07533_/X (sky130_fd_sc_hd__or2_4)
                                                         _06762_ (net)
                      0.213099    0.008272    4.575893 v _09228_/B (sky130_fd_sc_hd__and3_2)
     6    0.029879    0.181515    0.605537    5.181430 v _09228_/X (sky130_fd_sc_hd__and3_2)
                                                         _01726_ (net)
                      0.181515    0.000422    5.181853 v _09382_/A (sky130_fd_sc_hd__nor2_1)
     4    0.019136    0.580067    0.547372    5.729225 ^ _09382_/Y (sky130_fd_sc_hd__nor2_1)
                                                         _01894_ (net)
                      0.580067    0.000041    5.729266 ^ fanout250/A (sky130_fd_sc_hd__clkbuf_4)
    10    0.053347    0.265152    0.616644    6.345910 ^ fanout250/X (sky130_fd_sc_hd__clkbuf_4)
                                                         net250 (net)
                      0.265152    0.000503    6.346413 ^ _09383_/B (sky130_fd_sc_hd__xor2_1)
     2    0.006863    0.308994    0.403313    6.749726 ^ _09383_/X (sky130_fd_sc_hd__xor2_1)
                                                         _01895_ (net)
                      0.308994    0.000034    6.749760 ^ _09385_/B (sky130_fd_sc_hd__xor2_1)
     2    0.008832    0.368092    0.458746    7.208506 ^ _09385_/X (sky130_fd_sc_hd__xor2_1)
                                                         _01897_ (net)
                      0.368092    0.000133    7.208638 ^ _09387_/B (sky130_fd_sc_hd__xor2_1)
     2    0.007802    0.337165    0.451130    7.659768 ^ _09387_/X (sky130_fd_sc_hd__xor2_1)
                                                         _01899_ (net)
                      0.337165    0.000048    7.659816 ^ _09540_/A2 (sky130_fd_sc_hd__a21oi_1)
     2    0.009644    0.197213    0.311635    7.971451 v _09540_/Y (sky130_fd_sc_hd__a21oi_1)
                                                         _02066_ (net)
                      0.197213    0.000230    7.971681 v _09542_/B (sky130_fd_sc_hd__xnor2_1)
     2    0.007876    0.361629    0.392805    8.364487 ^ _09542_/Y (sky130_fd_sc_hd__xnor2_1)
                                                         _02068_ (net)
                      0.361629    0.000080    8.364566 ^ _09543_/B (sky130_fd_sc_hd__xor2_1)
     2    0.008456    0.356815    0.464079    8.828645 ^ _09543_/X (sky130_fd_sc_hd__xor2_1)
                                                         _02069_ (net)
                      0.356815    0.000099    8.828744 ^ _09545_/B (sky130_fd_sc_hd__xnor2_1)
     2    0.008054    0.367642    0.356237    9.184981 ^ _09545_/Y (sky130_fd_sc_hd__xnor2_1)
                                                         _02071_ (net)
                      0.367642    0.000065    9.185046 ^ _09547_/B (sky130_fd_sc_hd__xnor2_1)
     2    0.009455    0.194829    0.305094    9.490140 v _09547_/Y (sky130_fd_sc_hd__xnor2_1)
                                                         _02073_ (net)
                      0.194829    0.000058    9.490197 v _09629_/A (sky130_fd_sc_hd__xnor2_1)
     2    0.010084    0.421654    0.477272    9.967469 ^ _09629_/Y (sky130_fd_sc_hd__xnor2_1)
                                                         _02164_ (net)
                      0.421654    0.000177    9.967646 ^ _09632_/A (sky130_fd_sc_hd__xor2_1)
     2    0.010394    0.414816    0.516133   10.483779 ^ _09632_/X (sky130_fd_sc_hd__xor2_1)
                                                         _02167_ (net)
                      0.414816    0.000097   10.483875 ^ _09633_/B (sky130_fd_sc_hd__xnor2_1)
     2    0.012429    0.499005    0.421424   10.905299 ^ _09633_/Y (sky130_fd_sc_hd__xnor2_1)
                                                         _02168_ (net)
                      0.499005    0.000316   10.905616 ^ _09636_/A (sky130_fd_sc_hd__xor2_1)
     2    0.008096    0.346338    0.487162   11.392777 ^ _09636_/X (sky130_fd_sc_hd__xor2_1)
                                                         _02171_ (net)
                      0.346338    0.000074   11.392852 ^ _09637_/B (sky130_fd_sc_hd__xnor2_1)
     3    0.013525    0.535374    0.410899   11.803750 ^ _09637_/Y (sky130_fd_sc_hd__xnor2_1)
                                                         _02172_ (net)
                      0.535374    0.000373   11.804123 ^ _09639_/A (sky130_fd_sc_hd__xnor2_1)
     3    0.007444    0.191602    0.359111   12.163235 v _09639_/Y (sky130_fd_sc_hd__xnor2_1)
                                                         _02175_ (net)
                      0.191602    0.000054   12.163288 v _09890_/A_N (sky130_fd_sc_hd__nand2b_1)
     2    0.011465    0.230283    0.458316   12.621605 v _09890_/Y (sky130_fd_sc_hd__nand2b_1)
                                                         _02448_ (net)
                      0.230283    0.000123   12.621727 v _09892_/B (sky130_fd_sc_hd__nor4_4)
     2    0.010048    0.418186    0.571401   13.193128 ^ _09892_/Y (sky130_fd_sc_hd__nor4_4)
                                                         _02450_ (net)
                      0.418186    0.000217   13.193344 ^ _09896_/A3 (sky130_fd_sc_hd__o31a_1)
     3    0.021693    0.370919    0.552661   13.746006 ^ _09896_/X (sky130_fd_sc_hd__o31a_1)
                                                         _02454_ (net)
                      0.370919    0.000371   13.746377 ^ _10105_/A3 (sky130_fd_sc_hd__o31a_1)
     3    0.019973    0.343879    0.518289   14.264667 ^ _10105_/X (sky130_fd_sc_hd__o31a_1)
                                                         _02682_ (net)
                      0.343879    0.000974   14.265640 ^ rebuffer17/A (sky130_fd_sc_hd__clkbuf_1)
     1    0.004970    0.115871    0.276466   14.542107 ^ rebuffer17/X (sky130_fd_sc_hd__clkbuf_1)
                                                         net736 (net)
                      0.115871    0.000028   14.542134 ^ _10175_/A1 (sky130_fd_sc_hd__a21oi_2)
     1    0.004775    0.108402    0.121764   14.663898 v _10175_/Y (sky130_fd_sc_hd__a21oi_2)
                                                         _02758_ (net)
                      0.108402    0.000044   14.663941 v _10176_/B (sky130_fd_sc_hd__xnor2_1)
     1    0.002699    0.104206    0.218570   14.882512 v _10176_/Y (sky130_fd_sc_hd__xnor2_1)
                                                         _00060_ (net)
                      0.104206    0.000028   14.882539 v _13666_/D (sky130_fd_sc_hd__dfrtp_1)
                                             14.882539   data arrival time

                                 10.000000   10.000000   clock clk (rise edge)
                                  0.000000   10.000000   clock source latency
     1    0.045230    0.325684    0.230256   10.230256 ^ clk (in)
                                                         clk (net)
                      0.325949    0.000000   10.230256 ^ clkbuf_0_clk/A (sky130_fd_sc_hd__clkbuf_16)
     8    0.154060    0.253046    0.483752   10.714007 ^ clkbuf_0_clk/X (sky130_fd_sc_hd__clkbuf_16)
                                                         clknet_0_clk (net)
                      0.253229    0.006234   10.720242 ^ clkbuf_3_5__f_clk/A (sky130_fd_sc_hd__clkbuf_16)
     9    0.067439    0.131089    0.362236   11.082479 ^ clkbuf_3_5__f_clk/X (sky130_fd_sc_hd__clkbuf_16)
                                                         clknet_3_5__leaf_clk (net)
                      0.131165    0.002896   11.085375 ^ _13666_/CLK (sky130_fd_sc_hd__dfrtp_1)
                                 -0.250000   10.835375   clock uncertainty
                                  0.000000   10.835375   clock reconvergence pessimism
                                 -0.274514   10.560860   library setup time
                                             10.560860   data required time
---------------------------------------------------------------------------------------------
                                             10.560860   data required time
                                            -14.882539   data arrival time
---------------------------------------------------------------------------------------------
                                             -4.321679   slack (VIOLATED)




===========================================================================
report_checks --slack_max -0.01
============================================================================
======================= min_ss_100C_1v60 Corner ===================================

Startpoint: x1[0] (input port clocked by clk)
Endpoint: _13666_ (rising edge-triggered flip-flop clocked by clk)
Path Group: clk
Path Type: max

Fanout         Cap        Slew       Delay        Time   Description
---------------------------------------------------------------------------------------------
                                  0.000000    0.000000   clock clk (rise edge)
                                  0.000000    0.000000   clock network delay (propagated)
                                  2.000000    2.000000 v input external delay
     1    0.003129    0.019724    0.010261    2.010261 v x1[0] (in)
                                                         x1[0] (net)
                      0.019724    0.000000    2.010261 v input138/A (sky130_fd_sc_hd__clkbuf_1)
     1    0.003671    0.059103    0.145960    2.156221 v input138/X (sky130_fd_sc_hd__clkbuf_1)
                                                         net138 (net)
                      0.059103    0.000060    2.156281 v fanout597/A (sky130_fd_sc_hd__buf_2)
     5    0.047741    0.219616    0.382452    2.538733 v fanout597/X (sky130_fd_sc_hd__buf_2)
                                                         net597 (net)
                      0.219625    0.001654    2.540387 v fanout592/A (sky130_fd_sc_hd__buf_2)
     7    0.050885    0.233262    0.467184    3.007571 v fanout592/X (sky130_fd_sc_hd__buf_2)
                                                         net592 (net)
                      0.233324    0.003683    3.011253 v fanout591/A (sky130_fd_sc_hd__clkbuf_2)
     5    0.036884    0.258292    0.426170    3.437423 v fanout591/X (sky130_fd_sc_hd__clkbuf_2)
                                                         net591 (net)
                      0.258292    0.000824    3.438247 v fanout588/A (sky130_fd_sc_hd__buf_2)
    10    0.039233    0.186098    0.450248    3.888494 v fanout588/X (sky130_fd_sc_hd__buf_2)
                                                         net588 (net)
                      0.186121    0.002161    3.890656 v _07533_/A (sky130_fd_sc_hd__or2_4)
     9    0.064100    0.212693    0.676966    4.567622 v _07533_/X (sky130_fd_sc_hd__or2_4)
                                                         _06762_ (net)
                      0.213099    0.008272    4.575893 v _09228_/B (sky130_fd_sc_hd__and3_2)
     6    0.029879    0.181515    0.605537    5.181430 v _09228_/X (sky130_fd_sc_hd__and3_2)
                                                         _01726_ (net)
                      0.181515    0.000422    5.181853 v _09382_/A (sky130_fd_sc_hd__nor2_1)
     4    0.019136    0.580067    0.547372    5.729225 ^ _09382_/Y (sky130_fd_sc_hd__nor2_1)
                                                         _01894_ (net)
                      0.580067    0.000041    5.729266 ^ fanout250/A (sky130_fd_sc_hd__clkbuf_4)
    10    0.053347    0.265152    0.616644    6.345910 ^ fanout250/X (sky130_fd_sc_hd__clkbuf_4)
                                                         net250 (net)
                      0.265152    0.000503    6.346413 ^ _09383_/B (sky130_fd_sc_hd__xor2_1)
     2    0.006863    0.308994    0.403313    6.749726 ^ _09383_/X (sky130_fd_sc_hd__xor2_1)
                                                         _01895_ (net)
                      0.308994    0.000034    6.749760 ^ _09385_/B (sky130_fd_sc_hd__xor2_1)
     2    0.008832    0.368092    0.458746    7.208506 ^ _09385_/X (sky130_fd_sc_hd__xor2_1)
                                                         _01897_ (net)
                      0.368092    0.000133    7.208638 ^ _09387_/B (sky130_fd_sc_hd__xor2_1)
     2    0.007802    0.337165    0.451130    7.659768 ^ _09387_/X (sky130_fd_sc_hd__xor2_1)
                                                         _01899_ (net)
                      0.337165    0.000048    7.659816 ^ _09540_/A2 (sky130_fd_sc_hd__a21oi_1)
     2    0.009644    0.197213    0.311635    7.971451 v _09540_/Y (sky130_fd_sc_hd__a21oi_1)
                                                         _02066_ (net)
                      0.197213    0.000230    7.971681 v _09542_/B (sky130_fd_sc_hd__xnor2_1)
     2    0.007876    0.361629    0.392805    8.364487 ^ _09542_/Y (sky130_fd_sc_hd__xnor2_1)
                                                         _02068_ (net)
                      0.361629    0.000080    8.364566 ^ _09543_/B (sky130_fd_sc_hd__xor2_1)
     2    0.008456    0.356815    0.464079    8.828645 ^ _09543_/X (sky130_fd_sc_hd__xor2_1)
                                                         _02069_ (net)
                      0.356815    0.000099    8.828744 ^ _09545_/B (sky130_fd_sc_hd__xnor2_1)
     2    0.008054    0.367642    0.356237    9.184981 ^ _09545_/Y (sky130_fd_sc_hd__xnor2_1)
                                                         _02071_ (net)
                      0.367642    0.000065    9.185046 ^ _09547_/B (sky130_fd_sc_hd__xnor2_1)
     2    0.009455    0.194829    0.305094    9.490140 v _09547_/Y (sky130_fd_sc_hd__xnor2_1)
                                                         _02073_ (net)
                      0.194829    0.000058    9.490197 v _09629_/A (sky130_fd_sc_hd__xnor2_1)
     2    0.010084    0.421654    0.477272    9.967469 ^ _09629_/Y (sky130_fd_sc_hd__xnor2_1)
                                                         _02164_ (net)
                      0.421654    0.000177    9.967646 ^ _09632_/A (sky130_fd_sc_hd__xor2_1)
     2    0.010394    0.414816    0.516133   10.483779 ^ _09632_/X (sky130_fd_sc_hd__xor2_1)
                                                         _02167_ (net)
                      0.414816    0.000097   10.483875 ^ _09633_/B (sky130_fd_sc_hd__xnor2_1)
     2    0.012429    0.499005    0.421424   10.905299 ^ _09633_/Y (sky130_fd_sc_hd__xnor2_1)
                                                         _02168_ (net)
                      0.499005    0.000316   10.905616 ^ _09636_/A (sky130_fd_sc_hd__xor2_1)
     2    0.008096    0.346338    0.487162   11.392777 ^ _09636_/X (sky130_fd_sc_hd__xor2_1)
                                                         _02171_ (net)
                      0.346338    0.000074   11.392852 ^ _09637_/B (sky130_fd_sc_hd__xnor2_1)
     3    0.013525    0.535374    0.410899   11.803750 ^ _09637_/Y (sky130_fd_sc_hd__xnor2_1)
                                                         _02172_ (net)
                      0.535374    0.000373   11.804123 ^ _09639_/A (sky130_fd_sc_hd__xnor2_1)
     3    0.007444    0.191602    0.359111   12.163235 v _09639_/Y (sky130_fd_sc_hd__xnor2_1)
                                                         _02175_ (net)
                      0.191602    0.000054   12.163288 v _09890_/A_N (sky130_fd_sc_hd__nand2b_1)
     2    0.011465    0.230283    0.458316   12.621605 v _09890_/Y (sky130_fd_sc_hd__nand2b_1)
                                                         _02448_ (net)
                      0.230283    0.000123   12.621727 v _09892_/B (sky130_fd_sc_hd__nor4_4)
     2    0.010048    0.418186    0.571401   13.193128 ^ _09892_/Y (sky130_fd_sc_hd__nor4_4)
                                                         _02450_ (net)
                      0.418186    0.000217   13.193344 ^ _09896_/A3 (sky130_fd_sc_hd__o31a_1)
     3    0.021693    0.370919    0.552661   13.746006 ^ _09896_/X (sky130_fd_sc_hd__o31a_1)
                                                         _02454_ (net)
                      0.370919    0.000371   13.746377 ^ _10105_/A3 (sky130_fd_sc_hd__o31a_1)
     3    0.019973    0.343879    0.518289   14.264667 ^ _10105_/X (sky130_fd_sc_hd__o31a_1)
                                                         _02682_ (net)
                      0.343879    0.000974   14.265640 ^ rebuffer17/A (sky130_fd_sc_hd__clkbuf_1)
     1    0.004970    0.115871    0.276466   14.542107 ^ rebuffer17/X (sky130_fd_sc_hd__clkbuf_1)
                                                         net736 (net)
                      0.115871    0.000028   14.542134 ^ _10175_/A1 (sky130_fd_sc_hd__a21oi_2)
     1    0.004775    0.108402    0.121764   14.663898 v _10175_/Y (sky130_fd_sc_hd__a21oi_2)
                                                         _02758_ (net)
                      0.108402    0.000044   14.663941 v _10176_/B (sky130_fd_sc_hd__xnor2_1)
     1    0.002699    0.104206    0.218570   14.882512 v _10176_/Y (sky130_fd_sc_hd__xnor2_1)
                                                         _00060_ (net)
                      0.104206    0.000028   14.882539 v _13666_/D (sky130_fd_sc_hd__dfrtp_1)
                                             14.882539   data arrival time

                                 10.000000   10.000000   clock clk (rise edge)
                                  0.000000   10.000000   clock source latency
     1    0.045230    0.325684    0.230256   10.230256 ^ clk (in)
                                                         clk (net)
                      0.325949    0.000000   10.230256 ^ clkbuf_0_clk/A (sky130_fd_sc_hd__clkbuf_16)
     8    0.154060    0.253046    0.483752   10.714007 ^ clkbuf_0_clk/X (sky130_fd_sc_hd__clkbuf_16)
                                                         clknet_0_clk (net)
                      0.253229    0.006234   10.720242 ^ clkbuf_3_5__f_clk/A (sky130_fd_sc_hd__clkbuf_16)
     9    0.067439    0.131089    0.362236   11.082479 ^ clkbuf_3_5__f_clk/X (sky130_fd_sc_hd__clkbuf_16)
                                                         clknet_3_5__leaf_clk (net)
                      0.131165    0.002896   11.085375 ^ _13666_/CLK (sky130_fd_sc_hd__dfrtp_1)
                                 -0.250000   10.835375   clock uncertainty
                                  0.000000   10.835375   clock reconvergence pessimism
                                 -0.274514   10.560860   library setup time
                                             10.560860   data required time
---------------------------------------------------------------------------------------------
                                             10.560860   data required time
                                            -14.882539   data arrival time
---------------------------------------------------------------------------------------------
                                             -4.321679   slack (VIOLATED)




===========================================================================
 report_check_types -max_slew -max_cap -max_fanout -violators
============================================================================
======================= min_ss_100C_1v60 Corner ===================================

max slew

Pin                                        Limit        Slew       Slack
------------------------------------------------------------------------
_12287_/Y                               0.750000    0.857655   -0.107655 (VIOLATED)
_12291_/A1                              0.750000    0.857655   -0.107655 (VIOLATED)
max_cap232/A                            0.750000    0.857655   -0.107655 (VIOLATED)
_07151_/Y                               0.750000    0.814687   -0.064687 (VIOLATED)
_07179_/B                               0.750000    0.814687   -0.064687 (VIOLATED)
_07180_/A2                              0.750000    0.814687   -0.064687 (VIOLATED)
_08888_/Y                               0.750000    0.769733   -0.019733 (VIOLATED)
_09028_/A2                              0.750000    0.769733   -0.019733 (VIOLATED)
_09029_/C1                              0.750000    0.769733   -0.019733 (VIOLATED)
_08754_/Y                               0.750000    0.757988   -0.007988 (VIOLATED)
_08761_/B1                              0.750000    0.757988   -0.007988 (VIOLATED)
_08764_/A1                              0.750000    0.757988   -0.007988 (VIOLATED)
max_cap238/A                            0.750000    0.757988   -0.007988 (VIOLATED)
_07183_/Y                               0.750000    0.757454   -0.007454 (VIOLATED)
_07327_/A2                              0.750000    0.757454   -0.007454 (VIOLATED)
_07328_/C1                              0.750000    0.757454   -0.007454 (VIOLATED)

max fanout

Pin                                   Limit Fanout  Slack
---------------------------------------------------------
fanout261/X                              10     11        (VIOLATED)
fanout333/X                              10     11        (VIOLATED)
fanout552/X                              10     11        (VIOLATED)
fanout562/X                              10     11        (VIOLATED)



===========================================================================
report_parasitic_annotation -report_unannotated
============================================================================
Found 4 unannotated drivers.
 clkload0/X
 clkload1/Y
 clkload2/Y
 clkload3/X
Found 0 partially unannotated drivers.

===========================================================================
max slew violation count 16
max fanout violation count 4
max cap violation count 0
============================================================================

===========================================================================
check_setup -verbose -unconstrained_endpoints -multiple_clock -no_clock -no_input_delay -loops -generated_clocks
===========================================================================
