Clock: clk
Sources: clk 
Generated: no
Virtual: yes
Propagated: no
Period: 10.000000

===========================================================================
report_clock_properties
============================================================================
Clock                   Period          Waveform
----------------------------------------------------
clk                  10.000000    0.000000  5.000000

===========================================================================
report_clock_latency
============================================================================
Clock clk
rise -> rise
    min     max
0.000000 0.000000 source latency
1.039775         network latency _13692_/CLK
        1.085416 network latency _13667_/CLK
---------------
1.039775 1.085416 latency
        0.045640 skew

fall -> fall
    min     max
0.000000 0.000000 source latency
0.889230         network latency _13692_/CLK
        0.925666 network latency _13667_/CLK
---------------
0.889230 0.925666 latency
        0.036436 skew



===========================================================================
report_clock_min_period
============================================================================
clk period_min = 0.00 fmax = inf
