
===========================================================================
 report_power
============================================================================
======================= min_ss_100C_1v60 Corner ===================================

Group                    Internal    Switching      Leakage        Total
                            Power        Power        Power        Power (Watts)
------------------------------------------------------------------------
Sequential           8.086226e-04 3.302579e-05 1.277973e-06 8.429264e-04   2.1%
Combinational        1.876867e-02 2.081950e-02 3.435185e-05 3.962252e-02  97.2%
Clock                1.862914e-04 1.311056e-04 2.552120e-07 3.176523e-04   0.8%
Macro                0.000000e+00 0.000000e+00 0.000000e+00 0.000000e+00   0.0%
Pad                  0.000000e+00 0.000000e+00 0.000000e+00 0.000000e+00   0.0%
------------------------------------------------------------------------
Total                1.976359e-02 2.098364e-02 3.588495e-05 4.078311e-02 100.0%
                            48.5%        51.5%         0.1%

