Clock: clk
Sources: clk 
Generated: no
Virtual: yes
Propagated: no
Period: 15.000000

===========================================================================
report_clock_properties
============================================================================
Clock                   Period          Waveform
----------------------------------------------------
clk                  15.000000    0.000000  7.500000

===========================================================================
report_clock_latency
============================================================================
Clock clk
rise -> rise
    min     max
0.000000 0.000000 source latency
0.748909         network latency _13684_/CLK
        0.772690 network latency _13656_/CLK
---------------
0.748909 0.772690 latency
        0.023781 skew

fall -> fall
    min     max
0.000000 0.000000 source latency
0.370281         network latency _13684_/CLK
        0.392765 network latency _13656_/CLK
---------------
0.370281 0.392765 latency
        0.022484 skew



===========================================================================
report_clock_min_period
============================================================================
clk period_min = 0.00 fmax = inf
