
===========================================================================
 report_power
============================================================================
======================= nom_tt_025C_1v80 Corner ===================================

Group                    Internal    Switching      Leakage        Total
                            Power        Power        Power        Power (Watts)
------------------------------------------------------------------------
Sequential           7.474604e-04 2.419269e-04 7.133138e-10 9.893880e-04   2.4%
Combinational        2.163531e-02 1.901143e-02 2.953434e-08 4.064677e-02  97.6%
Clock                0.000000e+00 0.000000e+00 9.007285e-10 9.007285e-10   0.0%
Macro                0.000000e+00 0.000000e+00 0.000000e+00 0.000000e+00   0.0%
Pad                  0.000000e+00 0.000000e+00 0.000000e+00 0.000000e+00   0.0%
------------------------------------------------------------------------
Total                2.238277e-02 1.925337e-02 3.114839e-08 4.163616e-02 100.0%
                            53.8%        46.2%         0.0%
Writing metric power__internal__total: 0.022382766008377075
Writing metric power__switching__total: 0.019253365695476532
Writing metric power__leakage__total: 3.114838520446028e-8
Writing metric power__total: 0.041636161506175995

