Reading OpenROAD database at '/mnt/c/Users/vanis/Desktop/HW4AI_Course/HW4AI_Course/codefest/cf07/hdl/runs/RUN_2026-05-18_05-15-06/20-openroad-generatepdn/synth_top.odb'…
Reading library file at '/home/vanisri/.volare/volare/sky130/versions/0fe599b2afb6708d281543108caf8310912f54af/sky130A/libs.ref/sky130_fd_sc_hd/lib/sky130_fd_sc_hd__tt_025C_1v80.lib'…
Reading design constraints file at '/nix/store/ss2cw3sxbrwwx9jl0rrppbw4kgcmgi2n-python3-3.11.9-env/lib/python3.11/site-packages/openlane/scripts/base.sdc'…
[INFO] Using clock clk…
[INFO] Setting output delay to: 2
[INFO] Setting input delay to: 2
[INFO] Setting load to: 0.033442
[INFO] Setting clock uncertainty to: 0.25
[INFO] Setting clock transition to: 0.1499999999999999944488848768742172978818416595458984375
[INFO] Setting timing derate to: 5%
+ global_placement -density 0.6217090000000001 -skip_io -pad_right 0 -pad_left 0 -init_wirelength_coef 0.25
[INFO GPL-0002] DBU: 1000
[INFO GPL-0003] SiteSize: (  0.460  2.720 ) um
[INFO GPL-0004] CoreBBox: (  5.520 10.880 ) ( 385.940 388.960 ) um
[INFO GPL-0006] NumInstances:              9207
[INFO GPL-0007] NumPlaceInstances:         6885
[INFO GPL-0008] NumFixedInstances:         2322
[INFO GPL-0009] NumDummyInstances:            0
[INFO GPL-0010] NumNets:                   7047
[INFO GPL-0011] NumPins:                  24674
[INFO GPL-0012] DieBBox:  (  0.000  0.000 ) ( 391.775 402.495 ) um
[INFO GPL-0013] CoreBBox: (  5.520 10.880 ) ( 385.940 388.960 ) um
[INFO GPL-0016] CoreArea:            143829.194 um^2
[INFO GPL-0017] NonPlaceInstsArea:     3600.954 um^2
[INFO GPL-0018] PlaceInstsArea:       72479.514 um^2
[INFO GPL-0019] Util:                    51.687 %
[INFO GPL-0020] StdInstsArea:         72479.514 um^2
[INFO GPL-0021] MacroInstsArea:           0.000 um^2
[INFO GPL-0031] FillerInit:NumGCells:      8302
[INFO GPL-0032] FillerInit:NumGNets:       7047
[INFO GPL-0033] FillerInit:NumGPins:      24674
[INFO GPL-0023] TargetDensity:            0.622
[INFO GPL-0024] AvrgPlaceInstArea:       10.527 um^2
[INFO GPL-0025] IdealBinArea:            16.933 um^2
[INFO GPL-0026] IdealBinCnt:               8494
[INFO GPL-0027] TotalBinArea:        143829.194 um^2
[INFO GPL-0028] BinCnt:        64     64
[INFO GPL-0029] BinSize: (  5.945  5.908 )
[INFO GPL-0030] NumBins: 4096
[NesterovSolve] Iter:    1 overflow: 0.998 HPWL: 18291944
[NesterovSolve] Iter:   10 overflow: 0.997 HPWL: 12176613
[NesterovSolve] Iter:   20 overflow: 0.997 HPWL: 11840375
[NesterovSolve] Iter:   30 overflow: 0.997 HPWL: 11738053
[NesterovSolve] Iter:   40 overflow: 0.997 HPWL: 11709324
[NesterovSolve] Iter:   50 overflow: 0.997 HPWL: 11703218
[NesterovSolve] Iter:   60 overflow: 0.997 HPWL: 11704839
[NesterovSolve] Iter:   70 overflow: 0.997 HPWL: 11713157
[NesterovSolve] Iter:   80 overflow: 0.997 HPWL: 11730982
[NesterovSolve] Iter:   90 overflow: 0.996 HPWL: 11774894
[NesterovSolve] Iter:  100 overflow: 0.996 HPWL: 11883072
[NesterovSolve] Iter:  110 overflow: 0.996 HPWL: 12137106
[NesterovSolve] Iter:  120 overflow: 0.995 HPWL: 12737293
[NesterovSolve] Iter:  130 overflow: 0.994 HPWL: 14005696
[NesterovSolve] Iter:  140 overflow: 0.990 HPWL: 16511101
[NesterovSolve] Iter:  150 overflow: 0.984 HPWL: 21342524
[NesterovSolve] Iter:  160 overflow: 0.970 HPWL: 29104364
[NesterovSolve] Iter:  170 overflow: 0.951 HPWL: 37671637
[NesterovSolve] Iter:  180 overflow: 0.929 HPWL: 44107569
[NesterovSolve] Iter:  190 overflow: 0.906 HPWL: 48686313
[NesterovSolve] Iter:  200 overflow: 0.877 HPWL: 53498986
[NesterovSolve] Iter:  210 overflow: 0.838 HPWL: 59477636
[NesterovSolve] Iter:  220 overflow: 0.794 HPWL: 64948620
[NesterovSolve] Iter:  230 overflow: 0.758 HPWL: 70943740
[NesterovSolve] Iter:  240 overflow: 0.708 HPWL: 77176444
[NesterovSolve] Iter:  250 overflow: 0.664 HPWL: 81365986
[NesterovSolve] Iter:  260 overflow: 0.623 HPWL: 86573587
[NesterovSolve] Iter:  270 overflow: 0.578 HPWL: 93262545
[NesterovSolve] Iter:  280 overflow: 0.534 HPWL: 97560953
[NesterovSolve] Iter:  290 overflow: 0.481 HPWL: 100735427
[NesterovSolve] Iter:  300 overflow: 0.418 HPWL: 102684012
[NesterovSolve] Iter:  310 overflow: 0.371 HPWL: 105002668
[NesterovSolve] Iter:  320 overflow: 0.333 HPWL: 107448313
[NesterovSolve] Iter:  330 overflow: 0.307 HPWL: 107315243
[NesterovSolve] Iter:  340 overflow: 0.279 HPWL: 107275342
[NesterovSolve] Iter:  350 overflow: 0.252 HPWL: 108089341
[NesterovSolve] Iter:  360 overflow: 0.229 HPWL: 108201309
[NesterovSolve] Iter:  370 overflow: 0.208 HPWL: 108479551
[NesterovSolve] Iter:  380 overflow: 0.188 HPWL: 108286717
[NesterovSolve] Iter:  390 overflow: 0.168 HPWL: 108231999
[NesterovSolve] Iter:  400 overflow: 0.151 HPWL: 108148700
[NesterovSolve] Iter:  410 overflow: 0.134 HPWL: 108127073
[NesterovSolve] Iter:  420 overflow: 0.116 HPWL: 108154957
[NesterovSolve] Iter:  430 overflow: 0.099 HPWL: 108332753
[NesterovSolve] Finished with Overflow: 0.099386
[INFO] Setting RC values…
Setting global connections for newly added cells…
[INFO] Setting global connections...
Updating metrics…
Cell type report:                       Count       Area
  Fill cell                               278    1043.50
  Tap cell                               2044    2557.45
  Inverter                                 87     326.56
  Sequential cell                          68    1786.71
  Multi-Input combinational cell         6730   70366.24
  Total                                  9207   76080.47
Writing OpenROAD database to '/mnt/c/Users/vanis/Desktop/HW4AI_Course/HW4AI_Course/codefest/cf07/hdl/runs/RUN_2026-05-18_05-15-06/23-openroad-globalplacementskipio/synth_top.odb'…
Writing netlist to '/mnt/c/Users/vanis/Desktop/HW4AI_Course/HW4AI_Course/codefest/cf07/hdl/runs/RUN_2026-05-18_05-15-06/23-openroad-globalplacementskipio/synth_top.nl.v'…
Writing powered netlist to '/mnt/c/Users/vanis/Desktop/HW4AI_Course/HW4AI_Course/codefest/cf07/hdl/runs/RUN_2026-05-18_05-15-06/23-openroad-globalplacementskipio/synth_top.pnl.v'…
Writing layout to '/mnt/c/Users/vanis/Desktop/HW4AI_Course/HW4AI_Course/codefest/cf07/hdl/runs/RUN_2026-05-18_05-15-06/23-openroad-globalplacementskipio/synth_top.def'…
Writing timing constraints to '/mnt/c/Users/vanis/Desktop/HW4AI_Course/HW4AI_Course/codefest/cf07/hdl/runs/RUN_2026-05-18_05-15-06/23-openroad-globalplacementskipio/synth_top.sdc'…
