
===========================================================================
report_checks -unconstrained
===========================================================================
======================= nom_tt_025C_1v80 Corner ===================================

Startpoint: rst_n (input port clocked by clk)
Endpoint: _13651_ (recovery check against rising-edge clock clk)
Path Group: asynchronous
Path Type: max

Fanout         Cap        Slew       Delay        Time   Description
---------------------------------------------------------------------------------------------
                                  0.000000    0.000000   clock clk (rise edge)
                                  0.000000    0.000000   clock network delay (propagated)
                                  2.000000    2.000000 ^ input external delay
     1    0.003100    0.021025    0.011378    2.011378 ^ rst_n (in)
                                                         rst_n (net)
                      0.021025    0.000000    2.011378 ^ input1/A (sky130_fd_sc_hd__buf_2)
     2    0.029270    0.147164    0.170806    2.182183 ^ input1/X (sky130_fd_sc_hd__buf_2)
                                                         net1 (net)
                      0.147371    0.004510    2.186693 ^ fanout719/A (sky130_fd_sc_hd__clkbuf_8)
     9    0.075689    0.137430    0.234719    2.421411 ^ fanout719/X (sky130_fd_sc_hd__clkbuf_8)
                                                         net719 (net)
                      0.137788    0.005094    2.426505 ^ fanout718/A (sky130_fd_sc_hd__clkbuf_4)
     8    0.050696    0.158475    0.249696    2.676201 ^ fanout718/X (sky130_fd_sc_hd__clkbuf_4)
                                                         net718 (net)
                      0.159057    0.007779    2.683980 ^ fanout717/A (sky130_fd_sc_hd__clkbuf_4)
    10    0.053980    0.166371    0.264642    2.948622 ^ fanout717/X (sky130_fd_sc_hd__clkbuf_4)
                                                         net717 (net)
                      0.166695    0.005966    2.954588 ^ _13651_/RESET_B (sky130_fd_sc_hd__dfrtp_1)
                                              2.954588   data arrival time

                                 10.000000   10.000000   clock clk (rise edge)
                                  0.000000   10.000000   clock source latency
     1    0.034823    0.162195    0.115248   10.115249 ^ clk (in)
                                                         clk (net)
                      0.162620    0.000000   10.115249 ^ clkbuf_0_clk/A (sky130_fd_sc_hd__clkbuf_16)
     8    0.113723    0.127784    0.233284   10.348532 ^ clkbuf_0_clk/X (sky130_fd_sc_hd__clkbuf_16)
                                                         clknet_0_clk (net)
                      0.128721    0.008699   10.357231 ^ clkbuf_3_7__f_clk/A (sky130_fd_sc_hd__clkbuf_16)
    10    0.036937    0.057113    0.169263   10.526494 ^ clkbuf_3_7__f_clk/X (sky130_fd_sc_hd__clkbuf_16)
                                                         clknet_3_7__leaf_clk (net)
                      0.057280    0.001666   10.528160 ^ _13651_/CLK (sky130_fd_sc_hd__dfrtp_1)
                                 -0.250000   10.278160   clock uncertainty
                                  0.000000   10.278160   clock reconvergence pessimism
                                  0.202652   10.480812   library recovery time
                                             10.480812   data required time
---------------------------------------------------------------------------------------------
                                             10.480812   data required time
                                             -2.954588   data arrival time
---------------------------------------------------------------------------------------------
                                              7.526223   slack (MET)


Startpoint: x0[4] (input port clocked by clk)
Endpoint: _13666_ (rising edge-triggered flip-flop clocked by clk)
Path Group: clk
Path Type: max

Fanout         Cap        Slew       Delay        Time   Description
---------------------------------------------------------------------------------------------
                                  0.000000    0.000000   clock clk (rise edge)
                                  0.000000    0.000000   clock network delay (propagated)
                                  2.000000    2.000000 ^ input external delay
     1    0.004348    0.026459    0.015757    2.015757 ^ x0[4] (in)
                                                         x0[4] (net)
                      0.026460    0.000000    2.015757 ^ input134/A (sky130_fd_sc_hd__buf_1)
     1    0.009230    0.115965    0.125119    2.140876 ^ input134/X (sky130_fd_sc_hd__buf_1)
                                                         net134 (net)
                      0.115969    0.000560    2.141436 ^ fanout626/A (sky130_fd_sc_hd__buf_4)
     7    0.051311    0.146616    0.213013    2.354448 ^ fanout626/X (sky130_fd_sc_hd__buf_4)
                                                         net626 (net)
                      0.146753    0.002872    2.357320 ^ fanout625/A (sky130_fd_sc_hd__buf_4)
     7    0.027701    0.085888    0.178208    2.535528 ^ fanout625/X (sky130_fd_sc_hd__buf_4)
                                                         net625 (net)
                      0.085891    0.000627    2.536155 ^ fanout624/A (sky130_fd_sc_hd__clkbuf_4)
    10    0.036415    0.118251    0.203395    2.739551 ^ fanout624/X (sky130_fd_sc_hd__clkbuf_4)
                                                         net624 (net)
                      0.118253    0.000805    2.740356 ^ _08850_/B (sky130_fd_sc_hd__and4_1)
     2    0.005424    0.077165    0.211967    2.952323 ^ _08850_/X (sky130_fd_sc_hd__and4_1)
                                                         _01316_ (net)
                      0.077165    0.000101    2.952424 ^ _08852_/A_N (sky130_fd_sc_hd__and2b_1)
     1    0.008366    0.057546    0.204245    3.156669 v _08852_/X (sky130_fd_sc_hd__and2b_1)
                                                         _01318_ (net)
                      0.057546    0.000177    3.156847 v _08853_/B (sky130_fd_sc_hd__xnor2_2)
     3    0.016801    0.252945    0.230487    3.387333 ^ _08853_/Y (sky130_fd_sc_hd__xnor2_2)
                                                         _01319_ (net)
                      0.252946    0.000322    3.387655 ^ _08863_/B1 (sky130_fd_sc_hd__a21o_1)
     2    0.005640    0.060362    0.133604    3.521259 ^ _08863_/X (sky130_fd_sc_hd__a21o_1)
                                                         _01329_ (net)
                      0.060362    0.000194    3.521453 ^ rebuffer18/A (sky130_fd_sc_hd__dlymetal6s2s_1)
     2    0.013819    0.157355    0.174313    3.695766 ^ rebuffer18/X (sky130_fd_sc_hd__dlymetal6s2s_1)
                                                         net737 (net)
                      0.157358    0.000571    3.696337 ^ _08867_/A2 (sky130_fd_sc_hd__a21oi_4)
     2    0.012232    0.054698    0.086402    3.782739 v _08867_/Y (sky130_fd_sc_hd__a21oi_4)
                                                         _01333_ (net)
                      0.054698    0.000197    3.782936 v _08868_/C (sky130_fd_sc_hd__or3_4)
     4    0.014329    0.082125    0.355272    4.138207 v _08868_/X (sky130_fd_sc_hd__or3_4)
                                                         _01334_ (net)
                      0.082180    0.000328    4.138535 v rebuffer42/A (sky130_fd_sc_hd__buf_6)
     1    0.009993    0.025393    0.131930    4.270466 v rebuffer42/X (sky130_fd_sc_hd__buf_6)
                                                         net761 (net)
                      0.025393    0.000295    4.270761 v _08872_/A2 (sky130_fd_sc_hd__a21oi_4)
     2    0.016683    0.163553    0.181753    4.452515 ^ _08872_/Y (sky130_fd_sc_hd__a21oi_4)
                                                         _01338_ (net)
                      0.163558    0.000618    4.453132 ^ _08873_/B (sky130_fd_sc_hd__nor3_4)
     4    0.020653    0.062142    0.084732    4.537864 v _08873_/Y (sky130_fd_sc_hd__nor3_4)
                                                         _01339_ (net)
                      0.062156    0.000564    4.538428 v _08876_/A1 (sky130_fd_sc_hd__o211a_1)
     3    0.007772    0.061588    0.249783    4.788211 v _08876_/X (sky130_fd_sc_hd__o211a_1)
                                                         _01342_ (net)
                      0.061588    0.000147    4.788359 v _08878_/A (sky130_fd_sc_hd__or3_4)
     2    0.006257    0.068777    0.389808    5.178167 v _08878_/X (sky130_fd_sc_hd__or3_4)
                                                         _01345_ (net)
                      0.068777    0.000179    5.178346 v rebuffer41/A (sky130_fd_sc_hd__buf_1)
     1    0.003218    0.028875    0.100214    5.278560 v rebuffer41/X (sky130_fd_sc_hd__buf_1)
                                                         net760 (net)
                      0.028875    0.000104    5.278664 v rebuffer28/A (sky130_fd_sc_hd__dlymetal6s2s_1)
     1    0.004489    0.044851    0.134106    5.412770 v rebuffer28/X (sky130_fd_sc_hd__dlymetal6s2s_1)
                                                         net747 (net)
                      0.044851    0.000095    5.412866 v _08882_/A2 (sky130_fd_sc_hd__a211oi_2)
     3    0.013573    0.300027    0.325562    5.738428 ^ _08882_/Y (sky130_fd_sc_hd__a211oi_2)
                                                         _01349_ (net)
                      0.300027    0.000542    5.738969 ^ _08884_/D (sky130_fd_sc_hd__or4_4)
     2    0.008340    0.044811    0.192501    5.931470 ^ _08884_/X (sky130_fd_sc_hd__or4_4)
                                                         _01351_ (net)
                      0.044811    0.000248    5.931719 ^ rebuffer29/A (sky130_fd_sc_hd__clkbuf_1)
     1    0.002317    0.038868    0.076513    6.008232 ^ rebuffer29/X (sky130_fd_sc_hd__clkbuf_1)
                                                         net748 (net)
                      0.038868    0.000051    6.008283 ^ rebuffer13/A (sky130_fd_sc_hd__dlymetal6s2s_1)
     1    0.006231    0.087334    0.116851    6.125134 ^ rebuffer13/X (sky130_fd_sc_hd__dlymetal6s2s_1)
                                                         net732 (net)
                      0.087334    0.000252    6.125386 ^ _09025_/C1 (sky130_fd_sc_hd__o211ai_2)
     2    0.008966    0.106621    0.102844    6.228229 v _09025_/Y (sky130_fd_sc_hd__o211ai_2)
                                                         _01505_ (net)
                      0.106621    0.000252    6.228481 v _09027_/A1 (sky130_fd_sc_hd__a211o_1)
     2    0.006287    0.064055    0.294131    6.522613 v _09027_/X (sky130_fd_sc_hd__a211o_1)
                                                         _01507_ (net)
                      0.064055    0.000122    6.522735 v _09029_/A1 (sky130_fd_sc_hd__a211o_1)
     2    0.006831    0.066485    0.280624    6.803360 v _09029_/X (sky130_fd_sc_hd__a211o_1)
                                                         _01510_ (net)
                      0.066485    0.000125    6.803484 v _09031_/B2 (sky130_fd_sc_hd__a2bb2o_4)
     2    0.005869    0.036455    0.208162    7.011647 v _09031_/X (sky130_fd_sc_hd__a2bb2o_4)
                                                         _01512_ (net)
                      0.036455    0.000215    7.011862 v _09191_/A2 (sky130_fd_sc_hd__a21o_1)
     2    0.014809    0.082023    0.218456    7.230319 v _09191_/X (sky130_fd_sc_hd__a21o_1)
                                                         _01686_ (net)
                      0.082027    0.000635    7.230954 v _09351_/A1 (sky130_fd_sc_hd__a21oi_4)
     4    0.022833    0.200602    0.212547    7.443501 ^ _09351_/Y (sky130_fd_sc_hd__a21oi_4)
                                                         _01861_ (net)
                      0.200678    0.001195    7.444695 ^ _09892_/D (sky130_fd_sc_hd__nor4_4)
     2    0.008195    0.051011    0.059619    7.504315 v _09892_/Y (sky130_fd_sc_hd__nor4_4)
                                                         _02450_ (net)
                      0.051011    0.000346    7.504660 v _09896_/A3 (sky130_fd_sc_hd__o31a_1)
     3    0.014279    0.096315    0.292119    7.796780 v _09896_/X (sky130_fd_sc_hd__o31a_1)
                                                         _02454_ (net)
                      0.096319    0.000736    7.797516 v _10105_/A3 (sky130_fd_sc_hd__o31a_1)
     3    0.015101    0.099806    0.312001    8.109517 v _10105_/X (sky130_fd_sc_hd__o31a_1)
                                                         _02682_ (net)
                      0.099812    0.000833    8.110350 v rebuffer17/A (sky130_fd_sc_hd__clkbuf_1)
     1    0.004896    0.037815    0.121576    8.231926 v rebuffer17/X (sky130_fd_sc_hd__clkbuf_1)
                                                         net736 (net)
                      0.037815    0.000115    8.232041 v _10175_/A1 (sky130_fd_sc_hd__a21oi_2)
     1    0.005170    0.103407    0.121768    8.353809 ^ _10175_/Y (sky130_fd_sc_hd__a21oi_2)
                                                         _02758_ (net)
                      0.103407    0.000117    8.353927 ^ _10176_/B (sky130_fd_sc_hd__xnor2_1)
     1    0.003190    0.123107    0.124649    8.478576 ^ _10176_/Y (sky130_fd_sc_hd__xnor2_1)
                                                         _00060_ (net)
                      0.123107    0.000108    8.478683 ^ _13666_/D (sky130_fd_sc_hd__dfrtp_1)
                                              8.478683   data arrival time

                                 10.000000   10.000000   clock clk (rise edge)
                                  0.000000   10.000000   clock source latency
     1    0.034823    0.162195    0.115248   10.115249 ^ clk (in)
                                                         clk (net)
                      0.162620    0.000000   10.115249 ^ clkbuf_0_clk/A (sky130_fd_sc_hd__clkbuf_16)
     8    0.113723    0.127784    0.233284   10.348532 ^ clkbuf_0_clk/X (sky130_fd_sc_hd__clkbuf_16)
                                                         clknet_0_clk (net)
                      0.128453    0.007375   10.355906 ^ clkbuf_3_5__f_clk/A (sky130_fd_sc_hd__clkbuf_16)
     9    0.047405    0.066673    0.176781   10.532688 ^ clkbuf_3_5__f_clk/X (sky130_fd_sc_hd__clkbuf_16)
                                                         clknet_3_5__leaf_clk (net)
                      0.066964    0.003099   10.535787 ^ _13666_/CLK (sky130_fd_sc_hd__dfrtp_1)
                                 -0.250000   10.285787   clock uncertainty
                                  0.000000   10.285787   clock reconvergence pessimism
                                 -0.074473   10.211314   library setup time
                                             10.211314   data required time
---------------------------------------------------------------------------------------------
                                             10.211314   data required time
                                             -8.478683   data arrival time
---------------------------------------------------------------------------------------------
                                              1.732630   slack (MET)




===========================================================================
report_checks --slack_max -0.01
============================================================================
======================= nom_tt_025C_1v80 Corner ===================================

No paths found.


===========================================================================
 report_check_types -max_slew -max_cap -max_fanout -violators
============================================================================
======================= nom_tt_025C_1v80 Corner ===================================

max fanout

Pin                                   Limit Fanout  Slack
---------------------------------------------------------
fanout261/X                              10     11        (VIOLATED)
fanout333/X                              10     11        (VIOLATED)
fanout552/X                              10     11        (VIOLATED)
fanout562/X                              10     11        (VIOLATED)



===========================================================================
report_parasitic_annotation -report_unannotated
============================================================================
Found 4 unannotated drivers.
 clkload0/X
 clkload1/Y
 clkload2/Y
 clkload3/X
Found 0 partially unannotated drivers.

===========================================================================
max slew violation count 0
Writing metric design__max_slew_violation__count__corner:nom_tt_025C_1v80: 0
max fanout violation count 4
Writing metric design__max_fanout_violation__count__corner:nom_tt_025C_1v80: 4
max cap violation count 0
Writing metric design__max_cap_violation__count__corner:nom_tt_025C_1v80: 0
============================================================================

===========================================================================
check_setup -verbose -unconstrained_endpoints -multiple_clock -no_clock -no_input_delay -loops -generated_clocks
===========================================================================
