Clock: clk
Sources: clk 
Generated: no
Virtual: yes
Propagated: no
Period: 10.000000

===========================================================================
report_clock_properties
============================================================================
Clock                   Period          Waveform
----------------------------------------------------
clk                  10.000000    0.000000  5.000000

===========================================================================
report_clock_latency
============================================================================
Clock clk
rise -> rise
    min     max
0.000000 0.000000 source latency
0.519446         network latency _13692_/CLK
        0.535813 network latency _13667_/CLK
---------------
0.519446 0.535813 latency
        0.016367 skew

fall -> fall
    min     max
0.000000 0.000000 source latency
0.440886         network latency _13692_/CLK
        0.453957 network latency _13667_/CLK
---------------
0.440886 0.453957 latency
        0.013072 skew



===========================================================================
report_clock_min_period
============================================================================
clk period_min = 0.00 fmax = inf
