
===========================================================================
 report_power
============================================================================
======================= nom_tt_025C_1v80 Corner ===================================

Group                    Internal    Switching      Leakage        Total
                            Power        Power        Power        Power (Watts)
------------------------------------------------------------------------
Sequential           1.086536e-03 4.026294e-05 7.769226e-10 1.126800e-03   2.2%
Combinational        2.324103e-02 2.578446e-02 2.706131e-08 4.902552e-02  97.1%
Clock                2.275152e-04 1.345201e-04 1.054417e-09 3.620363e-04   0.7%
Macro                0.000000e+00 0.000000e+00 0.000000e+00 0.000000e+00   0.0%
Pad                  0.000000e+00 0.000000e+00 0.000000e+00 0.000000e+00   0.0%
------------------------------------------------------------------------
Total                2.455508e-02 2.595924e-02 2.889268e-08 5.051436e-02 100.0%
                            48.6%        51.4%         0.0%
Writing metric power__internal__total: 0.024555083364248276
Writing metric power__switching__total: 0.02595924399793148
Writing metric power__leakage__total: 2.8892682024661553e-8
Writing metric power__total: 0.050514355301856995

