
===========================================================================
report_checks -unconstrained
===========================================================================
======================= min_ff_n40C_1v95 Corner ===================================

Startpoint: rst_n (input port clocked by clk)
Endpoint: _13651_ (recovery check against rising-edge clock clk)
Path Group: asynchronous
Path Type: max

Fanout         Cap        Slew       Delay        Time   Description
---------------------------------------------------------------------------------------------
                                  0.000000    0.000000   clock clk (rise edge)
                                  0.000000    0.000000   clock network delay (propagated)
                                  2.000000    2.000000 ^ input external delay
     1    0.002686    0.013510    0.006926    2.006926 ^ rst_n (in)
                                                         rst_n (net)
                      0.013510    0.000000    2.006926 ^ input1/A (sky130_fd_sc_hd__buf_2)
     2    0.040971    0.152320    0.146686    2.153612 ^ input1/X (sky130_fd_sc_hd__buf_2)
                                                         net1 (net)
                      0.152560    0.004942    2.158554 ^ fanout719/A (sky130_fd_sc_hd__clkbuf_8)
     9    0.105969    0.142103    0.193477    2.352032 ^ fanout719/X (sky130_fd_sc_hd__clkbuf_8)
                                                         net719 (net)
                      0.142397    0.005233    2.357265 ^ fanout718/A (sky130_fd_sc_hd__clkbuf_4)
     8    0.059499    0.139031    0.190436    2.547701 ^ fanout718/X (sky130_fd_sc_hd__clkbuf_4)
                                                         net718 (net)
                      0.139657    0.007551    2.555252 ^ fanout717/A (sky130_fd_sc_hd__clkbuf_4)
    10    0.058578    0.136354    0.190258    2.745509 ^ fanout717/X (sky130_fd_sc_hd__clkbuf_4)
                                                         net717 (net)
                      0.136589    0.004611    2.750120 ^ _13651_/RESET_B (sky130_fd_sc_hd__dfrtp_1)
                                              2.750120   data arrival time

                                 10.000000   10.000000   clock clk (rise edge)
                                  0.000000   10.000000   clock source latency
     1    0.045299    0.155759    0.111127   10.111127 ^ clk (in)
                                                         clk (net)
                      0.156332    0.000000   10.111127 ^ clkbuf_0_clk/A (sky130_fd_sc_hd__clkbuf_16)
     8    0.154612    0.129273    0.185581   10.296709 ^ clkbuf_0_clk/X (sky130_fd_sc_hd__clkbuf_16)
                                                         clknet_0_clk (net)
                      0.130001    0.007761   10.304469 ^ clkbuf_3_7__f_clk/A (sky130_fd_sc_hd__clkbuf_16)
    10    0.043015    0.048280    0.124172   10.428641 ^ clkbuf_3_7__f_clk/X (sky130_fd_sc_hd__clkbuf_16)
                                                         clknet_3_7__leaf_clk (net)
                      0.048309    0.001054   10.429696 ^ _13651_/CLK (sky130_fd_sc_hd__dfrtp_1)
                                 -0.250000   10.179695   clock uncertainty
                                  0.000000   10.179695   clock reconvergence pessimism
                                  0.126576   10.306272   library recovery time
                                             10.306272   data required time
---------------------------------------------------------------------------------------------
                                             10.306272   data required time
                                             -2.750120   data arrival time
---------------------------------------------------------------------------------------------
                                              7.556151   slack (MET)


Startpoint: x1[0] (input port clocked by clk)
Endpoint: _13666_ (rising edge-triggered flip-flop clocked by clk)
Path Group: clk
Path Type: max

Fanout         Cap        Slew       Delay        Time   Description
---------------------------------------------------------------------------------------------
                                  0.000000    0.000000   clock clk (rise edge)
                                  0.000000    0.000000   clock network delay (propagated)
                                  2.000000    2.000000 v input external delay
     1    0.003203    0.005316    0.002624    2.002624 v x1[0] (in)
                                                         x1[0] (net)
                      0.005317    0.000000    2.002624 v input138/A (sky130_fd_sc_hd__clkbuf_1)
     1    0.003765    0.021639    0.050190    2.052814 v input138/X (sky130_fd_sc_hd__clkbuf_1)
                                                         net138 (net)
                      0.021639    0.000062    2.052876 v fanout597/A (sky130_fd_sc_hd__buf_2)
     5    0.048124    0.081500    0.130984    2.183861 v fanout597/X (sky130_fd_sc_hd__buf_2)
                                                         net597 (net)
                      0.081579    0.001667    2.185527 v fanout592/A (sky130_fd_sc_hd__buf_2)
     7    0.051354    0.087039    0.156519    2.342046 v fanout592/X (sky130_fd_sc_hd__buf_2)
                                                         net592 (net)
                      0.087271    0.003709    2.345755 v fanout591/A (sky130_fd_sc_hd__clkbuf_2)
     5    0.037388    0.099404    0.156134    2.501890 v fanout591/X (sky130_fd_sc_hd__clkbuf_2)
                                                         net591 (net)
                      0.099410    0.000832    2.502722 v fanout588/A (sky130_fd_sc_hd__buf_2)
    10    0.039912    0.071505    0.151924    2.654646 v fanout588/X (sky130_fd_sc_hd__buf_2)
                                                         net588 (net)
                      0.071588    0.002188    2.656833 v _07533_/A (sky130_fd_sc_hd__or2_4)
     9    0.065104    0.084584    0.229535    2.886368 v _07533_/X (sky130_fd_sc_hd__or2_4)
                                                         _06762_ (net)
                      0.085959    0.008326    2.894694 v _09228_/B (sky130_fd_sc_hd__and3_2)
     6    0.029856    0.069591    0.189929    3.084623 v _09228_/X (sky130_fd_sc_hd__and3_2)
                                                         _01726_ (net)
                      0.069591    0.000423    3.085046 v _09382_/A (sky130_fd_sc_hd__nor2_1)
     4    0.019291    0.248896    0.220219    3.305264 ^ _09382_/Y (sky130_fd_sc_hd__nor2_1)
                                                         _01894_ (net)
                      0.248896    0.000042    3.305306 ^ fanout250/A (sky130_fd_sc_hd__clkbuf_4)
    10    0.053748    0.127100    0.201649    3.506955 ^ fanout250/X (sky130_fd_sc_hd__clkbuf_4)
                                                         net250 (net)
                      0.127163    0.000506    3.507461 ^ _09383_/B (sky130_fd_sc_hd__xor2_1)
     2    0.007016    0.138607    0.134014    3.641475 ^ _09383_/X (sky130_fd_sc_hd__xor2_1)
                                                         _01895_ (net)
                      0.138607    0.000034    3.641509 ^ _09385_/B (sky130_fd_sc_hd__xor2_1)
     2    0.008826    0.157287    0.151175    3.792684 ^ _09385_/X (sky130_fd_sc_hd__xor2_1)
                                                         _01897_ (net)
                      0.157287    0.000132    3.792816 ^ _09387_/B (sky130_fd_sc_hd__xor2_1)
     2    0.007755    0.143329    0.140407    3.933223 ^ _09387_/X (sky130_fd_sc_hd__xor2_1)
                                                         _01899_ (net)
                      0.143329    0.000048    3.933271 ^ _09540_/A2 (sky130_fd_sc_hd__a21oi_1)
     2    0.009813    0.065887    0.080767    4.014039 v _09540_/Y (sky130_fd_sc_hd__a21oi_1)
                                                         _02066_ (net)
                      0.065887    0.000234    4.014273 v _09542_/B (sky130_fd_sc_hd__xnor2_1)
     2    0.007862    0.151662    0.151327    4.165600 ^ _09542_/Y (sky130_fd_sc_hd__xnor2_1)
                                                         _02068_ (net)
                      0.151662    0.000080    4.165680 ^ _09543_/B (sky130_fd_sc_hd__xor2_1)
     2    0.008599    0.154241    0.148662    4.314342 ^ _09543_/X (sky130_fd_sc_hd__xor2_1)
                                                         _02069_ (net)
                      0.154241    0.000101    4.314443 ^ _09545_/B (sky130_fd_sc_hd__xnor2_1)
     2    0.008197    0.156395    0.108528    4.422971 ^ _09545_/Y (sky130_fd_sc_hd__xnor2_1)
                                                         _02071_ (net)
                      0.156395    0.000066    4.423038 ^ _09547_/B (sky130_fd_sc_hd__xnor2_1)
     2    0.009424    0.063947    0.076745    4.499783 v _09547_/Y (sky130_fd_sc_hd__xnor2_1)
                                                         _02073_ (net)
                      0.063947    0.000058    4.499841 v _09629_/A (sky130_fd_sc_hd__xnor2_1)
     2    0.010054    0.182603    0.185877    4.685718 ^ _09629_/Y (sky130_fd_sc_hd__xnor2_1)
                                                         _02164_ (net)
                      0.182603    0.000176    4.685894 ^ _09632_/A (sky130_fd_sc_hd__xor2_1)
     2    0.010550    0.179979    0.169258    4.855152 ^ _09632_/X (sky130_fd_sc_hd__xor2_1)
                                                         _02167_ (net)
                      0.179979    0.000098    4.855250 ^ _09633_/B (sky130_fd_sc_hd__xnor2_1)
     2    0.012399    0.215942    0.132606    4.987856 ^ _09633_/Y (sky130_fd_sc_hd__xnor2_1)
                                                         _02168_ (net)
                      0.215943    0.000315    4.988172 ^ _09636_/A (sky130_fd_sc_hd__xor2_1)
     2    0.008250    0.149868    0.146162    5.134334 ^ _09636_/X (sky130_fd_sc_hd__xor2_1)
                                                         _02171_ (net)
                      0.149868    0.000081    5.134414 ^ _09645_/A2 (sky130_fd_sc_hd__a21o_1)
     3    0.013328    0.092183    0.130024    5.264438 ^ _09645_/X (sky130_fd_sc_hd__a21o_1)
                                                         _02180_ (net)
                      0.092183    0.000290    5.264728 ^ _09770_/A (sky130_fd_sc_hd__xor2_1)
     2    0.010599    0.180475    0.168237    5.432965 ^ _09770_/X (sky130_fd_sc_hd__xor2_1)
                                                         _02318_ (net)
                      0.180475    0.000163    5.433129 ^ _09890_/B (sky130_fd_sc_hd__nand2b_1)
     2    0.011303    0.075305    0.082088    5.515217 v _09890_/Y (sky130_fd_sc_hd__nand2b_1)
                                                         _02448_ (net)
                      0.075305    0.000121    5.515337 v _09892_/B (sky130_fd_sc_hd__nor4_4)
     2    0.010106    0.183149    0.213137    5.728475 ^ _09892_/Y (sky130_fd_sc_hd__nor4_4)
                                                         _02450_ (net)
                      0.183149    0.000218    5.728693 ^ _09896_/A3 (sky130_fd_sc_hd__o31a_1)
     3    0.021959    0.172978    0.183008    5.911701 ^ _09896_/X (sky130_fd_sc_hd__o31a_1)
                                                         _02454_ (net)
                      0.172979    0.000375    5.912076 ^ _10105_/A3 (sky130_fd_sc_hd__o31a_1)
     3    0.020085    0.159013    0.172673    6.084748 ^ _10105_/X (sky130_fd_sc_hd__o31a_1)
                                                         _02682_ (net)
                      0.159021    0.000981    6.085730 ^ rebuffer17/A (sky130_fd_sc_hd__clkbuf_1)
     1    0.005003    0.051270    0.073578    6.159307 ^ rebuffer17/X (sky130_fd_sc_hd__clkbuf_1)
                                                         net736 (net)
                      0.051270    0.000028    6.159335 ^ _10175_/A1 (sky130_fd_sc_hd__a21oi_2)
     1    0.004821    0.046016    0.031643    6.190978 v _10175_/Y (sky130_fd_sc_hd__a21oi_2)
                                                         _02758_ (net)
                      0.046016    0.000044    6.191021 v _10176_/B (sky130_fd_sc_hd__xnor2_1)
     1    0.002920    0.043063    0.081633    6.272655 v _10176_/Y (sky130_fd_sc_hd__xnor2_1)
                                                         _00060_ (net)
                      0.043063    0.000030    6.272685 v _13666_/D (sky130_fd_sc_hd__dfrtp_1)
                                              6.272685   data arrival time

                                 10.000000   10.000000   clock clk (rise edge)
                                  0.000000   10.000000   clock source latency
     1    0.045299    0.155759    0.111127   10.111127 ^ clk (in)
                                                         clk (net)
                      0.156332    0.000000   10.111127 ^ clkbuf_0_clk/A (sky130_fd_sc_hd__clkbuf_16)
     8    0.154612    0.129273    0.185581   10.296709 ^ clkbuf_0_clk/X (sky130_fd_sc_hd__clkbuf_16)
                                                         clknet_0_clk (net)
                      0.129738    0.006241   10.302950 ^ clkbuf_3_5__f_clk/A (sky130_fd_sc_hd__clkbuf_16)
     9    0.068958    0.066867    0.138051   10.441001 ^ clkbuf_3_5__f_clk/X (sky130_fd_sc_hd__clkbuf_16)
                                                         clknet_3_5__leaf_clk (net)
                      0.067080    0.002959   10.443960 ^ _13666_/CLK (sky130_fd_sc_hd__dfrtp_1)
                                 -0.250000   10.193960   clock uncertainty
                                  0.000000   10.193960   clock reconvergence pessimism
                                 -0.073014   10.120946   library setup time
                                             10.120946   data required time
---------------------------------------------------------------------------------------------
                                             10.120946   data required time
                                             -6.272685   data arrival time
---------------------------------------------------------------------------------------------
                                              3.848261   slack (MET)




===========================================================================
report_checks --slack_max -0.01
============================================================================
======================= min_ff_n40C_1v95 Corner ===================================

No paths found.


===========================================================================
 report_check_types -max_slew -max_cap -max_fanout -violators
============================================================================
======================= min_ff_n40C_1v95 Corner ===================================

max fanout

Pin                                   Limit Fanout  Slack
---------------------------------------------------------
fanout261/X                              10     11        (VIOLATED)
fanout333/X                              10     11        (VIOLATED)
fanout552/X                              10     11        (VIOLATED)
fanout562/X                              10     11        (VIOLATED)



===========================================================================
report_parasitic_annotation -report_unannotated
============================================================================
Found 4 unannotated drivers.
 clkload0/X
 clkload1/Y
 clkload2/Y
 clkload3/X
Found 0 partially unannotated drivers.

===========================================================================
max slew violation count 0
max fanout violation count 4
max cap violation count 0
============================================================================

===========================================================================
check_setup -verbose -unconstrained_endpoints -multiple_clock -no_clock -no_input_delay -loops -generated_clocks
===========================================================================
