Clock: clk
Sources: clk 
Generated: no
Virtual: yes
Propagated: no
Period: 10.000000

===========================================================================
report_clock_properties
============================================================================
Clock                   Period          Waveform
----------------------------------------------------
clk                  10.000000    0.000000  5.000000

===========================================================================
report_clock_latency
============================================================================
Clock clk
rise -> rise
    min     max
0.000000 0.000000 source latency
0.420616         network latency _13692_/CLK
        0.444002 network latency _13667_/CLK
---------------
0.420616 0.444002 latency
        0.023385 skew

fall -> fall
    min     max
0.000000 0.000000 source latency
0.344254         network latency _13692_/CLK
        0.361857 network latency _13667_/CLK
---------------
0.344254 0.361857 latency
        0.017602 skew



===========================================================================
report_clock_min_period
============================================================================
clk period_min = 0.00 fmax = inf
