
===========================================================================
 report_power
============================================================================
======================= min_ff_n40C_1v95 Corner ===================================

Group                    Internal    Switching      Leakage        Total
                            Power        Power        Power        Power (Watts)
------------------------------------------------------------------------
Sequential           1.262166e-03 5.055088e-05 9.347372e-10 1.312718e-03   2.2%
Combinational        2.586838e-02 3.140194e-02 4.866262e-08 5.727037e-02  97.0%
Clock                2.605339e-04 1.998629e-04 1.612135e-08 4.604130e-04   0.8%
Macro                0.000000e+00 0.000000e+00 0.000000e+00 0.000000e+00   0.0%
Pad                  0.000000e+00 0.000000e+00 0.000000e+00 0.000000e+00   0.0%
------------------------------------------------------------------------
Total                2.739109e-02 3.165235e-02 6.571820e-08 5.904350e-02 100.0%
                            46.4%        53.6%         0.0%

