Reading OpenROAD database at '/mnt/c/Users/vanis/Desktop/HW4AI_Course/HW4AI_Course/codefest/cf07/hdl/runs/RUN_2026-05-18_05-30-55/31-openroad-repairdesignpostgpl/synth_top.odb'…
Reading library file at '/home/vanisri/.volare/volare/sky130/versions/0fe599b2afb6708d281543108caf8310912f54af/sky130A/libs.ref/sky130_fd_sc_hd/lib/sky130_fd_sc_hd__tt_025C_1v80.lib'…
Reading design constraints file at '/nix/store/ss2cw3sxbrwwx9jl0rrppbw4kgcmgi2n-python3-3.11.9-env/lib/python3.11/site-packages/openlane/scripts/base.sdc'…
[INFO] Using clock clk…
[INFO] Setting output delay to: 3
[INFO] Setting input delay to: 3
[INFO] Setting load to: 0.033442
[INFO] Setting clock uncertainty to: 0.25
[INFO] Setting clock transition to: 0.1499999999999999944488848768742172978818416595458984375
[INFO] Setting timing derate to: 5%
Placement Analysis
---------------------------------
total displacement          0.0 u
average displacement        0.0 u
max displacement            0.0 u
original HPWL          180475.0 u
legalized HPWL         184236.9 u
delta HPWL                    2 %

[INFO DPL-0020] Mirrored 2687 instances
[INFO DPL-0021] HPWL before          184236.9 u
[INFO DPL-0022] HPWL after           180475.0 u
[INFO DPL-0023] HPWL delta               -2.0 %
Setting global connections for newly added cells…
[INFO] Setting global connections...
Updating metrics…
Cell type report:                       Count       Area
  Fill cell                               278    1043.50
  Tap cell                               2044    2557.45
  Timing Repair Buffer                    719    4296.62
  Inverter                                 87     326.56
  Sequential cell                          68    1701.63
  Multi-Input combinational cell         6730   49646.36
  Total                                  9926   59572.13
Writing OpenROAD database to '/mnt/c/Users/vanis/Desktop/HW4AI_Course/HW4AI_Course/codefest/cf07/hdl/runs/RUN_2026-05-18_05-30-55/33-openroad-detailedplacement/synth_top.odb'…
Writing netlist to '/mnt/c/Users/vanis/Desktop/HW4AI_Course/HW4AI_Course/codefest/cf07/hdl/runs/RUN_2026-05-18_05-30-55/33-openroad-detailedplacement/synth_top.nl.v'…
Writing powered netlist to '/mnt/c/Users/vanis/Desktop/HW4AI_Course/HW4AI_Course/codefest/cf07/hdl/runs/RUN_2026-05-18_05-30-55/33-openroad-detailedplacement/synth_top.pnl.v'…
Writing layout to '/mnt/c/Users/vanis/Desktop/HW4AI_Course/HW4AI_Course/codefest/cf07/hdl/runs/RUN_2026-05-18_05-30-55/33-openroad-detailedplacement/synth_top.def'…
Writing timing constraints to '/mnt/c/Users/vanis/Desktop/HW4AI_Course/HW4AI_Course/codefest/cf07/hdl/runs/RUN_2026-05-18_05-30-55/33-openroad-detailedplacement/synth_top.sdc'…
