
===========================================================================
 report_power
============================================================================
======================= nom_ss_100C_1v60 Corner ===================================

Group                    Internal    Switching      Leakage        Total
                            Power        Power        Power        Power (Watts)
------------------------------------------------------------------------
Sequential           5.625213e-04 1.796320e-04 1.323611e-06 7.434768e-04   2.3%
Combinational        1.779122e-02 1.310821e-02 3.951666e-05 3.093896e-02  97.7%
Clock                0.000000e+00 0.000000e+00 0.000000e+00 0.000000e+00   0.0%
Macro                0.000000e+00 0.000000e+00 0.000000e+00 0.000000e+00   0.0%
Pad                  0.000000e+00 0.000000e+00 0.000000e+00 0.000000e+00   0.0%
------------------------------------------------------------------------
Total                1.835374e-02 1.328784e-02 4.084026e-05 3.168242e-02 100.0%
                            57.9%        41.9%         0.1%

