[INFO PSM-0040] All shapes on net VPWR are connected.
########## IR report #################
Net              : VPWR
Corner           : nom_tt_025C_1v80
Supply voltage   : 1.80e+00 V
Worstcase voltage: 1.79e+00 V
Average voltage  : 1.80e+00 V
Average IR drop  : 7.98e-04 V
Worstcase IR drop: 1.04e-02 V
Percentage drop  : 0.58 %
######################################
[INFO PSM-0040] All shapes on net VGND are connected.
########## IR report #################
Net              : VGND
Corner           : nom_tt_025C_1v80
Supply voltage   : 0.00e+00 V
Worstcase voltage: 1.09e-02 V
Average voltage  : 7.99e-04 V
Average IR drop  : 7.99e-04 V
Worstcase IR drop: 1.09e-02 V
Percentage drop  : 0.60 %
######################################
