
===========================================================================
report_checks -unconstrained
===========================================================================
======================= nom_ss_100C_1v60 Corner ===================================

Startpoint: rst_n (input port clocked by clk)
Endpoint: _13670_ (recovery check against rising-edge clock clk)
Path Group: asynchronous
Path Type: max

Fanout         Cap        Slew       Delay        Time   Description
---------------------------------------------------------------------------------------------
                                  0.000000    0.000000   clock clk (rise edge)
                                  0.000000    0.000000   clock network delay (propagated)
                                  3.000000    3.000000 ^ input external delay
     1    0.002658    0.031314    0.015042    3.015042 ^ rst_n (in)
                                                         rst_n (net)
                      0.031314    0.000000    3.015042 ^ input1/A (sky130_fd_sc_hd__buf_2)
     2    0.044903    0.351668    0.379227    3.394269 ^ input1/X (sky130_fd_sc_hd__buf_2)
                                                         net1 (net)
                      0.351671    0.000961    3.395229 ^ fanout715/A (sky130_fd_sc_hd__buf_4)
     9    0.079311    0.352772    0.536990    3.932219 ^ fanout715/X (sky130_fd_sc_hd__buf_4)
                                                         net715 (net)
                      0.352896    0.006196    3.938415 ^ fanout714/A (sky130_fd_sc_hd__clkbuf_4)
     8    0.056412    0.276437    0.524902    4.463317 ^ fanout714/X (sky130_fd_sc_hd__clkbuf_4)
                                                         net714 (net)
                      0.276441    0.001789    4.465106 ^ fanout712/A (sky130_fd_sc_hd__clkbuf_4)
    10    0.052919    0.261648    0.481369    4.946475 ^ fanout712/X (sky130_fd_sc_hd__clkbuf_4)
                                                         net712 (net)
                      0.261742    0.004724    4.951199 ^ _13670_/RESET_B (sky130_fd_sc_hd__dfrtp_1)
                                              4.951199   data arrival time

                                 15.000000   15.000000   clock clk (rise edge)
                                  0.000000   15.000000   clock source latency
     1    0.050594    0.363095    0.258083   15.258083 ^ clk (in)
                                                         clk (net)
                      0.363560    0.000000   15.258083 ^ clkbuf_0_clk/A (sky130_fd_sc_hd__clkbuf_16)
     8    0.161004    0.263137    0.506523   15.764606 ^ clkbuf_0_clk/X (sky130_fd_sc_hd__clkbuf_16)
                                                         clknet_0_clk (net)
                      0.263474    0.008367   15.772973 ^ clkbuf_3_2__f_clk/A (sky130_fd_sc_hd__clkbuf_16)
    10    0.038118    0.092712    0.332619   16.105593 ^ clkbuf_3_2__f_clk/X (sky130_fd_sc_hd__clkbuf_16)
                                                         clknet_3_2__leaf_clk (net)
                      0.092768    0.002187   16.107779 ^ _13670_/CLK (sky130_fd_sc_hd__dfrtp_1)
                                 -0.250000   15.857780   clock uncertainty
                                  0.000000   15.857780   clock reconvergence pessimism
                                  0.399242   16.257021   library recovery time
                                             16.257021   data required time
---------------------------------------------------------------------------------------------
                                             16.257021   data required time
                                             -4.951199   data arrival time
---------------------------------------------------------------------------------------------
                                             11.305822   slack (MET)


Startpoint: x1[0] (input port clocked by clk)
Endpoint: _13684_ (rising edge-triggered flip-flop clocked by clk)
Path Group: clk
Path Type: max

Fanout         Cap        Slew       Delay        Time   Description
---------------------------------------------------------------------------------------------
                                  0.000000    0.000000   clock clk (rise edge)
                                  0.000000    0.000000   clock network delay (propagated)
                                  3.000000    3.000000 ^ input external delay
     1    0.003438    0.036502    0.019165    3.019165 ^ x1[0] (in)
                                                         x1[0] (net)
                      0.036502    0.000000    3.019165 ^ input138/A (sky130_fd_sc_hd__clkbuf_1)
     1    0.002401    0.065731    0.129865    3.149030 ^ input138/X (sky130_fd_sc_hd__clkbuf_1)
                                                         net138 (net)
                      0.065731    0.000068    3.149099 ^ fanout597/A (sky130_fd_sc_hd__buf_2)
     5    0.052200    0.405738    0.434613    3.583712 ^ fanout597/X (sky130_fd_sc_hd__buf_2)
                                                         net597 (net)
                      0.405838    0.005318    3.589030 ^ fanout592/A (sky130_fd_sc_hd__buf_2)
     7    0.054723    0.423764    0.590920    4.179950 ^ fanout592/X (sky130_fd_sc_hd__buf_2)
                                                         net592 (net)
                      0.424024    0.006055    4.186006 ^ fanout591/A (sky130_fd_sc_hd__clkbuf_2)
     5    0.039529    0.338314    0.529725    4.715730 ^ fanout591/X (sky130_fd_sc_hd__clkbuf_2)
                                                         net591 (net)
                      0.338320    0.002022    4.717752 ^ fanout588/A (sky130_fd_sc_hd__buf_2)
    10    0.043858    0.344208    0.510163    5.227916 ^ fanout588/X (sky130_fd_sc_hd__buf_2)
                                                         net588 (net)
                      0.344222    0.002594    5.230510 ^ _10922_/A (sky130_fd_sc_hd__and3_1)
     4    0.011020    0.198080    0.480025    5.710536 ^ _10922_/X (sky130_fd_sc_hd__and3_1)
                                                         _03570_ (net)
                      0.198080    0.000186    5.710721 ^ _10925_/A_N (sky130_fd_sc_hd__and4b_1)
     3    0.009105    0.126996    0.498027    6.208748 v _10925_/X (sky130_fd_sc_hd__and4b_1)
                                                         _03573_ (net)
                      0.126996    0.000150    6.208898 v _11082_/B1_N (sky130_fd_sc_hd__o21ba_2)
     5    0.028797    0.276070    0.662900    6.871798 ^ _11082_/X (sky130_fd_sc_hd__o21ba_2)
                                                         _03745_ (net)
                      0.276070    0.000831    6.872629 ^ fanout249/A (sky130_fd_sc_hd__clkbuf_4)
    10    0.048581    0.242633    0.467516    7.340145 ^ fanout249/X (sky130_fd_sc_hd__clkbuf_4)
                                                         net249 (net)
                      0.242633    0.000774    7.340919 ^ _11083_/B (sky130_fd_sc_hd__xor2_1)
     2    0.007950    0.329662    0.421614    7.762533 ^ _11083_/X (sky130_fd_sc_hd__xor2_1)
                                                         _03746_ (net)
                      0.329662    0.000218    7.762752 ^ _11085_/B (sky130_fd_sc_hd__xor2_1)
     2    0.010225    0.396309    0.494797    8.257548 ^ _11085_/X (sky130_fd_sc_hd__xor2_1)
                                                         _03748_ (net)
                      0.396309    0.000335    8.257883 ^ _11087_/B (sky130_fd_sc_hd__xor2_1)
     2    0.008251    0.338363    0.468448    8.726332 ^ _11087_/X (sky130_fd_sc_hd__xor2_1)
                                                         _03750_ (net)
                      0.338363    0.000231    8.726562 ^ _11088_/B (sky130_fd_sc_hd__xor2_1)
     3    0.012139    0.453225    0.539340    9.265903 ^ _11088_/X (sky130_fd_sc_hd__xor2_1)
                                                         _03752_ (net)
                      0.453225    0.000343    9.266246 ^ _11092_/A (sky130_fd_sc_hd__xor2_1)
     1    0.004832    0.240359    0.401408    9.667654 ^ _11092_/X (sky130_fd_sc_hd__xor2_1)
                                                         _03756_ (net)
                      0.240359    0.000099    9.667752 ^ _11093_/B (sky130_fd_sc_hd__xnor2_1)
     2    0.007851    0.348702    0.316377    9.984129 ^ _11093_/Y (sky130_fd_sc_hd__xnor2_1)
                                                         _03757_ (net)
                      0.348702    0.000203    9.984333 ^ _11095_/B (sky130_fd_sc_hd__xnor2_1)
     2    0.007911    0.350482    0.351903   10.336236 ^ _11095_/Y (sky130_fd_sc_hd__xnor2_1)
                                                         _03759_ (net)
                      0.350482    0.000306   10.336542 ^ _11097_/B (sky130_fd_sc_hd__xnor2_1)
     2    0.008445    0.173138    0.286851   10.623393 v _11097_/Y (sky130_fd_sc_hd__xnor2_1)
                                                         _03761_ (net)
                      0.173138    0.000130   10.623523 v _11185_/A (sky130_fd_sc_hd__xnor2_1)
     2    0.012340    0.496061    0.523558   11.147081 ^ _11185_/Y (sky130_fd_sc_hd__xnor2_1)
                                                         _03858_ (net)
                      0.496061    0.000549   11.147630 ^ _11188_/A (sky130_fd_sc_hd__xor2_1)
     2    0.008142    0.335641    0.487232   11.634861 ^ _11188_/X (sky130_fd_sc_hd__xor2_1)
                                                         _03862_ (net)
                      0.335641    0.000206   11.635067 ^ _11325_/A2 (sky130_fd_sc_hd__a21oi_1)
     2    0.008136    0.187265    0.292758   11.927825 v _11325_/Y (sky130_fd_sc_hd__a21oi_1)
                                                         _04011_ (net)
                      0.187265    0.000211   11.928037 v _11327_/B (sky130_fd_sc_hd__xor2_1)
     2    0.007627    0.193976    0.348597   12.276633 v _11327_/X (sky130_fd_sc_hd__xor2_1)
                                                         _04013_ (net)
                      0.193976    0.000162   12.276795 v _11328_/B (sky130_fd_sc_hd__and2_1)
     2    0.004509    0.082842    0.391680   12.668474 v _11328_/X (sky130_fd_sc_hd__and2_1)
                                                         _04015_ (net)
                      0.082842    0.000100   12.668575 v _11462_/B (sky130_fd_sc_hd__or3_2)
     3    0.017278    0.251874    1.204025   13.872601 v _11462_/X (sky130_fd_sc_hd__or3_2)
                                                         _04161_ (net)
                      0.251874    0.000825   13.873425 v _11589_/C_N (sky130_fd_sc_hd__nor3b_1)
     2    0.009055    0.162733    0.413836   14.287262 v _11589_/Y (sky130_fd_sc_hd__nor3b_1)
                                                         _04299_ (net)
                      0.162733    0.000319   14.287580 v _11591_/D_N (sky130_fd_sc_hd__or4bb_4)
     2    0.012193    0.087370    0.463134   14.750714 ^ _11591_/X (sky130_fd_sc_hd__or4bb_4)
                                                         _04301_ (net)
                      0.087370    0.000311   14.751025 ^ _11593_/A1 (sky130_fd_sc_hd__a31oi_4)
     4    0.036065    0.305385    0.299623   15.050648 v _11593_/Y (sky130_fd_sc_hd__a31oi_4)
                                                         _04303_ (net)
                      0.305456    0.003716   15.054363 v _11813_/A3 (sky130_fd_sc_hd__o311a_4)
     3    0.014951    0.113196    0.678829   15.733193 v _11813_/X (sky130_fd_sc_hd__o311a_4)
                                                         _04543_ (net)
                      0.113196    0.000499   15.733692 v _11886_/A2 (sky130_fd_sc_hd__o31a_1)
     1    0.008868    0.137367    0.598744   16.332436 v _11886_/X (sky130_fd_sc_hd__o31a_1)
                                                         _04621_ (net)
                      0.137367    0.000314   16.332750 v _11922_/A (sky130_fd_sc_hd__xnor2_1)
     1    0.002468    0.086469    0.240268   16.573019 v _11922_/Y (sky130_fd_sc_hd__xnor2_1)
                                                         _00019_ (net)
                      0.086469    0.000069   16.573088 v _13684_/D (sky130_fd_sc_hd__dfrtp_1)
                                             16.573088   data arrival time

                                 15.000000   15.000000   clock clk (rise edge)
                                  0.000000   15.000000   clock source latency
     1    0.050594    0.363095    0.258083   15.258083 ^ clk (in)
                                                         clk (net)
                      0.363560    0.000000   15.258083 ^ clkbuf_0_clk/A (sky130_fd_sc_hd__clkbuf_16)
     8    0.161004    0.263137    0.506523   15.764606 ^ clkbuf_0_clk/X (sky130_fd_sc_hd__clkbuf_16)
                                                         clknet_0_clk (net)
                      0.263436    0.007926   15.772532 ^ clkbuf_3_0__f_clk/A (sky130_fd_sc_hd__clkbuf_16)
     9    0.060542    0.122080    0.357872   16.130404 ^ clkbuf_3_0__f_clk/X (sky130_fd_sc_hd__clkbuf_16)
                                                         clknet_3_0__leaf_clk (net)
                      0.122424    0.005485   16.135889 ^ _13684_/CLK (sky130_fd_sc_hd__dfrtp_1)
                                 -0.250000   15.885890   clock uncertainty
                                  0.000000   15.885890   clock reconvergence pessimism
                                 -0.269456   15.616435   library setup time
                                             15.616435   data required time
---------------------------------------------------------------------------------------------
                                             15.616435   data required time
                                            -16.573088   data arrival time
---------------------------------------------------------------------------------------------
                                             -0.956653   slack (VIOLATED)




===========================================================================
report_checks --slack_max -0.01
============================================================================
======================= nom_ss_100C_1v60 Corner ===================================

Startpoint: x1[0] (input port clocked by clk)
Endpoint: _13684_ (rising edge-triggered flip-flop clocked by clk)
Path Group: clk
Path Type: max

Fanout         Cap        Slew       Delay        Time   Description
---------------------------------------------------------------------------------------------
                                  0.000000    0.000000   clock clk (rise edge)
                                  0.000000    0.000000   clock network delay (propagated)
                                  3.000000    3.000000 ^ input external delay
     1    0.003438    0.036502    0.019165    3.019165 ^ x1[0] (in)
                                                         x1[0] (net)
                      0.036502    0.000000    3.019165 ^ input138/A (sky130_fd_sc_hd__clkbuf_1)
     1    0.002401    0.065731    0.129865    3.149030 ^ input138/X (sky130_fd_sc_hd__clkbuf_1)
                                                         net138 (net)
                      0.065731    0.000068    3.149099 ^ fanout597/A (sky130_fd_sc_hd__buf_2)
     5    0.052200    0.405738    0.434613    3.583712 ^ fanout597/X (sky130_fd_sc_hd__buf_2)
                                                         net597 (net)
                      0.405838    0.005318    3.589030 ^ fanout592/A (sky130_fd_sc_hd__buf_2)
     7    0.054723    0.423764    0.590920    4.179950 ^ fanout592/X (sky130_fd_sc_hd__buf_2)
                                                         net592 (net)
                      0.424024    0.006055    4.186006 ^ fanout591/A (sky130_fd_sc_hd__clkbuf_2)
     5    0.039529    0.338314    0.529725    4.715730 ^ fanout591/X (sky130_fd_sc_hd__clkbuf_2)
                                                         net591 (net)
                      0.338320    0.002022    4.717752 ^ fanout588/A (sky130_fd_sc_hd__buf_2)
    10    0.043858    0.344208    0.510163    5.227916 ^ fanout588/X (sky130_fd_sc_hd__buf_2)
                                                         net588 (net)
                      0.344222    0.002594    5.230510 ^ _10922_/A (sky130_fd_sc_hd__and3_1)
     4    0.011020    0.198080    0.480025    5.710536 ^ _10922_/X (sky130_fd_sc_hd__and3_1)
                                                         _03570_ (net)
                      0.198080    0.000186    5.710721 ^ _10925_/A_N (sky130_fd_sc_hd__and4b_1)
     3    0.009105    0.126996    0.498027    6.208748 v _10925_/X (sky130_fd_sc_hd__and4b_1)
                                                         _03573_ (net)
                      0.126996    0.000150    6.208898 v _11082_/B1_N (sky130_fd_sc_hd__o21ba_2)
     5    0.028797    0.276070    0.662900    6.871798 ^ _11082_/X (sky130_fd_sc_hd__o21ba_2)
                                                         _03745_ (net)
                      0.276070    0.000831    6.872629 ^ fanout249/A (sky130_fd_sc_hd__clkbuf_4)
    10    0.048581    0.242633    0.467516    7.340145 ^ fanout249/X (sky130_fd_sc_hd__clkbuf_4)
                                                         net249 (net)
                      0.242633    0.000774    7.340919 ^ _11083_/B (sky130_fd_sc_hd__xor2_1)
     2    0.007950    0.329662    0.421614    7.762533 ^ _11083_/X (sky130_fd_sc_hd__xor2_1)
                                                         _03746_ (net)
                      0.329662    0.000218    7.762752 ^ _11085_/B (sky130_fd_sc_hd__xor2_1)
     2    0.010225    0.396309    0.494797    8.257548 ^ _11085_/X (sky130_fd_sc_hd__xor2_1)
                                                         _03748_ (net)
                      0.396309    0.000335    8.257883 ^ _11087_/B (sky130_fd_sc_hd__xor2_1)
     2    0.008251    0.338363    0.468448    8.726332 ^ _11087_/X (sky130_fd_sc_hd__xor2_1)
                                                         _03750_ (net)
                      0.338363    0.000231    8.726562 ^ _11088_/B (sky130_fd_sc_hd__xor2_1)
     3    0.012139    0.453225    0.539340    9.265903 ^ _11088_/X (sky130_fd_sc_hd__xor2_1)
                                                         _03752_ (net)
                      0.453225    0.000343    9.266246 ^ _11092_/A (sky130_fd_sc_hd__xor2_1)
     1    0.004832    0.240359    0.401408    9.667654 ^ _11092_/X (sky130_fd_sc_hd__xor2_1)
                                                         _03756_ (net)
                      0.240359    0.000099    9.667752 ^ _11093_/B (sky130_fd_sc_hd__xnor2_1)
     2    0.007851    0.348702    0.316377    9.984129 ^ _11093_/Y (sky130_fd_sc_hd__xnor2_1)
                                                         _03757_ (net)
                      0.348702    0.000203    9.984333 ^ _11095_/B (sky130_fd_sc_hd__xnor2_1)
     2    0.007911    0.350482    0.351903   10.336236 ^ _11095_/Y (sky130_fd_sc_hd__xnor2_1)
                                                         _03759_ (net)
                      0.350482    0.000306   10.336542 ^ _11097_/B (sky130_fd_sc_hd__xnor2_1)
     2    0.008445    0.173138    0.286851   10.623393 v _11097_/Y (sky130_fd_sc_hd__xnor2_1)
                                                         _03761_ (net)
                      0.173138    0.000130   10.623523 v _11185_/A (sky130_fd_sc_hd__xnor2_1)
     2    0.012340    0.496061    0.523558   11.147081 ^ _11185_/Y (sky130_fd_sc_hd__xnor2_1)
                                                         _03858_ (net)
                      0.496061    0.000549   11.147630 ^ _11188_/A (sky130_fd_sc_hd__xor2_1)
     2    0.008142    0.335641    0.487232   11.634861 ^ _11188_/X (sky130_fd_sc_hd__xor2_1)
                                                         _03862_ (net)
                      0.335641    0.000206   11.635067 ^ _11325_/A2 (sky130_fd_sc_hd__a21oi_1)
     2    0.008136    0.187265    0.292758   11.927825 v _11325_/Y (sky130_fd_sc_hd__a21oi_1)
                                                         _04011_ (net)
                      0.187265    0.000211   11.928037 v _11327_/B (sky130_fd_sc_hd__xor2_1)
     2    0.007627    0.193976    0.348597   12.276633 v _11327_/X (sky130_fd_sc_hd__xor2_1)
                                                         _04013_ (net)
                      0.193976    0.000162   12.276795 v _11328_/B (sky130_fd_sc_hd__and2_1)
     2    0.004509    0.082842    0.391680   12.668474 v _11328_/X (sky130_fd_sc_hd__and2_1)
                                                         _04015_ (net)
                      0.082842    0.000100   12.668575 v _11462_/B (sky130_fd_sc_hd__or3_2)
     3    0.017278    0.251874    1.204025   13.872601 v _11462_/X (sky130_fd_sc_hd__or3_2)
                                                         _04161_ (net)
                      0.251874    0.000825   13.873425 v _11589_/C_N (sky130_fd_sc_hd__nor3b_1)
     2    0.009055    0.162733    0.413836   14.287262 v _11589_/Y (sky130_fd_sc_hd__nor3b_1)
                                                         _04299_ (net)
                      0.162733    0.000319   14.287580 v _11591_/D_N (sky130_fd_sc_hd__or4bb_4)
     2    0.012193    0.087370    0.463134   14.750714 ^ _11591_/X (sky130_fd_sc_hd__or4bb_4)
                                                         _04301_ (net)
                      0.087370    0.000311   14.751025 ^ _11593_/A1 (sky130_fd_sc_hd__a31oi_4)
     4    0.036065    0.305385    0.299623   15.050648 v _11593_/Y (sky130_fd_sc_hd__a31oi_4)
                                                         _04303_ (net)
                      0.305456    0.003716   15.054363 v _11813_/A3 (sky130_fd_sc_hd__o311a_4)
     3    0.014951    0.113196    0.678829   15.733193 v _11813_/X (sky130_fd_sc_hd__o311a_4)
                                                         _04543_ (net)
                      0.113196    0.000499   15.733692 v _11886_/A2 (sky130_fd_sc_hd__o31a_1)
     1    0.008868    0.137367    0.598744   16.332436 v _11886_/X (sky130_fd_sc_hd__o31a_1)
                                                         _04621_ (net)
                      0.137367    0.000314   16.332750 v _11922_/A (sky130_fd_sc_hd__xnor2_1)
     1    0.002468    0.086469    0.240268   16.573019 v _11922_/Y (sky130_fd_sc_hd__xnor2_1)
                                                         _00019_ (net)
                      0.086469    0.000069   16.573088 v _13684_/D (sky130_fd_sc_hd__dfrtp_1)
                                             16.573088   data arrival time

                                 15.000000   15.000000   clock clk (rise edge)
                                  0.000000   15.000000   clock source latency
     1    0.050594    0.363095    0.258083   15.258083 ^ clk (in)
                                                         clk (net)
                      0.363560    0.000000   15.258083 ^ clkbuf_0_clk/A (sky130_fd_sc_hd__clkbuf_16)
     8    0.161004    0.263137    0.506523   15.764606 ^ clkbuf_0_clk/X (sky130_fd_sc_hd__clkbuf_16)
                                                         clknet_0_clk (net)
                      0.263436    0.007926   15.772532 ^ clkbuf_3_0__f_clk/A (sky130_fd_sc_hd__clkbuf_16)
     9    0.060542    0.122080    0.357872   16.130404 ^ clkbuf_3_0__f_clk/X (sky130_fd_sc_hd__clkbuf_16)
                                                         clknet_3_0__leaf_clk (net)
                      0.122424    0.005485   16.135889 ^ _13684_/CLK (sky130_fd_sc_hd__dfrtp_1)
                                 -0.250000   15.885890   clock uncertainty
                                  0.000000   15.885890   clock reconvergence pessimism
                                 -0.269456   15.616435   library setup time
                                             15.616435   data required time
---------------------------------------------------------------------------------------------
                                             15.616435   data required time
                                            -16.573088   data arrival time
---------------------------------------------------------------------------------------------
                                             -0.956653   slack (VIOLATED)




===========================================================================
 report_check_types -max_slew -max_cap -max_fanout -violators
============================================================================
======================= nom_ss_100C_1v60 Corner ===================================

max slew

Pin                                        Limit        Slew       Slack
------------------------------------------------------------------------
_08754_/Y                               0.750000    0.817439   -0.067439 (VIOLATED)
_08761_/B1                              0.750000    0.817439   -0.067439 (VIOLATED)
_08764_/A1                              0.750000    0.817439   -0.067439 (VIOLATED)
max_cap238/A                            0.750000    0.817439   -0.067439 (VIOLATED)
_12741_/Y                               0.750000    0.788004   -0.038004 (VIOLATED)
_12743_/B1                              0.750000    0.788004   -0.038004 (VIOLATED)
_12744_/A1                              0.750000    0.788004   -0.038004 (VIOLATED)
_12287_/Y                               0.750000    0.784798   -0.034798 (VIOLATED)
_12291_/A1                              0.750000    0.784798   -0.034798 (VIOLATED)
max_cap232/A                            0.750000    0.784798   -0.034798 (VIOLATED)
_08282_/Y                               0.750000    0.769677   -0.019677 (VIOLATED)
_08387_/A2                              0.750000    0.769677   -0.019677 (VIOLATED)
_08389_/C                               0.750000    0.769677   -0.019677 (VIOLATED)
max_cap253/A                            0.750000    0.769677   -0.019677 (VIOLATED)

max fanout

Pin                                   Limit Fanout  Slack
---------------------------------------------------------
fanout261/X                              10     11        (VIOLATED)
fanout333/X                              10     11        (VIOLATED)
fanout448/X                              10     11        (VIOLATED)
fanout552/X                              10     11        (VIOLATED)



===========================================================================
report_parasitic_annotation -report_unannotated
============================================================================
Found 4 unannotated drivers.
 clkload0/X
 clkload1/Y
 clkload2/Y
 clkload3/X
Found 0 partially unannotated drivers.

===========================================================================
max slew violation count 14
max fanout violation count 4
max cap violation count 0
============================================================================

===========================================================================
check_setup -verbose -unconstrained_endpoints -multiple_clock -no_clock -no_input_delay -loops -generated_clocks
===========================================================================
