Clock: clk
Sources: clk 
Generated: no
Virtual: yes
Propagated: no
Period: 15.000000

===========================================================================
report_clock_properties
============================================================================
Clock                   Period          Waveform
----------------------------------------------------
clk                  15.000000    0.000000  7.500000

===========================================================================
report_clock_latency
============================================================================
Clock clk
rise -> rise
    min     max
0.000000 0.000000 source latency
1.096113         network latency _13642_/CLK
        1.143297 network latency _13667_/CLK
---------------
1.096113 1.143297 latency
        0.047184 skew

fall -> fall
    min     max
0.000000 0.000000 source latency
0.928788         network latency _13642_/CLK
        0.965656 network latency _13667_/CLK
---------------
0.928788 0.965656 latency
        0.036868 skew



===========================================================================
report_clock_min_period
============================================================================
clk period_min = 0.00 fmax = inf
