┏━━━━━━━┳━━━━━━━━━┳━━━━━━━━━━┳━━━━━━━━━┳━━━━━━━━━━━━━┳━━━━━━━┓
┃ P / R ┃ Partial ┃ Required ┃ Net     ┃ Pin         ┃ Layer ┃
┡━━━━━━━╇━━━━━━━━━╇━━━━━━━━━━╇━━━━━━━━━╇━━━━━━━━━━━━━╇━━━━━━━┩
│ 2.27  │ 909.74  │ 400.00   │ net486  │ fanout483/A │ met3  │
│ 2.13  │ 853.36  │ 400.00   │ net261  │ _07439_/B   │ met1  │
│ 1.57  │ 627.46  │ 400.00   │ net146  │ fanout531/A │ met3  │
│ 1.49  │ 594.08  │ 400.00   │ net491  │ fanout489/A │ met2  │
│ 1.42  │ 567.52  │ 400.00   │ net448  │ _09587_/A   │ met1  │
│ 1.37  │ 546.91  │ 400.00   │ net32   │ fanout382/A │ met1  │
│ 1.29  │ 517.78  │ 400.00   │ net552  │ _07821_/B   │ met1  │
│ 1.11  │ 444.63  │ 400.00   │ net92   │ fanout280/A │ met1  │
│ 1.11  │ 443.30  │ 400.00   │ _01355_ │ fanout264/A │ met1  │
│ 1.10  │ 441.15  │ 400.00   │ net525  │ fanout523/A │ met1  │
│ 1.10  │ 440.09  │ 400.00   │ net113  │ _07532_/C   │ met1  │
│ 1.05  │ 419.97  │ 400.00   │ net88   │ fanout289/A │ met1  │
└───────┴─────────┴──────────┴─────────┴─────────────┴───────┘
