Reading OpenROAD database at '/mnt/c/Users/vanis/Desktop/HW4AI_Course/HW4AI_Course/codefest/cf07/hdl/runs/RUN_2026-05-18_05-30-55/24-openroad-ioplacement/synth_top.odb'…
Reading library file at '/home/vanisri/.volare/volare/sky130/versions/0fe599b2afb6708d281543108caf8310912f54af/sky130A/libs.ref/sky130_fd_sc_hd/lib/sky130_fd_sc_hd__tt_025C_1v80.lib'…
Reading design constraints file at '/nix/store/ss2cw3sxbrwwx9jl0rrppbw4kgcmgi2n-python3-3.11.9-env/lib/python3.11/site-packages/openlane/scripts/base.sdc'…
[INFO] Using clock clk…
[INFO] Setting output delay to: 3
[INFO] Setting input delay to: 3
[INFO] Setting load to: 0.033442
[INFO] Setting clock uncertainty to: 0.25
[INFO] Setting clock transition to: 0.1499999999999999944488848768742172978818416595458984375
[INFO] Setting timing derate to: 5%
[INFO] Setting RC values…
[INFO] Setting signal min routing layer to: met1 and clock min routing layer to met1. 
[INFO] Setting signal max routing layer to: met5 and clock max routing layer to met5. 
+ global_placement -density 0.6217090000000001 -timing_driven -routability_driven -pad_right 0 -pad_left 0 -init_wirelength_coef 0.25
[INFO GPL-0002] DBU: 1000
[INFO GPL-0003] SiteSize: (  0.460  2.720 ) um
[INFO GPL-0004] CoreBBox: (  5.520 10.880 ) ( 385.940 388.960 ) um
[INFO GPL-0006] NumInstances:              9207
[INFO GPL-0007] NumPlaceInstances:         6885
[INFO GPL-0008] NumFixedInstances:         2322
[INFO GPL-0009] NumDummyInstances:            0
[INFO GPL-0010] NumNets:                   7047
[INFO GPL-0011] NumPins:                  24904
[INFO GPL-0012] DieBBox:  (  0.000  0.000 ) ( 391.775 402.495 ) um
[INFO GPL-0013] CoreBBox: (  5.520 10.880 ) ( 385.940 388.960 ) um
[INFO GPL-0016] CoreArea:            143829.194 um^2
[INFO GPL-0017] NonPlaceInstsArea:     3600.954 um^2
[INFO GPL-0018] PlaceInstsArea:       72479.514 um^2
[INFO GPL-0019] Util:                    51.687 %
[INFO GPL-0020] StdInstsArea:         72479.514 um^2
[INFO GPL-0021] MacroInstsArea:           0.000 um^2
[InitialPlace]  Iter: 1 CG residual: 0.00026126 HPWL: 174590700
[InitialPlace]  Iter: 2 CG residual: 0.00018631 HPWL: 117266019
[InitialPlace]  Iter: 3 CG residual: 0.00030234 HPWL: 116944934
[InitialPlace]  Iter: 4 CG residual: 0.00012112 HPWL: 116056491
[InitialPlace]  Iter: 5 CG residual: 0.00019695 HPWL: 115095775
[InitialPlace]  Iter: 6 CG residual: 0.00020593 HPWL: 114296778
[InitialPlace]  Iter: 7 CG residual: 0.00016231 HPWL: 113237878
[InitialPlace]  Iter: 8 CG residual: 0.00018583 HPWL: 112492575
[InitialPlace]  Iter: 9 CG residual: 0.00013858 HPWL: 111959203
[InitialPlace]  Iter: 10 CG residual: 0.00018003 HPWL: 111809428
[InitialPlace]  Iter: 11 CG residual: 0.00009159 HPWL: 111600360
[InitialPlace]  Iter: 12 CG residual: 0.00014466 HPWL: 111524103
[InitialPlace]  Iter: 13 CG residual: 0.00003178 HPWL: 111382695
[InitialPlace]  Iter: 14 CG residual: 0.00010680 HPWL: 111404708
[InitialPlace]  Iter: 15 CG residual: 0.00003872 HPWL: 111319286
[InitialPlace]  Iter: 16 CG residual: 0.00011102 HPWL: 111345488
[InitialPlace]  Iter: 17 CG residual: 0.00003325 HPWL: 111263378
[InitialPlace]  Iter: 18 CG residual: 0.00009412 HPWL: 111313872
[InitialPlace]  Iter: 19 CG residual: 0.00001601 HPWL: 111216532
[InitialPlace]  Iter: 20 CG residual: 0.00011837 HPWL: 111286955
[INFO GPL-0031] FillerInit:NumGCells:      8302
[INFO GPL-0032] FillerInit:NumGNets:       7047
[INFO GPL-0033] FillerInit:NumGPins:      24904
[INFO GPL-0023] TargetDensity:            0.622
[INFO GPL-0024] AvrgPlaceInstArea:       10.527 um^2
[INFO GPL-0025] IdealBinArea:            16.933 um^2
[INFO GPL-0026] IdealBinCnt:               8494
[INFO GPL-0027] TotalBinArea:        143829.194 um^2
[INFO GPL-0028] BinCnt:        64     64
[INFO GPL-0029] BinSize: (  5.945  5.908 )
[INFO GPL-0030] NumBins: 4096
[NesterovSolve] Iter:    1 overflow: 0.945 HPWL: 68556626
[NesterovSolve] Iter:   10 overflow: 0.859 HPWL: 90648267
[NesterovSolve] Iter:   20 overflow: 0.803 HPWL: 98186854
[INFO GPL-0100] Timing-driven: executing resizer for reweighting nets.
[INFO GPL-0101] Timing-driven: worst slack 5.76e-09
[INFO GPL-0103] Timing-driven: weighted 704 nets.
[NesterovSolve] Iter:   30 overflow: 0.773 HPWL: 98990517
[NesterovSolve] Iter:   40 overflow: 0.766 HPWL: 97382630
[NesterovSolve] Iter:   50 overflow: 0.772 HPWL: 97091033
[NesterovSolve] Iter:   60 overflow: 0.778 HPWL: 96748905
[NesterovSolve] Iter:   70 overflow: 0.784 HPWL: 95948168
[NesterovSolve] Iter:   80 overflow: 0.789 HPWL: 94987551
[NesterovSolve] Iter:   90 overflow: 0.790 HPWL: 94353198
[NesterovSolve] Iter:  100 overflow: 0.788 HPWL: 94411196
[NesterovSolve] Iter:  110 overflow: 0.783 HPWL: 94953841
[NesterovSolve] Iter:  120 overflow: 0.777 HPWL: 95519262
[NesterovSolve] Iter:  130 overflow: 0.774 HPWL: 95934539
[NesterovSolve] Iter:  140 overflow: 0.770 HPWL: 96318110
[NesterovSolve] Iter:  150 overflow: 0.766 HPWL: 96763612
[NesterovSolve] Iter:  160 overflow: 0.760 HPWL: 97333973
[NesterovSolve] Iter:  170 overflow: 0.752 HPWL: 98187285
[NesterovSolve] Iter:  180 overflow: 0.736 HPWL: 99516131
[NesterovSolve] Iter:  190 overflow: 0.711 HPWL: 101370421
[NesterovSolve] Iter:  200 overflow: 0.678 HPWL: 103486098
[NesterovSolve] Iter:  210 overflow: 0.638 HPWL: 105673471
[INFO GPL-0100] Timing-driven: executing resizer for reweighting nets.
[INFO GPL-0101] Timing-driven: worst slack 5.49e-09
[INFO GPL-0103] Timing-driven: weighted 703 nets.
[NesterovSolve] Iter:  220 overflow: 0.604 HPWL: 107665172
[NesterovSolve] Snapshot saved at iter = 221
[NesterovSolve] Iter:  230 overflow: 0.581 HPWL: 108269522
[NesterovSolve] Iter:  240 overflow: 0.554 HPWL: 109152669
[NesterovSolve] Iter:  250 overflow: 0.517 HPWL: 110951720
[INFO GPL-0100] Timing-driven: executing resizer for reweighting nets.
[INFO GPL-0101] Timing-driven: worst slack 5.68e-09
[INFO GPL-0103] Timing-driven: weighted 702 nets.
[NesterovSolve] Iter:  260 overflow: 0.468 HPWL: 112762558
[NesterovSolve] Iter:  270 overflow: 0.416 HPWL: 114919485
[NesterovSolve] Iter:  280 overflow: 0.376 HPWL: 116948833
[NesterovSolve] Iter:  290 overflow: 0.340 HPWL: 117544344
[NesterovSolve] Iter:  300 overflow: 0.311 HPWL: 118009945
[INFO GPL-0075] Routability numCall: 1 inflationIterCnt: 1 bloatIterCnt: 0
[INFO GPL-0036] TileBBox: (    0    0 ) ( 6900 6900 ) DBU
[INFO GPL-0038] TileCnt:      56   58
[INFO GPL-0040] NumTiles: 3248
[INFO GPL-0081] TotalRouteOverflow: 0
[INFO GPL-0082] OverflowTileCnt: 0
[INFO GPL-0083] 0.5%RC: 0.8449240572312299
[INFO GPL-0084] 1.0%RC: 0.8221099539236589
[INFO GPL-0085] 2.0%RC: 0.7964153500703665
[INFO GPL-0086] 5.0%RC: 0.7590938517652406
[INFO GPL-0087] FinalRC: 0.833517
[INFO GPL-0077] FinalRC lower than targetRC(1.01), routability not needed.
[NesterovSolve] Iter:  310 overflow: 0.285 HPWL: 118850379
[INFO GPL-0100] Timing-driven: executing resizer for reweighting nets.
[INFO GPL-0101] Timing-driven: worst slack 5.8e-09
[INFO GPL-0103] Timing-driven: weighted 704 nets.
[NesterovSolve] Iter:  320 overflow: 0.258 HPWL: 119450200
[NesterovSolve] Iter:  330 overflow: 0.234 HPWL: 119581092
[NesterovSolve] Iter:  340 overflow: 0.215 HPWL: 119760996
[INFO GPL-0100] Timing-driven: executing resizer for reweighting nets.
[INFO GPL-0101] Timing-driven: worst slack 5.7e-09
[INFO GPL-0103] Timing-driven: weighted 704 nets.
[NesterovSolve] Iter:  350 overflow: 0.197 HPWL: 119858578
[NesterovSolve] Iter:  360 overflow: 0.179 HPWL: 120016625
[NesterovSolve] Iter:  370 overflow: 0.160 HPWL: 120117336
[INFO GPL-0100] Timing-driven: executing resizer for reweighting nets.
[INFO GPL-0101] Timing-driven: worst slack 5.88e-09
[INFO GPL-0103] Timing-driven: weighted 704 nets.
[NesterovSolve] Iter:  380 overflow: 0.142 HPWL: 120194683
[NesterovSolve] Iter:  390 overflow: 0.126 HPWL: 120291363
[NesterovSolve] Iter:  400 overflow: 0.109 HPWL: 120467527
[NesterovSolve] Finished with Overflow: 0.099617
[INFO] Setting RC values…
Setting global connections for newly added cells…
[INFO] Setting global connections...
Updating metrics…
Cell type report:                       Count       Area
  Fill cell                               278    1043.50
  Tap cell                               2044    2557.45
  Inverter                                 87     326.56
  Sequential cell                          68    1786.71
  Multi-Input combinational cell         6730   70366.24
  Total                                  9207   76080.47
Writing OpenROAD database to '/mnt/c/Users/vanis/Desktop/HW4AI_Course/HW4AI_Course/codefest/cf07/hdl/runs/RUN_2026-05-18_05-30-55/27-openroad-globalplacement/synth_top.odb'…
Writing netlist to '/mnt/c/Users/vanis/Desktop/HW4AI_Course/HW4AI_Course/codefest/cf07/hdl/runs/RUN_2026-05-18_05-30-55/27-openroad-globalplacement/synth_top.nl.v'…
Writing powered netlist to '/mnt/c/Users/vanis/Desktop/HW4AI_Course/HW4AI_Course/codefest/cf07/hdl/runs/RUN_2026-05-18_05-30-55/27-openroad-globalplacement/synth_top.pnl.v'…
Writing layout to '/mnt/c/Users/vanis/Desktop/HW4AI_Course/HW4AI_Course/codefest/cf07/hdl/runs/RUN_2026-05-18_05-30-55/27-openroad-globalplacement/synth_top.def'…
Writing timing constraints to '/mnt/c/Users/vanis/Desktop/HW4AI_Course/HW4AI_Course/codefest/cf07/hdl/runs/RUN_2026-05-18_05-30-55/27-openroad-globalplacement/synth_top.sdc'…
