
===========================================================================
report_checks -unconstrained
===========================================================================
======================= nom_tt_025C_1v80 Corner ===================================

Startpoint: rst_n (input port clocked by clk)
Endpoint: _13685_ (recovery check against rising-edge clock clk)
Path Group: asynchronous
Path Type: max

Fanout         Cap        Slew       Delay        Time   Description
---------------------------------------------------------------------------------------------
                                  0.000000    0.000000   clock clk (rise edge)
                                  0.000000    0.000000   clock network delay (propagated)
                                  3.000000    3.000000 ^ input external delay
     1    0.002622    0.018973    0.009674    3.009674 ^ rst_n (in)
                                                         rst_n (net)
                      0.018973    0.000000    3.009674 ^ input1/A (sky130_fd_sc_hd__buf_2)
     2    0.028245    0.142164    0.167757    3.177431 ^ input1/X (sky130_fd_sc_hd__buf_2)
                                                         net1 (net)
                      0.142164    0.000096    3.177527 ^ fanout715/A (sky130_fd_sc_hd__buf_4)
     9    0.056926    0.161075    0.232335    3.409862 ^ fanout715/X (sky130_fd_sc_hd__buf_4)
                                                         net715 (net)
                      0.161080    0.001152    3.411014 ^ fanout714/A (sky130_fd_sc_hd__clkbuf_4)
     8    0.045860    0.145243    0.250233    3.661247 ^ fanout714/X (sky130_fd_sc_hd__clkbuf_4)
                                                         net714 (net)
                      0.145273    0.002120    3.663366 ^ fanout713/A (sky130_fd_sc_hd__clkbuf_4)
    10    0.045739    0.144614    0.245411    3.908777 ^ fanout713/X (sky130_fd_sc_hd__clkbuf_4)
                                                         net713 (net)
                      0.144616    0.000788    3.909565 ^ _13685_/RESET_B (sky130_fd_sc_hd__dfrtp_1)
                                              3.909565   data arrival time

                                 15.000000   15.000000   clock clk (rise edge)
                                  0.000000   15.000000   clock source latency
     1    0.033907    0.157933    0.110607   15.110606 ^ clk (in)
                                                         clk (net)
                      0.158022    0.000000   15.110606 ^ clkbuf_0_clk/A (sky130_fd_sc_hd__clkbuf_16)
     8    0.111732    0.125451    0.232980   15.343586 ^ clkbuf_0_clk/X (sky130_fd_sc_hd__clkbuf_16)
                                                         clknet_0_clk (net)
                      0.125477    0.001881   15.345468 ^ clkbuf_3_3__f_clk/A (sky130_fd_sc_hd__clkbuf_16)
    10    0.028462    0.049875    0.162652   15.508120 ^ clkbuf_3_3__f_clk/X (sky130_fd_sc_hd__clkbuf_16)
                                                         clknet_3_3__leaf_clk (net)
                      0.049876    0.000455   15.508574 ^ _13685_/CLK (sky130_fd_sc_hd__dfrtp_1)
                                 -0.250000   15.258575   clock uncertainty
                                  0.000000   15.258575   clock reconvergence pessimism
                                  0.206057   15.464633   library recovery time
                                             15.464633   data required time
---------------------------------------------------------------------------------------------
                                             15.464633   data required time
                                             -3.909565   data arrival time
---------------------------------------------------------------------------------------------
                                             11.555068   slack (MET)


Startpoint: x0[1] (input port clocked by clk)
Endpoint: _13650_ (rising edge-triggered flip-flop clocked by clk)
Path Group: clk
Path Type: max

Fanout         Cap        Slew       Delay        Time   Description
---------------------------------------------------------------------------------------------
                                  0.000000    0.000000   clock clk (rise edge)
                                  0.000000    0.000000   clock network delay (propagated)
                                  3.000000    3.000000 v input external delay
     1    0.003086    0.009295    0.004896    3.004896 v x0[1] (in)
                                                         x0[1] (net)
                      0.009295    0.000000    3.004896 v input131/A (sky130_fd_sc_hd__buf_4)
     1    0.013755    0.037082    0.128879    3.133775 v input131/X (sky130_fd_sc_hd__buf_4)
                                                         net131 (net)
                      0.037088    0.000489    3.134264 v fanout649/A (sky130_fd_sc_hd__buf_8)
     6    0.035352    0.040574    0.131028    3.265292 v fanout649/X (sky130_fd_sc_hd__buf_8)
                                                         net649 (net)
                      0.040615    0.001207    3.266499 v fanout648/A (sky130_fd_sc_hd__buf_12)
     8    0.047743    0.042473    0.138507    3.405006 v fanout648/X (sky130_fd_sc_hd__buf_12)
                                                         net648 (net)
                      0.042473    0.000158    3.405164 v fanout647/A (sky130_fd_sc_hd__buf_8)
     6    0.027391    0.035152    0.127846    3.533010 v fanout647/X (sky130_fd_sc_hd__buf_8)
                                                         net647 (net)
                      0.035152    0.000021    3.533031 v fanout645/A (sky130_fd_sc_hd__buf_4)
    10    0.031088    0.055152    0.160546    3.693577 v fanout645/X (sky130_fd_sc_hd__buf_4)
                                                         net645 (net)
                      0.055152    0.000092    3.693670 v _11966_/A1 (sky130_fd_sc_hd__a22o_1)
     2    0.004722    0.050670    0.216446    3.910115 v _11966_/X (sky130_fd_sc_hd__a22o_1)
                                                         _04705_ (net)
                      0.050670    0.000010    3.910125 v _12114_/A3 (sky130_fd_sc_hd__a31o_1)
     2    0.004834    0.047329    0.222700    4.132825 v _12114_/X (sky130_fd_sc_hd__a31o_1)
                                                         _04867_ (net)
                      0.047329    0.000012    4.132837 v _12116_/B (sky130_fd_sc_hd__and3_1)
     3    0.007291    0.057751    0.182039    4.314877 v _12116_/X (sky130_fd_sc_hd__and3_1)
                                                         _04869_ (net)
                      0.057751    0.000027    4.314903 v _12119_/A (sky130_fd_sc_hd__or3_4)
     2    0.005525    0.067590    0.386183    4.701086 v _12119_/X (sky130_fd_sc_hd__or3_4)
                                                         _04873_ (net)
                      0.067590    0.000013    4.701099 v _12129_/A2 (sky130_fd_sc_hd__a21o_1)
     3    0.007607    0.054674    0.203383    4.904482 v _12129_/X (sky130_fd_sc_hd__a21o_1)
                                                         _04884_ (net)
                      0.054674    0.000020    4.904502 v _12131_/A2 (sky130_fd_sc_hd__a21bo_1)
     2    0.004309    0.042348    0.195826    5.100328 v _12131_/X (sky130_fd_sc_hd__a21bo_1)
                                                         _04886_ (net)
                      0.042348    0.000012    5.100340 v _12132_/B (sky130_fd_sc_hd__and3_1)
     4    0.011937    0.076998    0.199347    5.299687 v _12132_/X (sky130_fd_sc_hd__and3_1)
                                                         _04887_ (net)
                      0.076998    0.000018    5.299706 v _12136_/B (sky130_fd_sc_hd__or3_4)
     2    0.011791    0.077409    0.393315    5.693020 v _12136_/X (sky130_fd_sc_hd__or3_4)
                                                         _04891_ (net)
                      0.077409    0.000035    5.693055 v _12279_/A2 (sky130_fd_sc_hd__a211oi_4)
     5    0.016080    0.272670    0.319106    6.012161 ^ _12279_/Y (sky130_fd_sc_hd__a211oi_4)
                                                         _05048_ (net)
                      0.272670    0.000060    6.012221 ^ _12283_/A1 (sky130_fd_sc_hd__o21ai_1)
     2    0.007473    0.098064    0.148044    6.160265 v _12283_/Y (sky130_fd_sc_hd__o21ai_1)
                                                         _05052_ (net)
                      0.098064    0.000021    6.160286 v _12284_/C1 (sky130_fd_sc_hd__o211a_4)
     4    0.012955    0.049674    0.170806    6.331092 v _12284_/X (sky130_fd_sc_hd__o211a_4)
                                                         _05053_ (net)
                      0.049674    0.000056    6.331148 v _12288_/B (sky130_fd_sc_hd__or4_4)
     2    0.009360    0.094932    0.524232    6.855381 v _12288_/X (sky130_fd_sc_hd__or4_4)
                                                         _05058_ (net)
                      0.094932    0.000021    6.855402 v _12426_/A1 (sky130_fd_sc_hd__a211o_4)
     4    0.011261    0.059449    0.350561    7.205963 v _12426_/X (sky130_fd_sc_hd__a211o_4)
                                                         _05208_ (net)
                      0.059449    0.000038    7.206000 v _12429_/A2 (sky130_fd_sc_hd__a211o_1)
     2    0.008364    0.074906    0.323609    7.529609 v _12429_/X (sky130_fd_sc_hd__a211o_1)
                                                         _05212_ (net)
                      0.074906    0.000046    7.529655 v _12431_/A1 (sky130_fd_sc_hd__a211o_1)
     2    0.004432    0.057292    0.270820    7.800475 v _12431_/X (sky130_fd_sc_hd__a211o_1)
                                                         _05214_ (net)
                      0.057292    0.000006    7.800481 v _12433_/B2 (sky130_fd_sc_hd__a22o_1)
     2    0.007510    0.063309    0.222647    8.023129 v _12433_/X (sky130_fd_sc_hd__a22o_1)
                                                         _05216_ (net)
                      0.063309    0.000017    8.023145 v _12593_/A1 (sky130_fd_sc_hd__a21oi_2)
     3    0.010399    0.161217    0.176516    8.199660 ^ _12593_/Y (sky130_fd_sc_hd__a21oi_2)
                                                         _05391_ (net)
                      0.161217    0.000047    8.199708 ^ _12755_/A1 (sky130_fd_sc_hd__o21ba_4)
     3    0.007017    0.043813    0.168886    8.368594 ^ _12755_/X (sky130_fd_sc_hd__o21ba_4)
                                                         _05567_ (net)
                      0.043813    0.000044    8.368638 ^ _13305_/A_N (sky130_fd_sc_hd__and4bb_1)
     2    0.007189    0.059403    0.194394    8.563032 v _13305_/X (sky130_fd_sc_hd__and4bb_1)
                                                         _06168_ (net)
                      0.059403    0.000036    8.563068 v _13310_/A3 (sky130_fd_sc_hd__o31a_4)
     2    0.020945    0.072330    0.311430    8.874498 v _13310_/X (sky130_fd_sc_hd__o31a_4)
                                                         _06174_ (net)
                      0.072362    0.000701    8.875199 v _13525_/A3 (sky130_fd_sc_hd__o31ai_4)
     3    0.017006    0.277885    0.262645    9.137844 ^ _13525_/Y (sky130_fd_sc_hd__o31ai_4)
                                                         _06408_ (net)
                      0.277885    0.000395    9.138240 ^ _13597_/A3 (sky130_fd_sc_hd__o32a_1)
     1    0.005923    0.077079    0.205916    9.344156 ^ _13597_/X (sky130_fd_sc_hd__o32a_1)
                                                         _06485_ (net)
                      0.077079    0.000030    9.344186 ^ _13632_/A (sky130_fd_sc_hd__xnor2_1)
     1    0.002181    0.105735    0.109219    9.453405 ^ _13632_/Y (sky130_fd_sc_hd__xnor2_1)
                                                         _00033_ (net)
                      0.105735    0.000002    9.453407 ^ _13650_/D (sky130_fd_sc_hd__dfrtp_1)
                                              9.453407   data arrival time

                                 15.000000   15.000000   clock clk (rise edge)
                                  0.000000   15.000000   clock source latency
     1    0.033907    0.157933    0.110607   15.110606 ^ clk (in)
                                                         clk (net)
                      0.158022    0.000000   15.110606 ^ clkbuf_0_clk/A (sky130_fd_sc_hd__clkbuf_16)
     8    0.111732    0.125451    0.232980   15.343586 ^ clkbuf_0_clk/X (sky130_fd_sc_hd__clkbuf_16)
                                                         clknet_0_clk (net)
                      0.125615    0.002844   15.346431 ^ clkbuf_3_5__f_clk/A (sky130_fd_sc_hd__clkbuf_16)
     9    0.044311    0.063721    0.174341   15.520771 ^ clkbuf_3_5__f_clk/X (sky130_fd_sc_hd__clkbuf_16)
                                                         clknet_3_5__leaf_clk (net)
                      0.063723    0.000515   15.521286 ^ _13650_/CLK (sky130_fd_sc_hd__dfrtp_1)
                                 -0.250000   15.271287   clock uncertainty
                                  0.000000   15.271287   clock reconvergence pessimism
                                 -0.070980   15.200307   library setup time
                                             15.200307   data required time
---------------------------------------------------------------------------------------------
                                             15.200307   data required time
                                             -9.453407   data arrival time
---------------------------------------------------------------------------------------------
                                              5.746900   slack (MET)




===========================================================================
report_checks --slack_max -0.01
============================================================================
======================= nom_tt_025C_1v80 Corner ===================================

No paths found.


===========================================================================
 report_check_types -max_slew -max_cap -max_fanout -violators
============================================================================
======================= nom_tt_025C_1v80 Corner ===================================



===========================================================================
report_parasitic_annotation -report_unannotated
============================================================================
Found 4 unannotated drivers.
 clkload0/X
 clkload1/Y
 clkload2/Y
 clkload3/X
Found 0 partially unannotated drivers.

===========================================================================
max slew violation count 0
Writing metric design__max_slew_violation__count__corner:nom_tt_025C_1v80: 0
max fanout violation count 0
Writing metric design__max_fanout_violation__count__corner:nom_tt_025C_1v80: 0
max cap violation count 0
Writing metric design__max_cap_violation__count__corner:nom_tt_025C_1v80: 0
============================================================================

===========================================================================
check_setup -verbose -unconstrained_endpoints -multiple_clock -no_clock -no_input_delay -loops -generated_clocks
===========================================================================
