
===========================================================================
 report_power
============================================================================
======================= nom_tt_025C_1v80 Corner ===================================

Group                    Internal    Switching      Leakage        Total
                            Power        Power        Power        Power (Watts)
------------------------------------------------------------------------
Sequential           7.238051e-04 2.245182e-05 7.769226e-10 7.462577e-04   2.5%
Combinational        1.430256e-02 1.471730e-02 2.592507e-08 2.901989e-02  96.7%
Clock                1.515337e-04 8.536662e-05 1.054284e-09 2.369014e-04   0.8%
Macro                0.000000e+00 0.000000e+00 0.000000e+00 0.000000e+00   0.0%
Pad                  0.000000e+00 0.000000e+00 0.000000e+00 0.000000e+00   0.0%
------------------------------------------------------------------------
Total                1.517790e-02 1.482512e-02 2.775629e-08 3.000305e-02 100.0%
                            50.6%        49.4%         0.0%
Writing metric power__internal__total: 0.015177899971604347
Writing metric power__switching__total: 0.014825120568275452
Writing metric power__leakage__total: 2.775629326379203e-8
Writing metric power__total: 0.030003048479557037

