Clock: clk
Sources: clk 
Generated: no
Virtual: yes
Propagated: no
Period: 10.000000

===========================================================================
report_clock_properties
============================================================================
Clock                   Period          Waveform
----------------------------------------------------
clk                  10.000000    0.000000  5.000000

===========================================================================
report_clock_latency
============================================================================
Clock clk
rise -> rise
    min     max
0.000000 0.000000 source latency
0.749826         network latency _13684_/CLK
        0.773335 network latency _13655_/CLK
---------------
0.749826 0.773335 latency
        0.023508 skew

fall -> fall
    min     max
0.000000 0.000000 source latency
0.370796         network latency _13684_/CLK
        0.393020 network latency _13655_/CLK
---------------
0.370796 0.393020 latency
        0.022224 skew



===========================================================================
report_clock_min_period
============================================================================
clk period_min = 0.00 fmax = inf
